
>>> a
m_stop2=1
@ADC:I1=2037:I2=2066:Ires=0:VBUS=608
> 
>>> f
@FOC:t=2310107:run_id=UNSET:map_id=M0:map_crc32=B5A3A0AA:I1=25:I2=25:Ires=0:Id=300:Iq=0:Id_ref=3000:Iq_ref=3000:VBUS=61245:STATE=1:SPD=0:TH=1:sector=0:window=0:CCR1=500:CCR2=500:CCR3=500:ADC_STATUS=11:FAULT=1:FAULT_R=18:FAIL=7:RUN=0:em_stop1=1:em_stop2=1
@FOC:t=2310207:run_id=UNSET:map_id=M0:map_crc32=B5A3A0AA:I1=25:I2=25:Ires=0:Id=300:Iq=0:Id_ref=3000:Iq_ref=3000:VBUS=61245:STATE=1:SPD=0:TH=1:sector=0:window=0:CCR1=500:CCR2=500:CCR3=500:ADC_STATUS=11:FAULT=1:FAULT_R=18:FAIL=7:RUN=0:em_stop1=1:em_stop2=1
fault cleared
> 
>>> f
@FOC:t=2310307:run_id=UNSET:map_id=M0:map_crc32=B5A3A0AA:I1=0:I2=38:Ires=0:Id=300:Iq=0:Id_ref=3000:Iq_ref=3000:VBUS=61547:STATE=1:SPD=0:TH=1:sector=0:window=0:CCR1=500:CCR2=500:CCR3=500:ADC_STATUS=11:FAULT=0:FAULT_R=0:FAIL=7:RUN=0:em_stop1=1:em_stop2=1
@FOC:t=2310407:run_id=UNSET:map_id=M0:map_crc32=B5A3A0AA:I1=0:I2=38:Ires=0:Id=300:Iq=0:Id_ref=3000:Iq_ref=3000:VBUS=61547:STATE=1:SPD=0:TH=1:sector=0:window=0:CCR1=500:CCR2=500:CCR3=500:ADC_STATUS=11:FAULT=0:FAULT_R=0:FAIL=7:RUN=0:em_stop1=1:em_stop2=1
@FAULT:CLEAR:STATUS=1:em_stop1=1:em_stop2=1
> no latched fault was active
> 
>>> breakdiag reset
@FOC:t=2310507:run_id=UNSET:map_id=M0:map_crc32=B5A3A0AA:I1=0:I2=38:Ires=0:Id=300:Iq=0:Id_ref=3000:Iq_ref=3000:VBUS=61547:STATE=1:SPD=0:TH=1:sector=0:window=0:CCR1=500:CCR2=500:CCR3=500:ADC_STATUS=11:FAULT=0:FAULT_R=0:FAIL=7:RUN=0:em_stop1=1:em_stop2=1
@FOC:t=2310607:run_id=UNSET:map_id=M0:map_crc32=B5A3A0AA:I1=0:I2=38:Ires=0:Id=300:Iq=0:Id_ref=3000:Iq_ref=3000:VBUS=61547:STATE=1:SPD=0:TH=1:sector=0:window=0:CCR1=500:CCR2=500:CCR3=500:ADC_STATUS=11:FAULT=0:FAULT_R=0:FAIL=7:RUN=0:em_stop1=1:em_stop2=1
@BRK:RESET:rc=0
> 