# baseline capture: port=COM4 baud=115200 eol='\r\n' commands=sysinfo,a?,pdump,p?,dump,dumpa,breakdiag,enc
> sysinfo
@SYS:CLK=170000000:PSC=16:TCLK=10000000:PLLCFGR=0x01005532:OVR=0:JEOS=0:TO=0:JQOVF=0:uart_drp=0:uart_trunc=0
> @FOC:t=42900:run_id=UNSET:map_id=M0:map_crc32=00000000:I1=0:I2=0:Ires=0:Id=0:Iq=0:Id_ref=2000:Iq_ref=0:VBUS=0:STATE=0:SPD=0:TH=0:sector=0:window=0:CCR1=0:CCR2=0:CCR3=0:ADC_STATUS=2:FAULT=0:FAULT_R=0:FAIL=0:RUN=0:em_stop1=1:em_stop2=1
@FOC:t=43000:run_id=UNSET:map_id=M0:map_crc32=00000000:I1=0:I2=0:Ires=0:Id=0:Iq=0:Id_ref=2000:Iq_ref=0:VBUS=0:STATE=0:SPD=0:TH=0:sector=0:window=0:CCR1=0:CCR2=0:CCR3=0:ADC_STATUS=2:FAULT=0:FAULT_R=0:FAIL=0:RUN=0:em_stop1=1:em_stop2=1
@FOC:t=43100:run_id=UNSET:map_id=M0:map_crc32=00000000:I1=0:I2=0:Ires=0:Id=0:Iq=0:Id_ref=2000:Iq_ref=0:VBUS=0:STATE=0:SPD=0:TH=0:sector=0:window=0:CCR1=0:CCR2=0:CCR3=0:ADC_STATUS=2:FAULT=0:FAULT_R=0:FAIL=0:RUN=0:em_stop1=1:em_stop2=1
@FOC:t=43200:run_id=UNSET:map_id=M0:map_crc32=00000000:I1=0:I2=0:Ires=0:Id=0:Iq=0:Id_ref=2000:Iq_ref=0:VBUS=0:STATE=0:SPD=0:TH=0:sector=0:window=0:CCR1=0:CCR2=0:CCR3=0:ADC_STATUS=2:FAULT=0:FAULT_R=0:FAIL=0:RUN=0:em_stop1=1:em_stop2=1
@FOC:t=43300:run_id=UNSET:map_id=M0:map_crc32=00000000:I1=0:I2=0:Ires=0:Id=0:Iq=0:Id_ref=2000:Iq_ref=0:VBUS=0:STATE=0:SPD=0:TH=0:sector=0:window=0:CCR1=0:CCR2=0:CCR3=0:ADC_STATUS=2:FAULT=0:FAULT_R=0:FAIL=0:RUN=0:em_stop1=1:em_stop2=1
@FOC:t=43400:run_id=UNSET:map_id=M0:map_crc32=00000000:I1=0:I2=0:Ires=0:Id=0:Iq=0:Id_ref=2000:Iq_ref=0:VBUS=0:STATE=0:SPD=0:TH=0:sector=0:window=0:CCR1=0:CCR2=0:CCR3=0:ADC_STATUS=2:FAULT=0:FAULT_R=0:FAIL=0:RUN=0:em_stop1=1:em_stop2=1
@FOC:t=43500:run_id=UNSET:map_id=M0:map_crc32=00000000:I1=0:I2=0:Ires=0:Id=0:Iq=0:Id_ref=2000:Iq_ref=0:VBUS=0:STATE=0:SPD=0:TH=0:sector=0:window=0:CCR1=0:CCR2=0:CCR3=0:ADC_STATUS=2:FAULT=0:FAULT_R=0:FAIL=0:RUN=0:em_stop1=1:em_stop2=1
@FOC:t=43600:run_id=UNSET:map_id=M0:map_crc32=00000000:I1=0:I2=0:Ires=0:Id=0:Iq=0:Id_ref=2000:Iq_ref=0:VBUS=0:STATE=0:SPD=0:TH=0:sector=0:window=0:CCR1=0:CCR2=0:CCR3=0:ADC_STATUS=2:FAULT=0:FAULT_R=0:FAIL=0:RUN=0:em_stop1=1:em_stop2=1
@FOC:t=43700:run_id=UNSET:map_id=M0:map_crc32=00000000:I1=0:I2=0:Ires=0:Id=0:Iq=0:Id_ref=2000:Iq_ref=0:VBUS=0:STATE=0:SPD=0:TH=0:sector=0:window=0:CCR1=0:CCR2=0:CCR3=0:ADC_STATUS=2:FAULT=0:FAULT_R=0:FAIL=0:RUN=0:em_stop1=1:em_stop2=1
@FOC:t=43800:run_id=UNSET:map_id=M0:map_crc32=00000000:I1=0:I2=0:Ires=0:Id=0:Iq=0:Id_ref=2000:Iq_ref=0:VBUS=0:STATE=0:SPD=0:TH=0:sector=0:window=0:CCR1=0:CCR2=0:CCR3=0:ADC_STATUS=2:FAULT=0:FAULT_R=0:FAIL=0:RUN=0:em_stop1=1:em_stop2=1
@FOC:t=43900:run_id=UNSET:map_id=M0:map_crc32=00000000:I1=0:I2=0:Ires=0:Id=0:Iq=0:Id_ref=2000:Iq_ref=0:VBUS=0:STATE=0:SPD=0:TH=0:sector=0:window=0:CCR1=0:CCR2=0:CCR3=0:ADC_STATUS=2:FAULT=0:FAULT_R=0:FAIL=0:RUN=0:em_stop1=1:em_stop2=1
@FOC:t=44000:run_id=UNSET:map_id=M0:map_crc32=00000000:I1=0:I2=0:Ires=0:Id=0:Iq=0:Id_ref=2000:Iq_ref=0:VBUS=0:STATE=0:SPD=0:TH=0:sector=0:window=0:CCR1=0:CCR2=0:CCR3=0:ADC_STATUS=2:FAULT=0:FAULT_R=0:FAIL=0:RUN=0:em_stop1=1:em_stop2=1
@FOC:t=44100:run_id=UNSET:map_id=M0:map_crc32=00000000:I1=0:I2=0:Ires=0:Id=0:Iq=0:Id_ref=2000:Iq_ref=0:VBUS=0:STATE=0:SPD=0:TH=0:sector=0:window=0:CCR1=0:CCR2=0:CCR3=0:ADC_STATUS=2:FAULT=0:FAULT_R=0:FAIL=0:RUN=0:em_stop1=1:em_stop2=1
@FOC:t=44200:run_id=UNSET:map_id=M0:map_crc32=00000000:I1=0:I2=0:Ires=0:Id=0:Iq=0:Id_ref=2000:Iq_ref=0:VBUS=0:STATE=0:SPD=0:TH=0:sector=0:window=0:CCR1=0:CCR2=0:CCR3=0:ADC_STATUS=2:FAULT=0:FAULT_R=0:FAIL=0:RUN=0:em_stop1=1:em_stop2=1
@FOC:t=44300:run_id=UNSET:map_id=M0:map_crc32=00000000:I1=0:I2=0:Ires=0:Id=0:Iq=0:Id_ref=2000:Iq_ref=0:VBUS=0:STATE=0:SPD=0:TH=0:sector=0:window=0:CCR1=0:CCR2=0:CCR3=0:ADC_STATUS=2:FAULT=0:FAULT_R=0:FAIL=0:RUN=0:em_stop1=1:em_stop2=1
@FOC:t=44400:run_id=UNSET:map_id=M0:map_crc32=00000000:I1=0:I2=0:Ires=0:Id=0:Iq=0:Id_ref=2000:Iq_ref=0:VBUS=0:STATE=0:SPD=0:TH=0:sector=0:window=0:CCR1=0:CCR2=0:CCR3=0:ADC_STATUS=2:FAULT=0:FAULT_R=0:FAIL=0:RUN=0:em_stop1=1:em_stop2=1
@FOC:t=44500:run_id=UNSET:map_id=M0:map_crc32=00000000:I1=0:I2=0:Ires=0:Id=0:Iq=0:Id_ref=2000:Iq_ref=0:VBUS=0:STATE=0:SPD=0:TH=0:sector=0:window=0:CCR1=0:CCR2=0:CCR3=0:ADC_STATUS=2:FAULT=0:FAULT_R=0:FAIL=0:RUN=0:em_stop1=1:em_stop2=1
@FOC:t=44600:run_id=UNSET:map_id=M0:map_crc32=00000000:I1=0:I2=0:Ires=0:Id=0:Iq=0:Id_ref=2000:Iq_ref=0:VBUS=0:STATE=0:SPD=0:TH=0:sector=0:window=0:CCR1=0:CCR2=0:CCR3=0:ADC_STATUS=2:FAULT=0:FAULT_R=0:FAIL=0:RUN=0:em_stop1=1:em_stop2=1
@FOC:t=44700:run_id=UNSET:map_id=M0:map_crc32=00000000:I1=0:I2=0:Ires=0:Id=0:Iq=0:Id_ref=2000:Iq_ref=0:VBUS=0:STATE=0:SPD=0:TH=0:sector=0:window=0:CCR1=0:CCR2=0:CCR3=0:ADC_STATUS=2:FAULT=0:FAULT_R=0:FAIL=0:RUN=0:em_stop1=1:em_stop2=1
@FOC:t=44800:run_id=UNSET:map_id=M0:map_crc32=00000000:I1=0:I2=0:Ires=0:Id=0:Iq=0:Id_ref=2000:Iq_ref=0:VBUS=0:STATE=0:SPD=0:TH=0:sector=0:window=0:CCR1=0:CCR2=0:CCR3=0:ADC_STATUS=2:FAULT=0:FAULT_R=0:FAIL=0:RUN=0:em_stop1=1:em_stop2=1
@FOC:t=44900:run_id=UNSET:map_id=M0:map_crc32=00000000:I1=0:I2=0:Ires=0:Id=0:Iq=0:Id_ref=2000:Iq_ref=0:VBUS=0:STATE=0:SPD=0:TH=0:sector=0:window=0:CCR1=0:CCR2=0:CCR3=0:ADC_STATUS=2:FAULT=0:FAULT_R=0:FAIL=0:RUN=0:em_stop1=1:em_stop2=1
@FOC:t=45000:run_id=UNSET:map_id=M0:map_crc32=00000000:I1=0:I2=0:Ires=0:Id=0:Iq=0:Id_ref=2000:Iq_ref=0:VBUS=0:STATE=0:SPD=0:TH=0:sector=0:window=0:CCR1=0:CCR2=0:CCR3=0:ADC_STATUS=2:FAULT=0:FAULT_R=0:FAIL=0:RUN=0:em_stop1=1:em_stop2=1
@FOC:t=45100:run_id=UNSET:map_id=M0:map_crc32=00000000:I1=0:I2=0:Ires=0:Id=0:Iq=0:Id_ref=2000:Iq_ref=0:VBUS=0:STATE=0:SPD=0:TH=0:sector=0:window=0:CCR1=0:CCR2=0:CCR3=0:ADC_STATUS=2:FAULT=0:FAULT_R=0:FAIL=0:RUN=0:em_stop1=1:em_stop2=1
@FOC:t=45200:run_id=UNSET:map_id=M0:map_crc32=00000000:I1=0:I2=0:Ires=0:Id=0:Iq=0:Id_ref=2000:Iq_ref=0:VBUS=0:STATE=0:SPD=0:TH=0:sector=0:window=0:CCR1=0:CCR2=0:CCR3=0:ADC_STATUS=2:FAULT=0:FAULT_R=0:FAIL=0:RUN=0:em_stop1=1:em_stop2=1
@FOC:t=45300:run_id=UNSET:map_id=M0:map_crc32=00000000:I1=0:I2=0:Ires=0:Id=0:Iq=0:Id_ref=2000:Iq_ref=0:VBUS=0:STATE=0:SPD=0:TH=0:sector=0:window=0:CCR1=0:CCR2=0:CCR3=0:ADC_STATUS=2:FAULT=0:FAULT_R=0:FAIL=0:RUN=0:> a?
em_stop1=1:em_stop2=1
@ADC:STATUS:offset_i1=0:stream=0
> @FOC:t=45400:run_id=UNSET:map_id=M0:map_crc32=00000000:I1=0:I2=0:Ires=0:Id=0:Iq=0:Id_ref=2000:Iq_ref=0:VBUS=0:STATE=0:SPD=0:TH=0:sector=0:window=0:CCR1=0:CCR2=0:CCR3=0:ADC_STATUS=2:FAULT=0:FAULT_R=0:FAIL=0:RUN=0:em_stop1=1:em_stop2=1
@FOC:t=45500:run_id=UNSET:map_id=M0:map_crc32=00000000:I1=0:I2=0:Ires=0:Id=0:Iq=0:Id_ref=2000:Iq_ref=0:VBUS=0:STATE=0:SPD=0:TH=0:sector=0:window=0:CCR1=0:CCR2=0:CCR3=0:ADC_STATUS=2:FAULT=0:FAULT_R=0:FAIL=0:RUN=0:em_stop1=1:em_stop2=1
@FOC:t=45600:run_id=UNSET:map_id=M0:map_crc32=00000000:I1=0:I2=0:Ires=0:Id=0:Iq=0:Id_ref=2000:Iq_ref=0:VBUS=0:STATE=0:SPD=0:TH=0:sector=0:window=0:CCR1=0:CCR2=0:CCR3=0:ADC_STATUS=2:FAULT=0:FAULT_R=0:FAIL=0:RUN=0:em_stop1=1:em_stop2=1
@FOC:t=45700:run_id=UNSET:map_id=M0:map_crc32=00000000:I1=0:I2=0:Ires=0:Id=0:Iq=0:Id_ref=2000:Iq_ref=0:VBUS=0:STATE=0:SPD=0:TH=0:sector=0:window=0:CCR1=0:CCR2=0:CCR3=0:ADC_STATUS=2:FAULT=0:FAULT_R=0:FAIL=0:RUN=0:em_stop1=1:em_stop2=1
@FOC:t=45800:run_id=UNSET:map_id=M0:map_crc32=00000000:I1=0:I2=0:Ires=0:Id=0:Iq=0:Id_ref=2000:Iq_ref=0:VBUS=0:STATE=0:SPD=0:TH=0:sector=0:window=0:CCR1=0:CCR2=0:CCR3=0:ADC_STATUS=2:FAULT=0:FAULT_R=0:FAIL=0:RUN=0:em_stop1=1:em_stop2=1
@FOC:t=45900:run_id=UNSET:map_id=M0:map_crc32=00000000:I1=0:I2=0:Ires=0:Id=0:Iq=0:Id_ref=2000:Iq_ref=0:VBUS=0:STATE=0:SPD=0:TH=0:sector=0:window=0:CCR1=0:CCR2=0:CCR3=0:ADC_STATUS=2:FAULT=0:FAULT_R=0:FAIL=0:RUN=0:em_stop1=1:em_stop2=1
@FOC:t=46000:run_id=UNSET:map_id=M0:map_crc32=00000000:I1=0:I2=0:Ires=0:Id=0:Iq=0:Id_ref=2000:Iq_ref=0:VBUS=0:STATE=0:SPD=0:TH=0:sector=0:window=0:CCR1=0:CCR2=0:CCR3=0:ADC_STATUS=2:FAULT=0:FAULT_R=0:FAIL=0:RUN=0:em_stop1=1:em_stop2=1
@FOC:t=46100:run_id=UNSET:map_id=M0:map_crc32=00000000:I1=0:I2=0:Ires=0:Id=0:Iq=0:Id_ref=2000:Iq_ref=0:VBUS=0:STATE=0:SPD=0:TH=0:sector=0:window=0:CCR1=0:CCR2=0:CCR3=0:ADC_STATUS=2:FAULT=0:FAULT_R=0:FAIL=0:RUN=0:em_stop1=1:em_stop2=1
@FOC:t=46200:run_id=UNSET:map_id=M0:map_crc32=00000000:I1=0:I2=0:Ires=0:Id=0:Iq=0:Id_ref=2000:Iq_ref=0:VBUS=0:STATE=0:SPD=0:TH=0:sector=0:window=0:CCR1=0:CCR2=0:CCR3=0:ADC_STATUS=2:FAULT=0:FAULT_R=0:FAIL=0:RUN=0:em_stop1=1:em_stop2=1
@FOC:t=46300:run_id=UNSET:map_id=M0:map_crc32=00000000:I1=0:I2=0:Ires=0:Id=0:Iq=0:Id_ref=2000:Iq_ref=0:VBUS=0:STATE=0:SPD=0:TH=0:sector=0:window=0:CCR1=0:CCR2=0:CCR3=0:ADC_STATUS=2:FAULT=0:FAULT_R=0:FAIL=0:RUN=0:em_stop1=1:em_stop2=1
@FOC:t=46400:run_id=UNSET:map_id=M0:map_crc32=00000000:I1=0:I2=0:Ires=0:Id=0:Iq=0:Id_ref=2000:Iq_ref=0:VBUS=0:STATE=0:SPD=0:TH=0:sector=0:window=0:CCR1=0:CCR2=0:CCR3=0:ADC_STATUS=2:FAULT=0:FAULT_R=0:FAIL=0:RUN=0:em_stop1=1:em_stop2=1
@FOC:t=46500:run_id=UNSET:map_id=M0:map_crc32=00000000:I1=0:I2=0:Ires=0:Id=0:Iq=0:Id_ref=2000:Iq_ref=0:VBUS=0:STATE=0:SPD=0:TH=0:sector=0:window=0:CCR1=0:CCR2=0:CCR3=0:ADC_STATUS=2:FAULT=0:FAULT_R=0:FAIL=0:RUN=0:em_stop1=1:em_stop2=1
@FOC:t=46600:run_id=UNSET:map_id=M0:map_crc32=00000000:I1=0:I2=0:Ires=0:Id=0:Iq=0:Id_ref=2000:Iq_ref=0:VBUS=0:STATE=0:SPD=0:TH=0:sector=0:window=0:CCR1=0:CCR2=0:CCR3=0:ADC_STATUS=2:FAULT=0:FAULT_R=0:FAIL=0:RUN=0:em_stop1=1:em_stop2=1
@FOC:t=46700:run_id=UNSET:map_id=M0:map_crc32=00000000:I1=0:I2=0:Ires=0:Id=0:Iq=0:Id_ref=2000:Iq_ref=0:VBUS=0:STATE=0:SPD=0:TH=0:sector=0:window=0:CCR1=0:CCR2=0:CCR3=0:ADC_STATUS=2:FAULT=0:FAULT_R=0:FAIL=0:RUN=0:em_stop1=1:em_stop2=1
@FOC:t=46800:run_id=UNSET:map_id=M0:map_crc32=00000000:I1=0:I2=0:Ires=0:Id=0:Iq=0:Id_ref=2000:Iq_ref=0:VBUS=0:STATE=0:SPD=0:TH=0:sector=0:window=0:CCR1=0:CCR2=0:CCR3=0:ADC_STATUS=2:FAULT=0:FAULT_R=0:FAIL=0:RUN=0:em_stop1=1:em_stop2=1
@FOC:t=46900:run_id=UNSET:map_id=M0:map_crc32=00000000:I1=0:I2=0:Ires=0:Id=0:Iq=0:Id_ref=2000:Iq_ref=0:VBUS=0:STATE=0:SPD=0:TH=0:sector=0:window=0:CCR1=0:CCR2=0:CCR3=0:ADC_STATUS=2:FAULT=0:FAULT_R=0:FAIL=0:RUN=0:em_stop1=1:em_stop2=1
@FOC:t=47000:run_id=UNSET:map_id=M0:map_crc32=00000000:I1=0:I2=0:Ires=0:Id=0:Iq=0:Id_ref=2000:Iq_ref=0:VBUS=0:STATE=0:SPD=0:TH=0:sector=0:window=0:CCR1=0:CCR2=0:CCR3=0:ADC_STATUS=2:FAULT=0:FAULT_R=0:FAIL=0:RUN=0:em_stop1=1:em_stop2=1
@FOC:t=47100:run_id=UNSET:map_id=M0:map_crc32=00000000:I1=0:I2=0:Ires=0:Id=0:Iq=0:Id_ref=2000:Iq_ref=0:VBUS=0:STATE=0:SPD=0:TH=0:sector=0:window=0:CCR1=0:CCR2=0:CCR3=0:ADC_STATUS=2:FAULT=0:FAULT_R=0:FAIL=0:RUN=0:em_stop1=1:em_stop2=1
@FOC:t=47200:run_id=UNSET:map_id=M0:map_crc32=00000000:I1=0:I2=0:Ires=0:Id=0:Iq=0:Id_ref=2000:Iq_ref=0:VBUS=0:STATE=0:SPD=0:TH=0:sector=0:window=0:CCR1=0:CCR2=0:CCR3=0:ADC_STATUS=2:FAULT=0:FAULT_R=0:FAIL=0:RUN=0:em_stop1=1:em_stop2=1
@FOC:t=47300:run_id=UNSET:map_id=M0:map_crc32=00000000:I1=0:I2=0:Ires=0:Id=0:Iq=0:Id_ref=2000:Iq_ref=0:VBUS=0:STATE=0:SPD=0:TH=0:sector=0:window=0:CCR1=0:CCR2=0:CCR3=0:ADC_STATUS=2:FAULT=0:FAULT_R=0:FAIL=0:RUN=0:em_stop1=1:em_stop2=1
@FOC:t=47400:run_id=UNSET:map_id=M0:map_crc32=00000000:I1=0:I2=0:Ires=0:Id=0:Iq=0:Id_ref=2000:Iq_ref=0:VBUS=0:STATE=0:SPD=0:TH=0:sector=0:window=0:CCR1=0:CCR2=0:CCR3=0:ADC_STATUS=2:FAULT=0:FAULT_R=0:FAIL=0:RUN=0:em_stop1=1:em_stop2=1
@FOC:t=47500:run_id=UNSET:map_id=M0:map_crc32=00000000:I1=0:I2=0:Ires=0:Id=0:Iq=0:Id_ref=2000:Iq_ref=0:VBUS=0:STATE=0:SPD=0:TH=0:sector=0:window=0:CCR1=0:CCR2=0:CCR3=0:ADC_STATUS=2:FAULT=0:FAULT_R=0:FAIL=0:RUN=0:em_stop1=1:em_stop2=1
@FOC:t=47600:run_id=UNSET:map_id=M0:map_crc32=00000000:I1=0:I2=0:Ires=0:Id=0:Iq=0:Id_ref=2000:Iq_ref=0:VBUS=0:STATE=0:SPD=0:TH=0:sector=0:window=0:CCR1=0:CCR2=0:CCR3=0:ADC_STATUS=2:FAULT=0:FAULT_R=0:FAIL=0:RUN=0:em_stop1=1:em_stop2=1
@FOC:t=47700:run_id=UNSET:map_id=M0:map_crc32=00000000:I1=0:I2=0:Ires=0:Id=0:Iq=0:Id_ref=2000:Iq_ref=0:VBUS=0:STATE=0:SPD=0:TH=0:sector=0:window=0:CCR1=0:CCR2=0:CCR3=0:ADC_STATUS=2:FAULT=0:FAULT_R=0:FAIL=0:RUN=0:em_stop1=1:em_stop2=1
@FOC:t=47800:run_id=UNSET:map_id=M0:map_crc32=00000000:I1=0:I2=0:Ires=0:Id=0:Iq=0:Id_ref=2000:Iq_ref=0:VBUS=0:STATE=0:SPD=0:TH=0:sector=0:window=0:CCR1=0:CCR2=0:CCR3=0:ADC_STATUS=2:FAULT=0:FAULT_R=0:FAIL=0:RUN=0:em_stop1=1:em_stop2=1
> pdump
@PWM:FULL:SYS=170000000:CFGR=0x0000000F:T1:PSC=16:ARR=999:CCR=0,0,0:BDTR=0x00001CC0:CCER=0x00000000:CR1=0x000000E0:CNT=0:T8:PSC=16:ARR=999:CCR=0,0,0:BDTR=0x00001CC0:CCER=0x00000000:CR1=0x000000E0:CNT=0
> @FOC:t=47900:run_id=UNSET:map_id=M0:map_crc32=00000000:I1=0:I2=0:Ires=0:Id=0:Iq=0:Id_ref=2000:Iq_ref=0:VBUS=0:STATE=0:SPD=0:TH=0:sector=0:window=0:CCR1=0:CCR2=0:CCR3=0:ADC_STATUS=2:FAULT=0:FAULT_R=0:FAIL=0:RUN=0:em_stop1=1:em_stop2=1
@FOC:t=48000:run_id=UNSET:map_id=M0:map_crc32=00000000:I1=0:I2=0:Ires=0:Id=0:Iq=0:Id_ref=2000:Iq_ref=0:VBUS=0:STATE=0:SPD=0:TH=0:sector=0:window=0:CCR1=0:CCR2=0:CCR3=0:ADC_STATUS=2:FAULT=0:FAULT_R=0:FAIL=0:RUN=0:em_stop1=1:em_stop2=1
@FOC:t=48100:run_id=UNSET:map_id=M0:map_crc32=00000000:I1=0:I2=0:Ires=0:Id=0:Iq=0:Id_ref=2000:Iq_ref=0:VBUS=0:STATE=0:SPD=0:TH=0:sector=0:window=0:CCR1=0:CCR2=0:CCR3=0:ADC_STATUS=2:FAULT=0:FAULT_R=0:FAIL=0:RUN=0:em_stop1=1:em_stop2=1
@FOC:t=48200:run_id=UNSET:map_id=M0:map_crc32=00000000:I1=0:I2=0:Ires=0:Id=0:Iq=0:Id_ref=2000:Iq_ref=0:VBUS=0:STATE=0:SPD=0:TH=0:sector=0:window=0:CCR1=0:CCR2=0:CCR3=0:ADC_STATUS=2:FAULT=0:FAULT_R=0:FAIL=0:RUN=0:em_stop1=1:em_stop2=1
@FOC:t=48300:run_id=UNSET:map_id=M0:map_crc32=00000000:I1=0:I2=0:Ires=0:Id=0:Iq=0:Id_ref=2000:Iq_ref=0:VBUS=0:STATE=0:SPD=0:TH=0:sector=0:window=0:CCR1=0:CCR2=0:CCR3=0:ADC_STATUS=2:FAULT=0:FAULT_R=0:FAIL=0:RUN=0:em_stop1=1:em_stop2=1
@FOC:t=48400:run_id=UNSET:map_id=M0:map_crc32=00000000:I1=0:I2=0:Ires=0:Id=0:Iq=0:Id_ref=2000:Iq_ref=0:VBUS=0:STATE=0:SPD=0:TH=0:sector=0:window=0:CCR1=0:CCR2=0:CCR3=0:ADC_STATUS=2:FAULT=0:FAULT_R=0:FAIL=0:RUN=0:em_stop1=1:em_stop2=1
@FOC:t=48500:run_id=UNSET:map_id=M0:map_crc32=00000000:I1=0:I2=0:Ires=0:Id=0:Iq=0:Id_ref=2000:Iq_ref=0:VBUS=0:STATE=0:SPD=0:TH=0:sector=0:window=0:CCR1=0:CCR2=0:CCR3=0:ADC_STATUS=2:FAULT=0:FAULT_R=0:FAIL=0:RUN=0:em_stop1=1:em_stop2=1
@FOC:t=48600:run_id=UNSET:map_id=M0:map_crc32=00000000:I1=0:I2=0:Ires=0:Id=0:Iq=0:Id_ref=2000:Iq_ref=0:VBUS=0:STATE=0:SPD=0:TH=0:sector=0:window=0:CCR1=0:CCR2=0:CCR3=0:ADC_STATUS=2:FAULT=0:FAULT_R=0:FAIL=0:RUN=0:em_stop1=1:em_stop2=1
@FOC:t=48700:run_id=UNSET:map_id=M0:map_crc32=00000000:I1=0:I2=0:Ires=0:Id=0:Iq=0:Id_ref=2000:Iq_ref=0:VBUS=0:STATE=0:SPD=0:TH=0:sector=0:window=0:CCR1=0:CCR2=0:CCR3=0:ADC_STATUS=2:FAULT=0:FAULT_R=0:FAIL=0:RUN=0:em_stop1=1:em_stop2=1
@FOC:t=48800:run_id=UNSET:map_id=M0:map_crc32=00000000:I1=0:I2=0:Ires=0:Id=0:Iq=0:Id_ref=2000:Iq_ref=0:VBUS=0:STATE=0:SPD=0:TH=0:sector=0:window=0:CCR1=0:CCR2=0:CCR3=0:ADC_STATUS=2:FAULT=0:FAULT_R=0:FAIL=0:RUN=0:em_stop1=1:em_stop2=1
@FOC:t=48900:run_id=UNSET:map_id=M0:map_crc32=00000000:I1=0:I2=0:Ires=0:Id=0:Iq=0:Id_ref=2000:Iq_ref=0:VBUS=0:STATE=0:SPD=0:TH=0:sector=0:window=0:CCR1=0:CCR2=0:CCR3=0:ADC_STATUS=2:FAULT=0:FAULT_R=0:FAIL=0:RUN=0:em_stop1=1:em_stop2=1
@FOC:t=49000:run_id=UNSET:map_id=M0:map_crc32=00000000:I1=0:I2=0:Ires=0:Id=0:Iq=0:Id_ref=2000:Iq_ref=0:VBUS=0:STATE=0:SPD=0:TH=0:sector=0:window=0:CCR1=0:CCR2=0:CCR3=0:ADC_STATUS=2:FAULT=0:FAULT_R=0:FAIL=0:RUN=0:em_stop1=1:em_stop2=1
@FOC:t=49100:run_id=UNSET:map_id=M0:map_crc32=00000000:I1=0:I2=0:Ires=0:Id=0:Iq=0:Id_ref=2000:Iq_ref=0:VBUS=0:STATE=0:SPD=0:TH=0:sector=0:window=0:CCR1=0:CCR2=0:CCR3=0:ADC_STATUS=2:FAULT=0:FAULT_R=0:FAIL=0:RUN=0:em_stop1=1:em_stop2=1
@FOC:t=49200:run_id=UNSET:map_id=M0:map_crc32=00000000:I1=0:I2=0:Ires=0:Id=0:Iq=0:Id_ref=2000:Iq_ref=0:VBUS=0:STATE=0:SPD=0:TH=0:sector=0:window=0:CCR1=0:CCR2=0:CCR3=0:ADC_STATUS=2:FAULT=0:FAULT_R=0:FAIL=0:RUN=0:em_stop1=1:em_stop2=1
@FOC:t=49300:run_id=UNSET:map_id=M0:map_crc32=00000000:I1=0:I2=0:Ires=0:Id=0:Iq=0:Id_ref=2000:Iq_ref=0:VBUS=0:STATE=0:SPD=0:TH=0:sector=0:window=0:CCR1=0:CCR2=0:CCR3=0:ADC_STATUS=2:FAULT=0:FAULT_R=0:FAIL=0:RUN=0:em_stop1=1:em_stop2=1
@FOC:t=49400:run_id=UNSET:map_id=M0:map_crc32=00000000:I1=0:I2=0:Ires=0:Id=0:Iq=0:Id_ref=2000:Iq_ref=0:VBUS=0:STATE=0:SPD=0:TH=0:sector=0:window=0:CCR1=0:CCR2=0:CCR3=0:ADC_STATUS=2:FAULT=0:FAULT_R=0:FAIL=0:RUN=0:em_stop1=1:em_stop2=1
@FOC:t=49500:run_id=UNSET:map_id=M0:map_crc32=00000000:I1=0:I2=0:Ires=0:Id=0:Iq=0:Id_ref=2000:Iq_ref=0:VBUS=0:STATE=0:SPD=0:TH=0:sector=0:window=0:CCR1=0:CCR2=0:CCR3=0:ADC_STATUS=2:FAULT=0:FAULT_R=0:FAIL=0:RUN=0:em_stop1=1:em_stop2=1
@FOC:t=49600:run_id=UNSET:map_id=M0:map_crc32=00000000:I1=0:I2=0:Ires=0:Id=0:Iq=0:Id_ref=2000:Iq_ref=0:VBUS=0:STATE=0:SPD=0:TH=0:sector=0:window=0:CCR1=0:CCR2=0:CCR3=0:ADC_STATUS=2:FAULT=0:FAULT_R=0:FAIL=0:RUN=0:em_stop1=1:em_stop2=1
@FOC:t=49700:run_id=UNSET:map_id=M0:map_crc32=00000000:I1=0:I2=0:Ires=0:Id=0:Iq=0:Id_ref=2000:Iq_ref=0:VBUS=0:STATE=0:SPD=0:TH=0:sector=0:window=0:CCR1=0:CCR2=0:CCR3=0:ADC_STATUS=2:FAULT=0:FAULT_R=0:FAIL=0:RUN=0:em_stop1=1:em_stop2=1
@FOC:t=49800:run_id=UNSET:map_id=M0:map_crc32=00000000:I1=0:I2=0:Ires=0:Id=0:Iq=0:Id_ref=2000:Iq_ref=0:VBUS=0:STATE=0:SPD=0:TH=0:sector=0:window=0:CCR1=0:CCR2=0:CCR3=0:ADC_STATUS=2:FAULT=0:FAULT_R=0:FAIL=0:RUN=0:em_stop1=1:em_stop2=1
@FOC:t=49900:run_id=UNSET:map_id=M0:map_crc32=00000000:I1=0:I2=0:Ires=0:Id=0:Iq=0:Id_ref=2000:Iq_ref=0:VBUS=0:STATE=0:SPD=0:TH=0:sector=0:window=0:CCR1=0:CCR2=0:CCR3=0:ADC_STATUS=2:FAULT=0:FAULT_R=0:FAIL=0:RUN=0:em_stop1=1:em_stop2=1
@FOC:t=50000:run_id=UNSET:map_id=M0:map_crc32=00000000:I1=0:I2=0:Ires=0:Id=0:Iq=0:Id_ref=2000:Iq_ref=0:VBUS=0:STATE=0:SPD=0:TH=0:sector=0:window=0:CCR1=0:CCR2=0:CCR3=0:ADC_STATUS=2:FAULT=0:FAULT_R=0:FAIL=0:RUN=0:em_stop1=1:em_stop2=1
@FOC:t=50100:run_id=UNSET:map_id=M0:map_crc32=00000000:I1=0:I2=0:Ires=0:Id=0:Iq=0:Id_ref=2000:Iq_ref=0:VBUS=0:STATE=0:SPD=0:TH=0:sector=0:window=0:CCR1=0:CCR2=0:CCR3=0:ADC_STATUS=2:FAULT=0:FAULT_R=0:FAIL=0:RUN=0:em_stop1=1:em_stop2=1
> p?
@FOC:t=50200:run_id=UNSET:map_id=M0:map_crc32=00000000:I1=0:I2=0:Ires=0:Id=0:Iq=0:Id_ref=2000:Iq_ref=0:VBUS=0:STATE=0:SPD=0:TH=0:sector=0:window=0:CCR1=0:CCR2=0:CCR3=0:ADC_STATUS=2:FAULT=0:FAULT_R=0:FAIL=0:RUN=0:em_stop1=1:em_stop2=1
@FOC:t=50300:run_id=UNSET:map_id=M0:map_crc32=00000000:I1=0:I2=0:Ires=0:Id=0:Iq=0:Id_ref=2000:Iq_ref=0:VBUS=0:STATE=0:SPD=0:TH=0:sector=0:window=0:CCR1=0:CCR2=0:CCR3=0:ADC_STATUS=2:FAULT=0:FAULT_R=0:FAIL=0:RUN=0:em_stop1=1:em_stop2=1
@PWM:CR1=224:CCER=0:BDTR=7360:CNT=0
> @FOC:t=50400:run_id=UNSET:map_id=M0:map_crc32=00000000:I1=0:I2=0:Ires=0:Id=0:Iq=0:Id_ref=2000:Iq_ref=0:VBUS=0:STATE=0:SPD=0:TH=0:sector=0:window=0:CCR1=0:CCR2=0:CCR3=0:ADC_STATUS=2:FAULT=0:FAULT_R=0:FAIL=0:RUN=0:em_stop1=1:em_stop2=1
@FOC:t=50500:run_id=UNSET:map_id=M0:map_crc32=00000000:I1=0:I2=0:Ires=0:Id=0:Iq=0:Id_ref=2000:Iq_ref=0:VBUS=0:STATE=0:SPD=0:TH=0:sector=0:window=0:CCR1=0:CCR2=0:CCR3=0:ADC_STATUS=2:FAULT=0:FAULT_R=0:FAIL=0:RUN=0:em_stop1=1:em_stop2=1
@FOC:t=50600:run_id=UNSET:map_id=M0:map_crc32=00000000:I1=0:I2=0:Ires=0:Id=0:Iq=0:Id_ref=2000:Iq_ref=0:VBUS=0:STATE=0:SPD=0:TH=0:sector=0:window=0:CCR1=0:CCR2=0:CCR3=0:ADC_STATUS=2:FAULT=0:FAULT_R=0:FAIL=0:RUN=0:em_stop1=1:em_stop2=1
@FOC:t=50700:run_id=UNSET:map_id=M0:map_crc32=00000000:I1=0:I2=0:Ires=0:Id=0:Iq=0:Id_ref=2000:Iq_ref=0:VBUS=0:STATE=0:SPD=0:TH=0:sector=0:window=0:CCR1=0:CCR2=0:CCR3=0:ADC_STATUS=2:FAULT=0:FAULT_R=0:FAIL=0:RUN=0:em_stop1=1:em_stop2=1
@FOC:t=50800:run_id=UNSET:map_id=M0:map_crc32=00000000:I1=0:I2=0:Ires=0:Id=0:Iq=0:Id_ref=2000:Iq_ref=0:VBUS=0:STATE=0:SPD=0:TH=0:sector=0:window=0:CCR1=0:CCR2=0:CCR3=0:ADC_STATUS=2:FAULT=0:FAULT_R=0:FAIL=0:RUN=0:em_stop1=1:em_stop2=1
@FOC:t=50900:run_id=UNSET:map_id=M0:map_crc32=00000000:I1=0:I2=0:Ires=0:Id=0:Iq=0:Id_ref=2000:Iq_ref=0:VBUS=0:STATE=0:SPD=0:TH=0:sector=0:window=0:CCR1=0:CCR2=0:CCR3=0:ADC_STATUS=2:FAULT=0:FAULT_R=0:FAIL=0:RUN=0:em_stop1=1:em_stop2=1
@FOC:t=51000:run_id=UNSET:map_id=M0:map_crc32=00000000:I1=0:I2=0:Ires=0:Id=0:Iq=0:Id_ref=2000:Iq_ref=0:VBUS=0:STATE=0:SPD=0:TH=0:sector=0:window=0:CCR1=0:CCR2=0:CCR3=0:ADC_STATUS=2:FAULT=0:FAULT_R=0:FAIL=0:RUN=0:em_stop1=1:em_stop2=1
@FOC:t=51100:run_id=UNSET:map_id=M0:map_crc32=00000000:I1=0:I2=0:Ires=0:Id=0:Iq=0:Id_ref=2000:Iq_ref=0:VBUS=0:STATE=0:SPD=0:TH=0:sector=0:window=0:CCR1=0:CCR2=0:CCR3=0:ADC_STATUS=2:FAULT=0:FAULT_R=0:FAIL=0:RUN=0:em_stop1=1:em_stop2=1
@FOC:t=51200:run_id=UNSET:map_id=M0:map_crc32=00000000:I1=0:I2=0:Ires=0:Id=0:Iq=0:Id_ref=2000:Iq_ref=0:VBUS=0:STATE=0:SPD=0:TH=0:sector=0:window=0:CCR1=0:CCR2=0:CCR3=0:ADC_STATUS=2:FAULT=0:FAULT_R=0:FAIL=0:RUN=0:em_stop1=1:em_stop2=1
@FOC:t=51300:run_id=UNSET:map_id=M0:map_crc32=00000000:I1=0:I2=0:Ires=0:Id=0:Iq=0:Id_ref=2000:Iq_ref=0:VBUS=0:STATE=0:SPD=0:TH=0:sector=0:window=0:CCR1=0:CCR2=0:CCR3=0:ADC_STATUS=2:FAULT=0:FAULT_R=0:FAIL=0:RUN=0:em_stop1=1:em_stop2=1
@FOC:t=51400:run_id=UNSET:map_id=M0:map_crc32=00000000:I1=0:I2=0:Ires=0:Id=0:Iq=0:Id_ref=2000:Iq_ref=0:VBUS=0:STATE=0:SPD=0:TH=0:sector=0:window=0:CCR1=0:CCR2=0:CCR3=0:ADC_STATUS=2:FAULT=0:FAULT_R=0:FAIL=0:RUN=0:em_stop1=1:em_stop2=1
@FOC:t=51500:run_id=UNSET:map_id=M0:map_crc32=00000000:I1=0:I2=0:Ires=0:Id=0:Iq=0:Id_ref=2000:Iq_ref=0:VBUS=0:STATE=0:SPD=0:TH=0:sector=0:window=0:CCR1=0:CCR2=0:CCR3=0:ADC_STATUS=2:FAULT=0:FAULT_R=0:FAIL=0:RUN=0:em_stop1=1:em_stop2=1
@FOC:t=51600:run_id=UNSET:map_id=M0:map_crc32=00000000:I1=0:I2=0:Ires=0:Id=0:Iq=0:Id_ref=2000:Iq_ref=0:VBUS=0:STATE=0:SPD=0:TH=0:sector=0:window=0:CCR1=0:CCR2=0:CCR3=0:ADC_STATUS=2:FAULT=0:FAULT_R=0:FAIL=0:RUN=0:em_stop1=1:em_stop2=1
@FOC:t=51700:run_id=UNSET:map_id=M0:map_crc32=00000000:I1=0:I2=0:Ires=0:Id=0:Iq=0:Id_ref=2000:Iq_ref=0:VBUS=0:STATE=0:SPD=0:TH=0:sector=0:window=0:CCR1=0:CCR2=0:CCR3=0:ADC_STATUS=2:FAULT=0:FAULT_R=0:FAIL=0:RUN=0:em_stop1=1:em_stop2=1
@FOC:t=51800:run_id=UNSET:map_id=M0:map_crc32=00000000:I1=0:I2=0:Ires=0:Id=0:Iq=0:Id_ref=2000:Iq_ref=0:VBUS=0:STATE=0:SPD=0:TH=0:sector=0:window=0:CCR1=0:CCR2=0:CCR3=0:ADC_STATUS=2:FAULT=0:FAULT_R=0:FAIL=0:RUN=0:em_stop1=1:em_stop2=1
@FOC:t=51900:run_id=UNSET:map_id=M0:map_crc32=00000000:I1=0:I2=0:Ires=0:Id=0:Iq=0:Id_ref=2000:Iq_ref=0:VBUS=0:STATE=0:SPD=0:TH=0:sector=0:window=0:CCR1=0:CCR2=0:CCR3=0:ADC_STATUS=2:FAULT=0:FAULT_R=0:FAIL=0:RUN=0:em_stop1=1:em_stop2=1
@FOC:t=52000:run_id=UNSET:map_id=M0:map_crc32=00000000:I1=0:I2=0:Ires=0:Id=0:Iq=0:Id_ref=2000:Iq_ref=0:VBUS=0:STATE=0:SPD=0:TH=0:sector=0:window=0:CCR1=0:CCR2=0:CCR3=0:ADC_STATUS=2:FAULT=0:FAULT_R=0:FAIL=0:RUN=0:em_stop1=1:em_stop2=1
@FOC:t=52100:run_id=UNSET:map_id=M0:map_crc32=00000000:I1=0:I2=0:Ires=0:Id=0:Iq=0:Id_ref=2000:Iq_ref=0:VBUS=0:STATE=0:SPD=0:TH=0:sector=0:window=0:CCR1=0:CCR2=0:CCR3=0:ADC_STATUS=2:FAULT=0:FAULT_R=0:FAIL=0:RUN=0:em_stop1=1:em_stop2=1
@FOC:t=52200:run_id=UNSET:map_id=M0:map_crc32=00000000:I1=0:I2=0:Ires=0:Id=0:Iq=0:Id_ref=2000:Iq_ref=0:VBUS=0:STATE=0:SPD=0:TH=0:sector=0:window=0:CCR1=0:CCR2=0:CCR3=0:ADC_STATUS=2:FAULT=0:FAULT_R=0:FAIL=0:RUN=0:em_stop1=1:em_stop2=1
@FOC:t=52300:run_id=UNSET:map_id=M0:map_crc32=00000000:I1=0:I2=0:Ires=0:Id=0:Iq=0:Id_ref=2000:Iq_ref=0:VBUS=0:STATE=0:SPD=0:TH=0:sector=0:window=0:CCR1=0:CCR2=0:CCR3=0:ADC_STATUS=2:FAULT=0:FAULT_R=0:FAIL=0:RUN=0:em_stop1=1:em_stop2=1
@FOC:t=52400:run_id=UNSET:map_id=M0:map_crc32=00000000:I1=0:I2=0:Ires=0:Id=0:Iq=0:Id_ref=2000:Iq_ref=0:VBUS=0:STATE=0:SPD=0:TH=0:sector=0:window=0:CCR1=0:CCR2=0:CCR3=0:ADC_STATUS=2:FAULT=0:FAULT_R=0:FAIL=0:RUN=0:em_stop1=1:em_stop2=1
@FOC:t=52500:run_id=UNSET:map_id=M0:map_crc32=00000000:I1=0:I2=0:Ires=0:Id=0:Iq=0:Id_ref=2000:Iq_ref=0:VBUS=0:STATE=0:SPD=0:TH=0:sector=0:window=0:CCR1=0:CCR2=0:CCR3=0:ADC_STATUS=2:FAULT=0:FAULT_R=0:FAIL=0:RUN=0:em_stop1=1:em_stop2=1
@FOC:t=52600:run_id=UNSET:map_id=M0:map_crc32=00000000:I1=0:I2=0:Ires=0:Id=0:Iq=0:Id_ref=2000:Iq_ref=0:VBUS=0:STATE=0:SPD=0:TH=0:sector=0:window=0:CCR1=0:CCR2=0:CCR3=0:ADC_STATUS=2:FAULT=0:FAULT_R=0:FAIL=0:RUN=0:em_stop1=1:em_stop2=1
@FOC:t=52700:run_id=UNSET:map_id=M0:map_crc32=00000000:I1=0:I2=0:Ires=0:Id=0:Iq=0:Id_ref=2000:Iq_ref=0:VBUS=0:STATE=0:SPD=0:TH=0:sector=0:window=0:CCR1=0:CCR2=0:CCR3=0:ADC_STATUS=2:FAULT=0:FAULT_R=0:FAIL=0:RUN=0:em_stop1=1:em_stop2=1
> dump
@FOC:t=52800:run_id=UNSET:map_id=M0:map_crc32=00000000:I1=0:I2=0:Ires=0:Id=0:Iq=0:Id_ref=2000:Iq_ref=0:VBUS=0:STATE=0:SPD=0:TH=0:sector=0:window=0:CCR1=0:CCR2=0:CCR3=0:ADC_STATUS=2:FAULT=0:FAULT_R=0:FAIL=0:RUN=0:em_stop1=1:em_stop2=1
@PWM:DUMP:PSC=16:ARR=999:BDTR=0x00001CC0:CR1=0x000000E0:CR2=0x00000020:CCER=0x00000000
> @FOC:t=52900:run_id=UNSET:map_id=M0:map_crc32=00000000:I1=0:I2=0:Ires=0:Id=0:Iq=0:Id_ref=2000:Iq_ref=0:VBUS=0:STATE=0:SPD=0:TH=0:sector=0:window=0:CCR1=0:CCR2=0:CCR3=0:ADC_STATUS=2:FAULT=0:FAULT_R=0:FAIL=0:RUN=0:em_stop1=1:em_stop2=1
@FOC:t=53000:run_id=UNSET:map_id=M0:map_crc32=00000000:I1=0:I2=0:Ires=0:Id=0:Iq=0:Id_ref=2000:Iq_ref=0:VBUS=0:STATE=0:SPD=0:TH=0:sector=0:window=0:CCR1=0:CCR2=0:CCR3=0:ADC_STATUS=2:FAULT=0:FAULT_R=0:FAIL=0:RUN=0:em_stop1=1:em_stop2=1
@FOC:t=53100:run_id=UNSET:map_id=M0:map_crc32=00000000:I1=0:I2=0:Ires=0:Id=0:Iq=0:Id_ref=2000:Iq_ref=0:VBUS=0:STATE=0:SPD=0:TH=0:sector=0:window=0:CCR1=0:CCR2=0:CCR3=0:ADC_STATUS=2:FAULT=0:FAULT_R=0:FAIL=0:RUN=0:em_stop1=1:em_stop2=1
@FOC:t=53200:run_id=UNSET:map_id=M0:map_crc32=00000000:I1=0:I2=0:Ires=0:Id=0:Iq=0:Id_ref=2000:Iq_ref=0:VBUS=0:STATE=0:SPD=0:TH=0:sector=0:window=0:CCR1=0:CCR2=0:CCR3=0:ADC_STATUS=2:FAULT=0:FAULT_R=0:FAIL=0:RUN=0:em_stop1=1:em_stop2=1
@FOC:t=53300:run_id=UNSET:map_id=M0:map_crc32=00000000:I1=0:I2=0:Ires=0:Id=0:Iq=0:Id_ref=2000:Iq_ref=0:VBUS=0:STATE=0:SPD=0:TH=0:sector=0:window=0:CCR1=0:CCR2=0:CCR3=0:ADC_STATUS=2:FAULT=0:FAULT_R=0:FAIL=0:RUN=0:em_stop1=1:em_stop2=1
@FOC:t=53400:run_id=UNSET:map_id=M0:map_crc32=00000000:I1=0:I2=0:Ires=0:Id=0:Iq=0:Id_ref=2000:Iq_ref=0:VBUS=0:STATE=0:SPD=0:TH=0:sector=0:window=0:CCR1=0:CCR2=0:CCR3=0:ADC_STATUS=2:FAULT=0:FAULT_R=0:FAIL=0:RUN=0:em_stop1=1:em_stop2=1
@FOC:t=53500:run_id=UNSET:map_id=M0:map_crc32=00000000:I1=0:I2=0:Ires=0:Id=0:Iq=0:Id_ref=2000:Iq_ref=0:VBUS=0:STATE=0:SPD=0:TH=0:sector=0:window=0:CCR1=0:CCR2=0:CCR3=0:ADC_STATUS=2:FAULT=0:FAULT_R=0:FAIL=0:RUN=0:em_stop1=1:em_stop2=1
@FOC:t=53600:run_id=UNSET:map_id=M0:map_crc32=00000000:I1=0:I2=0:Ires=0:Id=0:Iq=0:Id_ref=2000:Iq_ref=0:VBUS=0:STATE=0:SPD=0:TH=0:sector=0:window=0:CCR1=0:CCR2=0:CCR3=0:ADC_STATUS=2:FAULT=0:FAULT_R=0:FAIL=0:RUN=0:em_stop1=1:em_stop2=1
@FOC:t=53700:run_id=UNSET:map_id=M0:map_crc32=00000000:I1=0:I2=0:Ires=0:Id=0:Iq=0:Id_ref=2000:Iq_ref=0:VBUS=0:STATE=0:SPD=0:TH=0:sector=0:window=0:CCR1=0:CCR2=0:CCR3=0:ADC_STATUS=2:FAULT=0:FAULT_R=0:FAIL=0:RUN=0:em_stop1=1:em_stop2=1
@FOC:t=53800:run_id=UNSET:map_id=M0:map_crc32=00000000:I1=0:I2=0:Ires=0:Id=0:Iq=0:Id_ref=2000:Iq_ref=0:VBUS=0:STATE=0:SPD=0:TH=0:sector=0:window=0:CCR1=0:CCR2=0:CCR3=0:ADC_STATUS=2:FAULT=0:FAULT_R=0:FAIL=0:RUN=0:em_stop1=1:em_stop2=1
@FOC:t=53900:run_id=UNSET:map_id=M0:map_crc32=00000000:I1=0:I2=0:Ires=0:Id=0:Iq=0:Id_ref=2000:Iq_ref=0:VBUS=0:STATE=0:SPD=0:TH=0:sector=0:window=0:CCR1=0:CCR2=0:CCR3=0:ADC_STATUS=2:FAULT=0:FAULT_R=0:FAIL=0:RUN=0:em_stop1=1:em_stop2=1
@FOC:t=54000:run_id=UNSET:map_id=M0:map_crc32=00000000:I1=0:I2=0:Ires=0:Id=0:Iq=0:Id_ref=2000:Iq_ref=0:VBUS=0:STATE=0:SPD=0:TH=0:sector=0:window=0:CCR1=0:CCR2=0:CCR3=0:ADC_STATUS=2:FAULT=0:FAULT_R=0:FAIL=0:RUN=0:em_stop1=1:em_stop2=1
@FOC:t=54100:run_id=UNSET:map_id=M0:map_crc32=00000000:I1=0:I2=0:Ires=0:Id=0:Iq=0:Id_ref=2000:Iq_ref=0:VBUS=0:STATE=0:SPD=0:TH=0:sector=0:window=0:CCR1=0:CCR2=0:CCR3=0:ADC_STATUS=2:FAULT=0:FAULT_R=0:FAIL=0:RUN=0:em_stop1=1:em_stop2=1
@FOC:t=54200:run_id=UNSET:map_id=M0:map_crc32=00000000:I1=0:I2=0:Ires=0:Id=0:Iq=0:Id_ref=2000:Iq_ref=0:VBUS=0:STATE=0:SPD=0:TH=0:sector=0:window=0:CCR1=0:CCR2=0:CCR3=0:ADC_STATUS=2:FAULT=0:FAULT_R=0:FAIL=0:RUN=0:em_stop1=1:em_stop2=1
@FOC:t=54300:run_id=UNSET:map_id=M0:map_crc32=00000000:I1=0:I2=0:Ires=0:Id=0:Iq=0:Id_ref=2000:Iq_ref=0:VBUS=0:STATE=0:SPD=0:TH=0:sector=0:window=0:CCR1=0:CCR2=0:CCR3=0:ADC_STATUS=2:FAULT=0:FAULT_R=0:FAIL=0:RUN=0:em_stop1=1:em_stop2=1
@FOC:t=54400:run_id=UNSET:map_id=M0:map_crc32=00000000:I1=0:I2=0:Ires=0:Id=0:Iq=0:Id_ref=2000:Iq_ref=0:VBUS=0:STATE=0:SPD=0:TH=0:sector=0:window=0:CCR1=0:CCR2=0:CCR3=0:ADC_STATUS=2:FAULT=0:FAULT_R=0:FAIL=0:RUN=0:em_stop1=1:em_stop2=1
@FOC:t=54500:run_id=UNSET:map_id=M0:map_crc32=00000000:I1=0:I2=0:Ires=0:Id=0:Iq=0:Id_ref=2000:Iq_ref=0:VBUS=0:STATE=0:SPD=0:TH=0:sector=0:window=0:CCR1=0:CCR2=0:CCR3=0:ADC_STATUS=2:FAULT=0:FAULT_R=0:FAIL=0:RUN=0:em_stop1=1:em_stop2=1
@FOC:t=54600:run_id=UNSET:map_id=M0:map_crc32=00000000:I1=0:I2=0:Ires=0:Id=0:Iq=0:Id_ref=2000:Iq_ref=0:VBUS=0:STATE=0:SPD=0:TH=0:sector=0:window=0:CCR1=0:CCR2=0:CCR3=0:ADC_STATUS=2:FAULT=0:FAULT_R=0:FAIL=0:RUN=0:em_stop1=1:em_stop2=1
@FOC:t=54700:run_id=UNSET:map_id=M0:map_crc32=00000000:I1=0:I2=0:Ires=0:Id=0:Iq=0:Id_ref=2000:Iq_ref=0:VBUS=0:STATE=0:SPD=0:TH=0:sector=0:window=0:CCR1=0:CCR2=0:CCR3=0:ADC_STATUS=2:FAULT=0:FAULT_R=0:FAIL=0:RUN=0:em_stop1=1:em_stop2=1
@FOC:t=54800:run_id=UNSET:map_id=M0:map_crc32=00000000:I1=0:I2=0:Ires=0:Id=0:Iq=0:Id_ref=2000:Iq_ref=0:VBUS=0:STATE=0:SPD=0:TH=0:sector=0:window=0:CCR1=0:CCR2=0:CCR3=0:ADC_STATUS=2:FAULT=0:FAULT_R=0:FAIL=0:RUN=0:em_stop1=1:em_stop2=1
@FOC:t=54900:run_id=UNSET:map_id=M0:map_crc32=00000000:I1=0:I2=0:Ires=0:Id=0:Iq=0:Id_ref=2000:Iq_ref=0:VBUS=0:STATE=0:SPD=0:TH=0:sector=0:window=0:CCR1=0:CCR2=0:CCR3=0:ADC_STATUS=2:FAULT=0:FAULT_R=0:FAIL=0:RUN=0:em_stop1=1:em_stop2=1
@FOC:t=55000:run_id=UNSET:map_id=M0:map_crc32=00000000:I1=0:I2=0:Ires=0:Id=0:Iq=0:Id_ref=2000:Iq_ref=0:VBUS=0:STATE=0:SPD=0:TH=0:sector=0:window=0:CCR1=0:CCR2=0:CCR3=0:ADC_STATUS=2:FAULT=0:FAULT_R=0:FAIL=0:RUN=0:em_stop1=1:em_stop2=1
@FOC:t=55100:run_id=UNSET:map_id=M0:map_crc32=00000000:I1=0:I2=0:Ires=0:Id=0:Iq=0:Id_ref=2000:Iq_ref=0:VBUS=0:STATE=0:SPD=0:TH=0:sector=0:window=0:CCR1=0:CCR2=0:CCR3=0:ADC_STATUS=2:FAULT=0:FAULT_R=0:FAIL=0:RUN=0:em_stop1=1:em_stop2=1
@FOC:t=55200:run_id=UNSET:map_id=M0:map_crc32=00000000:I1=0:I2=0:Ires=0:Id=0:Iq=0:Id_ref=2000:Iq_ref=0:VBUS=0:STATE=0:SPD=0:TH=0:sector=0:window=0:CCR1=0:CCR2=0:CCR3=0:ADC_STATUS=2:FAULT=0:FAULT_R=0:FAIL=0:RUN=0:em_stop1=1:em_stop2=1
@FOC:t=55300:run_id=UNSET:map_id=M0:map_crc32=00000000:I1=0:I2=0:Ires=0:Id=0:Iq=0:Id_ref=2000:Iq_ref=0:VBUS=0:STATE=0:SPD=0:TH=0:sector=0:window=0:CCR1=0:CCR2=0:CCR3=0:ADC_STATUS=2:FAULT=0:FAULT_R=0:FAIL=0:RUN=0:em_stop1=1:em_stop2=1
> dumpa
@FOC:t=55400:run_id=UNSET:map_id=M0:map_crc32=00000000:I1=0:I2=0:Ires=0:Id=0:Iq=0:Id_ref=2000:Iq_ref=0:VBUS=0:STATE=0:SPD=0:TH=0:sector=0:window=0:CCR1=0:CCR2=0:CCR3=0:ADC_STATUS=2:FAULT=0:FAULT_R=0:FAIL=0:RUN=0:em_stop1=1:em_stop2=1
@ADUMP:SQR1=0x00000000:CFGR=0x80000000:SMPR1=0x00038FC0:JSQR=0x00A18482:DIFSEL=0x00000000:CR=0x10000001:ISR=0x00000001:DR=0x0000:JDR1=0x0000:JDR2=0x0000:JDR3=0x0000:JDR4=0x0000:ADC1_CR=0x10000001:ADC1_ISR=0x00000001
> @FOC:t=55500:run_id=UNSET:map_id=M0:map_crc32=00000000:I1=0:I2=0:Ires=0:Id=0:Iq=0:Id_ref=2000:Iq_ref=0:VBUS=0:STATE=0:SPD=0:TH=0:sector=0:window=0:CCR1=0:CCR2=0:CCR3=0:ADC_STATUS=2:FAULT=0:FAULT_R=0:FAIL=0:RUN=0:em_stop1=1:em_stop2=1
@FOC:t=55600:run_id=UNSET:map_id=M0:map_crc32=00000000:I1=0:I2=0:Ires=0:Id=0:Iq=0:Id_ref=2000:Iq_ref=0:VBUS=0:STATE=0:SPD=0:TH=0:sector=0:window=0:CCR1=0:CCR2=0:CCR3=0:ADC_STATUS=2:FAULT=0:FAULT_R=0:FAIL=0:RUN=0:em_stop1=1:em_stop2=1
@FOC:t=55700:run_id=UNSET:map_id=M0:map_crc32=00000000:I1=0:I2=0:Ires=0:Id=0:Iq=0:Id_ref=2000:Iq_ref=0:VBUS=0:STATE=0:SPD=0:TH=0:sector=0:window=0:CCR1=0:CCR2=0:CCR3=0:ADC_STATUS=2:FAULT=0:FAULT_R=0:FAIL=0:RUN=0:em_stop1=1:em_stop2=1
@FOC:t=55800:run_id=UNSET:map_id=M0:map_crc32=00000000:I1=0:I2=0:Ires=0:Id=0:Iq=0:Id_ref=2000:Iq_ref=0:VBUS=0:STATE=0:SPD=0:TH=0:sector=0:window=0:CCR1=0:CCR2=0:CCR3=0:ADC_STATUS=2:FAULT=0:FAULT_R=0:FAIL=0:RUN=0:em_stop1=1:em_stop2=1
@FOC:t=55900:run_id=UNSET:map_id=M0:map_crc32=00000000:I1=0:I2=0:Ires=0:Id=0:Iq=0:Id_ref=2000:Iq_ref=0:VBUS=0:STATE=0:SPD=0:TH=0:sector=0:window=0:CCR1=0:CCR2=0:CCR3=0:ADC_STATUS=2:FAULT=0:FAULT_R=0:FAIL=0:RUN=0:em_stop1=1:em_stop2=1
@FOC:t=56000:run_id=UNSET:map_id=M0:map_crc32=00000000:I1=0:I2=0:Ires=0:Id=0:Iq=0:Id_ref=2000:Iq_ref=0:VBUS=0:STATE=0:SPD=0:TH=0:sector=0:window=0:CCR1=0:CCR2=0:CCR3=0:ADC_STATUS=2:FAULT=0:FAULT_R=0:FAIL=0:RUN=0:em_stop1=1:em_stop2=1
@FOC:t=56100:run_id=UNSET:map_id=M0:map_crc32=00000000:I1=0:I2=0:Ires=0:Id=0:Iq=0:Id_ref=2000:Iq_ref=0:VBUS=0:STATE=0:SPD=0:TH=0:sector=0:window=0:CCR1=0:CCR2=0:CCR3=0:ADC_STATUS=2:FAULT=0:FAULT_R=0:FAIL=0:RUN=0:em_stop1=1:em_stop2=1
@FOC:t=56200:run_id=UNSET:map_id=M0:map_crc32=00000000:I1=0:I2=0:Ires=0:Id=0:Iq=0:Id_ref=2000:Iq_ref=0:VBUS=0:STATE=0:SPD=0:TH=0:sector=0:window=0:CCR1=0:CCR2=0:CCR3=0:ADC_STATUS=2:FAULT=0:FAULT_R=0:FAIL=0:RUN=0:em_stop1=1:em_stop2=1
@FOC:t=56300:run_id=UNSET:map_id=M0:map_crc32=00000000:I1=0:I2=0:Ires=0:Id=0:Iq=0:Id_ref=2000:Iq_ref=0:VBUS=0:STATE=0:SPD=0:TH=0:sector=0:window=0:CCR1=0:CCR2=0:CCR3=0:ADC_STATUS=2:FAULT=0:FAULT_R=0:FAIL=0:RUN=0:em_stop1=1:em_stop2=1
@FOC:t=56400:run_id=UNSET:map_id=M0:map_crc32=00000000:I1=0:I2=0:Ires=0:Id=0:Iq=0:Id_ref=2000:Iq_ref=0:VBUS=0:STATE=0:SPD=0:TH=0:sector=0:window=0:CCR1=0:CCR2=0:CCR3=0:ADC_STATUS=2:FAULT=0:FAULT_R=0:FAIL=0:RUN=0:em_stop1=1:em_stop2=1
@FOC:t=56500:run_id=UNSET:map_id=M0:map_crc32=00000000:I1=0:I2=0:Ires=0:Id=0:Iq=0:Id_ref=2000:Iq_ref=0:VBUS=0:STATE=0:SPD=0:TH=0:sector=0:window=0:CCR1=0:CCR2=0:CCR3=0:ADC_STATUS=2:FAULT=0:FAULT_R=0:FAIL=0:RUN=0:em_stop1=1:em_stop2=1
@FOC:t=56600:run_id=UNSET:map_id=M0:map_crc32=00000000:I1=0:I2=0:Ires=0:Id=0:Iq=0:Id_ref=2000:Iq_ref=0:VBUS=0:STATE=0:SPD=0:TH=0:sector=0:window=0:CCR1=0:CCR2=0:CCR3=0:ADC_STATUS=2:FAULT=0:FAULT_R=0:FAIL=0:RUN=0:em_stop1=1:em_stop2=1
@FOC:t=56700:run_id=UNSET:map_id=M0:map_crc32=00000000:I1=0:I2=0:Ires=0:Id=0:Iq=0:Id_ref=2000:Iq_ref=0:VBUS=0:STATE=0:SPD=0:TH=0:sector=0:window=0:CCR1=0:CCR2=0:CCR3=0:ADC_STATUS=2:FAULT=0:FAULT_R=0:FAIL=0:RUN=0:em_stop1=1:em_stop2=1
@FOC:t=56800:run_id=UNSET:map_id=M0:map_crc32=00000000:I1=0:I2=0:Ires=0:Id=0:Iq=0:Id_ref=2000:Iq_ref=0:VBUS=0:STATE=0:SPD=0:TH=0:sector=0:window=0:CCR1=0:CCR2=0:CCR3=0:ADC_STATUS=2:FAULT=0:FAULT_R=0:FAIL=0:RUN=0:em_stop1=1:em_stop2=1
@FOC:t=56900:run_id=UNSET:map_id=M0:map_crc32=00000000:I1=0:I2=0:Ires=0:Id=0:Iq=0:Id_ref=2000:Iq_ref=0:VBUS=0:STATE=0:SPD=0:TH=0:sector=0:window=0:CCR1=0:CCR2=0:CCR3=0:ADC_STATUS=2:FAULT=0:FAULT_R=0:FAIL=0:RUN=0:em_stop1=1:em_stop2=1
@FOC:t=57000:run_id=UNSET:map_id=M0:map_crc32=00000000:I1=0:I2=0:Ires=0:Id=0:Iq=0:Id_ref=2000:Iq_ref=0:VBUS=0:STATE=0:SPD=0:TH=0:sector=0:window=0:CCR1=0:CCR2=0:CCR3=0:ADC_STATUS=2:FAULT=0:FAULT_R=0:FAIL=0:RUN=0:em_stop1=1:em_stop2=1
@FOC:t=57100:run_id=UNSET:map_id=M0:map_crc32=00000000:I1=0:I2=0:Ires=0:Id=0:Iq=0:Id_ref=2000:Iq_ref=0:VBUS=0:STATE=0:SPD=0:TH=0:sector=0:window=0:CCR1=0:CCR2=0:CCR3=0:ADC_STATUS=2:FAULT=0:FAULT_R=0:FAIL=0:RUN=0:em_stop1=1:em_stop2=1
@FOC:t=57200:run_id=UNSET:map_id=M0:map_crc32=00000000:I1=0:I2=0:Ires=0:Id=0:Iq=0:Id_ref=2000:Iq_ref=0:VBUS=0:STATE=0:SPD=0:TH=0:sector=0:window=0:CCR1=0:CCR2=0:CCR3=0:ADC_STATUS=2:FAULT=0:FAULT_R=0:FAIL=0:RUN=0:em_stop1=1:em_stop2=1
@FOC:t=57300:run_id=UNSET:map_id=M0:map_crc32=00000000:I1=0:I2=0:Ires=0:Id=0:Iq=0:Id_ref=2000:Iq_ref=0:VBUS=0:STATE=0:SPD=0:TH=0:sector=0:window=0:CCR1=0:CCR2=0:CCR3=0:ADC_STATUS=2:FAULT=0:FAULT_R=0:FAIL=0:RUN=0:em_stop1=1:em_stop2=1
@FOC:t=57400:run_id=UNSET:map_id=M0:map_crc32=00000000:I1=0:I2=0:Ires=0:Id=0:Iq=0:Id_ref=2000:Iq_ref=0:VBUS=0:STATE=0:SPD=0:TH=0:sector=0:window=0:CCR1=0:CCR2=0:CCR3=0:ADC_STATUS=2:FAULT=0:FAULT_R=0:FAIL=0:RUN=0:em_stop1=1:em_stop2=1
@FOC:t=57500:run_id=UNSET:map_id=M0:map_crc32=00000000:I1=0:I2=0:Ires=0:Id=0:Iq=0:Id_ref=2000:Iq_ref=0:VBUS=0:STATE=0:SPD=0:TH=0:sector=0:window=0:CCR1=0:CCR2=0:CCR3=0:ADC_STATUS=2:FAULT=0:FAULT_R=0:FAIL=0:RUN=0:em_stop1=1:em_stop2=1
@FOC:t=57600:run_id=UNSET:map_id=M0:map_crc32=00000000:I1=0:I2=0:Ires=0:Id=0:Iq=0:Id_ref=2000:Iq_ref=0:VBUS=0:STATE=0:SPD=0:TH=0:sector=0:window=0:CCR1=0:CCR2=0:CCR3=0:ADC_STATUS=2:FAULT=0:FAULT_R=0:FAIL=0:RUN=0:em_stop1=1:em_stop2=1
@FOC:t=57700:run_id=UNSET:map_id=M0:map_crc32=00000000:I1=0:I2=0:Ires=0:Id=0:Iq=0:Id_ref=2000:Iq_ref=0:VBUS=0:STATE=0:SPD=0:TH=0:sector=0:window=0:CCR1=0:CCR2=0:CCR3=0:ADC_STATUS=2:FAULT=0:FAULT_R=0:FAIL=0:RUN=0:em_stop1=1:em_stop2=1
@FOC:t=57800:run_id=UNSET:map_id=M0:map_crc32=00000000:I1=0:I2=0:Ires=0:Id=0:Iq=0:Id_ref=2000:Iq_ref=0:VBUS=0:STATE=0:SPD=0:TH=0:sector=0:window=0:CCR1=0:CCR2=0:CCR3=0:ADC_STATUS=2:FAULT=0:FAULT_R=0:FAIL=0:RUN=0:em_stop1=1:em_stop2=1
> breakdiag
@FOC:t=57900:run_id=UNSET:map_id=M0:map_crc32=00000000:I1=0:I2=0:Ires=0:Id=0:Iq=0:Id_ref=2000:Iq_ref=0:VBUS=0:STATE=0:SPD=0:TH=0:sector=0:window=0:CCR1=0:CCR2=0:CCR3=0:ADC_STATUS=2:FAULT=0:FAULT_R=0:FAIL=0:RUN=0:em_stop1=1:em_stop2=1
@FOC:t=58000:run_id=UNSET:map_id=M0:map_crc32=00000000:I1=0:I2=0:Ires=0:Id=0:Iq=0:Id_ref=2000:Iq_ref=0:VBUS=0:STATE=0:SPD=0:TH=0:sector=0:window=0:CCR1=0:CCR2=0:CCR3=0:ADC_STATUS=2:FAULT=0:FAULT_R=0:FAIL=0:RUN=0:em_stop1=1:em_stop2=1
@BRK:valid=0
> @FOC:t=58100:run_id=UNSET:map_id=M0:map_crc32=00000000:I1=0:I2=0:Ires=0:Id=0:Iq=0:Id_ref=2000:Iq_ref=0:VBUS=0:STATE=0:SPD=0:TH=0:sector=0:window=0:CCR1=0:CCR2=0:CCR3=0:ADC_STATUS=2:FAULT=0:FAULT_R=0:FAIL=0:RUN=0:em_stop1=1:em_stop2=1
@FOC:t=58200:run_id=UNSET:map_id=M0:map_crc32=00000000:I1=0:I2=0:Ires=0:Id=0:Iq=0:Id_ref=2000:Iq_ref=0:VBUS=0:STATE=0:SPD=0:TH=0:sector=0:window=0:CCR1=0:CCR2=0:CCR3=0:ADC_STATUS=2:FAULT=0:FAULT_R=0:FAIL=0:RUN=0:em_stop1=1:em_stop2=1
@FOC:t=58300:run_id=UNSET:map_id=M0:map_crc32=00000000:I1=0:I2=0:Ires=0:Id=0:Iq=0:Id_ref=2000:Iq_ref=0:VBUS=0:STATE=0:SPD=0:TH=0:sector=0:window=0:CCR1=0:CCR2=0:CCR3=0:ADC_STATUS=2:FAULT=0:FAULT_R=0:FAIL=0:RUN=0:em_stop1=1:em_stop2=1
@FOC:t=58400:run_id=UNSET:map_id=M0:map_crc32=00000000:I1=0:I2=0:Ires=0:Id=0:Iq=0:Id_ref=2000:Iq_ref=0:VBUS=0:STATE=0:SPD=0:TH=0:sector=0:window=0:CCR1=0:CCR2=0:CCR3=0:ADC_STATUS=2:FAULT=0:FAULT_R=0:FAIL=0:RUN=0:em_stop1=1:em_stop2=1
@FOC:t=58500:run_id=UNSET:map_id=M0:map_crc32=00000000:I1=0:I2=0:Ires=0:Id=0:Iq=0:Id_ref=2000:Iq_ref=0:VBUS=0:STATE=0:SPD=0:TH=0:sector=0:window=0:CCR1=0:CCR2=0:CCR3=0:ADC_STATUS=2:FAULT=0:FAULT_R=0:FAIL=0:RUN=0:em_stop1=1:em_stop2=1
@FOC:t=58600:run_id=UNSET:map_id=M0:map_crc32=00000000:I1=0:I2=0:Ires=0:Id=0:Iq=0:Id_ref=2000:Iq_ref=0:VBUS=0:STATE=0:SPD=0:TH=0:sector=0:window=0:CCR1=0:CCR2=0:CCR3=0:ADC_STATUS=2:FAULT=0:FAULT_R=0:FAIL=0:RUN=0:em_stop1=1:em_stop2=1
@FOC:t=58700:run_id=UNSET:map_id=M0:map_crc32=00000000:I1=0:I2=0:Ires=0:Id=0:Iq=0:Id_ref=2000:Iq_ref=0:VBUS=0:STATE=0:SPD=0:TH=0:sector=0:window=0:CCR1=0:CCR2=0:CCR3=0:ADC_STATUS=2:FAULT=0:FAULT_R=0:FAIL=0:RUN=0:em_stop1=1:em_stop2=1
@FOC:t=58800:run_id=UNSET:map_id=M0:map_crc32=00000000:I1=0:I2=0:Ires=0:Id=0:Iq=0:Id_ref=2000:Iq_ref=0:VBUS=0:STATE=0:SPD=0:TH=0:sector=0:window=0:CCR1=0:CCR2=0:CCR3=0:ADC_STATUS=2:FAULT=0:FAULT_R=0:FAIL=0:RUN=0:em_stop1=1:em_stop2=1
@FOC:t=58900:run_id=UNSET:map_id=M0:map_crc32=00000000:I1=0:I2=0:Ires=0:Id=0:Iq=0:Id_ref=2000:Iq_ref=0:VBUS=0:STATE=0:SPD=0:TH=0:sector=0:window=0:CCR1=0:CCR2=0:CCR3=0:ADC_STATUS=2:FAULT=0:FAULT_R=0:FAIL=0:RUN=0:em_stop1=1:em_stop2=1
@FOC:t=59000:run_id=UNSET:map_id=M0:map_crc32=00000000:I1=0:I2=0:Ires=0:Id=0:Iq=0:Id_ref=2000:Iq_ref=0:VBUS=0:STATE=0:SPD=0:TH=0:sector=0:window=0:CCR1=0:CCR2=0:CCR3=0:ADC_STATUS=2:FAULT=0:FAULT_R=0:FAIL=0:RUN=0:em_stop1=1:em_stop2=1
@FOC:t=59100:run_id=UNSET:map_id=M0:map_crc32=00000000:I1=0:I2=0:Ires=0:Id=0:Iq=0:Id_ref=2000:Iq_ref=0:VBUS=0:STATE=0:SPD=0:TH=0:sector=0:window=0:CCR1=0:CCR2=0:CCR3=0:ADC_STATUS=2:FAULT=0:FAULT_R=0:FAIL=0:RUN=0:em_stop1=1:em_stop2=1
@FOC:t=59200:run_id=UNSET:map_id=M0:map_crc32=00000000:I1=0:I2=0:Ires=0:Id=0:Iq=0:Id_ref=2000:Iq_ref=0:VBUS=0:STATE=0:SPD=0:TH=0:sector=0:window=0:CCR1=0:CCR2=0:CCR3=0:ADC_STATUS=2:FAULT=0:FAULT_R=0:FAIL=0:RUN=0:em_stop1=1:em_stop2=1
@FOC:t=59300:run_id=UNSET:map_id=M0:map_crc32=00000000:I1=0:I2=0:Ires=0:Id=0:Iq=0:Id_ref=2000:Iq_ref=0:VBUS=0:STATE=0:SPD=0:TH=0:sector=0:window=0:CCR1=0:CCR2=0:CCR3=0:ADC_STATUS=2:FAULT=0:FAULT_R=0:FAIL=0:RUN=0:em_stop1=1:em_stop2=1
@FOC:t=59400:run_id=UNSET:map_id=M0:map_crc32=00000000:I1=0:I2=0:Ires=0:Id=0:Iq=0:Id_ref=2000:Iq_ref=0:VBUS=0:STATE=0:SPD=0:TH=0:sector=0:window=0:CCR1=0:CCR2=0:CCR3=0:ADC_STATUS=2:FAULT=0:FAULT_R=0:FAIL=0:RUN=0:em_stop1=1:em_stop2=1
@FOC:t=59500:run_id=UNSET:map_id=M0:map_crc32=00000000:I1=0:I2=0:Ires=0:Id=0:Iq=0:Id_ref=2000:Iq_ref=0:VBUS=0:STATE=0:SPD=0:TH=0:sector=0:window=0:CCR1=0:CCR2=0:CCR3=0:ADC_STATUS=2:FAULT=0:FAULT_R=0:FAIL=0:RUN=0:em_stop1=1:em_stop2=1
@FOC:t=59600:run_id=UNSET:map_id=M0:map_crc32=00000000:I1=0:I2=0:Ires=0:Id=0:Iq=0:Id_ref=2000:Iq_ref=0:VBUS=0:STATE=0:SPD=0:TH=0:sector=0:window=0:CCR1=0:CCR2=0:CCR3=0:ADC_STATUS=2:FAULT=0:FAULT_R=0:FAIL=0:RUN=0:em_stop1=1:em_stop2=1
@FOC:t=59700:run_id=UNSET:map_id=M0:map_crc32=00000000:I1=0:I2=0:Ires=0:Id=0:Iq=0:Id_ref=2000:Iq_ref=0:VBUS=0:STATE=0:SPD=0:TH=0:sector=0:window=0:CCR1=0:CCR2=0:CCR3=0:ADC_STATUS=2:FAULT=0:FAULT_R=0:FAIL=0:RUN=0:em_stop1=1:em_stop2=1
@FOC:t=59800:run_id=UNSET:map_id=M0:map_crc32=00000000:I1=0:I2=0:Ires=0:Id=0:Iq=0:Id_ref=2000:Iq_ref=0:VBUS=0:STATE=0:SPD=0:TH=0:sector=0:window=0:CCR1=0:CCR2=0:CCR3=0:ADC_STATUS=2:FAULT=0:FAULT_R=0:FAIL=0:RUN=0:em_stop1=1:em_stop2=1
@FOC:t=59900:run_id=UNSET:map_id=M0:map_crc32=00000000:I1=0:I2=0:Ires=0:Id=0:Iq=0:Id_ref=2000:Iq_ref=0:VBUS=0:STATE=0:SPD=0:TH=0:sector=0:window=0:CCR1=0:CCR2=0:CCR3=0:ADC_STATUS=2:FAULT=0:FAULT_R=0:FAIL=0:RUN=0:em_stop1=1:em_stop2=1
@FOC:t=60000:run_id=UNSET:map_id=M0:map_crc32=00000000:I1=0:I2=0:Ires=0:Id=0:Iq=0:Id_ref=2000:Iq_ref=0:VBUS=0:STATE=0:SPD=0:TH=0:sector=0:window=0:CCR1=0:CCR2=0:CCR3=0:ADC_STATUS=2:FAULT=0:FAULT_R=0:FAIL=0:RUN=0:em_stop1=1:em_stop2=1
@FOC:t=60100:run_id=UNSET:map_id=M0:map_crc32=00000000:I1=0:I2=0:Ires=0:Id=0:Iq=0:Id_ref=2000:Iq_ref=0:VBUS=0:STATE=0:SPD=0:TH=0:sector=0:window=0:CCR1=0:CCR2=0:CCR3=0:ADC_STATUS=2:FAULT=0:FAULT_R=0:FAIL=0:RUN=0:em_stop1=1:em_stop2=1
@FOC:t=60200:run_id=UNSET:map_id=M0:map_crc32=00000000:I1=0:I2=0:Ires=0:Id=0:Iq=0:Id_ref=2000:Iq_ref=0:VBUS=0:STATE=0:SPD=0:TH=0:sector=0:window=0:CCR1=0:CCR2=0:CCR3=0:ADC_STATUS=2:FAULT=0:FAULT_R=0:FAIL=0:RUN=0:em_stop1=1:em_stop2=1
@FOC:t=60300:run_id=UNSET:map_id=M0:map_crc32=00000000:I1=0:I2=0:Ires=0:Id=0:Iq=0:Id_ref=2000:Iq_ref=0:VBUS=0:STATE=0:SPD=0:TH=0:sector=0:window=0:CCR1=0:CCR2=0:CCR3=0:ADC_STATUS=2:FAULT=0:FAULT_R=0:FAIL=0:RUN=0:em_stop1=1:em_stop2=1
@FOC:t=60400:run_id=UNSET:map_id=M0:map_crc32=00000000:I1=0:I2=0:Ires=0:Id=0:Iq=0:Id_ref=2000:Iq_ref=0:VBUS=0:STATE=0:SPD=0:TH=0:sector=0:window=0:CCR1=0:CCR2=0:CCR3=0:ADC_STATUS=2:FAULT=0:FAULT_R=0:FAIL=0:RUN=0:em_stop1=1:em_stop2=1
@FOC:t=60500:run_id=UNSET:map_id=M0:map_crc32=00000000:I1=0:I2=0:Ires=0:Id=0:Iq=0:Id_ref=2000:Iq_ref=0:VBUS=0:STATE=0:SPD=0:TH=0:sector=0:window=0:CCR1=0:CCR2=0:CCR3=0:ADC_STATUS=2:FAULT=0:FAULT_R=0:FAIL=0:RUN=0:em_stop1=1:em_stop2=1
> enc
@FOC:t=60600:run_id=UNSET:map_id=M0:map_crc32=00000000:I1=0:I2=0:Ires=0:Id=0:Iq=0:Id_ref=2000:Iq_ref=0:VBUS=0:STATE=0:SPD=0:TH=0:sector=0:window=0:CCR1=0:CCR2=0:CCR3=0:ADC_STATUS=2:FAULT=0:FAULT_R=0:FAIL=0:RUN=0:em_stop1=1:em_stop2=1
@ENC:angle=5125:speed=-1:period_us=895:pulse_us=281:err=0
> @FOC:t=60700:run_id=UNSET:map_id=M0:map_crc32=00000000:I1=0:I2=0:Ires=0:Id=0:Iq=0:Id_ref=2000:Iq_ref=0:VBUS=0:STATE=0:SPD=0:TH=0:sector=0:window=0:CCR1=0:CCR2=0:CCR3=0:ADC_STATUS=2:FAULT=0:FAULT_R=0:FAIL=0:RUN=0:em_stop1=1:em_stop2=1
@FOC:t=60800:run_id=UNSET:map_id=M0:map_crc32=00000000:I1=0:I2=0:Ires=0:Id=0:Iq=0:Id_ref=2000:Iq_ref=0:VBUS=0:STATE=0:SPD=0:TH=0:sector=0:window=0:CCR1=0:CCR2=0:CCR3=0:ADC_STATUS=2:FAULT=0:FAULT_R=0:FAIL=0:RUN=0:em_stop1=1:em_stop2=1
@FOC:t=60900:run_id=UNSET:map_id=M0:map_crc32=00000000:I1=0:I2=0:Ires=0:Id=0:Iq=0:Id_ref=2000:Iq_ref=0:VBUS=0:STATE=0:SPD=0:TH=0:sector=0:window=0:CCR1=0:CCR2=0:CCR3=0:ADC_STATUS=2:FAULT=0:FAULT_R=0:FAIL=0:RUN=0:em_stop1=1:em_stop2=1
@FOC:t=61000:run_id=UNSET:map_id=M0:map_crc32=00000000:I1=0:I2=0:Ires=0:Id=0:Iq=0:Id_ref=2000:Iq_ref=0:VBUS=0:STATE=0:SPD=0:TH=0:sector=0:window=0:CCR1=0:CCR2=0:CCR3=0:ADC_STATUS=2:FAULT=0:FAULT_R=0:FAIL=0:RUN=0:em_stop1=1:em_stop2=1
@FOC:t=61100:run_id=UNSET:map_id=M0:map_crc32=00000000:I1=0:I2=0:Ires=0:Id=0:Iq=0:Id_ref=2000:Iq_ref=0:VBUS=0:STATE=0:SPD=0:TH=0:sector=0:window=0:CCR1=0:CCR2=0:CCR3=0:ADC_STATUS=2:FAULT=0:FAULT_R=0:FAIL=0:RUN=0:em_stop1=1:em_stop2=1
@FOC:t=61200:run_id=UNSET:map_id=M0:map_crc32=00000000:I1=0:I2=0:Ires=0:Id=0:Iq=0:Id_ref=2000:Iq_ref=0:VBUS=0:STATE=0:SPD=0:TH=0:sector=0:window=0:CCR1=0:CCR2=0:CCR3=0:ADC_STATUS=2:FAULT=0:FAULT_R=0:FAIL=0:RUN=0:em_stop1=1:em_stop2=1
@FOC:t=61300:run_id=UNSET:map_id=M0:map_crc32=00000000:I1=0:I2=0:Ires=0:Id=0:Iq=0:Id_ref=2000:Iq_ref=0:VBUS=0:STATE=0:SPD=0:TH=0:sector=0:window=0:CCR1=0:CCR2=0:CCR3=0:ADC_STATUS=2:FAULT=0:FAULT_R=0:FAIL=0:RUN=0:em_stop1=1:em_stop2=1
@FOC:t=61400:run_id=UNSET:map_id=M0:map_crc32=00000000:I1=0:I2=0:Ires=0:Id=0:Iq=0:Id_ref=2000:Iq_ref=0:VBUS=0:STATE=0:SPD=0:TH=0:sector=0:window=0:CCR1=0:CCR2=0:CCR3=0:ADC_STATUS=2:FAULT=0:FAULT_R=0:FAIL=0:RUN=0:em_stop1=1:em_stop2=1
@FOC:t=61500:run_id=UNSET:map_id=M0:map_crc32=00000000:I1=0:I2=0:Ires=0:Id=0:Iq=0:Id_ref=2000:Iq_ref=0:VBUS=0:STATE=0:SPD=0:TH=0:sector=0:window=0:CCR1=0:CCR2=0:CCR3=0:ADC_STATUS=2:FAULT=0:FAULT_R=0:FAIL=0:RUN=0:em_stop1=1:em_stop2=1
@FOC:t=61600:run_id=UNSET:map_id=M0:map_crc32=00000000:I1=0:I2=0:Ires=0:Id=0:Iq=0:Id_ref=2000:Iq_ref=0:VBUS=0:STATE=0:SPD=0:TH=0:sector=0:window=0:CCR1=0:CCR2=0:CCR3=0:ADC_STATUS=2:FAULT=0:FAULT_R=0:FAIL=0:RUN=0:em_stop1=1:em_stop2=1
@FOC:t=61700:run_id=UNSET:map_id=M0:map_crc32=00000000:I1=0:I2=0:Ires=0:Id=0:Iq=0:Id_ref=2000:Iq_ref=0:VBUS=0:STATE=0:SPD=0:TH=0:sector=0:window=0:CCR1=0:CCR2=0:CCR3=0:ADC_STATUS=2:FAULT=0:FAULT_R=0:FAIL=0:RUN=0:em_stop1=1:em_stop2=1
@FOC:t=61800:run_id=UNSET:map_id=M0:map_crc32=00000000:I1=0:I2=0:Ires=0:Id=0:Iq=0:Id_ref=2000:Iq_ref=0:VBUS=0:STATE=0:SPD=0:TH=0:sector=0:window=0:CCR1=0:CCR2=0:CCR3=0:ADC_STATUS=2:FAULT=0:FAULT_R=0:FAIL=0:RUN=0:em_stop1=1:em_stop2=1
@FOC:t=61900:run_id=UNSET:map_id=M0:map_crc32=00000000:I1=0:I2=0:Ires=0:Id=0:Iq=0:Id_ref=2000:Iq_ref=0:VBUS=0:STATE=0:SPD=0:TH=0:sector=0:window=0:CCR1=0:CCR2=0:CCR3=0:ADC_STATUS=2:FAULT=0:FAULT_R=0:FAIL=0:RUN=0:em_stop1=1:em_stop2=1
@FOC:t=62000:run_id=UNSET:map_id=M0:map_crc32=00000000:I1=0:I2=0:Ires=0:Id=0:Iq=0:Id_ref=2000:Iq_ref=0:VBUS=0:STATE=0:SPD=0:TH=0:sector=0:window=0:CCR1=0:CCR2=0:CCR3=0:ADC_STATUS=2:FAULT=0:FAULT_R=0:FAIL=0:RUN=0:em_stop1=1:em_stop2=1
@FOC:t=62100:run_id=UNSET:map_id=M0:map_crc32=00000000:I1=0:I2=0:Ires=0:Id=0:Iq=0:Id_ref=2000:Iq_ref=0:VBUS=0:STATE=0:SPD=0:TH=0:sector=0:window=0:CCR1=0:CCR2=0:CCR3=0:ADC_STATUS=2:FAULT=0:FAULT_R=0:FAIL=0:RUN=0:em_stop1=1:em_stop2=1
@FOC:t=62200:run_id=UNSET:map_id=M0:map_crc32=00000000:I1=0:I2=0:Ires=0:Id=0:Iq=0:Id_ref=2000:Iq_ref=0:VBUS=0:STATE=0:SPD=0:TH=0:sector=0:window=0:CCR1=0:CCR2=0:CCR3=0:ADC_STATUS=2:FAULT=0:FAULT_R=0:FAIL=0:RUN=0:em_stop1=1:em_stop2=1
@FOC:t=62300:run_id=UNSET:map_id=M0:map_crc32=00000000:I1=0:I2=0:Ires=0:Id=0:Iq=0:Id_ref=2000:Iq_ref=0:VBUS=0:STATE=0:SPD=0:TH=0:sector=0:window=0:CCR1=0:CCR2=0:CCR3=0:ADC_STATUS=2:FAULT=0:FAULT_R=0:FAIL=0:RUN=0:em_stop1=1:em_stop2=1
@FOC:t=62400:run_id=UNSET:map_id=M0:map_crc32=00000000:I1=0:I2=0:Ires=0:Id=0:Iq=0:Id_ref=2000:Iq_ref=0:VBUS=0:STATE=0:SPD=0:TH=0:sector=0:window=0:CCR1=0:CCR2=0:CCR3=0:ADC_STATUS=2:FAULT=0:FAULT_R=0:FAIL=0:RUN=0:em_stop1=1:em_stop2=1
@FOC:t=62500:run_id=UNSET:map_id=M0:map_crc32=00000000:I1=0:I2=0:Ires=0:Id=0:Iq=0:Id_ref=2000:Iq_ref=0:VBUS=0:STATE=0:SPD=0:TH=0:sector=0:window=0:CCR1=0:CCR2=0:CCR3=0:ADC_STATUS=2:FAULT=0:FAULT_R=0:FAIL=0:RUN=0:em_stop1=1:em_stop2=1
@FOC:t=62600:run_id=UNSET:map_id=M0:map_crc32=00000000:I1=0:I2=0:Ires=0:Id=0:Iq=0:Id_ref=2000:Iq_ref=0:VBUS=0:STATE=0:SPD=0:TH=0:sector=0:window=0:CCR1=0:CCR2=0:CCR3=0:ADC_STATUS=2:FAULT=0:FAULT_R=0:FAIL=0:RUN=0:em_stop1=1:em_stop2=1
@FOC:t=62700:run_id=UNSET:map_id=M0:map_crc32=00000000:I1=0:I2=0:Ires=0:Id=0:Iq=0:Id_ref=2000:Iq_ref=0:VBUS=0:STATE=0:SPD=0:TH=0:sector=0:window=0:CCR1=0:CCR2=0:CCR3=0:ADC_STATUS=2:FAULT=0:FAULT_R=0:FAIL=0:RUN=0:em_stop1=1:em_stop2=1
@FOC:t=62800:run_id=UNSET:map_id=M0:map_crc32=00000000:I1=0:I2=0:Ires=0:Id=0:Iq=0:Id_ref=2000:Iq_ref=0:VBUS=0:STATE=0:SPD=0:TH=0:sector=0:window=0:CCR1=0:CCR2=0:CCR3=0:ADC_STATUS=2:FAULT=0:FAULT_R=0:FAIL=0:RUN=0:em_stop1=1:em_stop2=1
@FOC:t=62900:run_id=UNSET:map_id=M0:map_crc32=00000000:I1=0:I2=0:Ires=0:Id=0:Iq=0:Id_ref=2000:Iq_ref=0:VBUS=0:STATE=0:SPD=0:TH=0:sector=0:window=0:CCR1=0:CCR2=0:CCR3=0:ADC_STATUS=2:FAULT=0:FAULT_R=0:FAIL=0:RUN=0:em_stop1=1:em_stop2=1
@FOC:t=63000:run_id=UNSET:map_id=M0:map_crc32=00000000:I1=0:I2=0:Ires=0:Id=0:Iq=0:Id_ref=2000:Iq_ref=0:VBUS=0:STATE=0:SPD=0:TH=0:sector=0:window=0:CCR1=0:CCR2=0:CCR3=0:ADC_STATUS=2:FAULT=0:FAULT_R=0:FAIL=0:RUN=0:em_stop1=1:em_stop2=1
