# baseline capture: port=COM4 baud=115200 eol='\r\n' commands=sysinfo,p?,dump,breakdiag,a?,enc
> sysinfo
:I2=26427:Ires=16:Id=0:Iq=0:Id_ref=2000:Iq_ref=0:VBUS=62353:STATE=0:SPD=0:TH=0:sector=0:window=0:CCR1=500:CCR2=500:CCR3=500:ADC_STATUS=11:FAULT=1:FAULT_R=18:FAIL=0:RUN=0:em_stop1=1:em_stop2=1
@SYS:CLK=170000000:PSC=16:TCLK=10000000:PLLCFGR=0x01005532:OVR=0:JEOS=0:TO=0:JQOVF=0:uart_drp=0:uart_trunc=0
> @FOC:t=620600:run_id=UNSET:map_id=M0:map_crc32=00000000:I1=26081:I2=26427:Ires=16:Id=0:Iq=0:Id_ref=2000:Iq_ref=0:VBUS=62353:STATE=0:SPD=0:TH=0:sector=0:window=0:CCR1=500:CCR2=500:CCR3=500:ADC_STATUS=11:FAULT=1:FAULT_R=18:FAIL=0:RUN=0:em_stop1=1:em_stop2=1
@FOC:t=620700:run_id=UNSET:map_id=M0:map_crc32=00000000:I1=26081:I2=26427:Ires=16:Id=0:Iq=0:Id_ref=2000:Iq_ref=0:VBUS=62353:STATE=0:SPD=0:TH=0:sector=0:window=0:CCR1=500:CCR2=500:CCR3=500:ADC_STATUS=11:FAULT=1:FAULT_R=18:FAIL=0:RUN=0:em_stop1=1:em_stop2=1
@FOC:t=620800:run_id=UNSET:map_id=M0:map_crc32=00000000:I1=26081:I2=26427:Ires=16:Id=0:Iq=0:Id_ref=2000:Iq_ref=0:VBUS=62353:STATE=0:SPD=0:TH=0:sector=0:window=0:CCR1=500:CCR2=500:CCR3=500:ADC_STATUS=11:FAULT=1:FAULT_R=18:FAIL=0:RUN=0:em_stop1=1:em_stop2=1
@FOC:t=620900:run_id=UNSET:map_id=M0:map_crc32=00000000:I1=26081:I2=26427:Ires=16:Id=0:Iq=0:Id_ref=2000:Iq_ref=0:VBUS=62353:STATE=0:SPD=0:TH=0:sector=0:window=0:CCR1=500:CCR2=500:CCR3=500:ADC_STATUS=11:FAULT=1:FAULT_R=18:FAIL=0:RUN=0:em_stop1=1:em_stop2=1
@FOC:t=621000:run_id=UNSET:map_id=M0:map_crc32=00000000:I1=26081:I2=26427:Ires=16:Id=0:Iq=0:Id_ref=2000:Iq_ref=0:VBUS=62353:STATE=0:SPD=0:TH=0:sector=0:window=0:CCR1=500:CCR2=500:CCR3=500:ADC_STATUS=11:FAULT=1:FAULT_R=18:FAIL=0:RUN=0:em_stop1=1:em_stop2=1
@FOC:t=621100:run_id=UNSET:map_id=M0:map_crc32=00000000:I1=26081:I2=26427:Ires=16:Id=0:Iq=0:Id_ref=2000:Iq_ref=0:VBUS=62353:STATE=0:SPD=0:TH=0:sector=0:window=0:CCR1=500:CCR2=500:CCR3=500:ADC_STATUS=11:FAULT=1:FAULT_R=18:FAIL=0:RUN=0:em_stop1=1:em_stop2=1
@FOC:t=621200:run_id=UNSET:map_id=M0:map_crc32=00000000:I1=26081:I2=26427:Ires=16:Id=0:Iq=0:Id_ref=2000:Iq_ref=0:VBUS=62353:STATE=0:SPD=0:TH=0:sector=0:window=0:CCR1=500:CCR2=500:CCR3=500:ADC_STATUS=11:FAULT=1:FAULT_R=18:FAIL=0:RUN=0:em_stop1=1:em_stop2=1
@FOC:t=621300:run_id=UNSET:map_id=M0:map_crc32=00000000:I1=26081:I2=26427:Ires=16:Id=0:Iq=0:Id_ref=2000:Iq_ref=0:VBUS=62353:STATE=0:SPD=0:TH=0:sector=0:window=0:CCR1=500:CCR2=500:CCR3=500:ADC_STATUS=11:FAULT=1:FAULT_R=18:FAIL=0:RUN=0:em_stop1=1:em_stop2=1
@FOC:t=621400:run_id=UNSET:map_id=M0:map_crc32=00000000:I1=26081:I2=26427:Ires=16:Id=0:Iq=0:Id_ref=2000:Iq_ref=0:VBUS=62353:STATE=0:SPD=0:TH=0:sector=0:window=0:CCR1=500:CCR2=500:CCR3=500:ADC_STATUS=11:FAULT=1:FAULT_R=18:FAIL=0:RUN=0:em_stop1=1:em_stop2=1
@FOC:t=621500:run_id=UNSET:map_id=M0:map_crc32=00000000:I1=26081:I2=26427:Ires=16:Id=0:Iq=0:Id_ref=2000:Iq_ref=0:VBUS=62353:STATE=0:SPD=0:TH=0:sector=0:window=0:CCR1=500:CCR2=500:CCR3=500:ADC_STATUS=11:FAULT=1:FAULT_R=18:FAIL=0:RUN=0:em_stop1=1:em_stop2=1
@FOC:t=621600:run_id=UNSET:map_id=M0:map_crc32=00000000:I1=26081:I2=26427:Ires=16:Id=0:Iq=0:Id_ref=2000:Iq_ref=0:VBUS=62353:STATE=0:SPD=0:TH=0:sector=0:window=0:CCR1=500:CCR2=500:CCR3=500:ADC_STATUS=11:FAULT=1:FAULT_R=18:FAIL=0:RUN=0:em_stop1=1:em_stop2=1
@FOC:t=621700:run_id=UNSET:map_id=M0:map_crc32=00000000:I1=26081:I2=26427:Ires=16:Id=0:Iq=0:Id_ref=2000:Iq_ref=0:VBUS=62353:STATE=0:SPD=0:TH=0:sector=0:window=0:CCR1=500:CCR2=500:CCR3=500:ADC_STATUS=11:FAULT=1:FAULT_R=18:FAIL=0:RUN=0:em_stop1=1:em_stop2=1
@FOC:t=621800:run_id=UNSET:map_id=M0:map_crc32=00000000:I1=26081:I2=26427:Ires=16:Id=0:Iq=0:Id_ref=2000:Iq_ref=0:VBUS=62353:STATE=0:SPD=0:TH=0:sector=0:window=0:CCR1=500:CCR2=500:CCR3=500:ADC_STATUS=11:FAULT=1:FAULT_R=18:FAIL=0:RUN=0:em_stop1=1:em_stop2=1
@FOC:t=621900:run_id=UNSET:map_id=M0:map_crc32=00000000:I1=26081:I2=26427:Ires=16:Id=0:Iq=0:Id_ref=2000:Iq_ref=0:VBUS=62353:STATE=0:SPD=0:TH=0:sector=0:window=0:CCR1=500:CCR2=500:CCR3=500:ADC_STATUS=11:FAULT=1:FAULT_R=18:FAIL=0:RUN=0:em_stop1=1:em_stop2=1
@FOC:t=622000:run_id=UNSET:map_id=M0:map_crc32=00000000:I1=26081:I2=26427:Ires=16:Id=0:Iq=0:Id_ref=2000:Iq_ref=0:VBUS=62353:STATE=0:SPD=0:TH=0:sector=0:window=0:CCR1=500:CCR2=500:CCR3=500:ADC_STATUS=11:FAULT=1:FAULT_R=18:FAIL=0:RUN=0:em_stop1=1:em_stop2=1
@FOC:t=622100:run_id=UNSET:map_id=M0:map_crc32=00000000:I1=26081:I2=26427:Ires=16:Id=0:Iq=0:Id_ref=2000:Iq_ref=0:VBUS=62353:STATE=0:SPD=0:TH=0:sector=0:window=0:CCR1=500:CCR2=500:CCR3=500:ADC_STATUS=11:FAULT=1:FAULT_R=18:FAIL=0:RUN=0:em_stop1=1:em_stop2=1
@FOC:t=622200:run_id=UNSET:map_id=M0:map_crc32=00000000:I1=26081:I2=26427:Ires=16:Id=0:Iq=0:Id_ref=2000:Iq_ref=0:VBUS=62353:STATE=0:SPD=0:TH=0:sector=0:window=0:CCR1=500:CCR2=500:CCR3=500:ADC_STATUS=11:FAULT=1:FAULT_R=18:FAIL=0:RUN=0:em_stop1=1:em_stop2=1
@FOC:t=622300:run_id=UNSET:map_id=M0:map_crc32=00000000:I1=26081:I2=26427:Ires=16:Id=0:Iq=0:Id_ref=2000:Iq_ref=0:VBUS=62353:STATE=0:SPD=0:TH=0:sector=0:window=0:CCR1=500:CCR2=500:CCR3=500:ADC_STATUS=11:FAULT=1:FAULT_R=18:FAIL=0:RUN=0:em_stop1=1:em_stop2=1
@FOC:t=622400:run_id=UNSET:map_id=M0:map_crc32=00000000:I1=26081:I2=26427:Ires=16:Id=0:Iq=0:Id_ref=2000:Iq_ref=0:VBUS=62353:STATE=0:SPD=0:TH=0:sector=0:window=0:CCR1=500:CCR2=500:CCR3=500:ADC_STATUS=11:FAULT=1:FAULT_R=18:FAIL=0:RUN=0:em_stop1=1:em_stop2=1
@FOC:t=622500:run_id=UNSET:map_id=M0:map_crc32=00000000:I1=26081:I2=26427:Ires=16:Id=0:Iq=0:Id_ref=2000:Iq_ref=0:VBUS=62353:STATE=0:SPD=0:TH=0:sector=0:window=0:CCR1=500:CCR2=500:CCR3=500:ADC_STATUS=11:FAULT=1:FAULT_R=18:FAIL=0:RUN=0:em_stop1=1:em_stop2=1
@FOC:t=622600:run_id=UNSET:map_id=M0:map_crc32=00000000:I1=26081:I2=26427:Ires=16:Id=0:Iq=0:Id_ref=2000:Iq_ref=0:VBUS=62353:STATE=0:SPD=0:TH=0:sector=0:window=0:CCR1=500:CCR2=500:CCR3=500:ADC_STATUS=11:FAULT=1:FAULT_R=18:FAIL=0:RUN=0:em_stop1=1:em_stop2=1
@FOC:t=622700:run_id=UNSET:map_id=M0:map_crc32=00000000:I1=26081:I2=26427:Ires=16:Id=0:Iq=0:Id_ref=2000:Iq_ref=0:VBUS=62353:STATE=0:SPD=0:TH=0:sector=0:window=0:CCR1=500:CCR2=500:CCR3=500:ADC_STATUS=11:FAULT=1:FAULT_R=18:FAIL=0:RUN=0:em_stop1=1:em_stop2=1
@FOC:t=622800:run_id=UNSET:map_id=M0:map_crc32=00000000:I1=26081:I2=26427:Ires=16:Id=0:Iq=0:Id_ref=2000:Iq_ref=0:VBUS=62353:STATE=0:SPD=0:TH=0:sector=0:window=0:CCR1=500:CCR2=500:CCR3=500:ADC_STATUS=11:FAULT=1:FAULT_R=18:FAIL=0:RUN=0:em_stop1=1:em_stop2=1
@FOC:t=622900:run_id=UNSET:map_id=M0:map_crc32=00000000:I1=26081:I2=26427:Ires=16:Id=0:Iq=0:Id_ref=2000:Iq_ref=0:VBUS=62353:STATE=0:SPD=0:TH=0:sector=0:window=0:CCR1=500:CCR2=500:CCR3=500:ADC_STATUS=11:FAULT=1:FAULT_R=18:FAIL=0:RUN=0:em_stop1=1:em_stop2=1
> p?
@FOC:t=623000:run_id=UNSET:map_id=M0:map_crc32=00000000:I1=26081:I2=26427:Ires=16:Id=0:Iq=0:Id_ref=2000:Iq_ref=0:VBUS=62353:STATE=0:SPD=0:TH=0:sector=0:window=0:CCR1=500:CCR2=500:CCR3=500:ADC_STATUS=11:FAULT=1:FAULT_R=18:FAIL=0:RUN=0:em_stop1=1:em_stop2=1
@PWM:CR1=224:CCER=0:BDTR=7360:CNT=0
> @FOC:t=623100:run_id=UNSET:map_id=M0:map_crc32=00000000:I1=26081:I2=26427:Ires=16:Id=0:Iq=0:Id_ref=2000:Iq_ref=0:VBUS=62353:STATE=0:SPD=0:TH=0:sector=0:window=0:CCR1=500:CCR2=500:CCR3=500:ADC_STATUS=11:FAULT=1:FAULT_R=18:FAIL=0:RUN=0:em_stop1=1:em_stop2=1
@FOC:t=623200:run_id=UNSET:map_id=M0:map_crc32=00000000:I1=26081:I2=26427:Ires=16:Id=0:Iq=0:Id_ref=2000:Iq_ref=0:VBUS=62353:STATE=0:SPD=0:TH=0:sector=0:window=0:CCR1=500:CCR2=500:CCR3=500:ADC_STATUS=11:FAULT=1:FAULT_R=18:FAIL=0:RUN=0:em_stop1=1:em_stop2=1
@FOC:t=623300:run_id=UNSET:map_id=M0:map_crc32=00000000:I1=26081:I2=26427:Ires=16:Id=0:Iq=0:Id_ref=2000:Iq_ref=0:VBUS=62353:STATE=0:SPD=0:TH=0:sector=0:window=0:CCR1=500:CCR2=500:CCR3=500:ADC_STATUS=11:FAULT=1:FAULT_R=18:FAIL=0:RUN=0:em_stop1=1:em_stop2=1
@FOC:t=623400:run_id=UNSET:map_id=M0:map_crc32=00000000:I1=26081:I2=26427:Ires=16:Id=0:Iq=0:Id_ref=2000:Iq_ref=0:VBUS=62353:STATE=0:SPD=0:TH=0:sector=0:window=0:CCR1=500:CCR2=500:CCR3=500:ADC_STATUS=11:FAULT=1:FAULT_R=18:FAIL=0:RUN=0:em_stop1=1:em_stop2=1
@FOC:t=623500:run_id=UNSET:map_id=M0:map_crc32=00000000:I1=26081:I2=26427:Ires=16:Id=0:Iq=0:Id_ref=2000:Iq_ref=0:VBUS=62353:STATE=0:SPD=0:TH=0:sector=0:window=0:CCR1=500:CCR2=500:CCR3=500:ADC_STATUS=11:FAULT=1:FAULT_R=18:FAIL=0:RUN=0:em_stop1=1:em_stop2=1
@FOC:t=623600:run_id=UNSET:map_id=M0:map_crc32=00000000:I1=26081:I2=26427:Ires=16:Id=0:Iq=0:Id_ref=2000:Iq_ref=0:VBUS=62353:STATE=0:SPD=0:TH=0:sector=0:window=0:CCR1=500:CCR2=500:CCR3=500:ADC_STATUS=11:FAULT=1:FAULT_R=18:FAIL=0:RUN=0:em_stop1=1:em_stop2=1
@FOC:t=623700:run_id=UNSET:map_id=M0:map_crc32=00000000:I1=26081:I2=26427:Ires=16:Id=0:Iq=0:Id_ref=2000:Iq_ref=0:VBUS=62353:STATE=0:SPD=0:TH=0:sector=0:window=0:CCR1=500:CCR2=500:CCR3=500:ADC_STATUS=11:FAULT=1:FAULT_R=18:FAIL=0:RUN=0:em_stop1=1:em_stop2=1
@FOC:t=623800:run_id=UNSET:map_id=M0:map_crc32=00000000:I1=26081:I2=26427:Ires=16:Id=0:Iq=0:Id_ref=2000:Iq_ref=0:VBUS=62353:STATE=0:SPD=0:TH=0:sector=0:window=0:CCR1=500:CCR2=500:CCR3=500:ADC_STATUS=11:FAULT=1:FAULT_R=18:FAIL=0:RUN=0:em_stop1=1:em_stop2=1
@FOC:t=623900:run_id=UNSET:map_id=M0:map_crc32=00000000:I1=26081:I2=26427:Ires=16:Id=0:Iq=0:Id_ref=2000:Iq_ref=0:VBUS=62353:STATE=0:SPD=0:TH=0:sector=0:window=0:CCR1=500:CCR2=500:CCR3=500:ADC_STATUS=11:FAULT=1:FAULT_R=18:FAIL=0:RUN=0:em_stop1=1:em_stop2=1
@FOC:t=624000:run_id=UNSET:map_id=M0:map_crc32=00000000:I1=26081:I2=26427:Ires=16:Id=0:Iq=0:Id_ref=2000:Iq_ref=0:VBUS=62353:STATE=0:SPD=0:TH=0:sector=0:window=0:CCR1=500:CCR2=500:CCR3=500:ADC_STATUS=11:FAULT=1:FAULT_R=18:FAIL=0:RUN=0:em_stop1=1:em_stop2=1
@FOC:t=624100:run_id=UNSET:map_id=M0:map_crc32=00000000:I1=26081:I2=26427:Ires=16:Id=0:Iq=0:Id_ref=2000:Iq_ref=0:VBUS=62353:STATE=0:SPD=0:TH=0:sector=0:window=0:CCR1=500:CCR2=500:CCR3=500:ADC_STATUS=11:FAULT=1:FAULT_R=18:FAIL=0:RUN=0:em_stop1=1:em_stop2=1
@FOC:t=624200:run_id=UNSET:map_id=M0:map_crc32=00000000:I1=26081:I2=26427:Ires=16:Id=0:Iq=0:Id_ref=2000:Iq_ref=0:VBUS=62353:STATE=0:SPD=0:TH=0:sector=0:window=0:CCR1=500:CCR2=500:CCR3=500:ADC_STATUS=11:FAULT=1:FAULT_R=18:FAIL=0:RUN=0:em_stop1=1:em_stop2=1
@FOC:t=624300:run_id=UNSET:map_id=M0:map_crc32=00000000:I1=26081:I2=26427:Ires=16:Id=0:Iq=0:Id_ref=2000:Iq_ref=0:VBUS=62353:STATE=0:SPD=0:TH=0:sector=0:window=0:CCR1=500:CCR2=500:CCR3=500:ADC_STATUS=11:FAULT=1:FAULT_R=18:FAIL=0:RUN=0:em_stop1=1:em_stop2=1
@FOC:t=624400:run_id=UNSET:map_id=M0:map_crc32=00000000:I1=26081:I2=26427:Ires=16:Id=0:Iq=0:Id_ref=2000:Iq_ref=0:VBUS=62353:STATE=0:SPD=0:TH=0:sector=0:window=0:CCR1=500:CCR2=500:CCR3=500:ADC_STATUS=11:FAULT=1:FAULT_R=18:FAIL=0:RUN=0:em_stop1=1:em_stop2=1
@FOC:t=624500:run_id=UNSET:map_id=M0:map_crc32=00000000:I1=26081:I2=26427:Ires=16:Id=0:Iq=0:Id_ref=2000:Iq_ref=0:VBUS=62353:STATE=0:SPD=0:TH=0:sector=0:window=0:CCR1=500:CCR2=500:CCR3=500:ADC_STATUS=11:FAULT=1:FAULT_R=18:FAIL=0:RUN=0:em_stop1=1:em_stop2=1
@FOC:t=624600:run_id=UNSET:map_id=M0:map_crc32=00000000:I1=26081:I2=26427:Ires=16:Id=0:Iq=0:Id_ref=2000:Iq_ref=0:VBUS=62353:STATE=0:SPD=0:TH=0:sector=0:window=0:CCR1=500:CCR2=500:CCR3=500:ADC_STATUS=11:FAULT=1:FAULT_R=18:FAIL=0:RUN=0:em_stop1=1:em_stop2=1
@FOC:t=624700:run_id=UNSET:map_id=M0:map_crc32=00000000:I1=26081:I2=26427:Ires=16:Id=0:Iq=0:Id_ref=2000:Iq_ref=0:VBUS=62353:STATE=0:SPD=0:TH=0:sector=0:window=0:CCR1=500:CCR2=500:CCR3=500:ADC_STATUS=11:FAULT=1:FAULT_R=18:FAIL=0:RUN=0:em_stop1=1:em_stop2=1
@FOC:t=624800:run_id=UNSET:map_id=M0:map_crc32=00000000:I1=26081:I2=26427:Ires=16:Id=0:Iq=0:Id_ref=2000:Iq_ref=0:VBUS=62353:STATE=0:SPD=0:TH=0:sector=0:window=0:CCR1=500:CCR2=500:CCR3=500:ADC_STATUS=11:FAULT=1:FAULT_R=18:FAIL=0:RUN=0:em_stop1=1:em_stop2=1
@FOC:t=624900:run_id=UNSET:map_id=M0:map_crc32=00000000:I1=26081:I2=26427:Ires=16:Id=0:Iq=0:Id_ref=2000:Iq_ref=0:VBUS=62353:STATE=0:SPD=0:TH=0:sector=0:window=0:CCR1=500:CCR2=500:CCR3=500:ADC_STATUS=11:FAULT=1:FAULT_R=18:FAIL=0:RUN=0:em_stop1=1:em_stop2=1
@FOC:t=625000:run_id=UNSET:map_id=M0:map_crc32=00000000:I1=26081:I2=26427:Ires=16:Id=0:Iq=0:Id_ref=2000:Iq_ref=0:VBUS=62353:STATE=0:SPD=0:TH=0:sector=0:window=0:CCR1=500:CCR2=500:CCR3=500:ADC_STATUS=11:FAULT=1:FAULT_R=18:FAIL=0:RUN=0:em_stop1=1:em_stop2=1
@FOC:t=625100:run_id=UNSET:map_id=M0:map_crc32=00000000:I1=26081:I2=26427:Ires=16:Id=0:Iq=0:Id_ref=2000:Iq_ref=0:VBUS=62353:STATE=0:SPD=0:TH=0:sector=0:window=0:CCR1=500:CCR2=500:CCR3=500:ADC_STATUS=11:FAULT=1:FAULT_R=18:FAIL=0:RUN=0:em_stop1=1:em_stop2=1
@FOC:t=625200:run_id=UNSET:map_id=M0:map_crc32=00000000:I1=26081:I2=26427:Ires=16:Id=0:Iq=0:Id_ref=2000:Iq_ref=0:VBUS=62353:STATE=0:SPD=0:TH=0:sector=0:window=0:CCR1=500:CCR2=500:CCR3=500:ADC_STATUS=11:FAULT=1:FAULT_R=18:FAIL=0:RUN=0:em_stop1=1:em_stop2=1
@FOC:t=625300:run_id=UNSET:map_id=M0:map_crc32=00000000:I1=26081:I2=26427:Ires=16:Id=0:Iq=0:Id_ref=2000:Iq_ref=0:VBUS=62353:STATE=0:SPD=0:TH=0:sector=0:window=0:CCR1=500:CCR2=500:CCR3=500:ADC_STATUS=11:FAULT=1:FAULT_R=18:FAIL=0:RUN=0:em_stop1=1:em_stop2=1
@FOC:t=625400:run_id=UNSET:map_id=M0:map_crc32=00000000:I1=26081:I2=26427:Ires=16:Id=0:Iq=0:Id_ref=2000:Iq_ref=0:VBUS=62353:STATE=0:SPD=0:TH=0:sector=0:window=0:CCR1=500:CCR2=500:CCR3=500:ADC_STATUS=11:FAULT=1:FAULT_R=18:FAIL=0:RUN=0:em_stop1=1:em_stop2=1
@FOC:t=625500:run_id=UNSET:map_id=M0:map_crc32=00000000:I1=26081:I2=26427:Ires=16:Id=0:Iq=0:Id_ref=2000:Iq_ref=0:VBUS=62353:STATE=0:SPD=0:TH=0:sector=0:window=0:CCR1=> dump
500:CCR2=500:CCR3=500:ADC_STATUS=11:FAULT=1:FAULT_R=18:FAIL=0:RUN=0:em_stop1=1:em_stop2=1
@PWM:DUMP:PSC=16:ARR=999:BDTR=0x00001CC0:CR1=0x000000E0:CR2=0x00000020:CCER=0x00000000
> @FOC:t=625600:run_id=UNSET:map_id=M0:map_crc32=00000000:I1=26081:I2=26427:Ires=16:Id=0:Iq=0:Id_ref=2000:Iq_ref=0:VBUS=62353:STATE=0:SPD=0:TH=0:sector=0:window=0:CCR1=500:CCR2=500:CCR3=500:ADC_STATUS=11:FAULT=1:FAULT_R=18:FAIL=0:RUN=0:em_stop1=1:em_stop2=1
@FOC:t=625700:run_id=UNSET:map_id=M0:map_crc32=00000000:I1=26081:I2=26427:Ires=16:Id=0:Iq=0:Id_ref=2000:Iq_ref=0:VBUS=62353:STATE=0:SPD=0:TH=0:sector=0:window=0:CCR1=500:CCR2=500:CCR3=500:ADC_STATUS=11:FAULT=1:FAULT_R=18:FAIL=0:RUN=0:em_stop1=1:em_stop2=1
@FOC:t=625800:run_id=UNSET:map_id=M0:map_crc32=00000000:I1=26081:I2=26427:Ires=16:Id=0:Iq=0:Id_ref=2000:Iq_ref=0:VBUS=62353:STATE=0:SPD=0:TH=0:sector=0:window=0:CCR1=500:CCR2=500:CCR3=500:ADC_STATUS=11:FAULT=1:FAULT_R=18:FAIL=0:RUN=0:em_stop1=1:em_stop2=1
@FOC:t=625900:run_id=UNSET:map_id=M0:map_crc32=00000000:I1=26081:I2=26427:Ires=16:Id=0:Iq=0:Id_ref=2000:Iq_ref=0:VBUS=62353:STATE=0:SPD=0:TH=0:sector=0:window=0:CCR1=500:CCR2=500:CCR3=500:ADC_STATUS=11:FAULT=1:FAULT_R=18:FAIL=0:RUN=0:em_stop1=1:em_stop2=1
@FOC:t=626000:run_id=UNSET:map_id=M0:map_crc32=00000000:I1=26081:I2=26427:Ires=16:Id=0:Iq=0:Id_ref=2000:Iq_ref=0:VBUS=62353:STATE=0:SPD=0:TH=0:sector=0:window=0:CCR1=500:CCR2=500:CCR3=500:ADC_STATUS=11:FAULT=1:FAULT_R=18:FAIL=0:RUN=0:em_stop1=1:em_stop2=1
@FOC:t=626100:run_id=UNSET:map_id=M0:map_crc32=00000000:I1=26081:I2=26427:Ires=16:Id=0:Iq=0:Id_ref=2000:Iq_ref=0:VBUS=62353:STATE=0:SPD=0:TH=0:sector=0:window=0:CCR1=500:CCR2=500:CCR3=500:ADC_STATUS=11:FAULT=1:FAULT_R=18:FAIL=0:RUN=0:em_stop1=1:em_stop2=1
@FOC:t=626200:run_id=UNSET:map_id=M0:map_crc32=00000000:I1=26081:I2=26427:Ires=16:Id=0:Iq=0:Id_ref=2000:Iq_ref=0:VBUS=62353:STATE=0:SPD=0:TH=0:sector=0:window=0:CCR1=500:CCR2=500:CCR3=500:ADC_STATUS=11:FAULT=1:FAULT_R=18:FAIL=0:RUN=0:em_stop1=1:em_stop2=1
@FOC:t=626300:run_id=UNSET:map_id=M0:map_crc32=00000000:I1=26081:I2=26427:Ires=16:Id=0:Iq=0:Id_ref=2000:Iq_ref=0:VBUS=62353:STATE=0:SPD=0:TH=0:sector=0:window=0:CCR1=500:CCR2=500:CCR3=500:ADC_STATUS=11:FAULT=1:FAULT_R=18:FAIL=0:RUN=0:em_stop1=1:em_stop2=1
@FOC:t=626400:run_id=UNSET:map_id=M0:map_crc32=00000000:I1=26081:I2=26427:Ires=16:Id=0:Iq=0:Id_ref=2000:Iq_ref=0:VBUS=62353:STATE=0:SPD=0:TH=0:sector=0:window=0:CCR1=500:CCR2=500:CCR3=500:ADC_STATUS=11:FAULT=1:FAULT_R=18:FAIL=0:RUN=0:em_stop1=1:em_stop2=1
@FOC:t=626500:run_id=UNSET:map_id=M0:map_crc32=00000000:I1=26081:I2=26427:Ires=16:Id=0:Iq=0:Id_ref=2000:Iq_ref=0:VBUS=62353:STATE=0:SPD=0:TH=0:sector=0:window=0:CCR1=500:CCR2=500:CCR3=500:ADC_STATUS=11:FAULT=1:FAULT_R=18:FAIL=0:RUN=0:em_stop1=1:em_stop2=1
@FOC:t=626600:run_id=UNSET:map_id=M0:map_crc32=00000000:I1=26081:I2=26427:Ires=16:Id=0:Iq=0:Id_ref=2000:Iq_ref=0:VBUS=62353:STATE=0:SPD=0:TH=0:sector=0:window=0:CCR1=500:CCR2=500:CCR3=500:ADC_STATUS=11:FAULT=1:FAULT_R=18:FAIL=0:RUN=0:em_stop1=1:em_stop2=1
@FOC:t=626700:run_id=UNSET:map_id=M0:map_crc32=00000000:I1=26081:I2=26427:Ires=16:Id=0:Iq=0:Id_ref=2000:Iq_ref=0:VBUS=62353:STATE=0:SPD=0:TH=0:sector=0:window=0:CCR1=500:CCR2=500:CCR3=500:ADC_STATUS=11:FAULT=1:FAULT_R=18:FAIL=0:RUN=0:em_stop1=1:em_stop2=1
@FOC:t=626800:run_id=UNSET:map_id=M0:map_crc32=00000000:I1=26081:I2=26427:Ires=16:Id=0:Iq=0:Id_ref=2000:Iq_ref=0:VBUS=62353:STATE=0:SPD=0:TH=0:sector=0:window=0:CCR1=500:CCR2=500:CCR3=500:ADC_STATUS=11:FAULT=1:FAULT_R=18:FAIL=0:RUN=0:em_stop1=1:em_stop2=1
@FOC:t=626900:run_id=UNSET:map_id=M0:map_crc32=00000000:I1=26081:I2=26427:Ires=16:Id=0:Iq=0:Id_ref=2000:Iq_ref=0:VBUS=62353:STATE=0:SPD=0:TH=0:sector=0:window=0:CCR1=500:CCR2=500:CCR3=500:ADC_STATUS=11:FAULT=1:FAULT_R=18:FAIL=0:RUN=0:em_stop1=1:em_stop2=1
@FOC:t=627000:run_id=UNSET:map_id=M0:map_crc32=00000000:I1=26081:I2=26427:Ires=16:Id=0:Iq=0:Id_ref=2000:Iq_ref=0:VBUS=62353:STATE=0:SPD=0:TH=0:sector=0:window=0:CCR1=500:CCR2=500:CCR3=500:ADC_STATUS=11:FAULT=1:FAULT_R=18:FAIL=0:RUN=0:em_stop1=1:em_stop2=1
@FOC:t=627100:run_id=UNSET:map_id=M0:map_crc32=00000000:I1=26081:I2=26427:Ires=16:Id=0:Iq=0:Id_ref=2000:Iq_ref=0:VBUS=62353:STATE=0:SPD=0:TH=0:sector=0:window=0:CCR1=500:CCR2=500:CCR3=500:ADC_STATUS=11:FAULT=1:FAULT_R=18:FAIL=0:RUN=0:em_stop1=1:em_stop2=1
@FOC:t=627200:run_id=UNSET:map_id=M0:map_crc32=00000000:I1=26081:I2=26427:Ires=16:Id=0:Iq=0:Id_ref=2000:Iq_ref=0:VBUS=62353:STATE=0:SPD=0:TH=0:sector=0:window=0:CCR1=500:CCR2=500:CCR3=500:ADC_STATUS=11:FAULT=1:FAULT_R=18:FAIL=0:RUN=0:em_stop1=1:em_stop2=1
@FOC:t=627300:run_id=UNSET:map_id=M0:map_crc32=00000000:I1=26081:I2=26427:Ires=16:Id=0:Iq=0:Id_ref=2000:Iq_ref=0:VBUS=62353:STATE=0:SPD=0:TH=0:sector=0:window=0:CCR1=500:CCR2=500:CCR3=500:ADC_STATUS=11:FAULT=1:FAULT_R=18:FAIL=0:RUN=0:em_stop1=1:em_stop2=1
@FOC:t=627400:run_id=UNSET:map_id=M0:map_crc32=00000000:I1=26081:I2=26427:Ires=16:Id=0:Iq=0:Id_ref=2000:Iq_ref=0:VBUS=62353:STATE=0:SPD=0:TH=0:sector=0:window=0:CCR1=500:CCR2=500:CCR3=500:ADC_STATUS=11:FAULT=1:FAULT_R=18:FAIL=0:RUN=0:em_stop1=1:em_stop2=1
@FOC:t=627500:run_id=UNSET:map_id=M0:map_crc32=00000000:I1=26081:I2=26427:Ires=16:Id=0:Iq=0:Id_ref=2000:Iq_ref=0:VBUS=62353:STATE=0:SPD=0:TH=0:sector=0:window=0:CCR1=500:CCR2=500:CCR3=500:ADC_STATUS=11:FAULT=1:FAULT_R=18:FAIL=0:RUN=0:em_stop1=1:em_stop2=1
@FOC:t=627600:run_id=UNSET:map_id=M0:map_crc32=00000000:I1=26081:I2=26427:Ires=16:Id=0:Iq=0:Id_ref=2000:Iq_ref=0:VBUS=62353:STATE=0:SPD=0:TH=0:sector=0:window=0:CCR1=500:CCR2=500:CCR3=500:ADC_STATUS=11:FAULT=1:FAULT_R=18:FAIL=0:RUN=0:em_stop1=1:em_stop2=1
@FOC:t=627700:run_id=UNSET:map_id=M0:map_crc32=00000000:I1=26081:I2=26427:Ires=16:Id=0:Iq=0:Id_ref=2000:Iq_ref=0:VBUS=62353:STATE=0:SPD=0:TH=0:sector=0:window=0:CCR1=500:CCR2=500:CCR3=500:ADC_STATUS=11:FAULT=1:FAULT_R=18:FAIL=0:RUN=0:em_stop1=1:em_stop2=1
@FOC:t=627800:run_id=UNSET:map_id=M0:map_crc32=00000000:I1=26081:I2=26427:Ires=16:Id=0:Iq=0:Id_ref=2000:Iq_ref=0:VBUS=62353:STATE=0:SPD=0:TH=0:sector=0:window=0:CCR1=500:CCR2=500:CCR3=500:ADC_STATUS=11:FAULT=1:FAULT_R=18:FAIL=0:RUN=0:em_stop1=1:em_stop2=1
@FOC:t=627900:run_id=UNSET:map_id=M0:map_crc32=00000000:I1=26081:I2=26427:Ires=16:Id=0:Iq=0:Id_ref=2000:Iq_ref=0:VBUS=62353:STATE=0:SPD=0:TH=0:sector=0:window=0:CCR1=500:CCR2=500:CCR3=500:ADC_STATUS=11:FAULT=1:FAULT_R=18:FAIL=0:RUN=0:em_stop1=1:em_stop2=1
@FOC:t=628000:run_id=UNSET:map_id=M0:map_crc32=00000000:I1=26081:I2=26427:Ires=16:Id=0:Iq=0:Id_ref=2000:Iq_ref=0:VBUS=62353:STATE=0:SPD=0:TH=0:sector=0:window=0:CCR1=500:CCR2=500:CCR3=500:ADC_STATUS=11:FAULT=1:FAULT_R=18:FAIL=0:RUN=0:em_stop1=1:em_stop2=1
> breakdiag
@BRK:valid=1:seq=1:src=TIM1:cyc=0:sr=81,81:sd=1,1:bd=1CC0,1CC0:ce=0,0:cnt=0,0:cap=0,0,0
> @FOC:t=628100:run_id=UNSET:map_id=M0:map_crc32=00000000:I1=26081:I2=26427:Ires=16:Id=0:Iq=0:Id_ref=2000:Iq_ref=0:VBUS=62353:STATE=0:SPD=0:TH=0:sector=0:window=0:CCR1=500:CCR2=500:CCR3=500:ADC_STATUS=11:FAULT=1:FAULT_R=18:FAIL=0:RUN=0:em_stop1=1:em_stop2=1
@FOC:t=628200:run_id=UNSET:map_id=M0:map_crc32=00000000:I1=26081:I2=26427:Ires=16:Id=0:Iq=0:Id_ref=2000:Iq_ref=0:VBUS=62353:STATE=0:SPD=0:TH=0:sector=0:window=0:CCR1=500:CCR2=500:CCR3=500:ADC_STATUS=11:FAULT=1:FAULT_R=18:FAIL=0:RUN=0:em_stop1=1:em_stop2=1
@FOC:t=628300:run_id=UNSET:map_id=M0:map_crc32=00000000:I1=26081:I2=26427:Ires=16:Id=0:Iq=0:Id_ref=2000:Iq_ref=0:VBUS=62353:STATE=0:SPD=0:TH=0:sector=0:window=0:CCR1=500:CCR2=500:CCR3=500:ADC_STATUS=11:FAULT=1:FAULT_R=18:FAIL=0:RUN=0:em_stop1=1:em_stop2=1
@FOC:t=628400:run_id=UNSET:map_id=M0:map_crc32=00000000:I1=26081:I2=26427:Ires=16:Id=0:Iq=0:Id_ref=2000:Iq_ref=0:VBUS=62353:STATE=0:SPD=0:TH=0:sector=0:window=0:CCR1=500:CCR2=500:CCR3=500:ADC_STATUS=11:FAULT=1:FAULT_R=18:FAIL=0:RUN=0:em_stop1=1:em_stop2=1
@FOC:t=628500:run_id=UNSET:map_id=M0:map_crc32=00000000:I1=26081:I2=26427:Ires=16:Id=0:Iq=0:Id_ref=2000:Iq_ref=0:VBUS=62353:STATE=0:SPD=0:TH=0:sector=0:window=0:CCR1=500:CCR2=500:CCR3=500:ADC_STATUS=11:FAULT=1:FAULT_R=18:FAIL=0:RUN=0:em_stop1=1:em_stop2=1
@FOC:t=628600:run_id=UNSET:map_id=M0:map_crc32=00000000:I1=26081:I2=26427:Ires=16:Id=0:Iq=0:Id_ref=2000:Iq_ref=0:VBUS=62353:STATE=0:SPD=0:TH=0:sector=0:window=0:CCR1=500:CCR2=500:CCR3=500:ADC_STATUS=11:FAULT=1:FAULT_R=18:FAIL=0:RUN=0:em_stop1=1:em_stop2=1
@FOC:t=628700:run_id=UNSET:map_id=M0:map_crc32=00000000:I1=26081:I2=26427:Ires=16:Id=0:Iq=0:Id_ref=2000:Iq_ref=0:VBUS=62353:STATE=0:SPD=0:TH=0:sector=0:window=0:CCR1=500:CCR2=500:CCR3=500:ADC_STATUS=11:FAULT=1:FAULT_R=18:FAIL=0:RUN=0:em_stop1=1:em_stop2=1
@FOC:t=628800:run_id=UNSET:map_id=M0:map_crc32=00000000:I1=26081:I2=26427:Ires=16:Id=0:Iq=0:Id_ref=2000:Iq_ref=0:VBUS=62353:STATE=0:SPD=0:TH=0:sector=0:window=0:CCR1=500:CCR2=500:CCR3=500:ADC_STATUS=11:FAULT=1:FAULT_R=18:FAIL=0:RUN=0:em_stop1=1:em_stop2=1
@FOC:t=628900:run_id=UNSET:map_id=M0:map_crc32=00000000:I1=26081:I2=26427:Ires=16:Id=0:Iq=0:Id_ref=2000:Iq_ref=0:VBUS=62353:STATE=0:SPD=0:TH=0:sector=0:window=0:CCR1=500:CCR2=500:CCR3=500:ADC_STATUS=11:FAULT=1:FAULT_R=18:FAIL=0:RUN=0:em_stop1=1:em_stop2=1
@FOC:t=629000:run_id=UNSET:map_id=M0:map_crc32=00000000:I1=26081:I2=26427:Ires=16:Id=0:Iq=0:Id_ref=2000:Iq_ref=0:VBUS=62353:STATE=0:SPD=0:TH=0:sector=0:window=0:CCR1=500:CCR2=500:CCR3=500:ADC_STATUS=11:FAULT=1:FAULT_R=18:FAIL=0:RUN=0:em_stop1=1:em_stop2=1
@FOC:t=629100:run_id=UNSET:map_id=M0:map_crc32=00000000:I1=26081:I2=26427:Ires=16:Id=0:Iq=0:Id_ref=2000:Iq_ref=0:VBUS=62353:STATE=0:SPD=0:TH=0:sector=0:window=0:CCR1=500:CCR2=500:CCR3=500:ADC_STATUS=11:FAULT=1:FAULT_R=18:FAIL=0:RUN=0:em_stop1=1:em_stop2=1
@FOC:t=629200:run_id=UNSET:map_id=M0:map_crc32=00000000:I1=26081:I2=26427:Ires=16:Id=0:Iq=0:Id_ref=2000:Iq_ref=0:VBUS=62353:STATE=0:SPD=0:TH=0:sector=0:window=0:CCR1=500:CCR2=500:CCR3=500:ADC_STATUS=11:FAULT=1:FAULT_R=18:FAIL=0:RUN=0:em_stop1=1:em_stop2=1
@FOC:t=629300:run_id=UNSET:map_id=M0:map_crc32=00000000:I1=26081:I2=26427:Ires=16:Id=0:Iq=0:Id_ref=2000:Iq_ref=0:VBUS=62353:STATE=0:SPD=0:TH=0:sector=0:window=0:CCR1=500:CCR2=500:CCR3=500:ADC_STATUS=11:FAULT=1:FAULT_R=18:FAIL=0:RUN=0:em_stop1=1:em_stop2=1
@FOC:t=629400:run_id=UNSET:map_id=M0:map_crc32=00000000:I1=26081:I2=26427:Ires=16:Id=0:Iq=0:Id_ref=2000:Iq_ref=0:VBUS=62353:STATE=0:SPD=0:TH=0:sector=0:window=0:CCR1=500:CCR2=500:CCR3=500:ADC_STATUS=11:FAULT=1:FAULT_R=18:FAIL=0:RUN=0:em_stop1=1:em_stop2=1
@FOC:t=629500:run_id=UNSET:map_id=M0:map_crc32=00000000:I1=26081:I2=26427:Ires=16:Id=0:Iq=0:Id_ref=2000:Iq_ref=0:VBUS=62353:STATE=0:SPD=0:TH=0:sector=0:window=0:CCR1=500:CCR2=500:CCR3=500:ADC_STATUS=11:FAULT=1:FAULT_R=18:FAIL=0:RUN=0:em_stop1=1:em_stop2=1
@FOC:t=629600:run_id=UNSET:map_id=M0:map_crc32=00000000:I1=26081:I2=26427:Ires=16:Id=0:Iq=0:Id_ref=2000:Iq_ref=0:VBUS=62353:STATE=0:SPD=0:TH=0:sector=0:window=0:CCR1=500:CCR2=500:CCR3=500:ADC_STATUS=11:FAULT=1:FAULT_R=18:FAIL=0:RUN=0:em_stop1=1:em_stop2=1
@FOC:t=629700:run_id=UNSET:map_id=M0:map_crc32=00000000:I1=26081:I2=26427:Ires=16:Id=0:Iq=0:Id_ref=2000:Iq_ref=0:VBUS=62353:STATE=0:SPD=0:TH=0:sector=0:window=0:CCR1=500:CCR2=500:CCR3=500:ADC_STATUS=11:FAULT=1:FAULT_R=18:FAIL=0:RUN=0:em_stop1=1:em_stop2=1
@FOC:t=629800:run_id=UNSET:map_id=M0:map_crc32=00000000:I1=26081:I2=26427:Ires=16:Id=0:Iq=0:Id_ref=2000:Iq_ref=0:VBUS=62353:STATE=0:SPD=0:TH=0:sector=0:window=0:CCR1=500:CCR2=500:CCR3=500:ADC_STATUS=11:FAULT=1:FAULT_R=18:FAIL=0:RUN=0:em_stop1=1:em_stop2=1
@FOC:t=629900:run_id=UNSET:map_id=M0:map_crc32=00000000:I1=26081:I2=26427:Ires=16:Id=0:Iq=0:Id_ref=2000:Iq_ref=0:VBUS=62353:STATE=0:SPD=0:TH=0:sector=0:window=0:CCR1=500:CCR2=500:CCR3=500:ADC_STATUS=11:FAULT=1:FAULT_R=18:FAIL=0:RUN=0:em_stop1=1:em_stop2=1
@FOC:t=630000:run_id=UNSET:map_id=M0:map_crc32=00000000:I1=26081:I2=26427:Ires=16:Id=0:Iq=0:Id_ref=2000:Iq_ref=0:VBUS=62353:STATE=0:SPD=0:TH=0:sector=0:window=0:CCR1=500:CCR2=500:CCR3=500:ADC_STATUS=11:FAULT=1:FAULT_R=18:FAIL=0:RUN=0:em_stop1=1:em_stop2=1
@FOC:t=630100:run_id=UNSET:map_id=M0:map_crc32=00000000:I1=26081:I2=26427:Ires=16:Id=0:Iq=0:Id_ref=2000:Iq_ref=0:VBUS=62353:STATE=0:SPD=0:TH=0:sector=0:window=0:CCR1=500:CCR2=500:CCR3=500:ADC_STATUS=11:FAULT=1:FAULT_R=18:FAIL=0:RUN=0:em_stop1=1:em_stop2=1
@FOC:t=630200:run_id=UNSET:map_id=M0:map_crc32=00000000:I1=26081:I2=26427:Ires=16:Id=0:Iq=0:Id_ref=2000:Iq_ref=0:VBUS=62353:STATE=0:SPD=0:TH=0:sector=0:window=0:CCR1=500:CCR2=500:CCR3=500:ADC_STATUS=11:FAULT=1:FAULT_R=18:FAIL=0:RUN=0:em_stop1=1:em_stop2=1
@FOC:t=630300:run_id=UNSET:map_id=M0:map_crc32=00000000:I1=26081:I2=26427:Ires=16:Id=0:Iq=0:Id_ref=2000:Iq_ref=0:VBUS=62353:STATE=0:SPD=0:TH=0:sector=0:window=0:CCR1=500:CCR2=500:CCR3=500:ADC_STATUS=11:FAULT=1:FAULT_R=18:FAIL=0:RUN=0:em_stop1=1:em_stop2=1
@FOC:t=630400:run_id=UNSET:map_id=M0:map_crc32=00000000:I1=26081:I2=26427:Ires=16:Id=0:Iq=0:Id_ref=2000:Iq_ref=0:VBUS=62353:STATE=0:SPD=0:TH=0:sector=0:window=0:CCR1=500:CCR2=500:CCR3=500:ADC_STATUS=11:FAULT=1:FAULT_R=18:FAIL=0:RUN=0:em_stop1=1:em_stop2=1
@FOC:t=630500:run_id=UNSET:map_id=M0:map_crc32=00000000:I1=26081:I2=26427:Ires=16:Id=0:Iq=0:Id_ref=2000:Iq_ref=0:VBUS=62353:STATE=0:SPD=0:TH=0:sector=0:window=0:CCR1=500:CCR2=500:CCR3=500:ADC_STATUS=11:FAULT=1:FAULT_R=18:FAIL=0:RUN=0:em_stop1=1:em_stop2=1
> a?
@ADC:STATUS:offset_i1=0:stream=0
> @FOC:t=630600:run_id=UNSET:map_id=M0:map_crc32=00000000:I1=26081:I2=26427:Ires=16:Id=0:Iq=0:Id_ref=2000:Iq_ref=0:VBUS=62353:STATE=0:SPD=0:TH=0:sector=0:window=0:CCR1=500:CCR2=500:CCR3=500:ADC_STATUS=11:FAULT=1:FAULT_R=18:FAIL=0:RUN=0:em_stop1=1:em_stop2=1
@FOC:t=630700:run_id=UNSET:map_id=M0:map_crc32=00000000:I1=26081:I2=26427:Ires=16:Id=0:Iq=0:Id_ref=2000:Iq_ref=0:VBUS=62353:STATE=0:SPD=0:TH=0:sector=0:window=0:CCR1=500:CCR2=500:CCR3=500:ADC_STATUS=11:FAULT=1:FAULT_R=18:FAIL=0:RUN=0:em_stop1=1:em_stop2=1
@FOC:t=630800:run_id=UNSET:map_id=M0:map_crc32=00000000:I1=26081:I2=26427:Ires=16:Id=0:Iq=0:Id_ref=2000:Iq_ref=0:VBUS=62353:STATE=0:SPD=0:TH=0:sector=0:window=0:CCR1=500:CCR2=500:CCR3=500:ADC_STATUS=11:FAULT=1:FAULT_R=18:FAIL=0:RUN=0:em_stop1=1:em_stop2=1
@FOC:t=630900:run_id=UNSET:map_id=M0:map_crc32=00000000:I1=26081:I2=26427:Ires=16:Id=0:Iq=0:Id_ref=2000:Iq_ref=0:VBUS=62353:STATE=0:SPD=0:TH=0:sector=0:window=0:CCR1=500:CCR2=500:CCR3=500:ADC_STATUS=11:FAULT=1:FAULT_R=18:FAIL=0:RUN=0:em_stop1=1:em_stop2=1
@FOC:t=631000:run_id=UNSET:map_id=M0:map_crc32=00000000:I1=26081:I2=26427:Ires=16:Id=0:Iq=0:Id_ref=2000:Iq_ref=0:VBUS=62353:STATE=0:SPD=0:TH=0:sector=0:window=0:CCR1=500:CCR2=500:CCR3=500:ADC_STATUS=11:FAULT=1:FAULT_R=18:FAIL=0:RUN=0:em_stop1=1:em_stop2=1
@FOC:t=631100:run_id=UNSET:map_id=M0:map_crc32=00000000:I1=26081:I2=26427:Ires=16:Id=0:Iq=0:Id_ref=2000:Iq_ref=0:VBUS=62353:STATE=0:SPD=0:TH=0:sector=0:window=0:CCR1=500:CCR2=500:CCR3=500:ADC_STATUS=11:FAULT=1:FAULT_R=18:FAIL=0:RUN=0:em_stop1=1:em_stop2=1
@FOC:t=631200:run_id=UNSET:map_id=M0:map_crc32=00000000:I1=26081:I2=26427:Ires=16:Id=0:Iq=0:Id_ref=2000:Iq_ref=0:VBUS=62353:STATE=0:SPD=0:TH=0:sector=0:window=0:CCR1=500:CCR2=500:CCR3=500:ADC_STATUS=11:FAULT=1:FAULT_R=18:FAIL=0:RUN=0:em_stop1=1:em_stop2=1
@FOC:t=631300:run_id=UNSET:map_id=M0:map_crc32=00000000:I1=26081:I2=26427:Ires=16:Id=0:Iq=0:Id_ref=2000:Iq_ref=0:VBUS=62353:STATE=0:SPD=0:TH=0:sector=0:window=0:CCR1=500:CCR2=500:CCR3=500:ADC_STATUS=11:FAULT=1:FAULT_R=18:FAIL=0:RUN=0:em_stop1=1:em_stop2=1
@FOC:t=631400:run_id=UNSET:map_id=M0:map_crc32=00000000:I1=26081:I2=26427:Ires=16:Id=0:Iq=0:Id_ref=2000:Iq_ref=0:VBUS=62353:STATE=0:SPD=0:TH=0:sector=0:window=0:CCR1=500:CCR2=500:CCR3=500:ADC_STATUS=11:FAULT=1:FAULT_R=18:FAIL=0:RUN=0:em_stop1=1:em_stop2=1
@FOC:t=631500:run_id=UNSET:map_id=M0:map_crc32=00000000:I1=26081:I2=26427:Ires=16:Id=0:Iq=0:Id_ref=2000:Iq_ref=0:VBUS=62353:STATE=0:SPD=0:TH=0:sector=0:window=0:CCR1=500:CCR2=500:CCR3=500:ADC_STATUS=11:FAULT=1:FAULT_R=18:FAIL=0:RUN=0:em_stop1=1:em_stop2=1
@FOC:t=631600:run_id=UNSET:map_id=M0:map_crc32=00000000:I1=26081:I2=26427:Ires=16:Id=0:Iq=0:Id_ref=2000:Iq_ref=0:VBUS=62353:STATE=0:SPD=0:TH=0:sector=0:window=0:CCR1=500:CCR2=500:CCR3=500:ADC_STATUS=11:FAULT=1:FAULT_R=18:FAIL=0:RUN=0:em_stop1=1:em_stop2=1
@FOC:t=631700:run_id=UNSET:map_id=M0:map_crc32=00000000:I1=26081:I2=26427:Ires=16:Id=0:Iq=0:Id_ref=2000:Iq_ref=0:VBUS=62353:STATE=0:SPD=0:TH=0:sector=0:window=0:CCR1=500:CCR2=500:CCR3=500:ADC_STATUS=11:FAULT=1:FAULT_R=18:FAIL=0:RUN=0:em_stop1=1:em_stop2=1
@FOC:t=631800:run_id=UNSET:map_id=M0:map_crc32=00000000:I1=26081:I2=26427:Ires=16:Id=0:Iq=0:Id_ref=2000:Iq_ref=0:VBUS=62353:STATE=0:SPD=0:TH=0:sector=0:window=0:CCR1=500:CCR2=500:CCR3=500:ADC_STATUS=11:FAULT=1:FAULT_R=18:FAIL=0:RUN=0:em_stop1=1:em_stop2=1
@FOC:t=631900:run_id=UNSET:map_id=M0:map_crc32=00000000:I1=26081:I2=26427:Ires=16:Id=0:Iq=0:Id_ref=2000:Iq_ref=0:VBUS=62353:STATE=0:SPD=0:TH=0:sector=0:window=0:CCR1=500:CCR2=500:CCR3=500:ADC_STATUS=11:FAULT=1:FAULT_R=18:FAIL=0:RUN=0:em_stop1=1:em_stop2=1
@FOC:t=632000:run_id=UNSET:map_id=M0:map_crc32=00000000:I1=26081:I2=26427:Ires=16:Id=0:Iq=0:Id_ref=2000:Iq_ref=0:VBUS=62353:STATE=0:SPD=0:TH=0:sector=0:window=0:CCR1=500:CCR2=500:CCR3=500:ADC_STATUS=11:FAULT=1:FAULT_R=18:FAIL=0:RUN=0:em_stop1=1:em_stop2=1
@FOC:t=632100:run_id=UNSET:map_id=M0:map_crc32=00000000:I1=26081:I2=26427:Ires=16:Id=0:Iq=0:Id_ref=2000:Iq_ref=0:VBUS=62353:STATE=0:SPD=0:TH=0:sector=0:window=0:CCR1=500:CCR2=500:CCR3=500:ADC_STATUS=11:FAULT=1:FAULT_R=18:FAIL=0:RUN=0:em_stop1=1:em_stop2=1
@FOC:t=632200:run_id=UNSET:map_id=M0:map_crc32=00000000:I1=26081:I2=26427:Ires=16:Id=0:Iq=0:Id_ref=2000:Iq_ref=0:VBUS=62353:STATE=0:SPD=0:TH=0:sector=0:window=0:CCR1=500:CCR2=500:CCR3=500:ADC_STATUS=11:FAULT=1:FAULT_R=18:FAIL=0:RUN=0:em_stop1=1:em_stop2=1
@FOC:t=632300:run_id=UNSET:map_id=M0:map_crc32=00000000:I1=26081:I2=26427:Ires=16:Id=0:Iq=0:Id_ref=2000:Iq_ref=0:VBUS=62353:STATE=0:SPD=0:TH=0:sector=0:window=0:CCR1=500:CCR2=500:CCR3=500:ADC_STATUS=11:FAULT=1:FAULT_R=18:FAIL=0:RUN=0:em_stop1=1:em_stop2=1
@FOC:t=632400:run_id=UNSET:map_id=M0:map_crc32=00000000:I1=26081:I2=26427:Ires=16:Id=0:Iq=0:Id_ref=2000:Iq_ref=0:VBUS=62353:STATE=0:SPD=0:TH=0:sector=0:window=0:CCR1=500:CCR2=500:CCR3=500:ADC_STATUS=11:FAULT=1:FAULT_R=18:FAIL=0:RUN=0:em_stop1=1:em_stop2=1
@FOC:t=632500:run_id=UNSET:map_id=M0:map_crc32=00000000:I1=26081:I2=26427:Ires=16:Id=0:Iq=0:Id_ref=2000:Iq_ref=0:VBUS=62353:STATE=0:SPD=0:TH=0:sector=0:window=0:CCR1=500:CCR2=500:CCR3=500:ADC_STATUS=11:FAULT=1:FAULT_R=18:FAIL=0:RUN=0:em_stop1=1:em_stop2=1
@FOC:t=632600:run_id=UNSET:map_id=M0:map_crc32=00000000:I1=26081:I2=26427:Ires=16:Id=0:Iq=0:Id_ref=2000:Iq_ref=0:VBUS=62353:STATE=0:SPD=0:TH=0:sector=0:window=0:CCR1=500:CCR2=500:CCR3=500:ADC_STATUS=11:FAULT=1:FAULT_R=18:FAIL=0:RUN=0:em_stop1=1:em_stop2=1
@FOC:t=632700:run_id=UNSET:map_id=M0:map_crc32=00000000:I1=26081:I2=26427:Ires=16:Id=0:Iq=0:Id_ref=2000:Iq_ref=0:VBUS=62353:STATE=0:SPD=0:TH=0:sector=0:window=0:CCR1=500:CCR2=500:CCR3=500:ADC_STATUS=11:FAULT=1:FAULT_R=18:FAIL=0:RUN=0:em_stop1=1:em_stop2=1
@FOC:t=632800:run_id=UNSET:map_id=M0:map_crc32=00000000:I1=26081:I2=26427:Ires=16:Id=0:Iq=0:Id_ref=2000:Iq_ref=0:VBUS=62353:STATE=0:SPD=0:TH=0:sector=0:window=0:CCR1=500:CCR2=500:CCR3=500:ADC_STATUS=11:FAULT=1:FAULT_R=18:FAIL=0:RUN=0:em_stop1=1:em_stop2=1
@FOC:t=632900:run_id=UNSET:map_id=M0:map_crc32=00000000:I1=26081:I2=26427:Ires=16:Id=0:Iq=0:Id_ref=2000:Iq_ref=0:VBUS=62353:STATE=0:SPD=0:TH=0:sector=0:window=0:CCR1=500:CCR2=500:CCR3=500:ADC_STATUS=11:FAULT=1:FAULT_R=18:FAIL=0:RUN=0:em_stop1=1:em_stop2=1
@FOC:t=633000:run_id=UNSET:map_id=M0:map_crc32=00000000:I1=26081:I2=26427:Ires=16:Id=0:Iq=0:Id_ref=2000:Iq_ref=0:VBUS=62353:STATE=0:SPD=0:TH=0:sector=0:window=0:CCR1=500:CCR2=500:CCR3=500:ADC_STATUS=11:FAULT=1:FAULT_R=18:FAIL=0:RUN=0:em_stop1=1:em_stop2=1
> enc
@ENC:angle=5125:speed=-2:period_us=895:pulse_us=281:err=0
> @FOC:t=633100:run_id=UNSET:map_id=M0:map_crc32=00000000:I1=26081:I2=26427:Ires=16:Id=0:Iq=0:Id_ref=2000:Iq_ref=0:VBUS=62353:STATE=0:SPD=0:TH=0:sector=0:window=0:CCR1=500:CCR2=500:CCR3=500:ADC_STATUS=11:FAULT=1:FAULT_R=18:FAIL=0:RUN=0:em_stop1=1:em_stop2=1
@FOC:t=633200:run_id=UNSET:map_id=M0:map_crc32=00000000:I1=26081:I2=26427:Ires=16:Id=0:Iq=0:Id_ref=2000:Iq_ref=0:VBUS=62353:STATE=0:SPD=0:TH=0:sector=0:window=0:CCR1=500:CCR2=500:CCR3=500:ADC_STATUS=11:FAULT=1:FAULT_R=18:FAIL=0:RUN=0:em_stop1=1:em_stop2=1
@FOC:t=633300:run_id=UNSET:map_id=M0:map_crc32=00000000:I1=26081:I2=26427:Ires=16:Id=0:Iq=0:Id_ref=2000:Iq_ref=0:VBUS=62353:STATE=0:SPD=0:TH=0:sector=0:window=0:CCR1=500:CCR2=500:CCR3=500:ADC_STATUS=11:FAULT=1:FAULT_R=18:FAIL=0:RUN=0:em_stop1=1:em_stop2=1
@FOC:t=633400:run_id=UNSET:map_id=M0:map_crc32=00000000:I1=26081:I2=26427:Ires=16:Id=0:Iq=0:Id_ref=2000:Iq_ref=0:VBUS=62353:STATE=0:SPD=0:TH=0:sector=0:window=0:CCR1=500:CCR2=500:CCR3=500:ADC_STATUS=11:FAULT=1:FAULT_R=18:FAIL=0:RUN=0:em_stop1=1:em_stop2=1
@FOC:t=633500:run_id=UNSET:map_id=M0:map_crc32=00000000:I1=26081:I2=26427:Ires=16:Id=0:Iq=0:Id_ref=2000:Iq_ref=0:VBUS=62353:STATE=0:SPD=0:TH=0:sector=0:window=0:CCR1=500:CCR2=500:CCR3=500:ADC_STATUS=11:FAULT=1:FAULT_R=18:FAIL=0:RUN=0:em_stop1=1:em_stop2=1
@FOC:t=633600:run_id=UNSET:map_id=M0:map_crc32=00000000:I1=26081:I2=26427:Ires=16:Id=0:Iq=0:Id_ref=2000:Iq_ref=0:VBUS=62353:STATE=0:SPD=0:TH=0:sector=0:window=0:CCR1=500:CCR2=500:CCR3=500:ADC_STATUS=11:FAULT=1:FAULT_R=18:FAIL=0:RUN=0:em_stop1=1:em_stop2=1
@FOC:t=633700:run_id=UNSET:map_id=M0:map_crc32=00000000:I1=26081:I2=26427:Ires=16:Id=0:Iq=0:Id_ref=2000:Iq_ref=0:VBUS=62353:STATE=0:SPD=0:TH=0:sector=0:window=0:CCR1=500:CCR2=500:CCR3=500:ADC_STATUS=11:FAULT=1:FAULT_R=18:FAIL=0:RUN=0:em_stop1=1:em_stop2=1
@FOC:t=633800:run_id=UNSET:map_id=M0:map_crc32=00000000:I1=26081:I2=26427:Ires=16:Id=0:Iq=0:Id_ref=2000:Iq_ref=0:VBUS=62353:STATE=0:SPD=0:TH=0:sector=0:window=0:CCR1=500:CCR2=500:CCR3=500:ADC_STATUS=11:FAULT=1:FAULT_R=18:FAIL=0:RUN=0:em_stop1=1:em_stop2=1
@FOC:t=633900:run_id=UNSET:map_id=M0:map_crc32=00000000:I1=26081:I2=26427:Ires=16:Id=0:Iq=0:Id_ref=2000:Iq_ref=0:VBUS=62353:STATE=0:SPD=0:TH=0:sector=0:window=0:CCR1=500:CCR2=500:CCR3=500:ADC_STATUS=11:FAULT=1:FAULT_R=18:FAIL=0:RUN=0:em_stop1=1:em_stop2=1
@FOC:t=634000:run_id=UNSET:map_id=M0:map_crc32=00000000:I1=26081:I2=26427:Ires=16:Id=0:Iq=0:Id_ref=2000:Iq_ref=0:VBUS=62353:STATE=0:SPD=0:TH=0:sector=0:window=0:CCR1=500:CCR2=500:CCR3=500:ADC_STATUS=11:FAULT=1:FAULT_R=18:FAIL=0:RUN=0:em_stop1=1:em_stop2=1
@FOC:t=634100:run_id=UNSET:map_id=M0:map_crc32=00000000:I1=26081:I2=26427:Ires=16:Id=0:Iq=0:Id_ref=2000:Iq_ref=0:VBUS=62353:STATE=0:SPD=0:TH=0:sector=0:window=0:CCR1=500:CCR2=500:CCR3=500:ADC_STATUS=11:FAULT=1:FAULT_R=18:FAIL=0:RUN=0:em_stop1=1:em_stop2=1
@FOC:t=634200:run_id=UNSET:map_id=M0:map_crc32=00000000:I1=26081:I2=26427:Ires=16:Id=0:Iq=0:Id_ref=2000:Iq_ref=0:VBUS=62353:STATE=0:SPD=0:TH=0:sector=0:window=0:CCR1=500:CCR2=500:CCR3=500:ADC_STATUS=11:FAULT=1:FAULT_R=18:FAIL=0:RUN=0:em_stop1=1:em_stop2=1
@FOC:t=634300:run_id=UNSET:map_id=M0:map_crc32=00000000:I1=26081:I2=26427:Ires=16:Id=0:Iq=0:Id_ref=2000:Iq_ref=0:VBUS=62353:STATE=0:SPD=0:TH=0:sector=0:window=0:CCR1=500:CCR2=500:CCR3=500:ADC_STATUS=11:FAULT=1:FAULT_R=18:FAIL=0:RUN=0:em_stop1=1:em_stop2=1
@FOC:t=634400:run_id=UNSET:map_id=M0:map_crc32=00000000:I1=26081:I2=26427:Ires=16:Id=0:Iq=0:Id_ref=2000:Iq_ref=0:VBUS=62353:STATE=0:SPD=0:TH=0:sector=0:window=0:CCR1=500:CCR2=500:CCR3=500:ADC_STATUS=11:FAULT=1:FAULT_R=18:FAIL=0:RUN=0:em_stop1=1:em_stop2=1
@FOC:t=634500:run_id=UNSET:map_id=M0:map_crc32=00000000:I1=26081:I2=26427:Ires=16:Id=0:Iq=0:Id_ref=2000:Iq_ref=0:VBUS=62353:STATE=0:SPD=0:TH=0:sector=0:window=0:CCR1=500:CCR2=500:CCR3=500:ADC_STATUS=11:FAULT=1:FAULT_R=18:FAIL=0:RUN=0:em_stop1=1:em_stop2=1
@FOC:t=634600:run_id=UNSET:map_id=M0:map_crc32=00000000:I1=26081:I2=26427:Ires=16:Id=0:Iq=0:Id_ref=2000:Iq_ref=0:VBUS=62353:STATE=0:SPD=0:TH=0:sector=0:window=0:CCR1=500:CCR2=500:CCR3=500:ADC_STATUS=11:FAULT=1:FAULT_R=18:FAIL=0:RUN=0:em_stop1=1:em_stop2=1
@FOC:t=634700:run_id=UNSET:map_id=M0:map_crc32=00000000:I1=26081:I2=26427:Ires=16:Id=0:Iq=0:Id_ref=2000:Iq_ref=0:VBUS=62353:STATE=0:SPD=0:TH=0:sector=0:window=0:CCR1=500:CCR2=500:CCR3=500:ADC_STATUS=11:FAULT=1:FAULT_R=18:FAIL=0:RUN=0:em_stop1=1:em_stop2=1
@FOC:t=634800:run_id=UNSET:map_id=M0:map_crc32=00000000:I1=26081:I2=26427:Ires=16:Id=0:Iq=0:Id_ref=2000:Iq_ref=0:VBUS=62353:STATE=0:SPD=0:TH=0:sector=0:window=0:CCR1=500:CCR2=500:CCR3=500:ADC_STATUS=11:FAULT=1:FAULT_R=18:FAIL=0:RUN=0:em_stop1=1:em_stop2=1
@FOC:t=634900:run_id=UNSET:map_id=M0:map_crc32=00000000:I1=26081:I2=26427:Ires=16:Id=0:Iq=0:Id_ref=2000:Iq_ref=0:VBUS=62353:STATE=0:SPD=0:TH=0:sector=0:window=0:CCR1=500:CCR2=500:CCR3=500:ADC_STATUS=11:FAULT=1:FAULT_R=18:FAIL=0:RUN=0:em_stop1=1:em_stop2=1
@FOC:t=635000:run_id=UNSET:map_id=M0:map_crc32=00000000:I1=26081:I2=26427:Ires=16:Id=0:Iq=0:Id_ref=2000:Iq_ref=0:VBUS=62353:STATE=0:SPD=0:TH=0:sector=0:window=0:CCR1=500:CCR2=500:CCR3=500:ADC_STATUS=11:FAULT=1:FAULT_R=18:FAIL=0:RUN=0:em_stop1=1:em_stop2=1
@FOC:t=635100:run_id=UNSET:map_id=M0:map_crc32=00000000:I1=26081:I2=26427:Ires=16:Id=0:Iq=0:Id_ref=2000:Iq_ref=0:VBUS=62353:STATE=0:SPD=0:TH=0:sector=0:window=0:CCR1=500:CCR2=500:CCR3=500:ADC_STATUS=11:FAULT=1:FAULT_R=18:FAIL=0:RUN=0:em_stop1=1:em_stop2=1
@FOC:t=635200:run_id=UNSET:map_id=M0:map_crc32=00000000:I1=26081:I2=26427:Ires=16:Id=0:Iq=0:Id_ref=2000:Iq_ref=0:VBUS=62353:STATE=0:SPD=0:TH=0:sector=0:window=0:CCR1=500:CCR2=500:CCR3=500:ADC_STATUS=11:FAULT=1:FAULT_R=18:FAIL=0:RUN=0:em_stop1=1:em_stop2=1
@FOC:t=635300:run_id=UNSET:map_id=M0:map_crc32=00000000:I1=26081:I2=26427:Ires=16:Id=0:Iq=0:Id_ref=2000:Iq_ref=0:VBUS=62353:STATE=0:SPD=0:TH=0:sector=0:window=0:CCR1=500:CCR2=500:CCR3=500:ADC_STATUS=11:FAULT=1:FAULT_R=18:FAIL=0:RUN=0:em_stop1=1:em_stop2=1
@FOC:t=635400:run_id=UNSET:map_id=M0:map_crc32=00000000:I1=26081:I2=26427:Ires=16:Id=0:Iq=0:Id_ref=2000:Iq_ref=0:VBUS=62353:STATE=0:SPD=0:TH=0:sector=0:window=0:CCR1=500:CCR2=500:CCR3=500:ADC_STATUS=11:FAULT=1:FAULT_R=18:FAIL=0:RUN=0:em_stop1=1:em_stop2=1
@FOC:t=635500:run_id=UNSET:map_id=M0:map_crc32=00000000:I1=26081:I2=26427:Ires=16:Id=0:Iq=0:Id_ref=2000:Iq_ref=0:VBUS=62353:STATE=0:SPD=0:TH=0:sector=0:window=0:CCR1=500:CCR2=500:CCR3=500:ADC_STATUS=11:FAULT=1:FAULT_R=18:FAIL=0:RUN=0:em_stop1=1:em_stop2=1
