# baseline capture: port=COM4 baud=115200 eol='\r\n' commands=sysinfo,a,a?,enc,dumpa
> sysinfo
@SYS:CLK=170000000:PSC=16:TCLK=10000000:PLLCFGR=0x01005532:OVR=0:JEOS=0:TO=0:JQOVF=0:uart_drp=0:uart_trunc=0
> @FOC:t=526000:run_id=UNSET:map_id=M0:map_crc32=00000000:I1=0:I2=0:Ires=0:Id=0:Iq=0:Id_ref=2000:Iq_ref=0:VBUS=0:STATE=0:SPD=0:TH=0:sector=0:window=0:CCR1=500:CCR2=500:CCR3=500:ADC_STATUS=2:FAULT=1:FAULT_R=18:FAIL=0:RUN=0:em_stop1=1:em_stop2=1
@FOC:t=526100:run_id=UNSET:map_id=M0:map_crc32=00000000:I1=0:I2=0:Ires=0:Id=0:Iq=0:Id_ref=2000:Iq_ref=0:VBUS=0:STATE=0:SPD=0:TH=0:sector=0:window=0:CCR1=500:CCR2=500:CCR3=500:ADC_STATUS=2:FAULT=1:FAULT_R=18:FAIL=0:RUN=0:em_stop1=1:em_stop2=1
@FOC:t=526200:run_id=UNSET:map_id=M0:map_crc32=00000000:I1=0:I2=0:Ires=0:Id=0:Iq=0:Id_ref=2000:Iq_ref=0:VBUS=0:STATE=0:SPD=0:TH=0:sector=0:window=0:CCR1=500:CCR2=500:CCR3=500:ADC_STATUS=2:FAULT=1:FAULT_R=18:FAIL=0:RUN=0:em_stop1=1:em_stop2=1
@FOC:t=526300:run_id=UNSET:map_id=M0:map_crc32=00000000:I1=0:I2=0:Ires=0:Id=0:Iq=0:Id_ref=2000:Iq_ref=0:VBUS=0:STATE=0:SPD=0:TH=0:sector=0:window=0:CCR1=500:CCR2=500:CCR3=500:ADC_STATUS=2:FAULT=1:FAULT_R=18:FAIL=0:RUN=0:em_stop1=1:em_stop2=1
@FOC:t=526400:run_id=UNSET:map_id=M0:map_crc32=00000000:I1=0:I2=0:Ires=0:Id=0:Iq=0:Id_ref=2000:Iq_ref=0:VBUS=0:STATE=0:SPD=0:TH=0:sector=0:window=0:CCR1=500:CCR2=500:CCR3=500:ADC_STATUS=2:FAULT=1:FAULT_R=18:FAIL=0:RUN=0:em_stop1=1:em_stop2=1
@FOC:t=526500:run_id=UNSET:map_id=M0:map_crc32=00000000:I1=0:I2=0:Ires=0:Id=0:Iq=0:Id_ref=2000:Iq_ref=0:VBUS=0:STATE=0:SPD=0:TH=0:sector=0:window=0:CCR1=500:CCR2=500:CCR3=500:ADC_STATUS=2:FAULT=1:FAULT_R=18:FAIL=0:RUN=0:em_stop1=1:em_stop2=1
@FOC:t=526600:run_id=UNSET:map_id=M0:map_crc32=00000000:I1=0:I2=0:Ires=0:Id=0:Iq=0:Id_ref=2000:Iq_ref=0:VBUS=0:STATE=0:SPD=0:TH=0:sector=0:window=0:CCR1=500:CCR2=500:CCR3=500:ADC_STATUS=2:FAULT=1:FAULT_R=18:FAIL=0:RUN=0:em_stop1=1:em_stop2=1
@FOC:t=526700:run_id=UNSET:map_id=M0:map_crc32=00000000:I1=0:I2=0:Ires=0:Id=0:Iq=0:Id_ref=2000:Iq_ref=0:VBUS=0:STATE=0:SPD=0:TH=0:sector=0:window=0:CCR1=500:CCR2=500:CCR3=500:ADC_STATUS=2:FAULT=1:FAULT_R=18:FAIL=0:RUN=0:em_stop1=1:em_stop2=1
@FOC:t=526800:run_id=UNSET:map_id=M0:map_crc32=00000000:I1=0:I2=0:Ires=0:Id=0:Iq=0:Id_ref=2000:Iq_ref=0:VBUS=0:STATE=0:SPD=0:TH=0:sector=0:window=0:CCR1=500:CCR2=500:CCR3=500:ADC_STATUS=2:FAULT=1:FAULT_R=18:FAIL=0:RUN=0:em_stop1=1:em_stop2=1
@FOC:t=526900:run_id=UNSET:map_id=M0:map_crc32=00000000:I1=0:I2=0:Ires=0:Id=0:Iq=0:Id_ref=2000:Iq_ref=0:VBUS=0:STATE=0:SPD=0:TH=0:sector=0:window=0:CCR1=500:CCR2=500:CCR3=500:ADC_STATUS=2:FAULT=1:FAULT_R=18:FAIL=0:RUN=0:em_stop1=1:em_stop2=1
@FOC:t=527000:run_id=UNSET:map_id=M0:map_crc32=00000000:I1=0:I2=0:Ires=0:Id=0:Iq=0:Id_ref=2000:Iq_ref=0:VBUS=0:STATE=0:SPD=0:TH=0:sector=0:window=0:CCR1=500:CCR2=500:CCR3=500:ADC_STATUS=2:FAULT=1:FAULT_R=18:FAIL=0:RUN=0:em_stop1=1:em_stop2=1
@FOC:t=527100:run_id=UNSET:map_id=M0:map_crc32=00000000:I1=0:I2=0:Ires=0:Id=0:Iq=0:Id_ref=2000:Iq_ref=0:VBUS=0:STATE=0:SPD=0:TH=0:sector=0:window=0:CCR1=500:CCR2=500:CCR3=500:ADC_STATUS=2:FAULT=1:FAULT_R=18:FAIL=0:RUN=0:em_stop1=1:em_stop2=1
@FOC:t=527200:run_id=UNSET:map_id=M0:map_crc32=00000000:I1=0:I2=0:Ires=0:Id=0:Iq=0:Id_ref=2000:Iq_ref=0:VBUS=0:STATE=0:SPD=0:TH=0:sector=0:window=0:CCR1=500:CCR2=500:CCR3=500:ADC_STATUS=2:FAULT=1:FAULT_R=18:FAIL=0:RUN=0:em_stop1=1:em_stop2=1
@FOC:t=527300:run_id=UNSET:map_id=M0:map_crc32=00000000:I1=0:I2=0:Ires=0:Id=0:Iq=0:Id_ref=2000:Iq_ref=0:VBUS=0:STATE=0:SPD=0:TH=0:sector=0:window=0:CCR1=500:CCR2=500:CCR3=500:ADC_STATUS=2:FAULT=1:FAULT_R=18:FAIL=0:RUN=0:em_stop1=1:em_stop2=1
@FOC:t=527400:run_id=UNSET:map_id=M0:map_crc32=00000000:I1=0:I2=0:Ires=0:Id=0:Iq=0:Id_ref=2000:Iq_ref=0:VBUS=0:STATE=0:SPD=0:TH=0:sector=0:window=0:CCR1=500:CCR2=500:CCR3=500:ADC_STATUS=2:FAULT=1:FAULT_R=18:FAIL=0:RUN=0:em_stop1=1:em_stop2=1
@FOC:t=527500:run_id=UNSET:map_id=M0:map_crc32=00000000:I1=0:I2=0:Ires=0:Id=0:Iq=0:Id_ref=2000:Iq_ref=0:VBUS=0:STATE=0:SPD=0:TH=0:sector=0:window=0:CCR1=500:CCR2=500:CCR3=500:ADC_STATUS=2:FAULT=1:FAULT_R=18:FAIL=0:RUN=0:em_stop1=1:em_stop2=1
@FOC:t=527600:run_id=UNSET:map_id=M0:map_crc32=00000000:I1=0:I2=0:Ires=0:Id=0:Iq=0:Id_ref=2000:Iq_ref=0:VBUS=0:STATE=0:SPD=0:TH=0:sector=0:window=0:CCR1=500:CCR2=500:CCR3=500:ADC_STATUS=2:FAULT=1:FAULT_R=18:FAIL=0:RUN=0:em_stop1=1:em_stop2=1
@FOC:t=527700:run_id=UNSET:map_id=M0:map_crc32=00000000:I1=0:I2=0:Ires=0:Id=0:Iq=0:Id_ref=2000:Iq_ref=0:VBUS=0:STATE=0:SPD=0:TH=0:sector=0:window=0:CCR1=500:CCR2=500:CCR3=500:ADC_STATUS=2:FAULT=1:FAULT_R=18:FAIL=0:RUN=0:em_stop1=1:em_stop2=1
@FOC:t=527800:run_id=UNSET:map_id=M0:map_crc32=00000000:I1=0:I2=0:Ires=0:Id=0:Iq=0:Id_ref=2000:Iq_ref=0:VBUS=0:STATE=0:SPD=0:TH=0:sector=0:window=0:CCR1=500:CCR2=500:CCR3=500:ADC_STATUS=2:FAULT=1:FAULT_R=18:FAIL=0:RUN=0:em_stop1=1:em_stop2=1
@FOC:t=527900:run_id=UNSET:map_id=M0:map_crc32=00000000:I1=0:I2=0:Ires=0:Id=0:Iq=0:Id_ref=2000:Iq_ref=0:VBUS=0:STATE=0:SPD=0:TH=0:sector=0:window=0:CCR1=500:CCR2=500:CCR3=500:ADC_STATUS=2:FAULT=1:FAULT_R=18:FAIL=0:RUN=0:em_stop1=1:em_stop2=1
@FOC:t=528000:run_id=UNSET:map_id=M0:map_crc32=00000000:I1=0:I2=0:Ires=0:Id=0:Iq=0:Id_ref=2000:Iq_ref=0:VBUS=0:STATE=0:SPD=0:TH=0:sector=0:window=0:CCR1=500:CCR2=500:CCR3=500:ADC_STATUS=2:FAULT=1:FAULT_R=18:FAIL=0:RUN=0:em_stop1=1:em_stop2=1
@FOC:t=528100:run_id=UNSET:map_id=M0:map_crc32=00000000:I1=0:I2=0:Ires=0:Id=0:Iq=0:Id_ref=2000:Iq_ref=0:VBUS=0:STATE=0:SPD=0:TH=0:sector=0:window=0:CCR1=500:CCR2=500:CCR3=500:ADC_STATUS=2:FAULT=1:FAULT_R=18:FAIL=0:RUN=0:em_stop1=1:em_stop2=1
@FOC:t=528200:run_id=UNSET:map_id=M0:map_crc32=00000000:I1=0:I2=0:Ires=0:Id=0:Iq=0:Id_ref=2000:Iq_ref=0:VBUS=0:STATE=0:SPD=0:TH=0:sector=0:window=0:CCR1=500:CCR2=500:CCR3=500:ADC_STATUS=2:FAULT=1:FAULT_R=18:FAIL=0:RUN=0:em_stop1=1:em_stop2=1
@FOC:t=528300:run_id=UNSET:map_id=M0:map_crc32=00000000:I1=0:I2=0:Ires=0:Id=0:Iq=0:Id_ref=2000:Iq_ref=0:VBUS=0:STATE=0:SPD=0:TH=0:sector=0:window=0:CCR1=500:CCR2=500:CCR3=500:ADC_STATUS=2:FAULT=1:FAULT_R=18:FAIL=0:RUN=0:em_stop1=1:em_stop2=1
@FOC:t=528400:run_id=UNSET:map_id=M0:map_crc32=00000000:I1=0:I2=0:Ires=0:Id=0:Iq=0:Id_ref=2000:Iq_ref=0:VBUS=0:STATE=0:SPD=0:TH=0:sector=0:window=0:CCR1=500:CCR2=500:CCR3=500:ADC_STATUS=2:FAULT=1:FAULT_R=18:FAIL=0:RUN=0:em_stop1=1:em_stop2=1
> a
@FOC:t=528500:run_id=UNSET:map_id=M0:map_crc32=00000000:I1=0:I2=0:Ires=0:Id=0:Iq=0:Id_ref=2000:Iq_ref=0:VBUS=0:STATE=0:SPD=0:TH=0:sector=0:window=0:CCR1=500:CCR2=500:CCR3=500:ADC_STATUS=2:FAULT=1:FAULT_R=18:FAIL=0:RUN=0:em_stop1=1:em_stop2=1
@ADC:I1=2039:I2=2066:Ires=2:VBUS=619
> @FOC:t=528600:run_id=UNSET:map_id=M0:map_crc32=00000000:I1=26081:I2=26427:Ires=16:Id=0:Iq=0:Id_ref=2000:Iq_ref=0:VBUS=62353:STATE=0:SPD=0:TH=0:sector=0:window=0:CCR1=500:CCR2=500:CCR3=500:ADC_STATUS=11:FAULT=1:FAULT_R=18:FAIL=0:RUN=0:em_stop1=1:em_stop2=1
@FOC:t=528700:run_id=UNSET:map_id=M0:map_crc32=00000000:I1=26081:I2=26427:Ires=16:Id=0:Iq=0:Id_ref=2000:Iq_ref=0:VBUS=62353:STATE=0:SPD=0:TH=0:sector=0:window=0:CCR1=500:CCR2=500:CCR3=500:ADC_STATUS=11:FAULT=1:FAULT_R=18:FAIL=0:RUN=0:em_stop1=1:em_stop2=1
@FOC:t=528800:run_id=UNSET:map_id=M0:map_crc32=00000000:I1=26081:I2=26427:Ires=16:Id=0:Iq=0:Id_ref=2000:Iq_ref=0:VBUS=62353:STATE=0:SPD=0:TH=0:sector=0:window=0:CCR1=500:CCR2=500:CCR3=500:ADC_STATUS=11:FAULT=1:FAULT_R=18:FAIL=0:RUN=0:em_stop1=1:em_stop2=1
@FOC:t=528900:run_id=UNSET:map_id=M0:map_crc32=00000000:I1=26081:I2=26427:Ires=16:Id=0:Iq=0:Id_ref=2000:Iq_ref=0:VBUS=62353:STATE=0:SPD=0:TH=0:sector=0:window=0:CCR1=500:CCR2=500:CCR3=500:ADC_STATUS=11:FAULT=1:FAULT_R=18:FAIL=0:RUN=0:em_stop1=1:em_stop2=1
@FOC:t=529000:run_id=UNSET:map_id=M0:map_crc32=00000000:I1=26081:I2=26427:Ires=16:Id=0:Iq=0:Id_ref=2000:Iq_ref=0:VBUS=62353:STATE=0:SPD=0:TH=0:sector=0:window=0:CCR1=500:CCR2=500:CCR3=500:ADC_STATUS=11:FAULT=1:FAULT_R=18:FAIL=0:RUN=0:em_stop1=1:em_stop2=1
@FOC:t=529100:run_id=UNSET:map_id=M0:map_crc32=00000000:I1=26081:I2=26427:Ires=16:Id=0:Iq=0:Id_ref=2000:Iq_ref=0:VBUS=62353:STATE=0:SPD=0:TH=0:sector=0:window=0:CCR1=500:CCR2=500:CCR3=500:ADC_STATUS=11:FAULT=1:FAULT_R=18:FAIL=0:RUN=0:em_stop1=1:em_stop2=1
@FOC:t=529200:run_id=UNSET:map_id=M0:map_crc32=00000000:I1=26081:I2=26427:Ires=16:Id=0:Iq=0:Id_ref=2000:Iq_ref=0:VBUS=62353:STATE=0:SPD=0:TH=0:sector=0:window=0:CCR1=500:CCR2=500:CCR3=500:ADC_STATUS=11:FAULT=1:FAULT_R=18:FAIL=0:RUN=0:em_stop1=1:em_stop2=1
@FOC:t=529300:run_id=UNSET:map_id=M0:map_crc32=00000000:I1=26081:I2=26427:Ires=16:Id=0:Iq=0:Id_ref=2000:Iq_ref=0:VBUS=62353:STATE=0:SPD=0:TH=0:sector=0:window=0:CCR1=500:CCR2=500:CCR3=500:ADC_STATUS=11:FAULT=1:FAULT_R=18:FAIL=0:RUN=0:em_stop1=1:em_stop2=1
@FOC:t=529400:run_id=UNSET:map_id=M0:map_crc32=00000000:I1=26081:I2=26427:Ires=16:Id=0:Iq=0:Id_ref=2000:Iq_ref=0:VBUS=62353:STATE=0:SPD=0:TH=0:sector=0:window=0:CCR1=500:CCR2=500:CCR3=500:ADC_STATUS=11:FAULT=1:FAULT_R=18:FAIL=0:RUN=0:em_stop1=1:em_stop2=1
@FOC:t=529500:run_id=UNSET:map_id=M0:map_crc32=00000000:I1=26081:I2=26427:Ires=16:Id=0:Iq=0:Id_ref=2000:Iq_ref=0:VBUS=62353:STATE=0:SPD=0:TH=0:sector=0:window=0:CCR1=500:CCR2=500:CCR3=500:ADC_STATUS=11:FAULT=1:FAULT_R=18:FAIL=0:RUN=0:em_stop1=1:em_stop2=1
@FOC:t=529600:run_id=UNSET:map_id=M0:map_crc32=00000000:I1=26081:I2=26427:Ires=16:Id=0:Iq=0:Id_ref=2000:Iq_ref=0:VBUS=62353:STATE=0:SPD=0:TH=0:sector=0:window=0:CCR1=500:CCR2=500:CCR3=500:ADC_STATUS=11:FAULT=1:FAULT_R=18:FAIL=0:RUN=0:em_stop1=1:em_stop2=1
@FOC:t=529700:run_id=UNSET:map_id=M0:map_crc32=00000000:I1=26081:I2=26427:Ires=16:Id=0:Iq=0:Id_ref=2000:Iq_ref=0:VBUS=62353:STATE=0:SPD=0:TH=0:sector=0:window=0:CCR1=500:CCR2=500:CCR3=500:ADC_STATUS=11:FAULT=1:FAULT_R=18:FAIL=0:RUN=0:em_stop1=1:em_stop2=1
@FOC:t=529800:run_id=UNSET:map_id=M0:map_crc32=00000000:I1=26081:I2=26427:Ires=16:Id=0:Iq=0:Id_ref=2000:Iq_ref=0:VBUS=62353:STATE=0:SPD=0:TH=0:sector=0:window=0:CCR1=500:CCR2=500:CCR3=500:ADC_STATUS=11:FAULT=1:FAULT_R=18:FAIL=0:RUN=0:em_stop1=1:em_stop2=1
@FOC:t=529900:run_id=UNSET:map_id=M0:map_crc32=00000000:I1=26081:I2=26427:Ires=16:Id=0:Iq=0:Id_ref=2000:Iq_ref=0:VBUS=62353:STATE=0:SPD=0:TH=0:sector=0:window=0:CCR1=500:CCR2=500:CCR3=500:ADC_STATUS=11:FAULT=1:FAULT_R=18:FAIL=0:RUN=0:em_stop1=1:em_stop2=1
@FOC:t=530000:run_id=UNSET:map_id=M0:map_crc32=00000000:I1=26081:I2=26427:Ires=16:Id=0:Iq=0:Id_ref=2000:Iq_ref=0:VBUS=62353:STATE=0:SPD=0:TH=0:sector=0:window=0:CCR1=500:CCR2=500:CCR3=500:ADC_STATUS=11:FAULT=1:FAULT_R=18:FAIL=0:RUN=0:em_stop1=1:em_stop2=1
@FOC:t=530100:run_id=UNSET:map_id=M0:map_crc32=00000000:I1=26081:I2=26427:Ires=16:Id=0:Iq=0:Id_ref=2000:Iq_ref=0:VBUS=62353:STATE=0:SPD=0:TH=0:sector=0:window=0:CCR1=500:CCR2=500:CCR3=500:ADC_STATUS=11:FAULT=1:FAULT_R=18:FAIL=0:RUN=0:em_stop1=1:em_stop2=1
@FOC:t=530200:run_id=UNSET:map_id=M0:map_crc32=00000000:I1=26081:I2=26427:Ires=16:Id=0:Iq=0:Id_ref=2000:Iq_ref=0:VBUS=62353:STATE=0:SPD=0:TH=0:sector=0:window=0:CCR1=500:CCR2=500:CCR3=500:ADC_STATUS=11:FAULT=1:FAULT_R=18:FAIL=0:RUN=0:em_stop1=1:em_stop2=1
@FOC:t=530300:run_id=UNSET:map_id=M0:map_crc32=00000000:I1=26081:I2=26427:Ires=16:Id=0:Iq=0:Id_ref=2000:Iq_ref=0:VBUS=62353:STATE=0:SPD=0:TH=0:sector=0:window=0:CCR1=500:CCR2=500:CCR3=500:ADC_STATUS=11:FAULT=1:FAULT_R=18:FAIL=0:RUN=0:em_stop1=1:em_stop2=1
@FOC:t=530400:run_id=UNSET:map_id=M0:map_crc32=00000000:I1=26081:I2=26427:Ires=16:Id=0:Iq=0:Id_ref=2000:Iq_ref=0:VBUS=62353:STATE=0:SPD=0:TH=0:sector=0:window=0:CCR1=500:CCR2=500:CCR3=500:ADC_STATUS=11:FAULT=1:FAULT_R=18:FAIL=0:RUN=0:em_stop1=1:em_stop2=1
@FOC:t=530500:run_id=UNSET:map_id=M0:map_crc32=00000000:I1=26081:I2=26427:Ires=16:Id=0:Iq=0:Id_ref=2000:Iq_ref=0:VBUS=62353:STATE=0:SPD=0:TH=0:sector=0:window=0:CCR1=500:CCR2=500:CCR3=500:ADC_STATUS=11:FAULT=1:FAULT_R=18:FAIL=0:RUN=0:em_stop1=1:em_stop2=1
@FOC:t=530600:run_id=UNSET:map_id=M0:map_crc32=00000000:I1=26081:I2=26427:Ires=16:Id=0:Iq=0:Id_ref=2000:Iq_ref=0:VBUS=62353:STATE=0:SPD=0:TH=0:sector=0:window=0:CCR1=500:CCR2=500:CCR3=500:ADC_STATUS=11:FAULT=1:FAULT_R=18:FAIL=0:RUN=0:em_stop1=1:em_stop2=1
@FOC:t=530700:run_id=UNSET:map_id=M0:map_crc32=00000000:I1=26081:I2=26427:Ires=16:Id=0:Iq=0:Id_ref=2000:Iq_ref=0:VBUS=62353:STATE=0:SPD=0:TH=0:sector=0:window=0:CCR1=500:CCR2=500:CCR3=500:ADC_STATUS=11:FAULT=1:FAULT_R=18:FAIL=0:RUN=0:em_stop1=1:em_stop2=1
@FOC:t=530800:run_id=UNSET:map_id=M0:map_crc32=00000000:I1=26081:I2=26427:Ires=16:Id=0:Iq=0:Id_ref=2000:Iq_ref=0:VBUS=62353:STATE=0:SPD=0:TH=0:sector=0:window=0:CCR1=500:CCR2=500:CCR3=500:ADC_STATUS=11:FAULT=1:FAULT_R=18:FAIL=0:RUN=0:em_stop1=1:em_stop2=1
@FOC:t=530900:run_id=UNSET:map_id=M0:map_crc32=00000000:I1=26081:I2=26427:Ires=16:Id=0:Iq=0:Id_ref=2000:Iq_ref=0:VBUS=62353:STATE=0:SPD=0:TH=0:sector=0:window=0:CCR1=500:CCR2=500:CCR3=500:ADC_STATUS=11:FAULT=1:FAULT_R=18:FAIL=0:RUN=0:em_stop1=1:em_stop2=1
@FOC:t=531000:run_id=UNSET:map_id=M0:map_crc32=00000000:I1=26081:I2=26427:Ires=16:Id=0:Iq=0:Id_ref=2000:Iq_ref=0:VBUS=62353:STATE=0:SPD=0> a?
:TH=0:sector=0:window=0:CCR1=500:CCR2=500:CCR3=500:ADC_STATUS=11:FAULT=1:FAULT_R=18:FAIL=0:RUN=0:em_stop1=1:em_stop2=1
@ADC:STATUS:offset_i1=0:stream=0
> @FOC:t=531100:run_id=UNSET:map_id=M0:map_crc32=00000000:I1=26081:I2=26427:Ires=16:Id=0:Iq=0:Id_ref=2000:Iq_ref=0:VBUS=62353:STATE=0:SPD=0:TH=0:sector=0:window=0:CCR1=500:CCR2=500:CCR3=500:ADC_STATUS=11:FAULT=1:FAULT_R=18:FAIL=0:RUN=0:em_stop1=1:em_stop2=1
@FOC:t=531200:run_id=UNSET:map_id=M0:map_crc32=00000000:I1=26081:I2=26427:Ires=16:Id=0:Iq=0:Id_ref=2000:Iq_ref=0:VBUS=62353:STATE=0:SPD=0:TH=0:sector=0:window=0:CCR1=500:CCR2=500:CCR3=500:ADC_STATUS=11:FAULT=1:FAULT_R=18:FAIL=0:RUN=0:em_stop1=1:em_stop2=1
@FOC:t=531300:run_id=UNSET:map_id=M0:map_crc32=00000000:I1=26081:I2=26427:Ires=16:Id=0:Iq=0:Id_ref=2000:Iq_ref=0:VBUS=62353:STATE=0:SPD=0:TH=0:sector=0:window=0:CCR1=500:CCR2=500:CCR3=500:ADC_STATUS=11:FAULT=1:FAULT_R=18:FAIL=0:RUN=0:em_stop1=1:em_stop2=1
@FOC:t=531400:run_id=UNSET:map_id=M0:map_crc32=00000000:I1=26081:I2=26427:Ires=16:Id=0:Iq=0:Id_ref=2000:Iq_ref=0:VBUS=62353:STATE=0:SPD=0:TH=0:sector=0:window=0:CCR1=500:CCR2=500:CCR3=500:ADC_STATUS=11:FAULT=1:FAULT_R=18:FAIL=0:RUN=0:em_stop1=1:em_stop2=1
@FOC:t=531500:run_id=UNSET:map_id=M0:map_crc32=00000000:I1=26081:I2=26427:Ires=16:Id=0:Iq=0:Id_ref=2000:Iq_ref=0:VBUS=62353:STATE=0:SPD=0:TH=0:sector=0:window=0:CCR1=500:CCR2=500:CCR3=500:ADC_STATUS=11:FAULT=1:FAULT_R=18:FAIL=0:RUN=0:em_stop1=1:em_stop2=1
@FOC:t=531600:run_id=UNSET:map_id=M0:map_crc32=00000000:I1=26081:I2=26427:Ires=16:Id=0:Iq=0:Id_ref=2000:Iq_ref=0:VBUS=62353:STATE=0:SPD=0:TH=0:sector=0:window=0:CCR1=500:CCR2=500:CCR3=500:ADC_STATUS=11:FAULT=1:FAULT_R=18:FAIL=0:RUN=0:em_stop1=1:em_stop2=1
@FOC:t=531700:run_id=UNSET:map_id=M0:map_crc32=00000000:I1=26081:I2=26427:Ires=16:Id=0:Iq=0:Id_ref=2000:Iq_ref=0:VBUS=62353:STATE=0:SPD=0:TH=0:sector=0:window=0:CCR1=500:CCR2=500:CCR3=500:ADC_STATUS=11:FAULT=1:FAULT_R=18:FAIL=0:RUN=0:em_stop1=1:em_stop2=1
@FOC:t=531800:run_id=UNSET:map_id=M0:map_crc32=00000000:I1=26081:I2=26427:Ires=16:Id=0:Iq=0:Id_ref=2000:Iq_ref=0:VBUS=62353:STATE=0:SPD=0:TH=0:sector=0:window=0:CCR1=500:CCR2=500:CCR3=500:ADC_STATUS=11:FAULT=1:FAULT_R=18:FAIL=0:RUN=0:em_stop1=1:em_stop2=1
@FOC:t=531900:run_id=UNSET:map_id=M0:map_crc32=00000000:I1=26081:I2=26427:Ires=16:Id=0:Iq=0:Id_ref=2000:Iq_ref=0:VBUS=62353:STATE=0:SPD=0:TH=0:sector=0:window=0:CCR1=500:CCR2=500:CCR3=500:ADC_STATUS=11:FAULT=1:FAULT_R=18:FAIL=0:RUN=0:em_stop1=1:em_stop2=1
@FOC:t=532000:run_id=UNSET:map_id=M0:map_crc32=00000000:I1=26081:I2=26427:Ires=16:Id=0:Iq=0:Id_ref=2000:Iq_ref=0:VBUS=62353:STATE=0:SPD=0:TH=0:sector=0:window=0:CCR1=500:CCR2=500:CCR3=500:ADC_STATUS=11:FAULT=1:FAULT_R=18:FAIL=0:RUN=0:em_stop1=1:em_stop2=1
@FOC:t=532100:run_id=UNSET:map_id=M0:map_crc32=00000000:I1=26081:I2=26427:Ires=16:Id=0:Iq=0:Id_ref=2000:Iq_ref=0:VBUS=62353:STATE=0:SPD=0:TH=0:sector=0:window=0:CCR1=500:CCR2=500:CCR3=500:ADC_STATUS=11:FAULT=1:FAULT_R=18:FAIL=0:RUN=0:em_stop1=1:em_stop2=1
@FOC:t=532200:run_id=UNSET:map_id=M0:map_crc32=00000000:I1=26081:I2=26427:Ires=16:Id=0:Iq=0:Id_ref=2000:Iq_ref=0:VBUS=62353:STATE=0:SPD=0:TH=0:sector=0:window=0:CCR1=500:CCR2=500:CCR3=500:ADC_STATUS=11:FAULT=1:FAULT_R=18:FAIL=0:RUN=0:em_stop1=1:em_stop2=1
@FOC:t=532300:run_id=UNSET:map_id=M0:map_crc32=00000000:I1=26081:I2=26427:Ires=16:Id=0:Iq=0:Id_ref=2000:Iq_ref=0:VBUS=62353:STATE=0:SPD=0:TH=0:sector=0:window=0:CCR1=500:CCR2=500:CCR3=500:ADC_STATUS=11:FAULT=1:FAULT_R=18:FAIL=0:RUN=0:em_stop1=1:em_stop2=1
@FOC:t=532400:run_id=UNSET:map_id=M0:map_crc32=00000000:I1=26081:I2=26427:Ires=16:Id=0:Iq=0:Id_ref=2000:Iq_ref=0:VBUS=62353:STATE=0:SPD=0:TH=0:sector=0:window=0:CCR1=500:CCR2=500:CCR3=500:ADC_STATUS=11:FAULT=1:FAULT_R=18:FAIL=0:RUN=0:em_stop1=1:em_stop2=1
@FOC:t=532500:run_id=UNSET:map_id=M0:map_crc32=00000000:I1=26081:I2=26427:Ires=16:Id=0:Iq=0:Id_ref=2000:Iq_ref=0:VBUS=62353:STATE=0:SPD=0:TH=0:sector=0:window=0:CCR1=500:CCR2=500:CCR3=500:ADC_STATUS=11:FAULT=1:FAULT_R=18:FAIL=0:RUN=0:em_stop1=1:em_stop2=1
@FOC:t=532600:run_id=UNSET:map_id=M0:map_crc32=00000000:I1=26081:I2=26427:Ires=16:Id=0:Iq=0:Id_ref=2000:Iq_ref=0:VBUS=62353:STATE=0:SPD=0:TH=0:sector=0:window=0:CCR1=500:CCR2=500:CCR3=500:ADC_STATUS=11:FAULT=1:FAULT_R=18:FAIL=0:RUN=0:em_stop1=1:em_stop2=1
@FOC:t=532700:run_id=UNSET:map_id=M0:map_crc32=00000000:I1=26081:I2=26427:Ires=16:Id=0:Iq=0:Id_ref=2000:Iq_ref=0:VBUS=62353:STATE=0:SPD=0:TH=0:sector=0:window=0:CCR1=500:CCR2=500:CCR3=500:ADC_STATUS=11:FAULT=1:FAULT_R=18:FAIL=0:RUN=0:em_stop1=1:em_stop2=1
@FOC:t=532800:run_id=UNSET:map_id=M0:map_crc32=00000000:I1=26081:I2=26427:Ires=16:Id=0:Iq=0:Id_ref=2000:Iq_ref=0:VBUS=62353:STATE=0:SPD=0:TH=0:sector=0:window=0:CCR1=500:CCR2=500:CCR3=500:ADC_STATUS=11:FAULT=1:FAULT_R=18:FAIL=0:RUN=0:em_stop1=1:em_stop2=1
@FOC:t=532900:run_id=UNSET:map_id=M0:map_crc32=00000000:I1=26081:I2=26427:Ires=16:Id=0:Iq=0:Id_ref=2000:Iq_ref=0:VBUS=62353:STATE=0:SPD=0:TH=0:sector=0:window=0:CCR1=500:CCR2=500:CCR3=500:ADC_STATUS=11:FAULT=1:FAULT_R=18:FAIL=0:RUN=0:em_stop1=1:em_stop2=1
@FOC:t=533000:run_id=UNSET:map_id=M0:map_crc32=00000000:I1=26081:I2=26427:Ires=16:Id=0:Iq=0:Id_ref=2000:Iq_ref=0:VBUS=62353:STATE=0:SPD=0:TH=0:sector=0:window=0:CCR1=500:CCR2=500:CCR3=500:ADC_STATUS=11:FAULT=1:FAULT_R=18:FAIL=0:RUN=0:em_stop1=1:em_stop2=1
@FOC:t=533100:run_id=UNSET:map_id=M0:map_crc32=00000000:I1=26081:I2=26427:Ires=16:Id=0:Iq=0:Id_ref=2000:Iq_ref=0:VBUS=62353:STATE=0:SPD=0:TH=0:sector=0:window=0:CCR1=500:CCR2=500:CCR3=500:ADC_STATUS=11:FAULT=1:FAULT_R=18:FAIL=0:RUN=0:em_stop1=1:em_stop2=1
@FOC:t=533200:run_id=UNSET:map_id=M0:map_crc32=00000000:I1=26081:I2=26427:Ires=16:Id=0:Iq=0:Id_ref=2000:Iq_ref=0:VBUS=62353:STATE=0:SPD=0:TH=0:sector=0:window=0:CCR1=500:CCR2=500:CCR3=500:ADC_STATUS=11:FAULT=1:FAULT_R=18:FAIL=0:RUN=0:em_stop1=1:em_stop2=1
@FOC:t=533300:run_id=UNSET:map_id=M0:map_crc32=00000000:I1=26081:I2=26427:Ires=16:Id=0:Iq=0:Id_ref=2000:Iq_ref=0:VBUS=62353:STATE=0:SPD=0:TH=0:sector=0:window=0:CCR1=500:CCR2=500:CCR3=500:ADC_STATUS=11:FAULT=1:FAULT_R=18:FAIL=0:RUN=0:em_stop1=1:em_stop2=1
@FOC:t=533400:run_id=UNSET:map_id=M0:map_crc32=00000000:I1=26081:I2=26427:Ires=16:Id=0:Iq=0:Id_ref=2000:Iq_ref=0:VBUS=62353:STATE=0:SPD=0:TH=0:sector=0:window=0:CCR1=500:CCR2=500:CCR3=500:ADC_STATUS=11:FAULT=1:FAULT_R=18:FAIL=0:RUN=0:em_stop1=1:em_stop2=1
@FOC:t=533500:run_id=UNSET:map_id=M0:map_crc32=00000000:I1=26081:I2=26427:Ires=16:Id=0:Iq=0:Id_ref=2000:Iq_ref=0:VBUS=62353:STATE=0:SPD=0:TH=0:sector=0:window=0:CCR1=500:CCR2=500:CCR3=500:ADC_STATUS=11:FAULT=1:FAULT_R=18:FAIL=0:RUN=0:em_stop1=1:em_stop2=1
> enc
@ENC:angle=5125:speed=-1:period_us=895:pulse_us=281:err=0
> @FOC:t=533600:run_id=UNSET:map_id=M0:map_crc32=00000000:I1=26081:I2=26427:Ires=16:Id=0:Iq=0:Id_ref=2000:Iq_ref=0:VBUS=62353:STATE=0:SPD=0:TH=0:sector=0:window=0:CCR1=500:CCR2=500:CCR3=500:ADC_STATUS=11:FAULT=1:FAULT_R=18:FAIL=0:RUN=0:em_stop1=1:em_stop2=1
@FOC:t=533700:run_id=UNSET:map_id=M0:map_crc32=00000000:I1=26081:I2=26427:Ires=16:Id=0:Iq=0:Id_ref=2000:Iq_ref=0:VBUS=62353:STATE=0:SPD=0:TH=0:sector=0:window=0:CCR1=500:CCR2=500:CCR3=500:ADC_STATUS=11:FAULT=1:FAULT_R=18:FAIL=0:RUN=0:em_stop1=1:em_stop2=1
@FOC:t=533800:run_id=UNSET:map_id=M0:map_crc32=00000000:I1=26081:I2=26427:Ires=16:Id=0:Iq=0:Id_ref=2000:Iq_ref=0:VBUS=62353:STATE=0:SPD=0:TH=0:sector=0:window=0:CCR1=500:CCR2=500:CCR3=500:ADC_STATUS=11:FAULT=1:FAULT_R=18:FAIL=0:RUN=0:em_stop1=1:em_stop2=1
@FOC:t=533900:run_id=UNSET:map_id=M0:map_crc32=00000000:I1=26081:I2=26427:Ires=16:Id=0:Iq=0:Id_ref=2000:Iq_ref=0:VBUS=62353:STATE=0:SPD=0:TH=0:sector=0:window=0:CCR1=500:CCR2=500:CCR3=500:ADC_STATUS=11:FAULT=1:FAULT_R=18:FAIL=0:RUN=0:em_stop1=1:em_stop2=1
@FOC:t=534000:run_id=UNSET:map_id=M0:map_crc32=00000000:I1=26081:I2=26427:Ires=16:Id=0:Iq=0:Id_ref=2000:Iq_ref=0:VBUS=62353:STATE=0:SPD=0:TH=0:sector=0:window=0:CCR1=500:CCR2=500:CCR3=500:ADC_STATUS=11:FAULT=1:FAULT_R=18:FAIL=0:RUN=0:em_stop1=1:em_stop2=1
@FOC:t=534100:run_id=UNSET:map_id=M0:map_crc32=00000000:I1=26081:I2=26427:Ires=16:Id=0:Iq=0:Id_ref=2000:Iq_ref=0:VBUS=62353:STATE=0:SPD=0:TH=0:sector=0:window=0:CCR1=500:CCR2=500:CCR3=500:ADC_STATUS=11:FAULT=1:FAULT_R=18:FAIL=0:RUN=0:em_stop1=1:em_stop2=1
@FOC:t=534200:run_id=UNSET:map_id=M0:map_crc32=00000000:I1=26081:I2=26427:Ires=16:Id=0:Iq=0:Id_ref=2000:Iq_ref=0:VBUS=62353:STATE=0:SPD=0:TH=0:sector=0:window=0:CCR1=500:CCR2=500:CCR3=500:ADC_STATUS=11:FAULT=1:FAULT_R=18:FAIL=0:RUN=0:em_stop1=1:em_stop2=1
@FOC:t=534300:run_id=UNSET:map_id=M0:map_crc32=00000000:I1=26081:I2=26427:Ires=16:Id=0:Iq=0:Id_ref=2000:Iq_ref=0:VBUS=62353:STATE=0:SPD=0:TH=0:sector=0:window=0:CCR1=500:CCR2=500:CCR3=500:ADC_STATUS=11:FAULT=1:FAULT_R=18:FAIL=0:RUN=0:em_stop1=1:em_stop2=1
@FOC:t=534400:run_id=UNSET:map_id=M0:map_crc32=00000000:I1=26081:I2=26427:Ires=16:Id=0:Iq=0:Id_ref=2000:Iq_ref=0:VBUS=62353:STATE=0:SPD=0:TH=0:sector=0:window=0:CCR1=500:CCR2=500:CCR3=500:ADC_STATUS=11:FAULT=1:FAULT_R=18:FAIL=0:RUN=0:em_stop1=1:em_stop2=1
@FOC:t=534500:run_id=UNSET:map_id=M0:map_crc32=00000000:I1=26081:I2=26427:Ires=16:Id=0:Iq=0:Id_ref=2000:Iq_ref=0:VBUS=62353:STATE=0:SPD=0:TH=0:sector=0:window=0:CCR1=500:CCR2=500:CCR3=500:ADC_STATUS=11:FAULT=1:FAULT_R=18:FAIL=0:RUN=0:em_stop1=1:em_stop2=1
@FOC:t=534600:run_id=UNSET:map_id=M0:map_crc32=00000000:I1=26081:I2=26427:Ires=16:Id=0:Iq=0:Id_ref=2000:Iq_ref=0:VBUS=62353:STATE=0:SPD=0:TH=0:sector=0:window=0:CCR1=500:CCR2=500:CCR3=500:ADC_STATUS=11:FAULT=1:FAULT_R=18:FAIL=0:RUN=0:em_stop1=1:em_stop2=1
@FOC:t=534700:run_id=UNSET:map_id=M0:map_crc32=00000000:I1=26081:I2=26427:Ires=16:Id=0:Iq=0:Id_ref=2000:Iq_ref=0:VBUS=62353:STATE=0:SPD=0:TH=0:sector=0:window=0:CCR1=500:CCR2=500:CCR3=500:ADC_STATUS=11:FAULT=1:FAULT_R=18:FAIL=0:RUN=0:em_stop1=1:em_stop2=1
@FOC:t=534800:run_id=UNSET:map_id=M0:map_crc32=00000000:I1=26081:I2=26427:Ires=16:Id=0:Iq=0:Id_ref=2000:Iq_ref=0:VBUS=62353:STATE=0:SPD=0:TH=0:sector=0:window=0:CCR1=500:CCR2=500:CCR3=500:ADC_STATUS=11:FAULT=1:FAULT_R=18:FAIL=0:RUN=0:em_stop1=1:em_stop2=1
@FOC:t=534900:run_id=UNSET:map_id=M0:map_crc32=00000000:I1=26081:I2=26427:Ires=16:Id=0:Iq=0:Id_ref=2000:Iq_ref=0:VBUS=62353:STATE=0:SPD=0:TH=0:sector=0:window=0:CCR1=500:CCR2=500:CCR3=500:ADC_STATUS=11:FAULT=1:FAULT_R=18:FAIL=0:RUN=0:em_stop1=1:em_stop2=1
@FOC:t=535000:run_id=UNSET:map_id=M0:map_crc32=00000000:I1=26081:I2=26427:Ires=16:Id=0:Iq=0:Id_ref=2000:Iq_ref=0:VBUS=62353:STATE=0:SPD=0:TH=0:sector=0:window=0:CCR1=500:CCR2=500:CCR3=500:ADC_STATUS=11:FAULT=1:FAULT_R=18:FAIL=0:RUN=0:em_stop1=1:em_stop2=1
@FOC:t=535100:run_id=UNSET:map_id=M0:map_crc32=00000000:I1=26081:I2=26427:Ires=16:Id=0:Iq=0:Id_ref=2000:Iq_ref=0:VBUS=62353:STATE=0:SPD=0:TH=0:sector=0:window=0:CCR1=500:CCR2=500:CCR3=500:ADC_STATUS=11:FAULT=1:FAULT_R=18:FAIL=0:RUN=0:em_stop1=1:em_stop2=1
@FOC:t=535200:run_id=UNSET:map_id=M0:map_crc32=00000000:I1=26081:I2=26427:Ires=16:Id=0:Iq=0:Id_ref=2000:Iq_ref=0:VBUS=62353:STATE=0:SPD=0:TH=0:sector=0:window=0:CCR1=500:CCR2=500:CCR3=500:ADC_STATUS=11:FAULT=1:FAULT_R=18:FAIL=0:RUN=0:em_stop1=1:em_stop2=1
@FOC:t=535300:run_id=UNSET:map_id=M0:map_crc32=00000000:I1=26081:I2=26427:Ires=16:Id=0:Iq=0:Id_ref=2000:Iq_ref=0:VBUS=62353:STATE=0:SPD=0:TH=0:sector=0:window=0:CCR1=500:CCR2=500:CCR3=500:ADC_STATUS=11:FAULT=1:FAULT_R=18:FAIL=0:RUN=0:em_stop1=1:em_stop2=1
@FOC:t=535400:run_id=UNSET:map_id=M0:map_crc32=00000000:I1=26081:I2=26427:Ires=16:Id=0:Iq=0:Id_ref=2000:Iq_ref=0:VBUS=62353:STATE=0:SPD=0:TH=0:sector=0:window=0:CCR1=500:CCR2=500:CCR3=500:ADC_STATUS=11:FAULT=1:FAULT_R=18:FAIL=0:RUN=0:em_stop1=1:em_stop2=1
@FOC:t=535500:run_id=UNSET:map_id=M0:map_crc32=00000000:I1=26081:I2=26427:Ires=16:Id=0:Iq=0:Id_ref=2000:Iq_ref=0:VBUS=62353:STATE=0:SPD=0:TH=0:sector=0:window=0:CCR1=500:CCR2=500:CCR3=500:ADC_STATUS=11:FAULT=1:FAULT_R=18:FAIL=0:RUN=0:em_stop1=1:em_stop2=1
@FOC:t=535600:run_id=UNSET:map_id=M0:map_crc32=00000000:I1=26081:I2=26427:Ires=16:Id=0:Iq=0:Id_ref=2000:Iq_ref=0:VBUS=62353:STATE=0:SPD=0:TH=0:sector=0:window=0:CCR1=500:CCR2=500:CCR3=500:ADC_STATUS=11:FAULT=1:FAULT_R=18:FAIL=0:RUN=0:em_stop1=1:em_stop2=1
@FOC:t=535700:run_id=UNSET:map_id=M0:map_crc32=00000000:I1=26081:I2=26427:Ires=16:Id=0:Iq=0:Id_ref=2000:Iq_ref=0:VBUS=62353:STATE=0:SPD=0:TH=0:sector=0:window=0:CCR1=500:CCR2=500:CCR3=500:ADC_STATUS=11:FAULT=1:FAULT_R=18:FAIL=0:RUN=0:em_stop1=1:em_stop2=1
@FOC:t=535800:run_id=UNSET:map_id=M0:map_crc32=00000000:I1=26081:I2=26427:Ires=16:Id=0:Iq=0:Id_ref=2000:Iq_ref=0:VBUS=62353:STATE=0:SPD=0:TH=0:sector=0:window=0:CCR1=500:CCR2=500:CCR3=500:ADC_STATUS=11:FAULT=1:FAULT_R=18:FAIL=0:RUN=0:em_stop1=1:em_stop2=1
@FOC:t=535900:run_id=UNSET:map_id=M0:map_crc32=00000000:I1=26081:I2=26427:Ires=16:Id=0:Iq=0:Id_ref=2000:Iq_ref=0:VBUS=62353:STATE=0:SPD=0:TH=0:sector=0:window=0:CCR1=500:CCR2=500:CCR3=500:ADC_STATUS=11:FAULT=1:FAULT_R=18:FAIL=0:RUN=0:em_stop1=1:em_stop2=1
@FOC:t=536000:run_id=UNSET:map_id=M0:map_crc32=00000000:I1=26081:I2=26427:Ires=16:Id=0:Iq=0:Id_ref=2000:Iq_ref=0:VBUS=62353:STATE=0:SPD=0:TH=0:sector=0:window=0:CCR1=500:CCR2=500:CCR3=500:ADC_STATUS=11:FAULT=1:FAULT_R=18:FAIL=0:RUN=0:em_stop1=1:em_stop2=1
> dumpa
@ADUMP:SQR1=0x00000140:CFGR=0x80000000:SMPR1=0x00038FC0:JSQR=0x00A18482:DIFSEL=0x00000000:CR=0x10000001:ISR=0x0000000B:DR=0x026B:JDR1=0x0000:JDR2=0x0000:JDR3=0x0000:JDR4=0x0000:ADC1_CR=0x10000001:ADC1_ISR=0x0000000B
> @FOC:t=536100:run_id=UNSET:map_id=M0:map_crc32=00000000:I1=26081:I2=26427:Ires=16:Id=0:Iq=0:Id_ref=2000:Iq_ref=0:VBUS=62353:STATE=0:SPD=0:TH=0:sector=0:window=0:CCR1=500:CCR2=500:CCR3=500:ADC_STATUS=11:FAULT=1:FAULT_R=18:FAIL=0:RUN=0:em_stop1=1:em_stop2=1
@FOC:t=536200:run_id=UNSET:map_id=M0:map_crc32=00000000:I1=26081:I2=26427:Ires=16:Id=0:Iq=0:Id_ref=2000:Iq_ref=0:VBUS=62353:STATE=0:SPD=0:TH=0:sector=0:window=0:CCR1=500:CCR2=500:CCR3=500:ADC_STATUS=11:FAULT=1:FAULT_R=18:FAIL=0:RUN=0:em_stop1=1:em_stop2=1
@FOC:t=536300:run_id=UNSET:map_id=M0:map_crc32=00000000:I1=26081:I2=26427:Ires=16:Id=0:Iq=0:Id_ref=2000:Iq_ref=0:VBUS=62353:STATE=0:SPD=0:TH=0:sector=0:window=0:CCR1=500:CCR2=500:CCR3=500:ADC_STATUS=11:FAULT=1:FAULT_R=18:FAIL=0:RUN=0:em_stop1=1:em_stop2=1
@FOC:t=536400:run_id=UNSET:map_id=M0:map_crc32=00000000:I1=26081:I2=26427:Ires=16:Id=0:Iq=0:Id_ref=2000:Iq_ref=0:VBUS=62353:STATE=0:SPD=0:TH=0:sector=0:window=0:CCR1=500:CCR2=500:CCR3=500:ADC_STATUS=11:FAULT=1:FAULT_R=18:FAIL=0:RUN=0:em_stop1=1:em_stop2=1
@FOC:t=536500:run_id=UNSET:map_id=M0:map_crc32=00000000:I1=26081:I2=26427:Ires=16:Id=0:Iq=0:Id_ref=2000:Iq_ref=0:VBUS=62353:STATE=0:SPD=0:TH=0:sector=0:window=0:CCR1=500:CCR2=500:CCR3=500:ADC_STATUS=11:FAULT=1:FAULT_R=18:FAIL=0:RUN=0:em_stop1=1:em_stop2=1
@FOC:t=536600:run_id=UNSET:map_id=M0:map_crc32=00000000:I1=26081:I2=26427:Ires=16:Id=0:Iq=0:Id_ref=2000:Iq_ref=0:VBUS=62353:STATE=0:SPD=0:TH=0:sector=0:window=0:CCR1=500:CCR2=500:CCR3=500:ADC_STATUS=11:FAULT=1:FAULT_R=18:FAIL=0:RUN=0:em_stop1=1:em_stop2=1
@FOC:t=536700:run_id=UNSET:map_id=M0:map_crc32=00000000:I1=26081:I2=26427:Ires=16:Id=0:Iq=0:Id_ref=2000:Iq_ref=0:VBUS=62353:STATE=0:SPD=0:TH=0:sector=0:window=0:CCR1=500:CCR2=500:CCR3=500:ADC_STATUS=11:FAULT=1:FAULT_R=18:FAIL=0:RUN=0:em_stop1=1:em_stop2=1
@FOC:t=536800:run_id=UNSET:map_id=M0:map_crc32=00000000:I1=26081:I2=26427:Ires=16:Id=0:Iq=0:Id_ref=2000:Iq_ref=0:VBUS=62353:STATE=0:SPD=0:TH=0:sector=0:window=0:CCR1=500:CCR2=500:CCR3=500:ADC_STATUS=11:FAULT=1:FAULT_R=18:FAIL=0:RUN=0:em_stop1=1:em_stop2=1
@FOC:t=536900:run_id=UNSET:map_id=M0:map_crc32=00000000:I1=26081:I2=26427:Ires=16:Id=0:Iq=0:Id_ref=2000:Iq_ref=0:VBUS=62353:STATE=0:SPD=0:TH=0:sector=0:window=0:CCR1=500:CCR2=500:CCR3=500:ADC_STATUS=11:FAULT=1:FAULT_R=18:FAIL=0:RUN=0:em_stop1=1:em_stop2=1
@FOC:t=537000:run_id=UNSET:map_id=M0:map_crc32=00000000:I1=26081:I2=26427:Ires=16:Id=0:Iq=0:Id_ref=2000:Iq_ref=0:VBUS=62353:STATE=0:SPD=0:TH=0:sector=0:window=0:CCR1=500:CCR2=500:CCR3=500:ADC_STATUS=11:FAULT=1:FAULT_R=18:FAIL=0:RUN=0:em_stop1=1:em_stop2=1
@FOC:t=537100:run_id=UNSET:map_id=M0:map_crc32=00000000:I1=26081:I2=26427:Ires=16:Id=0:Iq=0:Id_ref=2000:Iq_ref=0:VBUS=62353:STATE=0:SPD=0:TH=0:sector=0:window=0:CCR1=500:CCR2=500:CCR3=500:ADC_STATUS=11:FAULT=1:FAULT_R=18:FAIL=0:RUN=0:em_stop1=1:em_stop2=1
@FOC:t=537200:run_id=UNSET:map_id=M0:map_crc32=00000000:I1=26081:I2=26427:Ires=16:Id=0:Iq=0:Id_ref=2000:Iq_ref=0:VBUS=62353:STATE=0:SPD=0:TH=0:sector=0:window=0:CCR1=500:CCR2=500:CCR3=500:ADC_STATUS=11:FAULT=1:FAULT_R=18:FAIL=0:RUN=0:em_stop1=1:em_stop2=1
@FOC:t=537300:run_id=UNSET:map_id=M0:map_crc32=00000000:I1=26081:I2=26427:Ires=16:Id=0:Iq=0:Id_ref=2000:Iq_ref=0:VBUS=62353:STATE=0:SPD=0:TH=0:sector=0:window=0:CCR1=500:CCR2=500:CCR3=500:ADC_STATUS=11:FAULT=1:FAULT_R=18:FAIL=0:RUN=0:em_stop1=1:em_stop2=1
@FOC:t=537400:run_id=UNSET:map_id=M0:map_crc32=00000000:I1=26081:I2=26427:Ires=16:Id=0:Iq=0:Id_ref=2000:Iq_ref=0:VBUS=62353:STATE=0:SPD=0:TH=0:sector=0:window=0:CCR1=500:CCR2=500:CCR3=500:ADC_STATUS=11:FAULT=1:FAULT_R=18:FAIL=0:RUN=0:em_stop1=1:em_stop2=1
@FOC:t=537500:run_id=UNSET:map_id=M0:map_crc32=00000000:I1=26081:I2=26427:Ires=16:Id=0:Iq=0:Id_ref=2000:Iq_ref=0:VBUS=62353:STATE=0:SPD=0:TH=0:sector=0:window=0:CCR1=500:CCR2=500:CCR3=500:ADC_STATUS=11:FAULT=1:FAULT_R=18:FAIL=0:RUN=0:em_stop1=1:em_stop2=1
@FOC:t=537600:run_id=UNSET:map_id=M0:map_crc32=00000000:I1=26081:I2=26427:Ires=16:Id=0:Iq=0:Id_ref=2000:Iq_ref=0:VBUS=62353:STATE=0:SPD=0:TH=0:sector=0:window=0:CCR1=500:CCR2=500:CCR3=500:ADC_STATUS=11:FAULT=1:FAULT_R=18:FAIL=0:RUN=0:em_stop1=1:em_stop2=1
@FOC:t=537700:run_id=UNSET:map_id=M0:map_crc32=00000000:I1=26081:I2=26427:Ires=16:Id=0:Iq=0:Id_ref=2000:Iq_ref=0:VBUS=62353:STATE=0:SPD=0:TH=0:sector=0:window=0:CCR1=500:CCR2=500:CCR3=500:ADC_STATUS=11:FAULT=1:FAULT_R=18:FAIL=0:RUN=0:em_stop1=1:em_stop2=1
@FOC:t=537800:run_id=UNSET:map_id=M0:map_crc32=00000000:I1=26081:I2=26427:Ires=16:Id=0:Iq=0:Id_ref=2000:Iq_ref=0:VBUS=62353:STATE=0:SPD=0:TH=0:sector=0:window=0:CCR1=500:CCR2=500:CCR3=500:ADC_STATUS=11:FAULT=1:FAULT_R=18:FAIL=0:RUN=0:em_stop1=1:em_stop2=1
@FOC:t=537900:run_id=UNSET:map_id=M0:map_crc32=00000000:I1=26081:I2=26427:Ires=16:Id=0:Iq=0:Id_ref=2000:Iq_ref=0:VBUS=62353:STATE=0:SPD=0:TH=0:sector=0:window=0:CCR1=500:CCR2=500:CCR3=500:ADC_STATUS=11:FAULT=1:FAULT_R=18:FAIL=0:RUN=0:em_stop1=1:em_stop2=1
@FOC:t=538000:run_id=UNSET:map_id=M0:map_crc32=00000000:I1=26081:I2=26427:Ires=16:Id=0:Iq=0:Id_ref=2000:Iq_ref=0:VBUS=62353:STATE=0:SPD=0:TH=0:sector=0:window=0:CCR1=500:CCR2=500:CCR3=500:ADC_STATUS=11:FAULT=1:FAULT_R=18:FAIL=0:RUN=0:em_stop1=1:em_stop2=1
@FOC:t=538100:run_id=UNSET:map_id=M0:map_crc32=00000000:I1=26081:I2=26427:Ires=16:Id=0:Iq=0:Id_ref=2000:Iq_ref=0:VBUS=62353:STATE=0:SPD=0:TH=0:sector=0:window=0:CCR1=500:CCR2=500:CCR3=500:ADC_STATUS=11:FAULT=1:FAULT_R=18:FAIL=0:RUN=0:em_stop1=1:em_stop2=1
@FOC:t=538200:run_id=UNSET:map_id=M0:map_crc32=00000000:I1=26081:I2=26427:Ires=16:Id=0:Iq=0:Id_ref=2000:Iq_ref=0:VBUS=62353:STATE=0:SPD=0:TH=0:sector=0:window=0:CCR1=500:CCR2=500:CCR3=500:ADC_STATUS=11:FAULT=1:FAULT_R=18:FAIL=0:RUN=0:em_stop1=1:em_stop2=1
@FOC:t=538300:run_id=UNSET:map_id=M0:map_crc32=00000000:I1=26081:I2=26427:Ires=16:Id=0:Iq=0:Id_ref=2000:Iq_ref=0:VBUS=62353:STATE=0:SPD=0:TH=0:sector=0:window=0:CCR1=500:CCR2=500:CCR3=500:ADC_STATUS=11:FAULT=1:FAULT_R=18:FAIL=0:RUN=0:em_stop1=1:em_stop2=1
@FOC:t=538400:run_id=UNSET:map_id=M0:map_crc32=00000000:I1=26081:I2=26427:Ires=16:Id=0:Iq=0:Id_ref=2000:Iq_ref=0:VBUS=62353:STATE=0:SPD=0:TH=0:sector=0:window=0:CCR1=500:CCR2=500:CCR3=500:ADC_STATUS=11:FAULT=1:FAULT_R=18:FAIL=0:RUN=0:em_stop1=1:em_stop2=1
@FOC:t=538500:run_id=UNSET:map_id=M0:map_crc32=00000000:I1=26081:I2=26427:Ires=16:Id=0:Iq=0:Id_ref=2000:Iq_ref=0:VBUS=62353:STATE=0:SPD=0:TH=0:sector=0:window=0:CCR1=500:CCR2=500:CCR3=500:ADC_STATUS=11:FAULT=1:FAULT_R=18:FAIL=0:RUN=0:em_stop1=1:em_stop2=1
