# baseline capture: port=COM4 baud=115200 eol='\r\n' commands=c,f,a?,p?,sysinfo,enc
> c
@ADC:CAL:offset_i1=2038:offset_i2=2068:offset_ires=0
> @FOC:t=871600:run_id=UNSET:map_id=M0:map_crc32=00000000:I1=26081:I2=26427:Ires=16:Id=0:Iq=0:Id_ref=2000:Iq_ref=0:VBUS=62353:STATE=0:SPD=0:TH=0:sector=0:window=0:CCR1=500:CCR2=500:CCR3=500:ADC_STATUS=11:FAULT=1:FAULT_R=18:FAIL=0:RUN=0:em_stop1=1:em_stop2=1
@FOC:t=871700:run_id=UNSET:map_id=M0:map_crc32=00000000:I1=26081:I2=26427:Ires=16:Id=0:Iq=0:Id_ref=2000:Iq_ref=0:VBUS=62353:STATE=0:SPD=0:TH=0:sector=0:window=0:CCR1=500:CCR2=500:CCR3=500:ADC_STATUS=11:FAULT=1:FAULT_R=18:FAIL=0:RUN=0:em_stop1=1:em_stop2=1
@FOC:t=871800:run_id=UNSET:map_id=M0:map_crc32=00000000:I1=26081:I2=26427:Ires=16:Id=0:Iq=0:Id_ref=2000:Iq_ref=0:VBUS=62353:STATE=0:SPD=0:TH=0:sector=0:window=0:CCR1=500:CCR2=500:CCR3=500:ADC_STATUS=11:FAULT=1:FAULT_R=18:FAIL=0:RUN=0:em_stop1=1:em_stop2=1
@FOC:t=871900:run_id=UNSET:map_id=M0:map_crc32=00000000:I1=26081:I2=26427:Ires=16:Id=0:Iq=0:Id_ref=2000:Iq_ref=0:VBUS=62353:STATE=0:SPD=0:TH=0:sector=0:window=0:CCR1=500:CCR2=500:CCR3=500:ADC_STATUS=11:FAULT=1:FAULT_R=18:FAIL=0:RUN=0:em_stop1=1:em_stop2=1
@FOC:t=872000:run_id=UNSET:map_id=M0:map_crc32=00000000:I1=26081:I2=26427:Ires=16:Id=0:Iq=0:Id_ref=2000:Iq_ref=0:VBUS=62353:STATE=0:SPD=0:TH=0:sector=0:window=0:CCR1=500:CCR2=500:CCR3=500:ADC_STATUS=11:FAULT=1:FAULT_R=18:FAIL=0:RUN=0:em_stop1=1:em_stop2=1
@FOC:t=872100:run_id=UNSET:map_id=M0:map_crc32=00000000:I1=26081:I2=26427:Ires=16:Id=0:Iq=0:Id_ref=2000:Iq_ref=0:VBUS=62353:STATE=0:SPD=0:TH=0:sector=0:window=0:CCR1=500:CCR2=500:CCR3=500:ADC_STATUS=11:FAULT=1:FAULT_R=18:FAIL=0:RUN=0:em_stop1=1:em_stop2=1
@FOC:t=872200:run_id=UNSET:map_id=M0:map_crc32=00000000:I1=26081:I2=26427:Ires=16:Id=0:Iq=0:Id_ref=2000:Iq_ref=0:VBUS=62353:STATE=0:SPD=0:TH=0:sector=0:window=0:CCR1=500:CCR2=500:CCR3=500:ADC_STATUS=11:FAULT=1:FAULT_R=18:FAIL=0:RUN=0:em_stop1=1:em_stop2=1
@FOC:t=872300:run_id=UNSET:map_id=M0:map_crc32=00000000:I1=26081:I2=26427:Ires=16:Id=0:Iq=0:Id_ref=2000:Iq_ref=0:VBUS=62353:STATE=0:SPD=0:TH=0:sector=0:window=0:CCR1=500:CCR2=500:CCR3=500:ADC_STATUS=11:FAULT=1:FAULT_R=18:FAIL=0:RUN=0:em_stop1=1:em_stop2=1
@FOC:t=872400:run_id=UNSET:map_id=M0:map_crc32=00000000:I1=26081:I2=26427:Ires=16:Id=0:Iq=0:Id_ref=2000:Iq_ref=0:VBUS=62353:STATE=0:SPD=0:TH=0:sector=0:window=0:CCR1=500:CCR2=500:CCR3=500:ADC_STATUS=11:FAULT=1:FAULT_R=18:FAIL=0:RUN=0:em_stop1=1:em_stop2=1
@FOC:t=872500:run_id=UNSET:map_id=M0:map_crc32=00000000:I1=26081:I2=26427:Ires=16:Id=0:Iq=0:Id_ref=2000:Iq_ref=0:VBUS=62353:STATE=0:SPD=0:TH=0:sector=0:window=0:CCR1=500:CCR2=500:CCR3=500:ADC_STATUS=11:FAULT=1:FAULT_R=18:FAIL=0:RUN=0:em_stop1=1:em_stop2=1
@FOC:t=872600:run_id=UNSET:map_id=M0:map_crc32=00000000:I1=26081:I2=26427:Ires=16:Id=0:Iq=0:Id_ref=2000:Iq_ref=0:VBUS=62353:STATE=0:SPD=0:TH=0:sector=0:window=0:CCR1=500:CCR2=500:CCR3=500:ADC_STATUS=11:FAULT=1:FAULT_R=18:FAIL=0:RUN=0:em_stop1=1:em_stop2=1
@FOC:t=872700:run_id=UNSET:map_id=M0:map_crc32=00000000:I1=26081:I2=26427:Ires=16:Id=0:Iq=0:Id_ref=2000:Iq_ref=0:VBUS=62353:STATE=0:SPD=0:TH=0:sector=0:window=0:CCR1=500:CCR2=500:CCR3=500:ADC_STATUS=11:FAULT=1:FAULT_R=18:FAIL=0:RUN=0:em_stop1=1:em_stop2=1
@FOC:t=872800:run_id=UNSET:map_id=M0:map_crc32=00000000:I1=26081:I2=26427:Ires=16:Id=0:Iq=0:Id_ref=2000:Iq_ref=0:VBUS=62353:STATE=0:SPD=0:TH=0:sector=0:window=0:CCR1=500:CCR2=500:CCR3=500:ADC_STATUS=11:FAULT=1:FAULT_R=18:FAIL=0:RUN=0:em_stop1=1:em_stop2=1
@FOC:t=872900:run_id=UNSET:map_id=M0:map_crc32=00000000:I1=26081:I2=26427:Ires=16:Id=0:Iq=0:Id_ref=2000:Iq_ref=0:VBUS=62353:STATE=0:SPD=0:TH=0:sector=0:window=0:CCR1=500:CCR2=500:CCR3=500:ADC_STATUS=11:FAULT=1:FAULT_R=18:FAIL=0:RUN=0:em_stop1=1:em_stop2=1
@FOC:t=873000:run_id=UNSET:map_id=M0:map_crc32=00000000:I1=26081:I2=26427:Ires=16:Id=0:Iq=0:Id_ref=2000:Iq_ref=0:VBUS=62353:STATE=0:SPD=0:TH=0:sector=0:window=0:CCR1=500:CCR2=500:CCR3=500:ADC_STATUS=11:FAULT=1:FAULT_R=18:FAIL=0:RUN=0:em_stop1=1:em_stop2=1
@FOC:t=873100:run_id=UNSET:map_id=M0:map_crc32=00000000:I1=26081:I2=26427:Ires=16:Id=0:Iq=0:Id_ref=2000:Iq_ref=0:VBUS=62353:STATE=0:SPD=0:TH=0:sector=0:window=0:CCR1=500:CCR2=500:CCR3=500:ADC_STATUS=11:FAULT=1:FAULT_R=18:FAIL=0:RUN=0:em_stop1=1:em_stop2=1
@FOC:t=873200:run_id=UNSET:map_id=M0:map_crc32=00000000:I1=26081:I2=26427:Ires=16:Id=0:Iq=0:Id_ref=2000:Iq_ref=0:VBUS=62353:STATE=0:SPD=0:TH=0:sector=0:window=0:CCR1=500:CCR2=500:CCR3=500:ADC_STATUS=11:FAULT=1:FAULT_R=18:FAIL=0:RUN=0:em_stop1=1:em_stop2=1
@FOC:t=873300:run_id=UNSET:map_id=M0:map_crc32=00000000:I1=26081:I2=26427:Ires=16:Id=0:Iq=0:Id_ref=2000:Iq_ref=0:VBUS=62353:STATE=0:SPD=0:TH=0:sector=0:window=0:CCR1=500:CCR2=500:CCR3=500:ADC_STATUS=11:FAULT=1:FAULT_R=18:FAIL=0:RUN=0:em_stop1=1:em_stop2=1
@FOC:t=873400:run_id=UNSET:map_id=M0:map_crc32=00000000:I1=26081:I2=26427:Ires=16:Id=0:Iq=0:Id_ref=2000:Iq_ref=0:VBUS=62353:STATE=0:SPD=0:TH=0:sector=0:window=0:CCR1=500:CCR2=500:CCR3=500:ADC_STATUS=11:FAULT=1:FAULT_R=18:FAIL=0:RUN=0:em_stop1=1:em_stop2=1
@FOC:t=873500:run_id=UNSET:map_id=M0:map_crc32=00000000:I1=26081:I2=26427:Ires=16:Id=0:Iq=0:Id_ref=2000:Iq_ref=0:VBUS=62353:STATE=0:SPD=0:TH=0:sector=0:window=0:CCR1=500:CCR2=500:CCR3=500:ADC_STATUS=11:FAULT=1:FAULT_R=18:FAIL=0:RUN=0:em_stop1=1:em_stop2=1
@FOC:t=873600:run_id=UNSET:map_id=M0:map_crc32=00000000:I1=26081:I2=26427:Ires=16:Id=0:Iq=0:Id_ref=2000:Iq_ref=0:VBUS=62353:STATE=0:SPD=0:TH=0:sector=0:window=0:CCR1=500:CCR2=500:CCR3=500:ADC_STATUS=11:FAULT=1:FAULT_R=18:FAIL=0:RUN=0:em_stop1=1:em_stop2=1
@FOC:t=873700:run_id=UNSET:map_id=M0:map_crc32=00000000:I1=26081:I2=26427:Ires=16:Id=0:Iq=0:Id_ref=2000:Iq_ref=0:VBUS=62353:STATE=0:SPD=0:TH=0:sector=0:window=0:CCR1=500:CCR2=500:CCR3=500:ADC_STATUS=11:FAULT=1:FAULT_R=18:FAIL=0:RUN=0:em_stop1=1:em_stop2=1
@FOC:t=873800:run_id=UNSET:map_id=M0:map_crc32=00000000:I1=26081:I2=26427:Ires=16:Id=0:Iq=0:Id_ref=2000:Iq_ref=0:VBUS=62353:STATE=0:SPD=0:TH=0:sector=0:window=0:CCR1=500:CCR2=500:CCR3=500:ADC_STATUS=11:FAULT=1:FAULT_R=18:FAIL=0:RUN=0:em_stop1=1:em_stop2=1
@FOC:t=873900:run_id=UNSET:map_id=M0:map_crc32=00000000:I1=26081:I2=26427:Ires=16:Id=0:Iq=0:Id_ref=2000:Iq_ref=0:VBUS=62353:STATE=0:SPD=0:TH=0:sector=0:window=0:CCR1=500:CCR2=500:CCR3=500:ADC_STATUS=11:FAULT=1:FAULT_R=18:FAIL=0:RUN=0:em_stop1=1:em_stop2=1
@FOC:t=874000:run_id=UNSET:map_id=M0:map_crc32=00000000:I1=26081:I2=26427:Ires=16:Id=0:Iq=0:Id_ref=2000:Iq_ref=0:VBUS=62353:STATE=0:SPD=0:TH=0:sector=0:window=0:CCR1=500:CCR2=500:CCR3=500:ADC_STATUS=11:FAULT=1:FAULT_R=18:FAIL=0:RUN=0:em_stop1=1:em_stop2=1
> f
fault cleared
> @FOC:t=874100:run_id=UNSET:map_id=M0:map_crc32=00000000:I1=25:I2=12:Ires=0:Id=0:Iq=0:Id_ref=2000:Iq_ref=0:VBUS=62454:STATE=0:SPD=0:TH=0:sector=0:window=0:CCR1=500:CCR2=500:CCR3=500:ADC_STATUS=11:FAULT=0:FAULT_R=0:FAIL=0:RUN=0:em_stop1=1:em_stop2=1
@FOC:t=874200:run_id=UNSET:map_id=M0:map_crc32=00000000:I1=25:I2=12:Ires=0:Id=0:Iq=0:Id_ref=2000:Iq_ref=0:VBUS=62454:STATE=0:SPD=0:TH=0:sector=0:window=0:CCR1=500:CCR2=500:CCR3=500:ADC_STATUS=11:FAULT=0:FAULT_R=0:FAIL=0:RUN=0:em_stop1=1:em_stop2=1
@FOC:t=874300:run_id=UNSET:map_id=M0:map_crc32=00000000:I1=25:I2=12:Ires=0:Id=0:Iq=0:Id_ref=2000:Iq_ref=0:VBUS=62454:STATE=0:SPD=0:TH=0:sector=0:window=0:CCR1=500:CCR2=500:CCR3=500:ADC_STATUS=11:FAULT=0:FAULT_R=0:FAIL=0:RUN=0:em_stop1=1:em_stop2=1
@FOC:t=874400:run_id=UNSET:map_id=M0:map_crc32=00000000:I1=25:I2=12:Ires=0:Id=0:Iq=0:Id_ref=2000:Iq_ref=0:VBUS=62454:STATE=0:SPD=0:TH=0:sector=0:window=0:CCR1=500:CCR2=500:CCR3=500:ADC_STATUS=11:FAULT=0:FAULT_R=0:FAIL=0:RUN=0:em_stop1=1:em_stop2=1
@FOC:t=874500:run_id=UNSET:map_id=M0:map_crc32=00000000:I1=25:I2=12:Ires=0:Id=0:Iq=0:Id_ref=2000:Iq_ref=0:VBUS=62454:STATE=0:SPD=0:TH=0:sector=0:window=0:CCR1=500:CCR2=500:CCR3=500:ADC_STATUS=11:FAULT=0:FAULT_R=0:FAIL=0:RUN=0:em_stop1=1:em_stop2=1
@FOC:t=874600:run_id=UNSET:map_id=M0:map_crc32=00000000:I1=25:I2=12:Ires=0:Id=0:Iq=0:Id_ref=2000:Iq_ref=0:VBUS=62454:STATE=0:SPD=0:TH=0:sector=0:window=0:CCR1=500:CCR2=500:CCR3=500:ADC_STATUS=11:FAULT=0:FAULT_R=0:FAIL=0:RUN=0:em_stop1=1:em_stop2=1
@FOC:t=874700:run_id=UNSET:map_id=M0:map_crc32=00000000:I1=25:I2=12:Ires=0:Id=0:Iq=0:Id_ref=2000:Iq_ref=0:VBUS=62454:STATE=0:SPD=0:TH=0:sector=0:window=0:CCR1=500:CCR2=500:CCR3=500:ADC_STATUS=11:FAULT=0:FAULT_R=0:FAIL=0:RUN=0:em_stop1=1:em_stop2=1
@FOC:t=874800:run_id=UNSET:map_id=M0:map_crc32=00000000:I1=25:I2=12:Ires=0:Id=0:Iq=0:Id_ref=2000:Iq_ref=0:VBUS=62454:STATE=0:SPD=0:TH=0:sector=0:window=0:CCR1=500:CCR2=500:CCR3=500:ADC_STATUS=11:FAULT=0:FAULT_R=0:FAIL=0:RUN=0:em_stop1=1:em_stop2=1
@FOC:t=874900:run_id=UNSET:map_id=M0:map_crc32=00000000:I1=25:I2=12:Ires=0:Id=0:Iq=0:Id_ref=2000:Iq_ref=0:VBUS=62454:STATE=0:SPD=0:TH=0:sector=0:window=0:CCR1=500:CCR2=500:CCR3=500:ADC_STATUS=11:FAULT=0:FAULT_R=0:FAIL=0:RUN=0:em_stop1=1:em_stop2=1
@FOC:t=875000:run_id=UNSET:map_id=M0:map_crc32=00000000:I1=25:I2=12:Ires=0:Id=0:Iq=0:Id_ref=2000:Iq_ref=0:VBUS=62454:STATE=0:SPD=0:TH=0:sector=0:window=0:CCR1=500:CCR2=500:CCR3=500:ADC_STATUS=11:FAULT=0:FAULT_R=0:FAIL=0:RUN=0:em_stop1=1:em_stop2=1
@FOC:t=875100:run_id=UNSET:map_id=M0:map_crc32=00000000:I1=25:I2=12:Ires=0:Id=0:Iq=0:Id_ref=2000:Iq_ref=0:VBUS=62454:STATE=0:SPD=0:TH=0:sector=0:window=0:CCR1=500:CCR2=500:CCR3=500:ADC_STATUS=11:FAULT=0:FAULT_R=0:FAIL=0:RUN=0:em_stop1=1:em_stop2=1
@FOC:t=875200:run_id=UNSET:map_id=M0:map_crc32=00000000:I1=25:I2=12:Ires=0:Id=0:Iq=0:Id_ref=2000:Iq_ref=0:VBUS=62454:STATE=0:SPD=0:TH=0:sector=0:window=0:CCR1=500:CCR2=500:CCR3=500:ADC_STATUS=11:FAULT=0:FAULT_R=0:FAIL=0:RUN=0:em_stop1=1:em_stop2=1
@FOC:t=875300:run_id=UNSET:map_id=M0:map_crc32=00000000:I1=25:I2=12:Ires=0:Id=0:Iq=0:Id_ref=2000:Iq_ref=0:VBUS=62454:STATE=0:SPD=0:TH=0:sector=0:window=0:CCR1=500:CCR2=500:CCR3=500:ADC_STATUS=11:FAULT=0:FAULT_R=0:FAIL=0:RUN=0:em_stop1=1:em_stop2=1
@FOC:t=875400:run_id=UNSET:map_id=M0:map_crc32=00000000:I1=25:I2=12:Ires=0:Id=0:Iq=0:Id_ref=2000:Iq_ref=0:VBUS=62454:STATE=0:SPD=0:TH=0:sector=0:window=0:CCR1=500:CCR2=500:CCR3=500:ADC_STATUS=11:FAULT=0:FAULT_R=0:FAIL=0:RUN=0:em_stop1=1:em_stop2=1
@FOC:t=875500:run_id=UNSET:map_id=M0:map_crc32=00000000:I1=25:I2=12:Ires=0:Id=0:Iq=0:Id_ref=2000:Iq_ref=0:VBUS=62454:STATE=0:SPD=0:TH=0:sector=0:window=0:CCR1=500:CCR2=500:CCR3=500:ADC_STATUS=11:FAULT=0:FAULT_R=0:FAIL=0:RUN=0:em_stop1=1:em_stop2=1
@FOC:t=875600:run_id=UNSET:map_id=M0:map_crc32=00000000:I1=25:I2=12:Ires=0:Id=0:Iq=0:Id_ref=2000:Iq_ref=0:VBUS=62454:STATE=0:SPD=0:TH=0:sector=0:window=0:CCR1=500:CCR2=500:CCR3=500:ADC_STATUS=11:FAULT=0:FAULT_R=0:FAIL=0:RUN=0:em_stop1=1:em_stop2=1
@FOC:t=875700:run_id=UNSET:map_id=M0:map_crc32=00000000:I1=25:I2=12:Ires=0:Id=0:Iq=0:Id_ref=2000:Iq_ref=0:VBUS=62454:STATE=0:SPD=0:TH=0:sector=0:window=0:CCR1=500:CCR2=500:CCR3=500:ADC_STATUS=11:FAULT=0:FAULT_R=0:FAIL=0:RUN=0:em_stop1=1:em_stop2=1
@FOC:t=875800:run_id=UNSET:map_id=M0:map_crc32=00000000:I1=25:I2=12:Ires=0:Id=0:Iq=0:Id_ref=2000:Iq_ref=0:VBUS=62454:STATE=0:SPD=0:TH=0:sector=0:window=0:CCR1=500:CCR2=500:CCR3=500:ADC_STATUS=11:FAULT=0:FAULT_R=0:FAIL=0:RUN=0:em_stop1=1:em_stop2=1
@FOC:t=875900:run_id=UNSET:map_id=M0:map_crc32=00000000:I1=25:I2=12:Ires=0:Id=0:Iq=0:Id_ref=2000:Iq_ref=0:VBUS=62454:STATE=0:SPD=0:TH=0:sector=0:window=0:CCR1=500:CCR2=500:CCR3=500:ADC_STATUS=11:FAULT=0:FAULT_R=0:FAIL=0:RUN=0:em_stop1=1:em_stop2=1
@FOC:t=876000:run_id=UNSET:map_id=M0:map_crc32=00000000:I1=25:I2=12:Ires=0:Id=0:Iq=0:Id_ref=2000:Iq_ref=0:VBUS=62454:STATE=0:SPD=0:TH=0:sector=0:window=0:CCR1=500:CCR2=500:CCR3=500:ADC_STATUS=11:FAULT=0:FAULT_R=0:FAIL=0:RUN=0:em_stop1=1:em_stop2=1
@FOC:t=876100:run_id=UNSET:map_id=M0:map_crc32=00000000:I1=25:I2=12:Ires=0:Id=0:Iq=0:Id_ref=2000:Iq_ref=0:VBUS=62454:STATE=0:SPD=0:TH=0:sector=0:window=0:CCR1=500:CCR2=500:CCR3=500:ADC_STATUS=11:FAULT=0:FAULT_R=0:FAIL=0:RUN=0:em_stop1=1:em_stop2=1
@FOC:t=876200:run_id=UNSET:map_id=M0:map_crc32=00000000:I1=25:I2=12:Ires=0:Id=0:Iq=0:Id_ref=2000:Iq_ref=0:VBUS=62454:STATE=0:SPD=0:TH=0:sector=0:window=0:CCR1=500:CCR2=500:CCR3=500:ADC_STATUS=11:FAULT=0:FAULT_R=0:FAIL=0:RUN=0:em_stop1=1:em_stop2=1
@FOC:t=876300:run_id=UNSET:map_id=M0:map_crc32=00000000:I1=25:I2=12:Ires=0:Id=0:Iq=0:Id_ref=2000:Iq_ref=0:VBUS=62454:STATE=0:SPD=0:TH=0:sector=0:window=0:CCR1=500:CCR2=500:CCR3=500:ADC_STATUS=11:FAULT=0:FAULT_R=0:FAIL=0:RUN=0:em_stop1=1:em_stop2=1
@FOC:t=876400:run_id=UNSET:map_id=M0:map_crc32=00000000:I1=25:I2=12:Ires=0:Id=0:Iq=0:Id_ref=2000:Iq_ref=0:VBUS=62454:STATE=0:SPD=0:TH=0:sector=0:window=0:CCR1=500:CCR2=500:CCR3=500:ADC_STATUS=11:FAULT=0:FAULT_R=0:FAIL=0:RUN=0:em_stop1=1:em_stop2=1
@FOC:t=876500:run_id=UNSET:map_id=M0:map_crc32=00000000:I1=25:I2=12:Ires=0:Id=0:Iq=0:Id_ref=2000:Iq_ref=0:VBUS=62454:STATE=0:SPD=0:TH=0:sector=0:window=0:CCR1=500:CCR2=500:CCR3=500:ADC_STATUS=11:FAULT=0:FAULT_R=0:FAIL=0:RUN=0:> a?
em_stop1=1:em_stop2=1
@ADC:STATUS:offset_i1=2038:stream=0
> @FOC:t=876600:run_id=UNSET:map_id=M0:map_crc32=00000000:I1=25:I2=12:Ires=0:Id=0:Iq=0:Id_ref=2000:Iq_ref=0:VBUS=62454:STATE=0:SPD=0:TH=0:sector=0:window=0:CCR1=500:CCR2=500:CCR3=500:ADC_STATUS=11:FAULT=0:FAULT_R=0:FAIL=0:RUN=0:em_stop1=1:em_stop2=1
@FOC:t=876700:run_id=UNSET:map_id=M0:map_crc32=00000000:I1=25:I2=12:Ires=0:Id=0:Iq=0:Id_ref=2000:Iq_ref=0:VBUS=62454:STATE=0:SPD=0:TH=0:sector=0:window=0:CCR1=500:CCR2=500:CCR3=500:ADC_STATUS=11:FAULT=0:FAULT_R=0:FAIL=0:RUN=0:em_stop1=1:em_stop2=1
@FOC:t=876800:run_id=UNSET:map_id=M0:map_crc32=00000000:I1=25:I2=12:Ires=0:Id=0:Iq=0:Id_ref=2000:Iq_ref=0:VBUS=62454:STATE=0:SPD=0:TH=0:sector=0:window=0:CCR1=500:CCR2=500:CCR3=500:ADC_STATUS=11:FAULT=0:FAULT_R=0:FAIL=0:RUN=0:em_stop1=1:em_stop2=1
@FOC:t=876900:run_id=UNSET:map_id=M0:map_crc32=00000000:I1=25:I2=12:Ires=0:Id=0:Iq=0:Id_ref=2000:Iq_ref=0:VBUS=62454:STATE=0:SPD=0:TH=0:sector=0:window=0:CCR1=500:CCR2=500:CCR3=500:ADC_STATUS=11:FAULT=0:FAULT_R=0:FAIL=0:RUN=0:em_stop1=1:em_stop2=1
@FOC:t=877000:run_id=UNSET:map_id=M0:map_crc32=00000000:I1=25:I2=12:Ires=0:Id=0:Iq=0:Id_ref=2000:Iq_ref=0:VBUS=62454:STATE=0:SPD=0:TH=0:sector=0:window=0:CCR1=500:CCR2=500:CCR3=500:ADC_STATUS=11:FAULT=0:FAULT_R=0:FAIL=0:RUN=0:em_stop1=1:em_stop2=1
@FOC:t=877100:run_id=UNSET:map_id=M0:map_crc32=00000000:I1=25:I2=12:Ires=0:Id=0:Iq=0:Id_ref=2000:Iq_ref=0:VBUS=62454:STATE=0:SPD=0:TH=0:sector=0:window=0:CCR1=500:CCR2=500:CCR3=500:ADC_STATUS=11:FAULT=0:FAULT_R=0:FAIL=0:RUN=0:em_stop1=1:em_stop2=1
@FOC:t=877200:run_id=UNSET:map_id=M0:map_crc32=00000000:I1=25:I2=12:Ires=0:Id=0:Iq=0:Id_ref=2000:Iq_ref=0:VBUS=62454:STATE=0:SPD=0:TH=0:sector=0:window=0:CCR1=500:CCR2=500:CCR3=500:ADC_STATUS=11:FAULT=0:FAULT_R=0:FAIL=0:RUN=0:em_stop1=1:em_stop2=1
@FOC:t=877300:run_id=UNSET:map_id=M0:map_crc32=00000000:I1=25:I2=12:Ires=0:Id=0:Iq=0:Id_ref=2000:Iq_ref=0:VBUS=62454:STATE=0:SPD=0:TH=0:sector=0:window=0:CCR1=500:CCR2=500:CCR3=500:ADC_STATUS=11:FAULT=0:FAULT_R=0:FAIL=0:RUN=0:em_stop1=1:em_stop2=1
@FOC:t=877400:run_id=UNSET:map_id=M0:map_crc32=00000000:I1=25:I2=12:Ires=0:Id=0:Iq=0:Id_ref=2000:Iq_ref=0:VBUS=62454:STATE=0:SPD=0:TH=0:sector=0:window=0:CCR1=500:CCR2=500:CCR3=500:ADC_STATUS=11:FAULT=0:FAULT_R=0:FAIL=0:RUN=0:em_stop1=1:em_stop2=1
@FOC:t=877500:run_id=UNSET:map_id=M0:map_crc32=00000000:I1=25:I2=12:Ires=0:Id=0:Iq=0:Id_ref=2000:Iq_ref=0:VBUS=62454:STATE=0:SPD=0:TH=0:sector=0:window=0:CCR1=500:CCR2=500:CCR3=500:ADC_STATUS=11:FAULT=0:FAULT_R=0:FAIL=0:RUN=0:em_stop1=1:em_stop2=1
@FOC:t=877600:run_id=UNSET:map_id=M0:map_crc32=00000000:I1=25:I2=12:Ires=0:Id=0:Iq=0:Id_ref=2000:Iq_ref=0:VBUS=62454:STATE=0:SPD=0:TH=0:sector=0:window=0:CCR1=500:CCR2=500:CCR3=500:ADC_STATUS=11:FAULT=0:FAULT_R=0:FAIL=0:RUN=0:em_stop1=1:em_stop2=1
@FOC:t=877700:run_id=UNSET:map_id=M0:map_crc32=00000000:I1=25:I2=12:Ires=0:Id=0:Iq=0:Id_ref=2000:Iq_ref=0:VBUS=62454:STATE=0:SPD=0:TH=0:sector=0:window=0:CCR1=500:CCR2=500:CCR3=500:ADC_STATUS=11:FAULT=0:FAULT_R=0:FAIL=0:RUN=0:em_stop1=1:em_stop2=1
@FOC:t=877800:run_id=UNSET:map_id=M0:map_crc32=00000000:I1=25:I2=12:Ires=0:Id=0:Iq=0:Id_ref=2000:Iq_ref=0:VBUS=62454:STATE=0:SPD=0:TH=0:sector=0:window=0:CCR1=500:CCR2=500:CCR3=500:ADC_STATUS=11:FAULT=0:FAULT_R=0:FAIL=0:RUN=0:em_stop1=1:em_stop2=1
@FOC:t=877900:run_id=UNSET:map_id=M0:map_crc32=00000000:I1=25:I2=12:Ires=0:Id=0:Iq=0:Id_ref=2000:Iq_ref=0:VBUS=62454:STATE=0:SPD=0:TH=0:sector=0:window=0:CCR1=500:CCR2=500:CCR3=500:ADC_STATUS=11:FAULT=0:FAULT_R=0:FAIL=0:RUN=0:em_stop1=1:em_stop2=1
@FOC:t=878000:run_id=UNSET:map_id=M0:map_crc32=00000000:I1=25:I2=12:Ires=0:Id=0:Iq=0:Id_ref=2000:Iq_ref=0:VBUS=62454:STATE=0:SPD=0:TH=0:sector=0:window=0:CCR1=500:CCR2=500:CCR3=500:ADC_STATUS=11:FAULT=0:FAULT_R=0:FAIL=0:RUN=0:em_stop1=1:em_stop2=1
@FOC:t=878100:run_id=UNSET:map_id=M0:map_crc32=00000000:I1=25:I2=12:Ires=0:Id=0:Iq=0:Id_ref=2000:Iq_ref=0:VBUS=62454:STATE=0:SPD=0:TH=0:sector=0:window=0:CCR1=500:CCR2=500:CCR3=500:ADC_STATUS=11:FAULT=0:FAULT_R=0:FAIL=0:RUN=0:em_stop1=1:em_stop2=1
@FOC:t=878200:run_id=UNSET:map_id=M0:map_crc32=00000000:I1=25:I2=12:Ires=0:Id=0:Iq=0:Id_ref=2000:Iq_ref=0:VBUS=62454:STATE=0:SPD=0:TH=0:sector=0:window=0:CCR1=500:CCR2=500:CCR3=500:ADC_STATUS=11:FAULT=0:FAULT_R=0:FAIL=0:RUN=0:em_stop1=1:em_stop2=1
@FOC:t=878300:run_id=UNSET:map_id=M0:map_crc32=00000000:I1=25:I2=12:Ires=0:Id=0:Iq=0:Id_ref=2000:Iq_ref=0:VBUS=62454:STATE=0:SPD=0:TH=0:sector=0:window=0:CCR1=500:CCR2=500:CCR3=500:ADC_STATUS=11:FAULT=0:FAULT_R=0:FAIL=0:RUN=0:em_stop1=1:em_stop2=1
@FOC:t=878400:run_id=UNSET:map_id=M0:map_crc32=00000000:I1=25:I2=12:Ires=0:Id=0:Iq=0:Id_ref=2000:Iq_ref=0:VBUS=62454:STATE=0:SPD=0:TH=0:sector=0:window=0:CCR1=500:CCR2=500:CCR3=500:ADC_STATUS=11:FAULT=0:FAULT_R=0:FAIL=0:RUN=0:em_stop1=1:em_stop2=1
@FOC:t=878500:run_id=UNSET:map_id=M0:map_crc32=00000000:I1=25:I2=12:Ires=0:Id=0:Iq=0:Id_ref=2000:Iq_ref=0:VBUS=62454:STATE=0:SPD=0:TH=0:sector=0:window=0:CCR1=500:CCR2=500:CCR3=500:ADC_STATUS=11:FAULT=0:FAULT_R=0:FAIL=0:RUN=0:em_stop1=1:em_stop2=1
@FOC:t=878600:run_id=UNSET:map_id=M0:map_crc32=00000000:I1=25:I2=12:Ires=0:Id=0:Iq=0:Id_ref=2000:Iq_ref=0:VBUS=62454:STATE=0:SPD=0:TH=0:sector=0:window=0:CCR1=500:CCR2=500:CCR3=500:ADC_STATUS=11:FAULT=0:FAULT_R=0:FAIL=0:RUN=0:em_stop1=1:em_stop2=1
@FOC:t=878700:run_id=UNSET:map_id=M0:map_crc32=00000000:I1=25:I2=12:Ires=0:Id=0:Iq=0:Id_ref=2000:Iq_ref=0:VBUS=62454:STATE=0:SPD=0:TH=0:sector=0:window=0:CCR1=500:CCR2=500:CCR3=500:ADC_STATUS=11:FAULT=0:FAULT_R=0:FAIL=0:RUN=0:em_stop1=1:em_stop2=1
@FOC:t=878800:run_id=UNSET:map_id=M0:map_crc32=00000000:I1=25:I2=12:Ires=0:Id=0:Iq=0:Id_ref=2000:Iq_ref=0:VBUS=62454:STATE=0:SPD=0:TH=0:sector=0:window=0:CCR1=500:CCR2=500:CCR3=500:ADC_STATUS=11:FAULT=0:FAULT_R=0:FAIL=0:RUN=0:em_stop1=1:em_stop2=1
@FOC:t=878900:run_id=UNSET:map_id=M0:map_crc32=00000000:I1=25:I2=12:Ires=0:Id=0:Iq=0:Id_ref=2000:Iq_ref=0:VBUS=62454:STATE=0:SPD=0:TH=0:sector=0:window=0:CCR1=500:CCR2=500:CCR3=500:ADC_STATUS=11:FAULT=0:FAULT_R=0:FAIL=0:RUN=0:em_stop1=1:em_stop2=1
@FOC:t=879000:run_id=UNSET:map_id=M0:map_crc32=00000000:I1=25:I2=12:Ires=0:Id=0:Iq=0:Id_ref=2000:Iq_ref=0:VBUS=62454:STATE=0:SPD=0:TH=0:sector=0:window=0:CCR1=500:CCR2=500:CCR3=500:ADC_STATUS=11:FAULT=0:FAULT_R=0:FAIL=0:RUN=0:em_stop1=1:em_stop2=1
> p?
@FOC:t=879100:run_id=UNSET:map_id=M0:map_crc32=00000000:I1=25:I2=12:Ires=0:Id=0:Iq=0:Id_ref=2000:Iq_ref=0:VBUS=62454:STATE=0:SPD=0:TH=0:sector=0:window=0:CCR1=500:CCR2=500:CCR3=500:ADC_STATUS=11:FAULT=0:FAULT_R=0:FAIL=0:RUN=0:em_stop1=1:em_stop2=1
@PWM:CR1=224:CCER=0:BDTR=7360:CNT=0
> @FOC:t=879200:run_id=UNSET:map_id=M0:map_crc32=00000000:I1=25:I2=12:Ires=0:Id=0:Iq=0:Id_ref=2000:Iq_ref=0:VBUS=62454:STATE=0:SPD=0:TH=0:sector=0:window=0:CCR1=500:CCR2=500:CCR3=500:ADC_STATUS=11:FAULT=0:FAULT_R=0:FAIL=0:RUN=0:em_stop1=1:em_stop2=1
@FOC:t=879300:run_id=UNSET:map_id=M0:map_crc32=00000000:I1=25:I2=12:Ires=0:Id=0:Iq=0:Id_ref=2000:Iq_ref=0:VBUS=62454:STATE=0:SPD=0:TH=0:sector=0:window=0:CCR1=500:CCR2=500:CCR3=500:ADC_STATUS=11:FAULT=0:FAULT_R=0:FAIL=0:RUN=0:em_stop1=1:em_stop2=1
@FOC:t=879400:run_id=UNSET:map_id=M0:map_crc32=00000000:I1=25:I2=12:Ires=0:Id=0:Iq=0:Id_ref=2000:Iq_ref=0:VBUS=62454:STATE=0:SPD=0:TH=0:sector=0:window=0:CCR1=500:CCR2=500:CCR3=500:ADC_STATUS=11:FAULT=0:FAULT_R=0:FAIL=0:RUN=0:em_stop1=1:em_stop2=1
@FOC:t=879500:run_id=UNSET:map_id=M0:map_crc32=00000000:I1=25:I2=12:Ires=0:Id=0:Iq=0:Id_ref=2000:Iq_ref=0:VBUS=62454:STATE=0:SPD=0:TH=0:sector=0:window=0:CCR1=500:CCR2=500:CCR3=500:ADC_STATUS=11:FAULT=0:FAULT_R=0:FAIL=0:RUN=0:em_stop1=1:em_stop2=1
@FOC:t=879600:run_id=UNSET:map_id=M0:map_crc32=00000000:I1=25:I2=12:Ires=0:Id=0:Iq=0:Id_ref=2000:Iq_ref=0:VBUS=62454:STATE=0:SPD=0:TH=0:sector=0:window=0:CCR1=500:CCR2=500:CCR3=500:ADC_STATUS=11:FAULT=0:FAULT_R=0:FAIL=0:RUN=0:em_stop1=1:em_stop2=1
@FOC:t=879700:run_id=UNSET:map_id=M0:map_crc32=00000000:I1=25:I2=12:Ires=0:Id=0:Iq=0:Id_ref=2000:Iq_ref=0:VBUS=62454:STATE=0:SPD=0:TH=0:sector=0:window=0:CCR1=500:CCR2=500:CCR3=500:ADC_STATUS=11:FAULT=0:FAULT_R=0:FAIL=0:RUN=0:em_stop1=1:em_stop2=1
@FOC:t=879800:run_id=UNSET:map_id=M0:map_crc32=00000000:I1=25:I2=12:Ires=0:Id=0:Iq=0:Id_ref=2000:Iq_ref=0:VBUS=62454:STATE=0:SPD=0:TH=0:sector=0:window=0:CCR1=500:CCR2=500:CCR3=500:ADC_STATUS=11:FAULT=0:FAULT_R=0:FAIL=0:RUN=0:em_stop1=1:em_stop2=1
@FOC:t=879900:run_id=UNSET:map_id=M0:map_crc32=00000000:I1=25:I2=12:Ires=0:Id=0:Iq=0:Id_ref=2000:Iq_ref=0:VBUS=62454:STATE=0:SPD=0:TH=0:sector=0:window=0:CCR1=500:CCR2=500:CCR3=500:ADC_STATUS=11:FAULT=0:FAULT_R=0:FAIL=0:RUN=0:em_stop1=1:em_stop2=1
@FOC:t=880000:run_id=UNSET:map_id=M0:map_crc32=00000000:I1=25:I2=12:Ires=0:Id=0:Iq=0:Id_ref=2000:Iq_ref=0:VBUS=62454:STATE=0:SPD=0:TH=0:sector=0:window=0:CCR1=500:CCR2=500:CCR3=500:ADC_STATUS=11:FAULT=0:FAULT_R=0:FAIL=0:RUN=0:em_stop1=1:em_stop2=1
@FOC:t=880100:run_id=UNSET:map_id=M0:map_crc32=00000000:I1=25:I2=12:Ires=0:Id=0:Iq=0:Id_ref=2000:Iq_ref=0:VBUS=62454:STATE=0:SPD=0:TH=0:sector=0:window=0:CCR1=500:CCR2=500:CCR3=500:ADC_STATUS=11:FAULT=0:FAULT_R=0:FAIL=0:RUN=0:em_stop1=1:em_stop2=1
@FOC:t=880200:run_id=UNSET:map_id=M0:map_crc32=00000000:I1=25:I2=12:Ires=0:Id=0:Iq=0:Id_ref=2000:Iq_ref=0:VBUS=62454:STATE=0:SPD=0:TH=0:sector=0:window=0:CCR1=500:CCR2=500:CCR3=500:ADC_STATUS=11:FAULT=0:FAULT_R=0:FAIL=0:RUN=0:em_stop1=1:em_stop2=1
@FOC:t=880300:run_id=UNSET:map_id=M0:map_crc32=00000000:I1=25:I2=12:Ires=0:Id=0:Iq=0:Id_ref=2000:Iq_ref=0:VBUS=62454:STATE=0:SPD=0:TH=0:sector=0:window=0:CCR1=500:CCR2=500:CCR3=500:ADC_STATUS=11:FAULT=0:FAULT_R=0:FAIL=0:RUN=0:em_stop1=1:em_stop2=1
@FOC:t=880400:run_id=UNSET:map_id=M0:map_crc32=00000000:I1=25:I2=12:Ires=0:Id=0:Iq=0:Id_ref=2000:Iq_ref=0:VBUS=62454:STATE=0:SPD=0:TH=0:sector=0:window=0:CCR1=500:CCR2=500:CCR3=500:ADC_STATUS=11:FAULT=0:FAULT_R=0:FAIL=0:RUN=0:em_stop1=1:em_stop2=1
@FOC:t=880500:run_id=UNSET:map_id=M0:map_crc32=00000000:I1=25:I2=12:Ires=0:Id=0:Iq=0:Id_ref=2000:Iq_ref=0:VBUS=62454:STATE=0:SPD=0:TH=0:sector=0:window=0:CCR1=500:CCR2=500:CCR3=500:ADC_STATUS=11:FAULT=0:FAULT_R=0:FAIL=0:RUN=0:em_stop1=1:em_stop2=1
@FOC:t=880600:run_id=UNSET:map_id=M0:map_crc32=00000000:I1=25:I2=12:Ires=0:Id=0:Iq=0:Id_ref=2000:Iq_ref=0:VBUS=62454:STATE=0:SPD=0:TH=0:sector=0:window=0:CCR1=500:CCR2=500:CCR3=500:ADC_STATUS=11:FAULT=0:FAULT_R=0:FAIL=0:RUN=0:em_stop1=1:em_stop2=1
@FOC:t=880700:run_id=UNSET:map_id=M0:map_crc32=00000000:I1=25:I2=12:Ires=0:Id=0:Iq=0:Id_ref=2000:Iq_ref=0:VBUS=62454:STATE=0:SPD=0:TH=0:sector=0:window=0:CCR1=500:CCR2=500:CCR3=500:ADC_STATUS=11:FAULT=0:FAULT_R=0:FAIL=0:RUN=0:em_stop1=1:em_stop2=1
@FOC:t=880800:run_id=UNSET:map_id=M0:map_crc32=00000000:I1=25:I2=12:Ires=0:Id=0:Iq=0:Id_ref=2000:Iq_ref=0:VBUS=62454:STATE=0:SPD=0:TH=0:sector=0:window=0:CCR1=500:CCR2=500:CCR3=500:ADC_STATUS=11:FAULT=0:FAULT_R=0:FAIL=0:RUN=0:em_stop1=1:em_stop2=1
@FOC:t=880900:run_id=UNSET:map_id=M0:map_crc32=00000000:I1=25:I2=12:Ires=0:Id=0:Iq=0:Id_ref=2000:Iq_ref=0:VBUS=62454:STATE=0:SPD=0:TH=0:sector=0:window=0:CCR1=500:CCR2=500:CCR3=500:ADC_STATUS=11:FAULT=0:FAULT_R=0:FAIL=0:RUN=0:em_stop1=1:em_stop2=1
@FOC:t=881000:run_id=UNSET:map_id=M0:map_crc32=00000000:I1=25:I2=12:Ires=0:Id=0:Iq=0:Id_ref=2000:Iq_ref=0:VBUS=62454:STATE=0:SPD=0:TH=0:sector=0:window=0:CCR1=500:CCR2=500:CCR3=500:ADC_STATUS=11:FAULT=0:FAULT_R=0:FAIL=0:RUN=0:em_stop1=1:em_stop2=1
@FOC:t=881100:run_id=UNSET:map_id=M0:map_crc32=00000000:I1=25:I2=12:Ires=0:Id=0:Iq=0:Id_ref=2000:Iq_ref=0:VBUS=62454:STATE=0:SPD=0:TH=0:sector=0:window=0:CCR1=500:CCR2=500:CCR3=500:ADC_STATUS=11:FAULT=0:FAULT_R=0:FAIL=0:RUN=0:em_stop1=1:em_stop2=1
@FOC:t=881200:run_id=UNSET:map_id=M0:map_crc32=00000000:I1=25:I2=12:Ires=0:Id=0:Iq=0:Id_ref=2000:Iq_ref=0:VBUS=62454:STATE=0:SPD=0:TH=0:sector=0:window=0:CCR1=500:CCR2=500:CCR3=500:ADC_STATUS=11:FAULT=0:FAULT_R=0:FAIL=0:RUN=0:em_stop1=1:em_stop2=1
@FOC:t=881300:run_id=UNSET:map_id=M0:map_crc32=00000000:I1=25:I2=12:Ires=0:Id=0:Iq=0:Id_ref=2000:Iq_ref=0:VBUS=62454:STATE=0:SPD=0:TH=0:sector=0:window=0:CCR1=500:CCR2=500:CCR3=500:ADC_STATUS=11:FAULT=0:FAULT_R=0:FAIL=0:RUN=0:em_stop1=1:em_stop2=1
@FOC:t=881400:run_id=UNSET:map_id=M0:map_crc32=00000000:I1=25:I2=12:Ires=0:Id=0:Iq=0:Id_ref=2000:Iq_ref=0:VBUS=62454:STATE=0:SPD=0:TH=0:sector=0:window=0:CCR1=500:CCR2=500:CCR3=500:ADC_STATUS=11:FAULT=0:FAULT_R=0:FAIL=0:RUN=0:em_stop1=1:em_stop2=1
@FOC:t=881500:run_id=UNSET:map_id=M0:map_crc32=00000000:I1=25:I2=12:Ires=0:Id=0:Iq=0:Id_ref=2000:Iq_ref=0:VBUS=62454:STATE=0:SPD=0:TH=0:sector=0:window=0:CCR1=500:CCR2=500:CCR3=500:ADC_STATUS=11:FAULT=0:FAULT_R=0:FAIL=0:RUN=0:em_stop1=1:em_stop2=1
> sysinfo
@FOC:t=881600:run_id=UNSET:map_id=M0:map_crc32=00000000:I1=25:I2=12:Ires=0:Id=0:Iq=0:Id_ref=2000:Iq_ref=0:VBUS=62454:STATE=0:SPD=0:TH=0:sector=0:window=0:CCR1=500:CCR2=500:CCR3=500:ADC_STATUS=11:FAULT=0:FAULT_R=0:FAIL=0:RUN=0:em_stop1=1:em_stop2=1
@SYS:CLK=170000000:PSC=16:TCLK=10000000:PLLCFGR=0x01005532:OVR=0:JEOS=0:TO=0:JQOVF=0:uart_drp=0:uart_trunc=0
> @FOC:t=881700:run_id=UNSET:map_id=M0:map_crc32=00000000:I1=25:I2=12:Ires=0:Id=0:Iq=0:Id_ref=2000:Iq_ref=0:VBUS=62454:STATE=0:SPD=0:TH=0:sector=0:window=0:CCR1=500:CCR2=500:CCR3=500:ADC_STATUS=11:FAULT=0:FAULT_R=0:FAIL=0:RUN=0:em_stop1=1:em_stop2=1
@FOC:t=881800:run_id=UNSET:map_id=M0:map_crc32=00000000:I1=25:I2=12:Ires=0:Id=0:Iq=0:Id_ref=2000:Iq_ref=0:VBUS=62454:STATE=0:SPD=0:TH=0:sector=0:window=0:CCR1=500:CCR2=500:CCR3=500:ADC_STATUS=11:FAULT=0:FAULT_R=0:FAIL=0:RUN=0:em_stop1=1:em_stop2=1
@FOC:t=881900:run_id=UNSET:map_id=M0:map_crc32=00000000:I1=25:I2=12:Ires=0:Id=0:Iq=0:Id_ref=2000:Iq_ref=0:VBUS=62454:STATE=0:SPD=0:TH=0:sector=0:window=0:CCR1=500:CCR2=500:CCR3=500:ADC_STATUS=11:FAULT=0:FAULT_R=0:FAIL=0:RUN=0:em_stop1=1:em_stop2=1
@FOC:t=882000:run_id=UNSET:map_id=M0:map_crc32=00000000:I1=25:I2=12:Ires=0:Id=0:Iq=0:Id_ref=2000:Iq_ref=0:VBUS=62454:STATE=0:SPD=0:TH=0:sector=0:window=0:CCR1=500:CCR2=500:CCR3=500:ADC_STATUS=11:FAULT=0:FAULT_R=0:FAIL=0:RUN=0:em_stop1=1:em_stop2=1
@FOC:t=882100:run_id=UNSET:map_id=M0:map_crc32=00000000:I1=25:I2=12:Ires=0:Id=0:Iq=0:Id_ref=2000:Iq_ref=0:VBUS=62454:STATE=0:SPD=0:TH=0:sector=0:window=0:CCR1=500:CCR2=500:CCR3=500:ADC_STATUS=11:FAULT=0:FAULT_R=0:FAIL=0:RUN=0:em_stop1=1:em_stop2=1
@FOC:t=882200:run_id=UNSET:map_id=M0:map_crc32=00000000:I1=25:I2=12:Ires=0:Id=0:Iq=0:Id_ref=2000:Iq_ref=0:VBUS=62454:STATE=0:SPD=0:TH=0:sector=0:window=0:CCR1=500:CCR2=500:CCR3=500:ADC_STATUS=11:FAULT=0:FAULT_R=0:FAIL=0:RUN=0:em_stop1=1:em_stop2=1
@FOC:t=882300:run_id=UNSET:map_id=M0:map_crc32=00000000:I1=25:I2=12:Ires=0:Id=0:Iq=0:Id_ref=2000:Iq_ref=0:VBUS=62454:STATE=0:SPD=0:TH=0:sector=0:window=0:CCR1=500:CCR2=500:CCR3=500:ADC_STATUS=11:FAULT=0:FAULT_R=0:FAIL=0:RUN=0:em_stop1=1:em_stop2=1
@FOC:t=882400:run_id=UNSET:map_id=M0:map_crc32=00000000:I1=25:I2=12:Ires=0:Id=0:Iq=0:Id_ref=2000:Iq_ref=0:VBUS=62454:STATE=0:SPD=0:TH=0:sector=0:window=0:CCR1=500:CCR2=500:CCR3=500:ADC_STATUS=11:FAULT=0:FAULT_R=0:FAIL=0:RUN=0:em_stop1=1:em_stop2=1
@FOC:t=882500:run_id=UNSET:map_id=M0:map_crc32=00000000:I1=25:I2=12:Ires=0:Id=0:Iq=0:Id_ref=2000:Iq_ref=0:VBUS=62454:STATE=0:SPD=0:TH=0:sector=0:window=0:CCR1=500:CCR2=500:CCR3=500:ADC_STATUS=11:FAULT=0:FAULT_R=0:FAIL=0:RUN=0:em_stop1=1:em_stop2=1
@FOC:t=882600:run_id=UNSET:map_id=M0:map_crc32=00000000:I1=25:I2=12:Ires=0:Id=0:Iq=0:Id_ref=2000:Iq_ref=0:VBUS=62454:STATE=0:SPD=0:TH=0:sector=0:window=0:CCR1=500:CCR2=500:CCR3=500:ADC_STATUS=11:FAULT=0:FAULT_R=0:FAIL=0:RUN=0:em_stop1=1:em_stop2=1
@FOC:t=882700:run_id=UNSET:map_id=M0:map_crc32=00000000:I1=25:I2=12:Ires=0:Id=0:Iq=0:Id_ref=2000:Iq_ref=0:VBUS=62454:STATE=0:SPD=0:TH=0:sector=0:window=0:CCR1=500:CCR2=500:CCR3=500:ADC_STATUS=11:FAULT=0:FAULT_R=0:FAIL=0:RUN=0:em_stop1=1:em_stop2=1
@FOC:t=882800:run_id=UNSET:map_id=M0:map_crc32=00000000:I1=25:I2=12:Ires=0:Id=0:Iq=0:Id_ref=2000:Iq_ref=0:VBUS=62454:STATE=0:SPD=0:TH=0:sector=0:window=0:CCR1=500:CCR2=500:CCR3=500:ADC_STATUS=11:FAULT=0:FAULT_R=0:FAIL=0:RUN=0:em_stop1=1:em_stop2=1
@FOC:t=882900:run_id=UNSET:map_id=M0:map_crc32=00000000:I1=25:I2=12:Ires=0:Id=0:Iq=0:Id_ref=2000:Iq_ref=0:VBUS=62454:STATE=0:SPD=0:TH=0:sector=0:window=0:CCR1=500:CCR2=500:CCR3=500:ADC_STATUS=11:FAULT=0:FAULT_R=0:FAIL=0:RUN=0:em_stop1=1:em_stop2=1
@FOC:t=883000:run_id=UNSET:map_id=M0:map_crc32=00000000:I1=25:I2=12:Ires=0:Id=0:Iq=0:Id_ref=2000:Iq_ref=0:VBUS=62454:STATE=0:SPD=0:TH=0:sector=0:window=0:CCR1=500:CCR2=500:CCR3=500:ADC_STATUS=11:FAULT=0:FAULT_R=0:FAIL=0:RUN=0:em_stop1=1:em_stop2=1
@FOC:t=883100:run_id=UNSET:map_id=M0:map_crc32=00000000:I1=25:I2=12:Ires=0:Id=0:Iq=0:Id_ref=2000:Iq_ref=0:VBUS=62454:STATE=0:SPD=0:TH=0:sector=0:window=0:CCR1=500:CCR2=500:CCR3=500:ADC_STATUS=11:FAULT=0:FAULT_R=0:FAIL=0:RUN=0:em_stop1=1:em_stop2=1
@FOC:t=883200:run_id=UNSET:map_id=M0:map_crc32=00000000:I1=25:I2=12:Ires=0:Id=0:Iq=0:Id_ref=2000:Iq_ref=0:VBUS=62454:STATE=0:SPD=0:TH=0:sector=0:window=0:CCR1=500:CCR2=500:CCR3=500:ADC_STATUS=11:FAULT=0:FAULT_R=0:FAIL=0:RUN=0:em_stop1=1:em_stop2=1
@FOC:t=883300:run_id=UNSET:map_id=M0:map_crc32=00000000:I1=25:I2=12:Ires=0:Id=0:Iq=0:Id_ref=2000:Iq_ref=0:VBUS=62454:STATE=0:SPD=0:TH=0:sector=0:window=0:CCR1=500:CCR2=500:CCR3=500:ADC_STATUS=11:FAULT=0:FAULT_R=0:FAIL=0:RUN=0:em_stop1=1:em_stop2=1
@FOC:t=883400:run_id=UNSET:map_id=M0:map_crc32=00000000:I1=25:I2=12:Ires=0:Id=0:Iq=0:Id_ref=2000:Iq_ref=0:VBUS=62454:STATE=0:SPD=0:TH=0:sector=0:window=0:CCR1=500:CCR2=500:CCR3=500:ADC_STATUS=11:FAULT=0:FAULT_R=0:FAIL=0:RUN=0:em_stop1=1:em_stop2=1
@FOC:t=883500:run_id=UNSET:map_id=M0:map_crc32=00000000:I1=25:I2=12:Ires=0:Id=0:Iq=0:Id_ref=2000:Iq_ref=0:VBUS=62454:STATE=0:SPD=0:TH=0:sector=0:window=0:CCR1=500:CCR2=500:CCR3=500:ADC_STATUS=11:FAULT=0:FAULT_R=0:FAIL=0:RUN=0:em_stop1=1:em_stop2=1
@FOC:t=883600:run_id=UNSET:map_id=M0:map_crc32=00000000:I1=25:I2=12:Ires=0:Id=0:Iq=0:Id_ref=2000:Iq_ref=0:VBUS=62454:STATE=0:SPD=0:TH=0:sector=0:window=0:CCR1=500:CCR2=500:CCR3=500:ADC_STATUS=11:FAULT=0:FAULT_R=0:FAIL=0:RUN=0:em_stop1=1:em_stop2=1
@FOC:t=883700:run_id=UNSET:map_id=M0:map_crc32=00000000:I1=25:I2=12:Ires=0:Id=0:Iq=0:Id_ref=2000:Iq_ref=0:VBUS=62454:STATE=0:SPD=0:TH=0:sector=0:window=0:CCR1=500:CCR2=500:CCR3=500:ADC_STATUS=11:FAULT=0:FAULT_R=0:FAIL=0:RUN=0:em_stop1=1:em_stop2=1
@FOC:t=883800:run_id=UNSET:map_id=M0:map_crc32=00000000:I1=25:I2=12:Ires=0:Id=0:Iq=0:Id_ref=2000:Iq_ref=0:VBUS=62454:STATE=0:SPD=0:TH=0:sector=0:window=0:CCR1=500:CCR2=500:CCR3=500:ADC_STATUS=11:FAULT=0:FAULT_R=0:FAIL=0:RUN=0:em_stop1=1:em_stop2=1
@FOC:t=883900:run_id=UNSET:map_id=M0:map_crc32=00000000:I1=25:I2=12:Ires=0:Id=0:Iq=0:Id_ref=2000:Iq_ref=0:VBUS=62454:STATE=0:SPD=0:TH=0:sector=0:window=0:CCR1=500:CCR2=500:CCR3=500:ADC_STATUS=11:FAULT=0:FAULT_R=0:FAIL=0:RUN=0:em_stop1=1:em_stop2=1
@FOC:t=884000:run_id=UNSET:map_id=M0:map_crc32=00000000:I1=25:I2=12:Ires=0:Id=0:Iq=0:Id_ref=2000:Iq_ref=0:VBUS=62454:STATE=0:SPD=0:TH=0:sector=0:window=0:CCR1=500:CCR2=500:CCR3=500:ADC_STATUS=11:FAULT=0:FAULT_R=0:FAIL=0:RUN=0:em_stop1=1:em_stop2=1
> enc
@FOC:t=884100:run_id=UNSET:map_id=M0:map_crc32=00000000:I1=25:I2=12:Ires=0:Id=0:Iq=0:Id_ref=2000:Iq_ref=0:VBUS=62454:STATE=0:SPD=0:TH=0:sector=0:window=0:CCR1=500:CCR2=500:CCR3=500:ADC_STATUS=11:FAULT=0:FAULT_R=0:FAIL=0:RUN=0:em_stop1=1:em_stop2=1
@ENC:angle=5125:speed=-1:period_us=895:pulse_us=281:err=0
> @FOC:t=884200:run_id=UNSET:map_id=M0:map_crc32=00000000:I1=25:I2=12:Ires=0:Id=0:Iq=0:Id_ref=2000:Iq_ref=0:VBUS=62454:STATE=0:SPD=0:TH=0:sector=0:window=0:CCR1=500:CCR2=500:CCR3=500:ADC_STATUS=11:FAULT=0:FAULT_R=0:FAIL=0:RUN=0:em_stop1=1:em_stop2=1
@FOC:t=884300:run_id=UNSET:map_id=M0:map_crc32=00000000:I1=25:I2=12:Ires=0:Id=0:Iq=0:Id_ref=2000:Iq_ref=0:VBUS=62454:STATE=0:SPD=0:TH=0:sector=0:window=0:CCR1=500:CCR2=500:CCR3=500:ADC_STATUS=11:FAULT=0:FAULT_R=0:FAIL=0:RUN=0:em_stop1=1:em_stop2=1
@FOC:t=884400:run_id=UNSET:map_id=M0:map_crc32=00000000:I1=25:I2=12:Ires=0:Id=0:Iq=0:Id_ref=2000:Iq_ref=0:VBUS=62454:STATE=0:SPD=0:TH=0:sector=0:window=0:CCR1=500:CCR2=500:CCR3=500:ADC_STATUS=11:FAULT=0:FAULT_R=0:FAIL=0:RUN=0:em_stop1=1:em_stop2=1
@FOC:t=884500:run_id=UNSET:map_id=M0:map_crc32=00000000:I1=25:I2=12:Ires=0:Id=0:Iq=0:Id_ref=2000:Iq_ref=0:VBUS=62454:STATE=0:SPD=0:TH=0:sector=0:window=0:CCR1=500:CCR2=500:CCR3=500:ADC_STATUS=11:FAULT=0:FAULT_R=0:FAIL=0:RUN=0:em_stop1=1:em_stop2=1
@FOC:t=884600:run_id=UNSET:map_id=M0:map_crc32=00000000:I1=25:I2=12:Ires=0:Id=0:Iq=0:Id_ref=2000:Iq_ref=0:VBUS=62454:STATE=0:SPD=0:TH=0:sector=0:window=0:CCR1=500:CCR2=500:CCR3=500:ADC_STATUS=11:FAULT=0:FAULT_R=0:FAIL=0:RUN=0:em_stop1=1:em_stop2=1
@FOC:t=884700:run_id=UNSET:map_id=M0:map_crc32=00000000:I1=25:I2=12:Ires=0:Id=0:Iq=0:Id_ref=2000:Iq_ref=0:VBUS=62454:STATE=0:SPD=0:TH=0:sector=0:window=0:CCR1=500:CCR2=500:CCR3=500:ADC_STATUS=11:FAULT=0:FAULT_R=0:FAIL=0:RUN=0:em_stop1=1:em_stop2=1
@FOC:t=884800:run_id=UNSET:map_id=M0:map_crc32=00000000:I1=25:I2=12:Ires=0:Id=0:Iq=0:Id_ref=2000:Iq_ref=0:VBUS=62454:STATE=0:SPD=0:TH=0:sector=0:window=0:CCR1=500:CCR2=500:CCR3=500:ADC_STATUS=11:FAULT=0:FAULT_R=0:FAIL=0:RUN=0:em_stop1=1:em_stop2=1
@FOC:t=884900:run_id=UNSET:map_id=M0:map_crc32=00000000:I1=25:I2=12:Ires=0:Id=0:Iq=0:Id_ref=2000:Iq_ref=0:VBUS=62454:STATE=0:SPD=0:TH=0:sector=0:window=0:CCR1=500:CCR2=500:CCR3=500:ADC_STATUS=11:FAULT=0:FAULT_R=0:FAIL=0:RUN=0:em_stop1=1:em_stop2=1
@FOC:t=885000:run_id=UNSET:map_id=M0:map_crc32=00000000:I1=25:I2=12:Ires=0:Id=0:Iq=0:Id_ref=2000:Iq_ref=0:VBUS=62454:STATE=0:SPD=0:TH=0:sector=0:window=0:CCR1=500:CCR2=500:CCR3=500:ADC_STATUS=11:FAULT=0:FAULT_R=0:FAIL=0:RUN=0:em_stop1=1:em_stop2=1
@FOC:t=885100:run_id=UNSET:map_id=M0:map_crc32=00000000:I1=25:I2=12:Ires=0:Id=0:Iq=0:Id_ref=2000:Iq_ref=0:VBUS=62454:STATE=0:SPD=0:TH=0:sector=0:window=0:CCR1=500:CCR2=500:CCR3=500:ADC_STATUS=11:FAULT=0:FAULT_R=0:FAIL=0:RUN=0:em_stop1=1:em_stop2=1
@FOC:t=885200:run_id=UNSET:map_id=M0:map_crc32=00000000:I1=25:I2=12:Ires=0:Id=0:Iq=0:Id_ref=2000:Iq_ref=0:VBUS=62454:STATE=0:SPD=0:TH=0:sector=0:window=0:CCR1=500:CCR2=500:CCR3=500:ADC_STATUS=11:FAULT=0:FAULT_R=0:FAIL=0:RUN=0:em_stop1=1:em_stop2=1
@FOC:t=885300:run_id=UNSET:map_id=M0:map_crc32=00000000:I1=25:I2=12:Ires=0:Id=0:Iq=0:Id_ref=2000:Iq_ref=0:VBUS=62454:STATE=0:SPD=0:TH=0:sector=0:window=0:CCR1=500:CCR2=500:CCR3=500:ADC_STATUS=11:FAULT=0:FAULT_R=0:FAIL=0:RUN=0:em_stop1=1:em_stop2=1
@FOC:t=885400:run_id=UNSET:map_id=M0:map_crc32=00000000:I1=25:I2=12:Ires=0:Id=0:Iq=0:Id_ref=2000:Iq_ref=0:VBUS=62454:STATE=0:SPD=0:TH=0:sector=0:window=0:CCR1=500:CCR2=500:CCR3=500:ADC_STATUS=11:FAULT=0:FAULT_R=0:FAIL=0:RUN=0:em_stop1=1:em_stop2=1
@FOC:t=885500:run_id=UNSET:map_id=M0:map_crc32=00000000:I1=25:I2=12:Ires=0:Id=0:Iq=0:Id_ref=2000:Iq_ref=0:VBUS=62454:STATE=0:SPD=0:TH=0:sector=0:window=0:CCR1=500:CCR2=500:CCR3=500:ADC_STATUS=11:FAULT=0:FAULT_R=0:FAIL=0:RUN=0:em_stop1=1:em_stop2=1
@FOC:t=885600:run_id=UNSET:map_id=M0:map_crc32=00000000:I1=25:I2=12:Ires=0:Id=0:Iq=0:Id_ref=2000:Iq_ref=0:VBUS=62454:STATE=0:SPD=0:TH=0:sector=0:window=0:CCR1=500:CCR2=500:CCR3=500:ADC_STATUS=11:FAULT=0:FAULT_R=0:FAIL=0:RUN=0:em_stop1=1:em_stop2=1
@FOC:t=885700:run_id=UNSET:map_id=M0:map_crc32=00000000:I1=25:I2=12:Ires=0:Id=0:Iq=0:Id_ref=2000:Iq_ref=0:VBUS=62454:STATE=0:SPD=0:TH=0:sector=0:window=0:CCR1=500:CCR2=500:CCR3=500:ADC_STATUS=11:FAULT=0:FAULT_R=0:FAIL=0:RUN=0:em_stop1=1:em_stop2=1
@FOC:t=885800:run_id=UNSET:map_id=M0:map_crc32=00000000:I1=25:I2=12:Ires=0:Id=0:Iq=0:Id_ref=2000:Iq_ref=0:VBUS=62454:STATE=0:SPD=0:TH=0:sector=0:window=0:CCR1=500:CCR2=500:CCR3=500:ADC_STATUS=11:FAULT=0:FAULT_R=0:FAIL=0:RUN=0:em_stop1=1:em_stop2=1
@FOC:t=885900:run_id=UNSET:map_id=M0:map_crc32=00000000:I1=25:I2=12:Ires=0:Id=0:Iq=0:Id_ref=2000:Iq_ref=0:VBUS=62454:STATE=0:SPD=0:TH=0:sector=0:window=0:CCR1=500:CCR2=500:CCR3=500:ADC_STATUS=11:FAULT=0:FAULT_R=0:FAIL=0:RUN=0:em_stop1=1:em_stop2=1
@FOC:t=886000:run_id=UNSET:map_id=M0:map_crc32=00000000:I1=25:I2=12:Ires=0:Id=0:Iq=0:Id_ref=2000:Iq_ref=0:VBUS=62454:STATE=0:SPD=0:TH=0:sector=0:window=0:CCR1=500:CCR2=500:CCR3=500:ADC_STATUS=11:FAULT=0:FAULT_R=0:FAIL=0:RUN=0:em_stop1=1:em_stop2=1
@FOC:t=886100:run_id=UNSET:map_id=M0:map_crc32=00000000:I1=25:I2=12:Ires=0:Id=0:Iq=0:Id_ref=2000:Iq_ref=0:VBUS=62454:STATE=0:SPD=0:TH=0:sector=0:window=0:CCR1=500:CCR2=500:CCR3=500:ADC_STATUS=11:FAULT=0:FAULT_R=0:FAIL=0:RUN=0:em_stop1=1:em_stop2=1
@FOC:t=886200:run_id=UNSET:map_id=M0:map_crc32=00000000:I1=25:I2=12:Ires=0:Id=0:Iq=0:Id_ref=2000:Iq_ref=0:VBUS=62454:STATE=0:SPD=0:TH=0:sector=0:window=0:CCR1=500:CCR2=500:CCR3=500:ADC_STATUS=11:FAULT=0:FAULT_R=0:FAIL=0:RUN=0:em_stop1=1:em_stop2=1
@FOC:t=886300:run_id=UNSET:map_id=M0:map_crc32=00000000:I1=25:I2=12:Ires=0:Id=0:Iq=0:Id_ref=2000:Iq_ref=0:VBUS=62454:STATE=0:SPD=0:TH=0:sector=0:window=0:CCR1=500:CCR2=500:CCR3=500:ADC_STATUS=11:FAULT=0:FAULT_R=0:FAIL=0:RUN=0:em_stop1=1:em_stop2=1
@FOC:t=886400:run_id=UNSET:map_id=M0:map_crc32=00000000:I1=25:I2=12:Ires=0:Id=0:Iq=0:Id_ref=2000:Iq_ref=0:VBUS=62454:STATE=0:SPD=0:TH=0:sector=0:window=0:CCR1=500:CCR2=500:CCR3=500:ADC_STATUS=11:FAULT=0:FAULT_R=0:FAIL=0:RUN=0:em_stop1=1:em_stop2=1
@FOC:t=886500:run_id=UNSET:map_id=M0:map_crc32=00000000:I1=25:I2=12:Ires=0:Id=0:Iq=0:Id_ref=2000:Iq_ref=0:VBUS=62454:STATE=0:SPD=0:TH=0:sector=0:window=0:CCR1=500:CCR2=500:CCR3=500:ADC_STATUS=11:FAULT=0:FAULT_R=0:FAIL=0:RUN=0:em_stop1=1:em_stop2=1
@FOC:t=886600:run_id=UNSET:map_id=M0:map_crc32=00000000:I1=25:I2=12:Ires=0:Id=0:Iq=0:Id_ref=2000:Iq_ref=0:VBUS=62454:STATE=0:SPD=0:TH=0:sector=0:window=0:CCR1=500:CCR2=500:CCR3=500:ADC_STATUS=11:FAULT=0:FAULT_R=0:FAIL=0:RUN=0:em_stop1=1:em_stop2=1
