# baseline capture: port=COM4 baud=115200 eol='\r\n' commands=sysinfo,p?,breakdiag
> sysinfo
@SYS:CLK=170000000:PSC=16:TCLK=10000000:PLLCFGR=0x01005532:OVR=0:JEOS=0:TO=0:JQOVF=0:uart_drp=0:uart_trunc=0
> @FOC:t=1048300:run_id=UNSET:map_id=M0:map_crc32=00000000:I1=0:I2=0:Ires=0:Id=0:Iq=0:Id_ref=2000:Iq_ref=0:VBUS=0:STATE=0:SPD=0:TH=0:sector=0:window=0:CCR1=500:CCR2=500:CCR3=500:ADC_STATUS=2:FAULT=0:FAULT_R=0:FAIL=0:RUN=0:em_stop1=1:em_stop2=1
@FOC:t=1048400:run_id=UNSET:map_id=M0:map_crc32=00000000:I1=0:I2=0:Ires=0:Id=0:Iq=0:Id_ref=2000:Iq_ref=0:VBUS=0:STATE=0:SPD=0:TH=0:sector=0:window=0:CCR1=500:CCR2=500:CCR3=500:ADC_STATUS=2:FAULT=0:FAULT_R=0:FAIL=0:RUN=0:em_stop1=1:em_stop2=1
@FOC:t=1048500:run_id=UNSET:map_id=M0:map_crc32=00000000:I1=0:I2=0:Ires=0:Id=0:Iq=0:Id_ref=2000:Iq_ref=0:VBUS=0:STATE=0:SPD=0:TH=0:sector=0:window=0:CCR1=500:CCR2=500:CCR3=500:ADC_STATUS=2:FAULT=0:FAULT_R=0:FAIL=0:RUN=0:em_stop1=1:em_stop2=1
@FOC:t=1048600:run_id=UNSET:map_id=M0:map_crc32=00000000:I1=0:I2=0:Ires=0:Id=0:Iq=0:Id_ref=2000:Iq_ref=0:VBUS=0:STATE=0:SPD=0:TH=0:sector=0:window=0:CCR1=500:CCR2=500:CCR3=500:ADC_STATUS=2:FAULT=0:FAULT_R=0:FAIL=0:RUN=0:em_stop1=1:em_stop2=1
@FOC:t=1048700:run_id=UNSET:map_id=M0:map_crc32=00000000:I1=0:I2=0:Ires=0:Id=0:Iq=0:Id_ref=2000:Iq_ref=0:VBUS=0:STATE=0:SPD=0:TH=0:sector=0:window=0:CCR1=500:CCR2=500:CCR3=500:ADC_STATUS=2:FAULT=0:FAULT_R=0:FAIL=0:RUN=0:em_stop1=1:em_stop2=1
@FOC:t=1048800:run_id=UNSET:map_id=M0:map_crc32=00000000:I1=0:I2=0:Ires=0:Id=0:Iq=0:Id_ref=2000:Iq_ref=0:VBUS=0:STATE=0:SPD=0:TH=0:sector=0:window=0:CCR1=500:CCR2=500:CCR3=500:ADC_STATUS=2:FAULT=0:FAULT_R=0:FAIL=0:RUN=0:em_stop1=1:em_stop2=1
@FOC:t=1048900:run_id=UNSET:map_id=M0:map_crc32=00000000:I1=0:I2=0:Ires=0:Id=0:Iq=0:Id_ref=2000:Iq_ref=0:VBUS=0:STATE=0:SPD=0:TH=0:sector=0:window=0:CCR1=500:CCR2=500:CCR3=500:ADC_STATUS=2:FAULT=0:FAULT_R=0:FAIL=0:RUN=0:em_stop1=1:em_stop2=1
@FOC:t=1049000:run_id=UNSET:map_id=M0:map_crc32=00000000:I1=0:I2=0:Ires=0:Id=0:Iq=0:Id_ref=2000:Iq_ref=0:VBUS=0:STATE=0:SPD=0:TH=0:sector=0:window=0:CCR1=500:CCR2=500:CCR3=500:ADC_STATUS=2:FAULT=0:FAULT_R=0:FAIL=0:RUN=0:em_stop1=1:em_stop2=1
@FOC:t=1049100:run_id=UNSET:map_id=M0:map_crc32=00000000:I1=0:I2=0:Ires=0:Id=0:Iq=0:Id_ref=2000:Iq_ref=0:VBUS=0:STATE=0:SPD=0:TH=0:sector=0:window=0:CCR1=500:CCR2=500:CCR3=500:ADC_STATUS=2:FAULT=0:FAULT_R=0:FAIL=0:RUN=0:em_stop1=1:em_stop2=1
@FOC:t=1049200:run_id=UNSET:map_id=M0:map_crc32=00000000:I1=0:I2=0:Ires=0:Id=0:Iq=0:Id_ref=2000:Iq_ref=0:VBUS=0:STATE=0:SPD=0:TH=0:sector=0:window=0:CCR1=500:CCR2=500:CCR3=500:ADC_STATUS=2:FAULT=0:FAULT_R=0:FAIL=0:RUN=0:em_stop1=1:em_stop2=1
@FOC:t=1049300:run_id=UNSET:map_id=M0:map_crc32=00000000:I1=0:I2=0:Ires=0:Id=0:Iq=0:Id_ref=2000:Iq_ref=0:VBUS=0:STATE=0:SPD=0:TH=0:sector=0:window=0:CCR1=500:CCR2=500:CCR3=500:ADC_STATUS=2:FAULT=0:FAULT_R=0:FAIL=0:RUN=0:em_stop1=1:em_stop2=1
@FOC:t=1049400:run_id=UNSET:map_id=M0:map_crc32=00000000:I1=0:I2=0:Ires=0:Id=0:Iq=0:Id_ref=2000:Iq_ref=0:VBUS=0:STATE=0:SPD=0:TH=0:sector=0:window=0:CCR1=500:CCR2=500:CCR3=500:ADC_STATUS=2:FAULT=0:FAULT_R=0:FAIL=0:RUN=0:em_stop1=1:em_stop2=1
@FOC:t=1049500:run_id=UNSET:map_id=M0:map_crc32=00000000:I1=0:I2=0:Ires=0:Id=0:Iq=0:Id_ref=2000:Iq_ref=0:VBUS=0:STATE=0:SPD=0:TH=0:sector=0:window=0:CCR1=500:CCR2=500:CCR3=500:ADC_STATUS=2:FAULT=0:FAULT_R=0:FAIL=0:RUN=0:em_stop1=1:em_stop2=1
@FOC:t=1049600:run_id=UNSET:map_id=M0:map_crc32=00000000:I1=0:I2=0:Ires=0:Id=0:Iq=0:Id_ref=2000:Iq_ref=0:VBUS=0:STATE=0:SPD=0:TH=0:sector=0:window=0:CCR1=500:CCR2=500:CCR3=500:ADC_STATUS=2:FAULT=0:FAULT_R=0:FAIL=0:RUN=0:em_stop1=1:em_stop2=1
@FOC:t=1049700:run_id=UNSET:map_id=M0:map_crc32=00000000:I1=0:I2=0:Ires=0:Id=0:Iq=0:Id_ref=2000:Iq_ref=0:VBUS=0:STATE=0:SPD=0:TH=0:sector=0:window=0:CCR1=500:CCR2=500:CCR3=500:ADC_STATUS=2:FAULT=0:FAULT_R=0:FAIL=0:RUN=0:em_stop1=1:em_stop2=1
@FOC:t=1049800:run_id=UNSET:map_id=M0:map_crc32=00000000:I1=0:I2=0:Ires=0:Id=0:Iq=0:Id_ref=2000:Iq_ref=0:VBUS=0:STATE=0:SPD=0:TH=0:sector=0:window=0:CCR1=500:CCR2=500:CCR3=500:ADC_STATUS=2:FAULT=0:FAULT_R=0:FAIL=0:RUN=0:em_stop1=1:em_stop2=1
@FOC:t=1049900:run_id=UNSET:map_id=M0:map_crc32=00000000:I1=0:I2=0:Ires=0:Id=0:Iq=0:Id_ref=2000:Iq_ref=0:VBUS=0:STATE=0:SPD=0:TH=0:sector=0:window=0:CCR1=500:CCR2=500:CCR3=500:ADC_STATUS=2:FAULT=0:FAULT_R=0:FAIL=0:RUN=0:em_stop1=1:em_stop2=1
@FOC:t=1050000:run_id=UNSET:map_id=M0:map_crc32=00000000:I1=0:I2=0:Ires=0:Id=0:Iq=0:Id_ref=2000:Iq_ref=0:VBUS=0:STATE=0:SPD=0:TH=0:sector=0:window=0:CCR1=500:CCR2=500:CCR3=500:ADC_STATUS=2:FAULT=0:FAULT_R=0:FAIL=0:RUN=0:em_stop1=1:em_stop2=1
@FOC:t=1050100:run_id=UNSET:map_id=M0:map_crc32=00000000:I1=0:I2=0:Ires=0:Id=0:Iq=0:Id_ref=2000:Iq_ref=0:VBUS=0:STATE=0:SPD=0:TH=0:sector=0:window=0:CCR1=500:CCR2=500:CCR3=500:ADC_STATUS=2:FAULT=0:FAULT_R=0:FAIL=0:RUN=0:em_stop1=1:em_stop2=1
@FOC:t=1050200:run_id=UNSET:map_id=M0:map_crc32=00000000:I1=0:I2=0:Ires=0:Id=0:Iq=0:Id_ref=2000:Iq_ref=0:VBUS=0:STATE=0:SPD=0:TH=0:sector=0:window=0:CCR1=500:CCR2=500:CCR3=500:ADC_STATUS=2:FAULT=0:FAULT_R=0:FAIL=0:RUN=0:em_stop1=1:em_stop2=1
@FOC:t=1050300:run_id=UNSET:map_id=M0:map_crc32=00000000:I1=0:I2=0:Ires=0:Id=0:Iq=0:Id_ref=2000:Iq_ref=0:VBUS=0:STATE=0:SPD=0:TH=0:sector=0:window=0:CCR1=500:CCR2=500:CCR3=500:ADC_STATUS=2:FAULT=0:FAULT_R=0:FAIL=0:RUN=0:em_stop1=1:em_stop2=1
@FOC:t=1050400:run_id=UNSET:map_id=M0:map_crc32=00000000:I1=0:I2=0:Ires=0:Id=0:Iq=0:Id_ref=2000:Iq_ref=0:VBUS=0:STATE=0:SPD=0:TH=0:sector=0:window=0:CCR1=500:CCR2=500:CCR3=500:ADC_STATUS=2:FAULT=0:FAULT_R=0:FAIL=0:RUN=0:em_stop1=1:em_stop2=1
@FOC:t=1050500:run_id=UNSET:map_id=M0:map_crc32=00000000:I1=0:I2=0:Ires=0:Id=0:Iq=0:Id_ref=2000:Iq_ref=0:VBUS=0:STATE=0:SPD=0:TH=0:sector=0:window=0:CCR1=500:CCR2=500:CCR3=500:ADC_STATUS=2:FAULT=0:FAULT_R=0:FAIL=0:RUN=0:em_stop1=1:em_stop2=1
@FOC:t=1050600:run_id=UNSET:map_id=M0:map_crc32=00000000:I1=0:I2=0:Ires=0:Id=0:Iq=0:Id_ref=2000:Iq_ref=0:VBUS=0:STATE=0:SPD=0:TH=0:sector=0:window=0:CCR1=500:CCR2=500:CCR3=500:ADC_STATUS=2:FAULT=0:FAULT_R=0:FAIL=0:RUN=0:em_stop1=1:em_stop2=1
@FOC:t=1050700:run_id=UNSET:map_id=M0:map_crc32=00000000:I1=0:I2=0:Ires=0:Id=0:Iq=0:Id_ref=2000:Iq_ref=0:VBUS=0:STATE=0:SPD=0:TH=0:sector=0:window=0:CCR1=500:CCR2=500:CCR3=500:ADC_STATUS=2:FAULT=0:FAULT_R=0:FAIL=0:RUN=0:em_stop1=1:em_stop2=1
> p?
@PWM:CR1=224:CCER=0:BDTR=7360:CNT=0
> @FOC:t=1050800:run_id=UNSET:map_id=M0:map_crc32=00000000:I1=0:I2=0:Ires=0:Id=0:Iq=0:Id_ref=2000:Iq_ref=0:VBUS=0:STATE=0:SPD=0:TH=0:sector=0:window=0:CCR1=500:CCR2=500:CCR3=500:ADC_STATUS=2:FAULT=0:FAULT_R=0:FAIL=0:RUN=0:em_stop1=1:em_stop2=1
@FOC:t=1050900:run_id=UNSET:map_id=M0:map_crc32=00000000:I1=0:I2=0:Ires=0:Id=0:Iq=0:Id_ref=2000:Iq_ref=0:VBUS=0:STATE=0:SPD=0:TH=0:sector=0:window=0:CCR1=500:CCR2=500:CCR3=500:ADC_STATUS=2:FAULT=0:FAULT_R=0:FAIL=0:RUN=0:em_stop1=1:em_stop2=1
@FOC:t=1051000:run_id=UNSET:map_id=M0:map_crc32=00000000:I1=0:I2=0:Ires=0:Id=0:Iq=0:Id_ref=2000:Iq_ref=0:VBUS=0:STATE=0:SPD=0:TH=0:sector=0:window=0:CCR1=500:CCR2=500:CCR3=500:ADC_STATUS=2:FAULT=0:FAULT_R=0:FAIL=0:RUN=0:em_stop1=1:em_stop2=1
@FOC:t=1051100:run_id=UNSET:map_id=M0:map_crc32=00000000:I1=0:I2=0:Ires=0:Id=0:Iq=0:Id_ref=2000:Iq_ref=0:VBUS=0:STATE=0:SPD=0:TH=0:sector=0:window=0:CCR1=500:CCR2=500:CCR3=500:ADC_STATUS=2:FAULT=0:FAULT_R=0:FAIL=0:RUN=0:em_stop1=1:em_stop2=1
@FOC:t=1051200:run_id=UNSET:map_id=M0:map_crc32=00000000:I1=0:I2=0:Ires=0:Id=0:Iq=0:Id_ref=2000:Iq_ref=0:VBUS=0:STATE=0:SPD=0:TH=0:sector=0:window=0:CCR1=500:CCR2=500:CCR3=500:ADC_STATUS=2:FAULT=0:FAULT_R=0:FAIL=0:RUN=0:em_stop1=1:em_stop2=1
@FOC:t=1051300:run_id=UNSET:map_id=M0:map_crc32=00000000:I1=0:I2=0:Ires=0:Id=0:Iq=0:Id_ref=2000:Iq_ref=0:VBUS=0:STATE=0:SPD=0:TH=0:sector=0:window=0:CCR1=500:CCR2=500:CCR3=500:ADC_STATUS=2:FAULT=0:FAULT_R=0:FAIL=0:RUN=0:em_stop1=1:em_stop2=1
@FOC:t=1051400:run_id=UNSET:map_id=M0:map_crc32=00000000:I1=0:I2=0:Ires=0:Id=0:Iq=0:Id_ref=2000:Iq_ref=0:VBUS=0:STATE=0:SPD=0:TH=0:sector=0:window=0:CCR1=500:CCR2=500:CCR3=500:ADC_STATUS=2:FAULT=0:FAULT_R=0:FAIL=0:RUN=0:em_stop1=1:em_stop2=1
@FOC:t=1051500:run_id=UNSET:map_id=M0:map_crc32=00000000:I1=0:I2=0:Ires=0:Id=0:Iq=0:Id_ref=2000:Iq_ref=0:VBUS=0:STATE=0:SPD=0:TH=0:sector=0:window=0:CCR1=500:CCR2=500:CCR3=500:ADC_STATUS=2:FAULT=0:FAULT_R=0:FAIL=0:RUN=0:em_stop1=1:em_stop2=1
@FOC:t=1051600:run_id=UNSET:map_id=M0:map_crc32=00000000:I1=0:I2=0:Ires=0:Id=0:Iq=0:Id_ref=2000:Iq_ref=0:VBUS=0:STATE=0:SPD=0:TH=0:sector=0:window=0:CCR1=500:CCR2=500:CCR3=500:ADC_STATUS=2:FAULT=0:FAULT_R=0:FAIL=0:RUN=0:em_stop1=1:em_stop2=1
@FOC:t=1051700:run_id=UNSET:map_id=M0:map_crc32=00000000:I1=0:I2=0:Ires=0:Id=0:Iq=0:Id_ref=2000:Iq_ref=0:VBUS=0:STATE=0:SPD=0:TH=0:sector=0:window=0:CCR1=500:CCR2=500:CCR3=500:ADC_STATUS=2:FAULT=0:FAULT_R=0:FAIL=0:RUN=0:em_stop1=1:em_stop2=1
@FOC:t=1051800:run_id=UNSET:map_id=M0:map_crc32=00000000:I1=0:I2=0:Ires=0:Id=0:Iq=0:Id_ref=2000:Iq_ref=0:VBUS=0:STATE=0:SPD=0:TH=0:sector=0:window=0:CCR1=500:CCR2=500:CCR3=500:ADC_STATUS=2:FAULT=0:FAULT_R=0:FAIL=0:RUN=0:em_stop1=1:em_stop2=1
@FOC:t=1051900:run_id=UNSET:map_id=M0:map_crc32=00000000:I1=0:I2=0:Ires=0:Id=0:Iq=0:Id_ref=2000:Iq_ref=0:VBUS=0:STATE=0:SPD=0:TH=0:sector=0:window=0:CCR1=500:CCR2=500:CCR3=500:ADC_STATUS=2:FAULT=0:FAULT_R=0:FAIL=0:RUN=0:em_stop1=1:em_stop2=1
@FOC:t=1052000:run_id=UNSET:map_id=M0:map_crc32=00000000:I1=0:I2=0:Ires=0:Id=0:Iq=0:Id_ref=2000:Iq_ref=0:VBUS=0:STATE=0:SPD=0:TH=0:sector=0:window=0:CCR1=500:CCR2=500:CCR3=500:ADC_STATUS=2:FAULT=0:FAULT_R=0:FAIL=0:RUN=0:em_stop1=1:em_stop2=1
@FOC:t=1052100:run_id=UNSET:map_id=M0:map_crc32=00000000:I1=0:I2=0:Ires=0:Id=0:Iq=0:Id_ref=2000:Iq_ref=0:VBUS=0:STATE=0:SPD=0:TH=0:sector=0:window=0:CCR1=500:CCR2=500:CCR3=500:ADC_STATUS=2:FAULT=0:FAULT_R=0:FAIL=0:RUN=0:em_stop1=1:em_stop2=1
@FOC:t=1052200:run_id=UNSET:map_id=M0:map_crc32=00000000:I1=0:I2=0:Ires=0:Id=0:Iq=0:Id_ref=2000:Iq_ref=0:VBUS=0:STATE=0:SPD=0:TH=0:sector=0:window=0:CCR1=500:CCR2=500:CCR3=500:ADC_STATUS=2:FAULT=0:FAULT_R=0:FAIL=0:RUN=0:em_stop1=1:em_stop2=1
@FOC:t=1052300:run_id=UNSET:map_id=M0:map_crc32=00000000:I1=0:I2=0:Ires=0:Id=0:Iq=0:Id_ref=2000:Iq_ref=0:VBUS=0:STATE=0:SPD=0:TH=0:sector=0:window=0:CCR1=500:CCR2=500:CCR3=500:ADC_STATUS=2:FAULT=0:FAULT_R=0:FAIL=0:RUN=0:em_stop1=1:em_stop2=1
@FOC:t=1052400:run_id=UNSET:map_id=M0:map_crc32=00000000:I1=0:I2=0:Ires=0:Id=0:Iq=0:Id_ref=2000:Iq_ref=0:VBUS=0:STATE=0:SPD=0:TH=0:sector=0:window=0:CCR1=500:CCR2=500:CCR3=500:ADC_STATUS=2:FAULT=0:FAULT_R=0:FAIL=0:RUN=0:em_stop1=1:em_stop2=1
@FOC:t=1052500:run_id=UNSET:map_id=M0:map_crc32=00000000:I1=0:I2=0:Ires=0:Id=0:Iq=0:Id_ref=2000:Iq_ref=0:VBUS=0:STATE=0:SPD=0:TH=0:sector=0:window=0:CCR1=500:CCR2=500:CCR3=500:ADC_STATUS=2:FAULT=0:FAULT_R=0:FAIL=0:RUN=0:em_stop1=1:em_stop2=1
@FOC:t=1052600:run_id=UNSET:map_id=M0:map_crc32=00000000:I1=0:I2=0:Ires=0:Id=0:Iq=0:Id_ref=2000:Iq_ref=0:VBUS=0:STATE=0:SPD=0:TH=0:sector=0:window=0:CCR1=500:CCR2=500:CCR3=500:ADC_STATUS=2:FAULT=0:FAULT_R=0:FAIL=0:RUN=0:em_stop1=1:em_stop2=1
@FOC:t=1052700:run_id=UNSET:map_id=M0:map_crc32=00000000:I1=0:I2=0:Ires=0:Id=0:Iq=0:Id_ref=2000:Iq_ref=0:VBUS=0:STATE=0:SPD=0:TH=0:sector=0:window=0:CCR1=500:CCR2=500:CCR3=500:ADC_STATUS=2:FAULT=0:FAULT_R=0:FAIL=0:RUN=0:em_stop1=1:em_stop2=1
@FOC:t=1052800:run_id=UNSET:map_id=M0:map_crc32=00000000:I1=0:I2=0:Ires=0:Id=0:Iq=0:Id_ref=2000:Iq_ref=0:VBUS=0:STATE=0:SPD=0:TH=0:sector=0:window=0:CCR1=500:CCR2=500:CCR3=500:ADC_STATUS=2:FAULT=0:FAULT_R=0:FAIL=0:RUN=0:em_stop1=1:em_stop2=1
@FOC:t=1052900:run_id=UNSET:map_id=M0:map_crc32=00000000:I1=0:I2=0:Ires=0:Id=0:Iq=0:Id_ref=2000:Iq_ref=0:VBUS=0:STATE=0:SPD=0:TH=0:sector=0:window=0:CCR1=500:CCR2=500:CCR3=500:ADC_STATUS=2:FAULT=0:FAULT_R=0:FAIL=0:RUN=0:em_stop1=1:em_stop2=1
@FOC:t=1053000:run_id=UNSET:map_id=M0:map_crc32=00000000:I1=0:I2=0:Ires=0:Id=0:Iq=0:Id_ref=2000:Iq_ref=0:VBUS=0:STATE=0:SPD=0:TH=0:sector=0:window=0:CCR1=500:CCR2=500:CCR3=500:ADC_STATUS=2:FAULT=0:FAULT_R=0:FAIL=0:RUN=0:em_stop1=1:em_stop2=1
@FOC:t=1053100:run_id=UNSET:map_id=M0:map_crc32=00000000:I1=0:I2=0:Ires=0:Id=0:Iq=0:Id_ref=2000:Iq_ref=0:VBUS=0:STATE=0:SPD=0:TH=0:sector=0:window=0:CCR1=500:CCR2=500:CCR3=500:ADC_STATUS=2:FAULT=0:FAULT_R=0:FAIL=0:RUN=0:em_stop1=1:em_stop2=1
@FOC:t=1053200:run_id=UNSET:map_id=M0:map_crc32=00000000:I1=0:I2=0:Ires=0:Id=0:Iq=0:Id_ref=2000:Iq_ref=0:VBUS=0:STATE=0:SPD=0:TH=0:sector=0:window=0:CCR1=500:CCR2=500:CCR3=500:ADC_STATUS=2:FAULT=0:FAULT_R=0:FAIL=0:RUN=0:em_stop1=1:em_stop2=1
> breakdiag
@BRK:valid=1:seq=1:src=TIM1:cyc=0:sr=81,81:sd=1,1:bd=1CC0,1CC0:ce=0,0:cnt=0,0:cap=0,0,0
> @FOC:t=1053300:run_id=UNSET:map_id=M0:map_crc32=00000000:I1=0:I2=0:Ires=0:Id=0:Iq=0:Id_ref=2000:Iq_ref=0:VBUS=0:STATE=0:SPD=0:TH=0:sector=0:window=0:CCR1=500:CCR2=500:CCR3=500:ADC_STATUS=2:FAULT=0:FAULT_R=0:FAIL=0:RUN=0:em_stop1=1:em_stop2=1
@FOC:t=1053400:run_id=UNSET:map_id=M0:map_crc32=00000000:I1=0:I2=0:Ires=0:Id=0:Iq=0:Id_ref=2000:Iq_ref=0:VBUS=0:STATE=0:SPD=0:TH=0:sector=0:window=0:CCR1=500:CCR2=500:CCR3=500:ADC_STATUS=2:FAULT=0:FAULT_R=0:FAIL=0:RUN=0:em_stop1=1:em_stop2=1
@FOC:t=1053500:run_id=UNSET:map_id=M0:map_crc32=00000000:I1=0:I2=0:Ires=0:Id=0:Iq=0:Id_ref=2000:Iq_ref=0:VBUS=0:STATE=0:SPD=0:TH=0:sector=0:window=0:CCR1=500:CCR2=500:CCR3=500:ADC_STATUS=2:FAULT=0:FAULT_R=0:FAIL=0:RUN=0:em_stop1=1:em_stop2=1
@FOC:t=1053600:run_id=UNSET:map_id=M0:map_crc32=00000000:I1=0:I2=0:Ires=0:Id=0:Iq=0:Id_ref=2000:Iq_ref=0:VBUS=0:STATE=0:SPD=0:TH=0:sector=0:window=0:CCR1=500:CCR2=500:CCR3=500:ADC_STATUS=2:FAULT=0:FAULT_R=0:FAIL=0:RUN=0:em_stop1=1:em_stop2=1
@FOC:t=1053700:run_id=UNSET:map_id=M0:map_crc32=00000000:I1=0:I2=0:Ires=0:Id=0:Iq=0:Id_ref=2000:Iq_ref=0:VBUS=0:STATE=0:SPD=0:TH=0:sector=0:window=0:CCR1=500:CCR2=500:CCR3=500:ADC_STATUS=2:FAULT=0:FAULT_R=0:FAIL=0:RUN=0:em_stop1=1:em_stop2=1
@FOC:t=1053800:run_id=UNSET:map_id=M0:map_crc32=00000000:I1=0:I2=0:Ires=0:Id=0:Iq=0:Id_ref=2000:Iq_ref=0:VBUS=0:STATE=0:SPD=0:TH=0:sector=0:window=0:CCR1=500:CCR2=500:CCR3=500:ADC_STATUS=2:FAULT=0:FAULT_R=0:FAIL=0:RUN=0:em_stop1=1:em_stop2=1
@FOC:t=1053900:run_id=UNSET:map_id=M0:map_crc32=00000000:I1=0:I2=0:Ires=0:Id=0:Iq=0:Id_ref=2000:Iq_ref=0:VBUS=0:STATE=0:SPD=0:TH=0:sector=0:window=0:CCR1=500:CCR2=500:CCR3=500:ADC_STATUS=2:FAULT=0:FAULT_R=0:FAIL=0:RUN=0:em_stop1=1:em_stop2=1
@FOC:t=1054000:run_id=UNSET:map_id=M0:map_crc32=00000000:I1=0:I2=0:Ires=0:Id=0:Iq=0:Id_ref=2000:Iq_ref=0:VBUS=0:STATE=0:SPD=0:TH=0:sector=0:window=0:CCR1=500:CCR2=500:CCR3=500:ADC_STATUS=2:FAULT=0:FAULT_R=0:FAIL=0:RUN=0:em_stop1=1:em_stop2=1
@FOC:t=1054100:run_id=UNSET:map_id=M0:map_crc32=00000000:I1=0:I2=0:Ires=0:Id=0:Iq=0:Id_ref=2000:Iq_ref=0:VBUS=0:STATE=0:SPD=0:TH=0:sector=0:window=0:CCR1=500:CCR2=500:CCR3=500:ADC_STATUS=2:FAULT=0:FAULT_R=0:FAIL=0:RUN=0:em_stop1=1:em_stop2=1
@FOC:t=1054200:run_id=UNSET:map_id=M0:map_crc32=00000000:I1=0:I2=0:Ires=0:Id=0:Iq=0:Id_ref=2000:Iq_ref=0:VBUS=0:STATE=0:SPD=0:TH=0:sector=0:window=0:CCR1=500:CCR2=500:CCR3=500:ADC_STATUS=2:FAULT=0:FAULT_R=0:FAIL=0:RUN=0:em_stop1=1:em_stop2=1
@FOC:t=1054300:run_id=UNSET:map_id=M0:map_crc32=00000000:I1=0:I2=0:Ires=0:Id=0:Iq=0:Id_ref=2000:Iq_ref=0:VBUS=0:STATE=0:SPD=0:TH=0:sector=0:window=0:CCR1=500:CCR2=500:CCR3=500:ADC_STATUS=2:FAULT=0:FAULT_R=0:FAIL=0:RUN=0:em_stop1=1:em_stop2=1
@FOC:t=1054400:run_id=UNSET:map_id=M0:map_crc32=00000000:I1=0:I2=0:Ires=0:Id=0:Iq=0:Id_ref=2000:Iq_ref=0:VBUS=0:STATE=0:SPD=0:TH=0:sector=0:window=0:CCR1=500:CCR2=500:CCR3=500:ADC_STATUS=2:FAULT=0:FAULT_R=0:FAIL=0:RUN=0:em_stop1=1:em_stop2=1
@FOC:t=1054500:run_id=UNSET:map_id=M0:map_crc32=00000000:I1=0:I2=0:Ires=0:Id=0:Iq=0:Id_ref=2000:Iq_ref=0:VBUS=0:STATE=0:SPD=0:TH=0:sector=0:window=0:CCR1=500:CCR2=500:CCR3=500:ADC_STATUS=2:FAULT=0:FAULT_R=0:FAIL=0:RUN=0:em_stop1=1:em_stop2=1
@FOC:t=1054600:run_id=UNSET:map_id=M0:map_crc32=00000000:I1=0:I2=0:Ires=0:Id=0:Iq=0:Id_ref=2000:Iq_ref=0:VBUS=0:STATE=0:SPD=0:TH=0:sector=0:window=0:CCR1=500:CCR2=500:CCR3=500:ADC_STATUS=2:FAULT=0:FAULT_R=0:FAIL=0:RUN=0:em_stop1=1:em_stop2=1
@FOC:t=1054700:run_id=UNSET:map_id=M0:map_crc32=00000000:I1=0:I2=0:Ires=0:Id=0:Iq=0:Id_ref=2000:Iq_ref=0:VBUS=0:STATE=0:SPD=0:TH=0:sector=0:window=0:CCR1=500:CCR2=500:CCR3=500:ADC_STATUS=2:FAULT=0:FAULT_R=0:FAIL=0:RUN=0:em_stop1=1:em_stop2=1
@FOC:t=1054800:run_id=UNSET:map_id=M0:map_crc32=00000000:I1=0:I2=0:Ires=0:Id=0:Iq=0:Id_ref=2000:Iq_ref=0:VBUS=0:STATE=0:SPD=0:TH=0:sector=0:window=0:CCR1=500:CCR2=500:CCR3=500:ADC_STATUS=2:FAULT=0:FAULT_R=0:FAIL=0:RUN=0:em_stop1=1:em_stop2=1
@FOC:t=1054900:run_id=UNSET:map_id=M0:map_crc32=00000000:I1=0:I2=0:Ires=0:Id=0:Iq=0:Id_ref=2000:Iq_ref=0:VBUS=0:STATE=0:SPD=0:TH=0:sector=0:window=0:CCR1=500:CCR2=500:CCR3=500:ADC_STATUS=2:FAULT=0:FAULT_R=0:FAIL=0:RUN=0:em_stop1=1:em_stop2=1
@FOC:t=1055000:run_id=UNSET:map_id=M0:map_crc32=00000000:I1=0:I2=0:Ires=0:Id=0:Iq=0:Id_ref=2000:Iq_ref=0:VBUS=0:STATE=0:SPD=0:TH=0:sector=0:window=0:CCR1=500:CCR2=500:CCR3=500:ADC_STATUS=2:FAULT=0:FAULT_R=0:FAIL=0:RUN=0:em_stop1=1:em_stop2=1
@FOC:t=1055100:run_id=UNSET:map_id=M0:map_crc32=00000000:I1=0:I2=0:Ires=0:Id=0:Iq=0:Id_ref=2000:Iq_ref=0:VBUS=0:STATE=0:SPD=0:TH=0:sector=0:window=0:CCR1=500:CCR2=500:CCR3=500:ADC_STATUS=2:FAULT=0:FAULT_R=0:FAIL=0:RUN=0:em_stop1=1:em_stop2=1
@FOC:t=1055200:run_id=UNSET:map_id=M0:map_crc32=00000000:I1=0:I2=0:Ires=0:Id=0:Iq=0:Id_ref=2000:Iq_ref=0:VBUS=0:STATE=0:SPD=0:TH=0:sector=0:window=0:CCR1=500:CCR2=500:CCR3=500:ADC_STATUS=2:FAULT=0:FAULT_R=0:FAIL=0:RUN=0:em_stop1=1:em_stop2=1
@FOC:t=1055300:run_id=UNSET:map_id=M0:map_crc32=00000000:I1=0:I2=0:Ires=0:Id=0:Iq=0:Id_ref=2000:Iq_ref=0:VBUS=0:STATE=0:SPD=0:TH=0:sector=0:window=0:CCR1=500:CCR2=500:CCR3=500:ADC_STATUS=2:FAULT=0:FAULT_R=0:FAIL=0:RUN=0:em_stop1=1:em_stop2=1
@FOC:t=1055400:run_id=UNSET:map_id=M0:map_crc32=00000000:I1=0:I2=0:Ires=0:Id=0:Iq=0:Id_ref=2000:Iq_ref=0:VBUS=0:STATE=0:SPD=0:TH=0:sector=0:window=0:CCR1=500:CCR2=500:CCR3=500:ADC_STATUS=2:FAULT=0:FAULT_R=0:FAIL=0:RUN=0:em_stop1=1:em_stop2=1
@FOC:t=1055500:run_id=UNSET:map_id=M0:map_crc32=00000000:I1=0:I2=0:Ires=0:Id=0:Iq=0:Id_ref=2000:Iq_ref=0:VBUS=0:STATE=0:SPD=0:TH=0:sector=0:window=0:CCR1=500:CCR2=500:CCR3=500:ADC_STATUS=2:FAULT=0:FAULT_R=0:FAIL=0:RUN=0:em_stop1=1:em_stop2=1
@FOC:t=1055600:run_id=UNSET:map_id=M0:map_crc32=00000000:I1=0:I2=0:Ires=0:Id=0:Iq=0:Id_ref=2000:Iq_ref=0:VBUS=0:STATE=0:SPD=0:TH=0:sector=0:window=0:CCR1=500:CCR2=500:CCR3=500:ADC_STATUS=2:FAULT=0:FAULT_R=0:FAIL=0:RUN=0:em_stop1=1:em_stop2=1
@FOC:t=1055700:run_id=UNSET:map_id=M0:map_crc32=00000000:I1=0:I2=0:Ires=0:Id=0:Iq=0:Id_ref=2000:Iq_ref=0:VBUS=0:STATE=0:SPD=0:TH=0:sector=0:window=0:CCR1=500:CCR2=500:CCR3=500:ADC_STATUS=2:FAULT=0:FAULT_R=0:FAIL=0:RUN=0:em_stop1=1:em_stop2=1
