> f
fault cleared
@FOC:t=1858200:run_id=UNSET:m
> @FOC
@FOC:t=1859200:run_id=UNSET:map_id=M0:map_crc32=00000000:I1=12:I2=0:Ires=0:Id=0:Iq=0:Id_ref=2000:Iq_ref=0:VBUS=30018:STATE=0:SPD=0:TH=0:sector=0:window=0:CCR1=500:CCR2=500:CCR3=500:ADC_STATUS=11:FAULT=0:FAULT_R=0:FAIL=0:RUN=0:em_stop1=1:em_stop2=1
> breakdiag
@BRK:valid=1:seq=1:src=TIM8:cyc=0:sr=1,81:sd=1,1:bd=1CC0,1CC0:ce=0,0:cnt=0,0:cap=1,1,0
@FOC:t=1860200:run_id=UNSET:map_id=M0:map_crc32=00000000:I1=12:I2=0:Ires=0:Id=0:Iq=0:Id_ref=2000:Iq_ref=0:VBUS=30018:STATE=0:SPD=0:TH=0:sector=0:window=0:CCR1=500:CCR2=500:CCR3=500:ADC_STATUS=11:FAULT=0:FAULT_R=0:FAIL=0:RUN=0:em_stop1=1:em_stop2=1
> breakdiag reset
@BRK:RESET:rc=0
@FOC:t=1861700:run_id=UNSET:map_id=M0:map_crc32=00000000:I1=12:I2=0:Ires=0:Id=0:Iq=0:Id_ref=2000:Iq_ref=0:VBUS=30018:STATE=0:SPD=0:TH=0:sector=0:window=0:CCR1=500:CCR2=500:CCR3=500:ADC_STATUS=11:FAULT=0:FAULT_R=0:FAIL=0:RUN=0:em_stop1=1:em_stop2=1
> breakdiag
@BRK:valid=0
@FOC:t=1863200:run_id=UNSET:map_id=M0:map_crc32=00000000:I1=12:I2=0:Ires=0:Id=0:Iq=0:Id_ref=2000:Iq_ref=0:VBUS=30018:STATE=0:SPD=0:TH=0:sector=0:window=0:CCR1=500:CCR2=500:CCR3=500:ADC_STATUS=11:FAULT=0:FAULT_R=0:FAIL=0:RUN=0:em_stop1=1:em_stop2=1
> p?
@PWM:CR1=224:CCER=0:BDTR=7360:CNT=0
@FOC:t=1864800:run_id=UNSET:map_id=M0:map_crc32=00000000:I1=12:I2=0:Ires=0:Id=0:Iq=0:Id_ref=2000:Iq_r
> a
@ADC:I1=2040:I2=2073:Ires=0:VBUS=326
@FOC:t=1866300:run_id=UNSET:map_id=M0:map_crc32=00000000:I1=12:I2=63:Ires=0:Id=0:Iq=0:Id_ref=2000:Iq_ref=0:VBUS=32838:STATE=0:SPD=0:TH=0:sector=0:window=0:CCR1=500:CCR2=500:CCR3=500:ADC_STATUS=11:
> a?
@ADC:STATUS:offset_i1=2039:stream=0
@FOC:t=1867800:run_id=UNSET:map_id=M0:map_crc32=00000000:I1=12:I2=63:Ires=0:Id=0:Iq=0:Id_ref=2000:Iq_ref=0:VBUS=32838:STATE=0:SPD=0:TH=0:sector=0:window=0:CCR1=500:CCR2=500:CCR3=500:ADC_STATUS=11:FAULT=0:FAULT_R=0:FAIL=0:RUN=0:em_stop1=1:em_stop2=1
> sysinfo
@SYS:CLK=170000000:PSC=16:TCLK=10000000:PLLCFGR=0x01005532:OVR=0:JEOS=0:TO=0:JQOVF=0:uart_drp=0:uart_trunc=0
@FOC:t=1869300:run_id=UNSET:map_id=M0:map_crc32=00000000:I1=12:I2=63:Ires=0:Id=0:Iq=0:Id_ref=2000:Iq_ref=0:VBUS=32838:STATE=0:SPD=0:TH=0:sector=0:window=0:CCR1=500:CCR2=500:CCR3=500:ADC_STATUS=11:FAULT=0:FAULT_R=0:FAIL=0:RUN=0:em_stop1=1:em_stop2=1
> enc
@ENC:angle=4623:speed=-1:period_us=896:pulse_us=254:err=0
@FOC:t=1870800:run_id=UNSET:map_id=M0:map_crc32=00000000:I1=12:I2=63:Ires=0:Id=0:Iq=0:Id_ref=2000:Iq_ref=0:VBUS=32838:STATE=0:SPD=0:TH=0:sector=0:window=0:CCR1=500:CCR2=500:CCR3=500:ADC_STATUS=11:FAULT=0:FAULT_R=0:FAIL=0:RUN=0:em_stop1=1:em_stop2=1
> mapcap status
@MC:STATUS:state=5:term=-16:cap=1:frames=0:dropped=0:periods=0:avail=0:detail=0:raw_vbus=0:vbus_mv=0:i1_ma=0:i2_ma=0:adc_status=0:sector=0:window=0
@FOC:t=1872300:run_id=UNSET:map_id=M0:map_crc32=00000000:I1=12:I2=63:Ires=0:Id=0:Iq=0:Id_ref=2000:Iq_ref=0:VBUS=32838:STATE=0:SPD=0:TH=0:sector=0:window=0:CCR1=500:CCR2=500:CCR3=500:ADC_STATUS=11:FAULT=0:FAULT_R=0:FAIL=0:RUN=0:em_stop1=1:em_stop2=1
