$ mapcap drain
@MC:REC:cap=2:seq=24:raw_i1=2042:raw_i2=2088:raw_ct=51:raw_vbus=323:i1=38:i2=255:vbus=32536:ccr1=625,500,375:ccr8=500,375,625:arr=999:trig=1329944369:status=7:fault=0
@MC:DRAIN:records=8
> @FOC:t=2351000:run_id=UNSET:map_id=M0:map_crc32=00000000:I1=25:I2=25:Ires=0:Id=0:Iq=0:Id_ref=2000:Iq_ref=0:VBUS=32435:STATE=0:SPD=0:TH=0:sector=0:window=0:CCR1=500:CCR2=500:CCR3=500:ADC_STATUS=11:FAULT=0:FAULT_R=0:FAIL=0:RUN=0:em_stop1=1:em_stop2=1
$ mapcap build=1112490322
@MAP:BUILD:BLOCKED:CAPTURE_STATE=3:TERM=0:AVAILABLE=0
> @FOC:t=2355000:run_id=UNSET:map_id=M0:map_crc32=00000000:I1=25:I2=25:Ires=0:Id=0:Iq=0:Id_ref=2000:Iq_ref=0:VBUS=32435:STATE=0:SPD=0:TH=0:sector=0:window=0:CCR1=500:CCR2=500:CCR3=500:ADC_STATUS=11:FAULT=0:FAULT_R=0:FAIL=0:RUN=0:em_stop1=1:em_stop2=1
$ mapcap status
@MC:STATUS:state=3:term=0:cap=2:frames=8:dropped=0:periods=0:avail=0:detail=0:raw_vbus=0:vbus_mv=0:i1_ma=0:i2_ma=0:adc_status=0:sector=0:window=0
> @FOC:t=2360000:run_id=UNSET:map_id=M0:map_crc32=00000000:I1=25:I2=25:Ires=0:Id=0:Iq=0:Id_ref=2000:Iq_ref=0:VBUS=32435:STATE=0:SPD=0:TH=0:sector=0:window=0:CCR1=500:CCR2=500:CCR3=500:ADC_STATUS=11:FAULT=0:FAULT_R=0:FAIL=0:RUN=0:em_stop1=1:em_stop2=1
$ mapcap identity
@MAP:IDENTITY:board=7:pwm=5000:arr=999:trig=0x4F455731:off=0:dt=192:adc_clk=42500000:sample_x2=1281:res=0:acs=0x26B9B97B:ccs=0x13552B12
> @FOC:t=2361500:run_id=UNSET:map_id=M0:map_crc32=00000000:I1=25:I2=25:Ires=0:Id=0:Iq=0:Id_ref=2000:Iq_ref=0:VBUS=32435:STATE=0:SPD=0:TH=0:sector=0:window=0:CCR1=500:CCR2=500:CCR3=500:ADC_STATUS=11:FAULT=0:FAULT_R=0:FAIL=0:RUN=0:em_stop1=1:em_stop2=1
$ p?
@PWM:CR1=224:CCER=0:BDTR=7360:CNT=638
> @FOC:t=2363000:run_id=UNSET:map_id=M0:map_crc32=00000000:I1=25:I2=25:Ires=0:Id=0:Iq=0:Id_ref=2000:Iq_ref=0:VBUS=32435:STATE=0:SPD=0:TH=0:sector=0:window=0:CCR1=500:CCR2=500:CCR3=500:ADC_STATUS=11:FAULT=0:FAULT_R=0:FAIL=0:RUN=0:em_stop1=1:em_stop2=1
$ breakdiag
@BRK:valid=0
> @FOC:t=2364300:run_id=UNSET:map_id=M0:map_crc32=00000000:I1=25:I2=25:Ires=0:Id=0:Iq=0:Id_ref=2000:Iq_ref=0:VBUS=32435:STATE=0:SPD=0:TH=0:sector=0:window=0:CCR1=500:CCR2=500:CCR3=500:ADC_STATUS=11:FAULT=0:FAULT_R=0:FAIL=0:RUN=0:em_stop1=1:em_stop2=1
@
$ a
:CCR1=500:CCR2=500:CCR3=500:ADC_STATUS=11:FAULT=0:FAULT_R=0:FAIL=0:RUN=0:em_stop1=1:em_stop2=1
@ADC:I1=2041:I2=2068:Ires=0:VBUS=320
> @FOC:t=2365600:run_id=UNSET:map_id=M0:map_crc32=00000000:I1=25:I2=0:Ires=0:Id=0:Iq=0:Id_ref=2000:Iq_ref=0:VBUS=32234:STATE=0:SPD=0:TH=0:sector=0:window=0:CCR1=500:CCR2=500:CCR3=500:ADC_STATUS=11:FAULT=0:FAULT_R=0:FAIL=0:RUN=0:em_stop1=1:em_stop2=1
$ sysinfo
=1
@SYS:CLK=170000000:PSC=16:TCLK=10000000:PLLCFGR=0x01005532:OVR=0:JEOS=8:TO=0:JQOVF=0:uart_drp=0:uart_trunc=0
> @FOC:t=2366800:run_id=UNSET:map_id=M0:map_crc32=00000000:I1=25:I2=0:Ires=0:Id=0:Iq=0:Id_ref=2000:Iq_ref=0:VBUS=32234:STATE=0:SPD=0:TH=0:sector=0:window=0:CCR1=500:CCR2=500:CCR3=500:ADC_STATUS=11:FAULT=0:FAULT_R=0:FAIL=0:RUN=0:em_stop1=1:em_stop2=1
