../Core/Src/main.c:104:5:_write	24	static
../Core/Src/main.c:110:13:uart_start_rx	8	static
../Core/Src/main.c:114:6:HAL_UART_RxCpltCallback	24	static
../Core/Src/main.c:134:13:read_raw_adc	4	static
../Core/Src/main.c:143:13:update_currents	4	static
../Core/Src/main.c:152:13:print_raw_adc	48	static
../Core/Src/main.c:163:13:print_currents	88	static
../Core/Src/main.c:173:13:set_all_pwm_half	4	static
../Core/Src/main.c:178:13:stop_dc_test	8	static
../Core/Src/main.c:185:13:check_dc_test_timeout	8	static
../Core/Src/main.c:192:13:start_dc_test	16	static
../Core/Src/main.c:209:13:calibrate_offsets	120	static
../Core/Src/main.c:243:13:apply_dc_pwm	16	static
../Core/Src/main.c:266:13:print_help	8	static
../Core/Src/main.c:287:13:process_command	136	static
../Core/Src/main.c:358:5:main	88	static,ignoring_inline_asm
../Core/Src/main.c:482:6:SystemClock_Config	88	static
../Core/Src/main.c:528:13:MX_ADC1_Init	80	static
../Core/Src/main.c:621:13:MX_ADC2_Init	104	static
../Core/Src/main.c:724:13:MX_CORDIC_Init	8	static
../Core/Src/main.c:762:13:MX_TIM1_Init	104	static
../Core/Src/main.c:845:13:MX_TIM8_Init	120	static
../Core/Src/main.c:936:13:MX_USART2_UART_Init	8	static
../Core/Src/main.c:984:13:MX_GPIO_Init	24	static
../Core/Src/main.c:1010:6:BSP_PB_Callback	16	static
../Core/Src/main.c:1022:6:Error_Handler	4	static,ignoring_inline_asm
