../Core/Src/main.c:104:5:_write	1
../Core/Src/main.c:110:13:uart_start_rx	1
../Core/Src/main.c:114:6:HAL_UART_RxCpltCallback	7
../Core/Src/main.c:134:13:read_raw_adc	1
../Core/Src/main.c:143:13:update_currents	1
../Core/Src/main.c:152:13:print_raw_adc	1
../Core/Src/main.c:163:13:print_currents	1
../Core/Src/main.c:173:13:set_all_pwm_half	1
../Core/Src/main.c:178:13:stop_dc_test	1
../Core/Src/main.c:185:13:check_dc_test_timeout	3
../Core/Src/main.c:192:13:start_dc_test	5
../Core/Src/main.c:209:13:calibrate_offsets	2
../Core/Src/main.c:233:13:apply_dc_pwm	7
../Core/Src/main.c:255:13:print_help	1
../Core/Src/main.c:276:13:process_command	35
../Core/Src/main.c:347:5:main	5
../Core/Src/main.c:471:6:SystemClock_Config	3
../Core/Src/main.c:517:13:MX_ADC1_Init	6
../Core/Src/main.c:610:13:MX_ADC2_Init	6
../Core/Src/main.c:704:13:MX_CORDIC_Init	2
../Core/Src/main.c:742:13:MX_TIM1_Init	7
../Core/Src/main.c:825:13:MX_TIM8_Init	9
../Core/Src/main.c:916:13:MX_USART2_UART_Init	5
../Core/Src/main.c:964:13:MX_GPIO_Init	1
../Core/Src/main.c:990:6:BSP_PB_Callback	2
../Core/Src/main.c:1002:6:Error_Handler	1
