../Core/Src/main.c:103:5:_write	1
../Core/Src/main.c:109:13:uart_start_rx	1
../Core/Src/main.c:113:6:HAL_UART_RxCpltCallback	7
../Core/Src/main.c:133:13:read_raw_adc	1
../Core/Src/main.c:142:13:update_currents	1
../Core/Src/main.c:151:13:print_raw_adc	1
../Core/Src/main.c:162:13:print_currents	1
../Core/Src/main.c:172:13:set_all_pwm_half	1
../Core/Src/main.c:177:13:stop_dc_test	1
../Core/Src/main.c:184:13:start_dc_test	5
../Core/Src/main.c:200:13:calibrate_offsets	2
../Core/Src/main.c:224:13:apply_dc_pwm	7
../Core/Src/main.c:246:13:print_help	1
../Core/Src/main.c:265:13:process_command	23
../Core/Src/main.c:318:5:main	5
../Core/Src/main.c:441:6:SystemClock_Config	3
../Core/Src/main.c:487:13:MX_ADC1_Init	6
../Core/Src/main.c:580:13:MX_ADC2_Init	6
../Core/Src/main.c:674:13:MX_CORDIC_Init	2
../Core/Src/main.c:712:13:MX_TIM1_Init	7
../Core/Src/main.c:795:13:MX_TIM8_Init	9
../Core/Src/main.c:886:13:MX_USART2_UART_Init	5
../Core/Src/main.c:934:13:MX_GPIO_Init	1
../Core/Src/main.c:960:6:BSP_PB_Callback	2
../Core/Src/main.c:972:6:Error_Handler	1
