../Core/Src/main.c:104:5:_write	24	static
../Core/Src/main.c:110:13:uart_start_rx	8	static
../Core/Src/main.c:114:6:HAL_UART_RxCpltCallback	24	static
../Core/Src/main.c:134:13:read_raw_adc	4	static
../Core/Src/main.c:143:13:update_currents	4	static
../Core/Src/main.c:152:13:print_raw_adc	48	static
../Core/Src/main.c:163:13:print_currents	88	static
../Core/Src/main.c:173:13:set_all_pwm_half	4	static
../Core/Src/main.c:178:13:stop_dc_test	8	static
../Core/Src/main.c:185:13:check_dc_test_timeout	8	static
../Core/Src/main.c:192:13:start_dc_test	16	static
../Core/Src/main.c:209:13:calibrate_offsets	120	static
../Core/Src/main.c:233:13:apply_dc_pwm	16	static
../Core/Src/main.c:255:13:print_help	8	static
../Core/Src/main.c:276:13:process_command	136	static
../Core/Src/main.c:347:5:main	88	static,ignoring_inline_asm
../Core/Src/main.c:471:6:SystemClock_Config	88	static
../Core/Src/main.c:517:13:MX_ADC1_Init	80	static
../Core/Src/main.c:610:13:MX_ADC2_Init	104	static
../Core/Src/main.c:704:13:MX_CORDIC_Init	8	static
../Core/Src/main.c:742:13:MX_TIM1_Init	104	static
../Core/Src/main.c:825:13:MX_TIM8_Init	120	static
../Core/Src/main.c:916:13:MX_USART2_UART_Init	8	static
../Core/Src/main.c:964:13:MX_GPIO_Init	24	static
../Core/Src/main.c:990:6:BSP_PB_Callback	16	static
../Core/Src/main.c:1002:6:Error_Handler	4	static,ignoring_inline_asm
