_ref=0:VBUS=0:STATE=0:SPD=0:TH=0:sector=0:window=0:CCR1=0:CCR2=0:CCR3=0:ADC_STATUS=2:FAULT=0:FAULT_R=0:FAIL=0:RUN=0:em_stop1=1:em_stop2=1
@FOC:t=10100:run_id=UNSET:map_id=M0:map_crc32=00000000:I1=0:I2=0:Ires=0:Id=0:Iq=0:Id_ref=2000:Iq_ref=0:VBUS=0:STATE=0:SPD=0:TH=0:sector=0:window=0:CCR1=0:CCR2=0:CCR3=0:ADC_STATUS=2:FAULT=0:FAULT_R=0:FAIL=0:RUN=0:em_stop1=1:em_stop2=1
@FOC:t=10200:run_id=UNSET:map_id=M0:map_crc32=00000000:I1=0:I2=0:Ires=0:Id=0:Iq=0:Id_ref=2000:Iq_ref=0:VBUS=0:STATE=0:SPD=0:TH=0:sector=0:window=0:CCR1=0:CCR2=0:CCR3=0:ADC_STATUS=2:FAULT=0:FAULT_R=0:FAIL=0:RUN=0:em_stop1=1:em_stop2=1
@FOC:t=10300:run_id=UNSET:map_id=M0:map_crc32=00000000:I1=0:I2=0:Ires=0:Id=0:Iq=0:Id_ref=2000:Iq_ref=0:VBUS=0:STATE=0:SPD=0:TH=0:sector=0:window=0:CCR1=0:CCR2=0:CCR3=0:ADC_STATUS=2:FAULT=0:FAULT_R=0:FAIL=0:RUN=0:em_stop1=1:em_stop2=1
@FOC:t=10400:run_id=UNSET:map_id=M0:map_crc32=00000000:I1=0:I2=0:Ires=0:Id=0:Iq=0:Id_ref=2000:Iq_ref=0:VBUS=0:STATE=0:SPD=0:TH=0:sector=0:window=0:CCR1=0:CCR2=0:CCR3=0:ADC_STATUS=2:FAULT=0:FAULT_R=0:FAIL=0:RUN=0:em_stop1=1:em_stop2=1
@FOC:t=10500:run_id=UNSET:map_id=M0:map_crc32=00000000:I1=0:I2=0:Ires=0:Id=0:Iq=0:Id_ref=2000:Iq_ref=0:VBUS=0:STATE=0:SPD=0:TH=0:sector=0:window=0:CCR1=0:CCR2=0:CCR3=0:ADC_STATUS=2:FAULT=0:FAULT_R=0:FAIL=0:RUN=0:em_stop1=1:em_stop2=1
@ADC:CAL:offset_i1=2034:offset_i2=2062:offset_ires=0
> @FOC:t=10600:run_id=UNSET:map_id=M0:map_crc32=00000000:I1=0:I2=0:Ires=0:Id=0:Iq=0:Id_ref=2000:Iq_ref=0:VBUS=0:STATE=0:SPD=0:TH=0:sector=0:window=0:CCR1=0:CCR2=0:CCR3=0:ADC_STATUS=2:FAULT=0:FAULT_R=0:FAIL=0:RUN=0:em_stop1=1:em_stop2=1
@FOC:t=10700:run_id=UNSET:map_id=M0:map_crc32=00000000:I1=0:I2=0:Ires=0:Id=0:Iq=0:Id_ref=2000:Iq_ref=0:VBUS=0:STATE=0:SPD=0:TH=0:sector=0:window=0:CCR1=0:CCR2=0:CCR3=0:ADC_STATUS=2:FAULT=0:FAULT_R=0:FAIL=0:RUN=0:em_stop1=1:em_stop2=1
@FOC:t=10800:run_id=UNSET:map_id=M0:map_crc32=00000000:I1=0:I2=0:Ires=0:Id=0:Iq=0:Id_ref=2000:Iq_ref=0:VBUS=0:STATE=0:SPD=0:TH=0:sector=0:window=0:CCR1=0:CCR2=0:CCR3=0:ADC_STATUS=2:FAULT=0:FAULT_R=0:FAIL=0:RUN=0:em_stop1=1:em_stop2=1
@FOC:t=10900:run_id=UNSET:map_id=M0:map_crc32=00000000:I1=0:I2=0:Ires=0:Id=0:Iq=0:Id_ref=2000:Iq_ref=0:VBUS=0:STATE=0:SPD=0:TH=0:sector=0:window=0:CCR1=0:CCR2=0:CCR3=0:ADC_STATUS=2:FAULT=0:FAULT_R=0:FAIL=0:RUN=0:em_stop1=1:em_stop2=1
@FOC:t=11000:run_id=UNSET:map_id=M0:map_crc32=00000000:I1=0:I2=0:Ires=0:Id=0:Iq=0:Id_ref=2000:Iq_ref=0:VBUS=0:STATE=0:SPD=0:TH=0:sector=0:window=0:CCR1=0:CCR2=0:CCR3=0:ADC_STATUS=2:FAULT=0:FAULT_R=0:FAIL=0:RUN=0:em_stop1=1:em_stop2=1
@MAP:LOAD:OK:crc=0xB5A3A0AA:cid=0x424F4152
> @FOC:t=11116:run_id=UNSET:map_id=M0:map_crc32=B5A3A0AA:I1=0:I2=0:Ires=0:Id=0:Iq=0:Id_ref=2000:Iq_ref=0:VBUS=0:STATE=0:SPD=0:TH=0:sector=0:window=0:CCR1=0:CCR2=0:CCR3=0:ADC_STATUS=2:FAULT=0:FAULT_R=0:FAIL=0:RUN=0:em_stop1=1:em_stop2=1
@FOC:t=11216:run_id=UNSET:map_id=M0:map_crc32=B5A3A0AA:I1=0:I2=0:Ires=0:Id=0:Iq=0:Id_ref=2000:Iq_ref=0:VBUS=0:STATE=0:SPD=0:TH=0:sector=0:window=0:CCR1=0:CCR2=0:CCR3=0:ADC_STATUS=2:FAULT=0:FAULT_R=0:FAIL=0:RUN=0:em_stop1=1:em_stop2=1
@FOC:t=11316:run_id=UNSET:map_id=M0:map_crc32=B5A3A0AA:I1=0:I2=0:Ires=0:Id=0:Iq=0:Id_ref=2000:Iq_ref=0:VBUS=0:STATE=0:SPD=0:TH=0:sector=0:window=0:CCR1=0:CCR2=0:CCR3=0:ADC_STATUS=2:FAULT=0:FAULT_R=0:FAIL=0:RUN=0:em_stop1=1:em_stop2=1
@FOC:t=11416:run_id=UNSET:map_id=M0:map_crc32=B5A3A0AA:I1=0:I2=0:Ires=0:Id=0:Iq=0:Id_ref=2000:Iq_ref=0:VBUS=0:STATE=0:SPD=0:TH=0:sector=0:window=0:CCR1=0:CCR2=0:CCR3=0:ADC_STATUS=2:FAULT=0:FAULT_R=0:FAIL=0:RUN=0:em_stop1=1:em_stop2=1
@FOC:t=11516:run_id=UNSET:map_id=M0:map_crc32=B5A3A0AA:I1=0:I2=0:Ires=0:Id=0:Iq=0:Id_ref=2000:Iq_ref=0:VBUS=0:STATE=0:SPD=0:TH=0:sector=0:window=0:CCR1=0:CCR2=0:CCR3=0:ADC_STATUS=2:FAULT=0:FAULT_R=0:FAIL=0:RUN=0:em_stop1=1:em_stop2=1
@FOC:t=11616:run_id=UNSET:map_id=M0:map_crc32=B5A3A0AA:I1=0:I2=0:Ires=0:Id=0:Iq=0:Id_ref=2000:Iq_ref=0:VBUS=0:STATE=0:SPD=0:TH=0:sector=0:window=0:CCR1=0:CCR2=0:CCR3=0:ADC_STATUS=2:FAULT=0:FAULT_R=0:FAIL=0:RUN=0:em_stop1=1:em_stop2=1
@FOC:t=11716:run_id=UNSET:map_id=M0:map_crc32=B5A3A0AA:I1=0:I2=0:Ires=0:Id=0:Iq=0:Id_ref=2000:Iq_ref=0:VBUS=0:STATE=0:SPD=0:TH=0:sector=0:window=0:CCR1=0:CCR2=0:CCR3=0:ADC_STATUS=2:FAULT=0:FAULT_R=0:FAIL=0:RUN=0:em_stop1=1:em_stop2=1
@FOC:t=11816:run_id=UNSET:map_id=M0:map_crc32=B5A3A0AA:I1=0:I2=0:Ires=0:Id=0:Iq=0:Id_ref=2000:Iq_ref=0:VBUS=0:STATE=0:SPD=0:TH=0:sector=0:window=0:CCR1=0:CCR2=0:CCR3=0:ADC_STATUS=2:FAULT=0:FAULT_R=0:FAIL=0:RUN=0:em_stop1=1:em_stop2=1
@FOC:t=11916:run_id=UNSET:map_id=M0:map_crc32=B5A3A0AA:I1=0:I2=0:Ires=0:Id=0:Iq=0:Id_ref=2000:Iq_ref=0:VBUS=0:STATE=0:SPD=0:TH=0:sector=0:window=0:CCR1=0:CCR2=0:CCR3=0:ADC_STATUS=2:FAULT=0:FAULT_R=0:FAIL=0:RUN=0:em_stop1=1:em_stop2=1
@FOC:t=12016:run_id=UNSET:map_id=M0:map_crc32=B5A3A0AA:I1=0:I2=0:Ires=0:Id=0:Iq=0:Id_ref=2000:Iq_ref=0:VBUS=0:STATE=0:SPD=0:TH=0:sector=0:window=0:CCR1=0:CCR2=0:CCR3=0:ADC_STATUS=2:FAULT=0:FAULT_R=0:FAIL=0:RUN=0:em_stop1=1:em_stop2=1
@FOC:t=12116:run_id=UNSET:map_id=M0:map_crc32=B5A3A0AA:I1=0:I2=0:Ires=0:Id=0:Iq=0:Id_ref=2000:Iq_ref=0:VBUS=0:STATE=0:SPD=0:TH=0:sector=0:window=0:CCR1=0:CCR2=0:CCR3=0:ADC_STATUS=2:FAULT=0:FAULT_R=0:FAIL=0:RUN=0:em_stop1=1:em_stop2=1
@FOC:t=12216:run_id=UNSET:map_id=M0:map_crc32=B5A3A0AA:I1=0:I2=0:Ires=0:Id=0:Iq=0:Id_ref=2000:Iq_ref=0:VBUS=0:STATE=0:SPD=0:TH=0:sector=0:window=0:CCR1=0:CCR2=0:CCR3=0:ADC_STATUS=2:FAULT=0:FAULT_R=0:FAIL=0:RUN=0:em_stop1=1:em_stop2=1
@FOC:t=12316:run_id=UNSET:map_id=M0:map_crc32=B5A3A0AA:I1=0:I2=0:Ires=0:Id=0:Iq=0:Id_ref=2000:Iq_ref=0:VBUS=0:STATE=0:SPD=0:TH=0:sector=0:window=0:CCR1=0:CCR2=0:CCR3=0:ADC_STATUS=2:FAULT=0:FAULT_R=0:FAIL=0:RUN=0:em_stop1=1:em_stop2=1
@FOC:t=12416:run_id=UNSET:map_id=M0:map_crc32=B5A3A0AA:I1=0:I2=0:Ires=0:Id=0:Iq=0:Id_ref=2000:Iq_ref=0:VBUS=0:STATE=0:SPD=0:TH=0:sector=0:window=0:CCR1=0:CCR2=0:CCR3=0:ADC_STATUS=2:FAULT=0:FAULT_R=0:FAIL=0:RUN=0:em_stop1=1:em_stop2=1
@FOC:t=12516:run_id=UNSET:map_id=M0:map_crc32=B5A3A0AA:I1=0:I2=0:Ires=0:Id=0:Iq=0:Id_ref=2000:Iq_ref=0:VBUS=0:STATE=0:SPD=0:TH=0:sector=0:window=0:CCR1=0:CCR2=0:CCR3=0:ADC_STATUS=2:FAULT=0:FAULT_R=0:FAIL=0:RUN=0:em_stop1=1:em_stop2=1
@FOC:t=12616:run_id=UNSET:map_id=M0:map_crc32=B5A3A0AA:I1=0:I2=0:Ires=0:Id=0:Iq=0:Id_ref=2000:Iq_ref=0:VBUS=0:STATE=0:SPD=0:TH=0:sector=0:window=0:CCR1=0:CCR2=0:CCR3=0:ADC_STATUS=2:FAULT=0:FAULT_R=0:FAIL=0:RUN=0:em_stop1=1:em_stop2=1
@FOC:t=12716:run_id=UNSET:map_id=M0:map_crc32=B5A3A0AA:I1=0:I2=0:Ires=0:Id=0:Iq=0:Id_ref=2000:Iq_ref=0:VBUS=0:STATE=0:SPD=0:TH=0:sector=0:window=0:CCR1=0:CCR2=0:CCR3=0:ADC_STATUS=2:FAULT=0:FAULT_R=0:FAIL=0:RUN=0:em_stop1=1:em_stop2=1
@FOC:t=12816:run_id=UNSET:map_id=M0:map_crc32=B5A3A0AA:I1=0:I2=0:Ires=0:Id=0:Iq=0:Id_ref=2000:Iq_ref=0:VBUS=0:STATE=0:SPD=0:TH=0:sector=0:window=0:CCR1=0:CCR2=0:CCR3=0:ADC_STATUS=2:FAULT=0:FAULT_R=0:FAIL=0:RUN=0:em_stop1=1:em_stop2=1
@FOC:t=12916:run_id=UNSET:map_id=M0:map_crc32=B5A3A0AA:I1=0:I2=0:Ires=0:Id=0:Iq=0:Id_ref=2000:Iq_ref=0:VBUS=0:STATE=0:SPD=0:TH=0:sector=0:window=0:CCR1=0:CCR2=0:CCR3=0:ADC_STATUS=2:FAULT=0:FAULT_R=0:FAIL=0:RUN=0:em_stop1=1:em_stop2=1
@FOC:t=13016:run_id=UNSET:map_id=M0:map_crc32=B5A3A0AA:I1=0:I2=0:Ires=0:Id=0:Iq=0:Id_ref=2000:Iq_ref=0:VBUS=0:STATE=0:SPD=0:TH=0:sector=0:window=0:CCR1=0:CCR2=0:CCR3=0:ADC_STATUS=2:FAULT=0:FAULT_R=0:FAIL=0:RUN=0:em_stop1=1:em_stop2=1
@FOC:t=13116:run_id=UNSET:map_id=M0:map_crc32=B5A3A0AA:I1=0:I2=0:Ires=0:Id=0:Iq=0:Id_ref=2000:Iq_ref=0:VBUS=0:STATE=0:SPD=0:TH=0:sector=0:window=0:CCR1=0:CCR2=0:CCR3=0:ADC_STATUS=2:FAULT=0:FAULT_R=0:FAIL=0:RUN=0:em_stop1=1:em_stop2=1
@FOC:t=13216:run_id=UNSET:map_id=M0:map_crc32=B5A3A0AA:I1=0:I2=0:Ires=0:Id=0:Iq=0:Id_ref=2000:Iq_ref=0:VBUS=0:STATE=0:SPD=0:TH=0:sector=0:window=0:CCR1=0:CCR2=0:CCR3=0:ADC_STATUS=2:FAULT=0:FAULT_R=0:FAIL=0:RUN=0:em_stop1=1:em_stop2=1
@FOC:t=13316:run_id=UNSET:map_id=M0:map_crc32=B5A3A0AA:I1=0:I2=0:Ires=0:Id=0:Iq=0:Id_ref=2000:Iq_ref=0:VBUS=0:STATE=0:SPD=0:TH=0:sector=0:window=0:CCR1=0:CCR2=0:CCR3=0:ADC_STATUS=2:FAULT=0:FAULT_R=0:FAIL=0:RUN=0:em_stop1=1:em_stop2=1
@FOC:t=13416:run_id=UNSET:map_id=M0:map_crc32=B5A3A0AA:I1=0:I2=0:Ires=0:Id=0:Iq=0:Id_ref=2000:Iq_ref=0:VBUS=0:STATE=0:SPD=0:TH=0:sector=0:window=0:CCR1=0:CCR2=0:CCR3=0:ADC_STATUS=2:FAULT=0:FAULT_R=0:FAIL=0:RUN=0:em_stop1=1:em_stop2=1
@FOC:t=13516:run_id=UNSET:map_id=M0:map_crc32=B5A3A0AA:I1=0:I2=0:Ires=0:Id=0:Iq=0:Id_ref=2000:Iq_ref=0:VBUS=0:STATE=0:SPD=0:TH=0:sector=0:window=0:CCR1=0:CCR2=0:CCR3=0:ADC_STATUS=2:FAULT=0:FAULT_R=0:FAIL=0:RUN=0:em_stop1=1:em_stop2=1
@FOC:t=13616:run_id=UNSET:map_id=M0:map_crc32=B5A3A0AA:I1=0:I2=0:Ires=0:Id=0:Iq=0:Id_ref=2000:Iq_ref=0:VBUS=0:STATE=0:SPD=0:TH=0:sector=0:window=0:CCR1=0:CCR2=0:CCR3=0:ADC_STATUS=2:FAULT=0:FAULT_R=0:FAIL=0:RUN=0:em_stop1=1:em_stop2=1
@FOC:t=13716:run_id=UNSET:map_id=M0:map_crc32=B5A3A0AA:I1=0:I2=0:Ires=0:Id=0:Iq=0:Id_ref=2000:Iq_ref=0:VBUS=0:STATE=0:SPD=0:TH=0:sector=0:window=0:CCR1=0:CCR2=0:CCR3=0:ADC_STATUS=2:FAULT=0:FAULT_R=0:FAIL=0:RUN=0:em_stop1=1:em_stop2=1
@FOC:t=13816:run_id=UNSET:map_id=M0:map_crc32=B5A3A0AA:I1=0:I2=0:Ires=0:Id=0:Iq=0:Id_ref=2000:Iq_ref=0:VBUS=0:STATE=0:SPD=0:TH=0:sector=0:window=0:CCR1=0:CCR2=0:CCR3=0:ADC_STATUS=2:FAULT=0:FAULT_R=0:FAIL=0:RUN=0:em_stop1=1:em_stop2=1
@FOC:t=13916:run_id=UNSET:map_id=M0:map_crc32=B5A3A0AA:I1=0:I2=0:Ires=0:Id=0:Iq=0:Id_ref=2000:Iq_ref=0:VBUS=0:STATE=0:SPD=0:TH=0:sector=0:window=0:CCR1=0:CCR2=0:CCR3=0:ADC_STATUS=2:FAULT=0:FAULT_R=0:FAIL=0:RUN=0:em_stop1=1:em_stop2=1
@FOC:t=14016:run_id=UNSET:map_id=M0:map_crc32=B5A3A0AA:I1=0:I2=0:Ires=0:Id=0:Iq=0:Id_ref=2000:Iq_ref=0:VBUS=0:STATE=0:SPD=0:TH=0:sector=0:window=0:CCR1=0:CCR2=0:CCR3=0:ADC_STATUS=2:FAULT=0:FAULT_R=0:FAIL=0:RUN=0:em_stop1=1:em_stop2=1
@FOC:t=14116:run_id=UNSET:map_id=M0:map_crc32=B5A3A0AA:I1=0:I2=0:Ires=0:Id=0:Iq=0:Id_ref=2000:Iq_ref=0:VBUS=0:STATE=0:SPD=0:TH=0:sector=0:window=0:CCR1=0:CCR2=0:CCR3=0:ADC_STATUS=2:FAULT=0:FAULT_R=0:FAIL=0:RUN=0:em_stop1=1:em_stop2=1
@FOC:t=14216:run_id=UNSET:map_id=M0:map_crc32=B5A3A0AA:I1=0:I2=0:Ires=0:Id=0:Iq=0:Id_ref=2000:Iq_ref=0:VBUS=0:STATE=0:SPD=0:TH=0:sector=0:window=0:CCR1=0:CCR2=0:CCR3=0:ADC_STATUS=2:FAULT=0:FAULT_R=0:FAIL=0:RUN=0:em_stop1=1:em_stop2=1
@FOC:t=14316:run_id=UNSET:map_id=M0:map_crc32=B5A3A0AA:I1=0:I2=0:Ires=0:Id=0:Iq=0:Id_ref=2000:Iq_ref=0:VBUS=0:STATE=0:SPD=0:TH=0:sector=0:window=0:CCR1=0:CCR2=0:CCR3=0:ADC_STATUS=2:FAULT=0:FAULT_R=0:FAIL=0:RUN=0:em_stop1=1:em_stop2=1
@FOC:t=14416:run_id=UNSET:map_id=M0:map_crc32=B5A3A0AA:I1=0:I2=0:Ires=0:Id=0:Iq=0:Id_ref=2000:Iq_ref=0:VBUS=0:STATE=0:SPD=0:TH=0:sector=0:window=0:CCR1=0:CCR2=0:CCR3=0:ADC_STATUS=2:FAULT=0:FAULT_R=0:FAIL=0:RUN=0:em_stop1=1:em_stop2=1
@FOC:t=14516:run_id=UNSET:map_id=M0:map_crc32=B5A3A0AA:I1=0:I2=0:Ires=0:Id=0:Iq=0:Id_ref=2000:Iq_ref=0:VBUS=0:STATE=0:SPD=0:TH=0:sector=0:window=0:CCR1=0:CCR2=0:CCR3=0:ADC_STATUS=2:FAULT=0:FAULT_R=0:FAIL=0:RUN=0:em_stop1=1:em_stop2=1
@FOC:t=14616:run_id=UNSET:map_id=M0:map_crc32=B5A3A0AA:I1=0:I2=0:Ires=0:Id=0:Iq=0:Id_ref=2000:Iq_ref=0:VBUS=0:STATE=0:SPD=0:TH=0:sector=0:window=0:CCR1=0:CCR2=0:CCR3=0:ADC_STATUS=2:FAULT=0:FAULT_R=0:FAIL=0:RUN=0:em_stop1=1:em_stop2=1
@FOC:t=14716:run_id=UNSET:map_id=M0:map_crc32=B5A3A0AA:I1=0:I2=0:Ires=0:Id=0:Iq=0:Id_ref=2000:Iq_ref=0:VBUS=0:STATE=0:SPD=0:TH=0:sector=0:window=0:CCR1=0:CCR2=0:CCR3=0:ADC_STATUS=2:FAULT=0:FAULT_R=0:FAIL=0:RUN=0:em_stop1=1:em_stop2=1
@FOC:t=14816:run_id=UNSET:map_id=M0:map_crc32=B5A3A0AA:I1=0:I2=0:Ires=0:Id=0:Iq=0:Id_ref=2000:Iq_ref=0:VBUS=0:STATE=0:SPD=0:TH=0:sector=0:window=0:CCR1=0:CCR2=0:CCR3=0:ADC_STATUS=2:FAULT=0:FAULT_R=0:FAIL=0:RUN=0:em_stop1=1:em_stop2=1
@FOC:t=14916:run_id=UNSET:map_id=M0:map_crc32=B5A3A0AA:I1=0:I2=0:Ires=0:Id=0:Iq=0:Id_ref=2000:Iq_ref=0:VBUS=0:STATE=0:SPD=0:TH=0:sector=0:window=0:CCR1=0:CCR2=0:CCR3=0:ADC_STATUS=2:FAULT=0:FAULT_R=0:FAIL=0:RUN=0:em_stop1=1:em_stop2=1
@FOC:t=15016:run_id=UNSET:map_id=M0:map_crc32=B5A3A0AA:I1=0:I2=0:Ires=0:Id=0:Iq=0:Id_ref=2000:Iq_ref=0:VBUS=0:STATE=0:SPD=0:TH=0:sector=0:window=0:CCR1=0:CCR2=0:CCR3=0:ADC_STATUS=2:FAULT=0:FAULT_R=0:FAIL=0:RUN=0:em_stop1=1:em_stop2=1
@FOC:t=15116:run_id=UNSET:map_id=M0:map_crc32=B5A3A0AA:I1=0:I2=0:Ires=0:Id=0:Iq=0:Id_ref=2000:Iq_ref=0:VBUS=0:STATE=0:SPD=0:TH=0:sector=0:window=0:CCR1=0:CCR2=0:CCR3=0:ADC_STATUS=2:FAULT=0:FAULT_R=0:FAIL=0:RUN=0:em_stop1=1:em_stop2=1
@FOC:t=15216:run_id=UNSET:map_id=M0:map_crc32=B5A3A0AA:I1=0:I2=0:Ires=0:Id=0:Iq=0:Id_ref=2000:Iq_ref=0:VBUS=0:STATE=0:SPD=0:TH=0:sector=0:window=0:CCR1=0:CCR2=0:CCR3=0:ADC_STATUS=2:FAULT=0:FAULT_R=0:FAIL=0:RUN=0:em_stop1=1:em_stop2=1
@FOC:t=15316:run_id=UNSET:map_id=M0:map_crc32=B5A3A0AA:I1=0:I2=0:Ires=0:Id=0:Iq=0:Id_ref=2000:Iq_ref=0:VBUS=0:STATE=0:SPD=0:TH=0:sector=0:window=0:CCR1=0:CCR2=0:CCR3=0:ADC_STATUS=2:FAULT=0:FAULT_R=0:FAIL=0:RUN=0:em_stop1=1:em_stop2=1
@FOC:t=15416:run_id=UNSET:map_id=M0:map_crc32=B5A3A0AA:I1=0:I2=0:Ires=0:Id=0:Iq=0:Id_ref=2000:Iq_ref=0:VBUS=0:STATE=0:SPD=0:TH=0:sector=0:window=0:CCR1=0:CCR2=0:CCR3=0:ADC_STATUS=2:FAULT=0:FAULT_R=0:FAIL=0:RUN=0:em_stop1=1:em_stop2=1
@FOC:t=15516:run_id=UNSET:map_id=M0:map_crc32=B5A3A0AA:I1=0:I2=0:Ires=0:Id=0:Iq=0:Id_ref=2000:Iq_ref=0:VBUS=0:STATE=0:SPD=0:TH=0:sector=0:window=0:CCR1=0:CCR2=0:CCR3=0:ADC_STATUS=2:FAULT=0:FAULT_R=0:FAIL=0:RUN=0:em_stop1=1:em_stop2=1
@FOC:t=15616:run_id=UNSET:map_id=M0:map_crc32=B5A3A0AA:I1=0:I2=0:Ires=0:Id=0:Iq=0:Id_ref=2000:Iq_ref=0:VBUS=0:STATE=0:SPD=0:TH=0:sector=0:window=0:CCR1=0:CCR2=0:CCR3=0:ADC_STATUS=2:FAULT=0:FAULT_R=0:FAIL=0:RUN=0:em_stop1=1:em_stop2=1
@FOC:t=15716:run_id=UNSET:map_id=M0:map_crc32=B5A3A0AA:I1=0:I2=0:Ires=0:Id=0:Iq=0:Id_ref=2000:Iq_ref=0:VBUS=0:STATE=0:SPD=0:TH=0:sector=0:window=0:CCR1=0:CCR2=0:CCR3=0:ADC_STATUS=2:FAULT=0:FAULT_R=0:FAIL=0:RUN=0:em_stop1=1:em_stop2=1
@FOC:t=15816:run_id=UNSET:map_id=M0:map_crc32=B5A3A0AA:I1=0:I2=0:Ires=0:Id=0:Iq=0:Id_ref=2000:Iq_ref=0:VBUS=0:STATE=0:SPD=0:TH=0:sector=0:window=0:CCR1=0:CCR2=0:CCR3=0:ADC_STATUS=2:FAULT=0:FAULT_R=0:FAIL=0:RUN=0:em_stop1=1:em_stop2=1
@FOC:t=15916:run_id=UNSET:map_id=M0:map_crc32=B5A3A0AA:I1=0:I2=0:Ires=0:Id=0:Iq=0:Id_ref=2000:Iq_ref=0:VBUS=0:STATE=0:SPD=0:TH=0:sector=0:window=0:CCR1=0:CCR2=0:CCR3=0:ADC_STATUS=2:FAULT=0:FAULT_R=0:FAIL=0:RUN=0:em_stop1=1:em_stop2=1
@FOC:t=16016:run_id=UNSET:map_id=M0:map_crc32=B5A3A0AA:I1=0:I2=0:Ires=0:Id=0:Iq=0:Id_ref=2000:Iq_ref=0:VBUS=0:STATE=0:SPD=0:TH=0:sector=0:window=0:CCR1=0:CCR2=0:CCR3=0:ADC_STATUS=2:FAULT=0:FAULT_R=0:FAIL=0:RUN=0:em_stop1=1:em_stop2=1
@FOC:t=16116:run_id=UNSET:map_id=M0:map_crc32=B5A3A0AA:I1=0:I2=0:Ires=0:Id=0:Iq=0:Id_ref=2000:Iq_ref=0:VBUS=0:STATE=0:SPD=0:TH=0:sector=0:window=0:CCR1=0:CCR2=0:CCR3=0:ADC_STATUS=2:FAULT=0:FAULT_R=0:FAIL=0:RUN=0:em_stop1=1:em_stop2=1
@FOC:t=16216:run_id=UNSET:map_id=M0:map_crc32=B5A3A0AA:I1=0:I2=0:Ires=0:Id=0:Iq=0:Id_ref=2000:Iq_ref=0:VBUS=0:STATE=0:SPD=0:TH=0:sector=0:window=0:CCR1=0:CCR2=0:CCR3=0:ADC_STATUS=2:FAULT=0:FAULT_R=0:FAIL=0:RUN=0:em_stop1=1:em_stop2=1
@FOC:t=16316:run_id=UNSET:map_id=M0:map_crc32=B5A3A0AA:I1=0:I2=0:Ires=0:Id=0:Iq=0:Id_ref=2000:Iq_ref=0:VBUS=0:STATE=0:SPD=0:TH=0:sector=0:window=0:CCR1=0:CCR2=0:CCR3=0:ADC_STATUS=2:FAULT=0:FAULT_R=0:FAIL=0:RUN=0:em_stop1=1:em_stop2=1
@FOC:t=16416:run_id=UNSET:map_id=M0:map_crc32=B5A3A0AA:I1=0:I2=0:Ires=0:Id=0:Iq=0:Id_ref=2000:Iq_ref=0:VBUS=0:STATE=0:SPD=0:TH=0:sector=0:window=0:CCR1=0:CCR2=0:CCR3=0:ADC_STATUS=2:FAULT=0:FAULT_R=0:FAIL=0:RUN=0:em_stop1=1:em_stop2=1
@FOC:t=16516:run_id=UNSET:map_id=M0:map_crc32=B5A3A0AA:I1=0:I2=0:Ires=0:Id=0:Iq=0:Id_ref=2000:Iq_ref=0:VBUS=0:STATE=0:SPD=0:TH=0:sector=0:window=0:CCR1=0:CCR2=0:CCR3=0:ADC_STATUS=2:FAULT=0:FAULT_R=0:FAIL=0:RUN=0:em_stop1=1:em_stop2=1
@FOC:t=16616:run_id=UNSET:map_id=M0:map_crc32=B5A3A0AA:I1=0:I2=0:Ires=0:Id=0:Iq=0:Id_ref=2000:Iq_ref=0:VBUS=0:STATE=0:SPD=0:TH=0:sector=0:window=0:CCR1=0:CCR2=0:CCR3=0:ADC_STATUS=2:FAULT=0:FAULT_R=0:FAIL=0:RUN=0:em_stop1=1:em_stop2=1
@FOC:t=16716:run_id=UNSET:map_id=M0:map_crc32=B5A3A0AA:I1=0:I2=0:Ires=0:Id=0:Iq=0:Id_ref=2000:Iq_ref=0:VBUS=0:STATE=0:SPD=0:TH=0:sector=0:window=0:CCR1=0:CCR2=0:CCR3=0:ADC_STATUS=2:FAULT=0:FAULT_R=0:FAIL=0:RUN=0:em_stop1=1:em_stop2=1
@FOC:t=16816:run_id=UNSET:map_id=M0:map_crc32=B5A3A0AA:I1=0:I2=0:Ires=0:Id=0:Iq=0:Id_ref=2000:Iq_ref=0:VBUS=0:STATE=0:SPD=0:TH=0:sector=0:window=0:CCR1=0:CCR2=0:CCR3=0:ADC_STATUS=2:FAULT=0:FAULT_R=0:FAIL=0:RUN=0:em_stop1=1:em_stop2=1
@FOC:t=16916:run_id=UNSET:map_id=M0:map_crc32=B5A3A0AA:I1=0:I2=0:Ires=0:Id=0:Iq=0:Id_ref=2000:Iq_ref=0:VBUS=0:STATE=0:SPD=0:TH=0:sector=0:window=0:CCR1=0:CCR2=0:CCR3=0:ADC_STATUS=2:FAULT=0:FAULT_R=0:FAIL=0:RUN=0:em_stop1=1:em_stop2=1
@FOC:t=17016:run_id=UNSET:map_id=M0:map_crc32=B5A3A0AA:I1=0:I2=0:Ires=0:Id=0:Iq=0:Id_ref=2000:Iq_ref=0:VBUS=0:STATE=0:SPD=0:TH=0:sector=0:window=0:CCR1=0:CCR2=0:CCR3=0:ADC_STATUS=2:FAULT=0:FAULT_R=0:FAIL=0:RUN=0:em_stop1=1:em_stop2=1
