@FAULT:CLEAR:STATUS=1:em_stop1=1:em_stop2=1
> no latched fault was active
> @FOC:t=17116:run_id=UNSET:map_id=M0:map_crc32=B5A3A0AA:I1=0:I2=0:Ires=0:Id=0:Iq=0:Id_ref=2000:Iq_ref=0:VBUS=0:STATE=0:SPD=0:TH=0:sector=0:window=0:CCR1=0:CCR2=0:CCR3=0:ADC_STATUS=2:FAULT=0:FAULT_R=0:FAIL=0:RUN=0:em_stop1=1:em_stop2=1
@FOC:t=17216:run_id=UNSET:map_id=M0:map_crc32=B5A3A0AA:I1=0:I2=0:Ires=0:Id=0:Iq=0:Id_ref=2000:Iq_ref=0:VBUS=0:STATE=0:SPD=0:TH=0:sector=0:window=0:CCR1=0:CCR2=0:CCR3=0:ADC_STATUS=2:FAULT=0:FAULT_R=0:FAIL=0:RUN=0:em_stop1=1:em_stop2=1
V/f started: 80 rpm
@TRIG:tick=17277
> @VF:target=80:meas=1:fe=0:fslip=0:vmag=15:em_stop1=1:em_stop2=1
@VFLOG:t=17317:target=80:meas=-7:fe=0:fslip=0:vmag=15:theta=4230542791:du=51:dv=55:dw=43:i1=2035:i2=2064:ires=0:vbus=11:eangle=6352:espeed=-7:eerr=0:fault=0:drp=0:sd1=1:sd2=1
@VFLOG:t=17357:target=80:meas=2:fe=0:fslip=0:vmag=15:theta=4183298154:du=52:dv=55:dw=43:i1=2035:i2=2059:ires=0:vbus=13:eangle=6370:espeed=2:eerr=0:fault=0:drp=0:sd1=1:sd2=1
@VFLOG:t=17397:target=80:meas=3:fe=0:fslip=0:vmag=15:theta=4157528352:du=52:dv=54:dw=43:i1=2033:i2=2062:ires=0:vbus=11:eangle=6370:espeed=3:eerr=0:fault=0:drp=0:sd1=1:sd2=1
@VF:target=80:meas=2:fe=0:fslip=0:vmag=15:em_stop1=1:em_stop2=1
@VFLOG:t=17437:target=80:meas=0:fe=0:fslip=0:vmag=15:theta=4157528352:du=52:dv=55:dw=43:i1=2034:i2=2061:ires=0:vbus=13:eangle=6370:espeed=0:eerr=0:fault=0:drp=0:sd1=1:sd2=1
@VFLOG:t=17477:target=80:meas=0:fe=0:fslip=0:vmag=15:theta=4157528352:du=50:dv=56:dw=44:i1=2034:i2=2061:ires=0:vbus=11:eangle=6370:espeed=0:eerr=0:fault=0:drp=0:sd1=1:sd2=1
@VF:target=80:meas=0:fe=0:fslip=0:vmag=15:em_stop1=1:em_stop2=1
@VFLOG:t=17517:target=80:meas=0:fe=0:fslip=0:vmag=15:theta=4157528352:du=49:dv=56:dw=45:i1=2034:i2=2066:ires=0:vbus=30:eangle=6370:espeed=0:eerr=0:fault=0:drp=0:sd1=1:sd2=1
@VFLOG:t=17557:target=80:meas=5:fe=0:fslip=0:vmag=15:theta=4157528352:du=48:dv=57:dw=46:i1=2029:i2=2059:ires=0:vbus=15:eangle=6370:espeed=5:eerr=0:fault=0:drp=0:sd1=1:sd2=1
@VFLOG:t=17597:target=80:meas=1:fe=0:fslip=0:vmag=15:theta=4157528352:du=46:dv=57:dw=47:i1=2030:i2=2059:ires=0:vbus=48:eangle=6370:espeed=1:eerr=0:fault=0:drp=0:sd1=1:sd2=1
@VF:target=80:meas=0:fe=0:fslip=0:vmag=15:em_stop1=1:em_stop2=1
@VFLOG:t=17637:target=80:meas=-5:fe=0:fslip=0:vmag=15:theta=4157528352:du=46:dv=57:dw=48:i1=2035:i2=2064:ires=0:vbus=11:eangle=6359:espeed=-5:eerr=0:fault=0:drp=0:sd1=1:sd2=1
@VFLOG:t=17677:target=80:meas=2:fe=0:fslip=0:vmag=15:theta=4157528352:du=46:dv=57:dw=48:i1=2034:i2=2064:ires=0:vbus=6:eangle=6370:espeed=2:eerr=0:fault=0:drp=0:sd1=1:sd2=1
@VF:target=80:meas=5:fe=0:fslip=0:vmag=15:em_stop1=1:em_stop2=1
@VFLOG:t=17717:target=80:meas=-5:fe=0:fslip=0:vmag=15:theta=4157528352:du=47:dv=57:dw=47:i1=2035:i2=2066:ires=0:vbus=17:eangle=6352:espeed=-5:eerr=0:fault=0:drp=0:sd1=1:sd2=1
@VFLOG:t=17757:target=80:meas=3:fe=0:fslip=0:vmag=15:theta=4157528352:du=48:dv=57:dw=46:i1=2035:i2=2063:ires=0:vbus=11:eangle=6370:espeed=3:eerr=0:fault=0:drp=0:sd1=1:sd2=1
@VFLOG:t=17797:target=80:meas=0:fe=0:fslip=0:vmag=15:theta=4157528352:du=50:dv=56:dw=44:i1=2029:i2=2068:ires=0:vbus=19:eangle=6370:espeed=0:eerr=0:fault=0:drp=0:sd1=1:sd2=1
@VF:target=80:meas=0:fe=0:fslip=0:vmag=15:em_stop1=1:em_stop2=1
@VFLOG:t=17837:target=80:meas=-7:fe=0:fslip=0:vmag=15:theta=4157528352:du=51:dv=55:dw=43:i1=2035:i2=2061:ires=0:vbus=12:eangle=6352:espeed=-7:eerr=0:fault=0:drp=0:sd1=1:sd2=1
@VFLOG:t=17877:target=80:meas=0:fe=1:fslip=0:vmag=17:theta=4282082395:du=53:dv=54:dw=42:i1=2035:i2=2058:ires=0:vbus=11:eangle=6370:espeed=0:eerr=0:fault=0:drp=0:sd1=1:sd2=1
@VF:target=80:meas=-8:fe=1:fslip=0:vmag=17:em_stop1=1:em_stop2=1
@VFLOG:t=17917:target=80:meas=-8:fe=1:fslip=0:vmag=17:theta=158913779:du=55:dv=52:dw=42:i1=2034:i2=2063:ires=0:vbus=11:eangle=6352:espeed=-8:eerr=0:fault=0:drp=0:sd1=1:sd2=1
@VFLOG:t=17957:target=80:meas=-5:fe=1:fslip=0:vmag=17:theta=330712459:du=56:dv=51:dw=43:i1=2034:i2=2067:ires=0:vbus=9:eangle=6352:espeed=-5:eerr=0:fault=0:drp=0:sd1=1:sd2=1
@VFLOG:t=17997:target=80:meas=0:fe=1:fslip=0:vmag=17:theta=502511139:du=56:dv=51:dw=43:i1=2034:i2=2063:ires=0:vbus=13:eangle=6370:espeed=0:eerr=0:fault=0:drp=0:sd1=1:sd2=1
@VF:target=80:meas=0:fe=1:fslip=0:vmag=17:em_stop1=1:em_stop2=1
@VFLOG:t=18037:target=80:meas=0:fe=1:fslip=0:vmag=17:theta=674309819:du=56:dv=51:dw=43:i1=2035:i2=2064:ires=0:vbus=11:eangle=6370:espeed=0:eerr=0:fault=0:drp=0:sd1=1:sd2=1
@VFLOG:t=18077:target=80:meas=1:fe=1:fslip=0:vmag=17:theta=846108499:du=56:dv=50:dw=43:i1=2034:i2=2061:ires=0:vbus=10:eangle=6370:espeed=1:eerr=0:fault=0:drp=0:sd1=1:sd2=1
@VF:target=80:meas=-9:fe=1:fslip=0:vmag=17:em_stop1=1:em_stop2=1
@VFLOG:t=18117:target=80:meas=1:fe=1:fslip=0:vmag=17:theta=1017907179:du=57:dv=50:dw=43:i1=2029:i2=2066:ires=0:vbus=12:eangle=6370:espeed=1:eerr=0:fault=0:drp=0:sd1=1:sd2=1
@VFLOG:t=18157:target=80:meas=0:fe=1:fslip=0:vmag=17:theta=1189705859:du=57:dv=49:dw=44:i1=2035:i2=2061:ires=0:vbus=5:eangle=6370:espeed=0:eerr=0:fault=0:drp=0:sd1=1:sd2=1
@VFLOG:t=18197:target=80:meas=1:fe=1:fslip=0:vmag=17:theta=1361504539:du=58:dv=46:dw=46:i1=2034:i2=2061:ires=0:vbus=0:eangle=6370:espeed=1:eerr=0:fault=0:drp=0:sd1=1:sd2=1
@VF:target=80:meas=0:fe=1:fslip=0:vmag=17:em_stop1=1:em_stop2=1
@VFLOG:t=18237:target=80:meas=0:fe=1:fslip=0:vmag=17:theta=1533303219:du=57:dv=44:dw=50:i1=2035:i2=2063:ires=0:vbus=6:eangle=6370:espeed=0:eerr=0:fault=0:drp=0:sd1=1:sd2=1
@VFLOG:t=18277:target=80:meas=0:fe=1:fslip=0:vmag=17:theta=1705101899:du=55:dv=42:dw=53:i1=2036:i2=2058:ires=0:vbus=11:eangle=6370:espeed=0:eerr=0:fault=0:drp=0:sd1=1:sd2=1
@VF:target=80:meas=0:fe=1:fslip=0:vmag=17:em_stop1=1:em_stop2=1
@VFLOG:t=18317:target=80:meas=-9:fe=1:fslip=0:vmag=17:theta=1876900579:du=51:dv=43:dw=56:i1=2034:i2=2064:ires=0:vbus=10:eangle=6352:espeed=-9:eerr=0:fault=0:drp=0:sd1=1:sd2=1
@VFLOG:t=18357:target=80:meas=0:fe=1:fslip=0:vmag=17:theta=2048699259:du=48:dv=45:dw=58:i1=2035:i2=2065:ires=0:vbus=38:eangle=6370:espeed=0:eerr=0:fault=0:drp=0:sd1=1:sd2=1
@VFLOG:t=18397:target=80:meas=0:fe=1:fslip=0:vmag=17:theta=2220497939:du=45:dv=47:dw=58:i1=2034:i2=2054:ires=0:vbus=13:eangle=6370:espeed=0:eerr=0:fault=0:drp=0:sd1=1:sd2=1
@VF:target=80:meas=1:fe=1:fslip=0:vmag=17:em_stop1=1:em_stop2=1
@VFLOG:t=18437:target=80:meas=-2:fe=1:fslip=0:vmag=17:theta=2392296619:du=44:dv=49:dw=58:i1=2035:i2=2067:ires=0:vbus=11:eangle=6363:espeed=-2:eerr=0:fault=0:drp=0:sd1=1:sd2=1
@VFLOG:t=18477:target=80:meas=-3:fe=1:fslip=0:vmag=17:theta=2564095299:du=44:dv=49:dw=57:i1=2033:i2=2062:ires=0:vbus=7:eangle=6363:espeed=-3:eerr=0:fault=0:drp=0:sd1=1:sd2=1
@VF:target=80:meas=-9:fe=1:fslip=0:vmag=17:em_stop1=1:em_stop2=1
@VFLOG:t=18517:target=80:meas=1:fe=1:fslip=0:vmag=17:theta=2735893979:du=44:dv=49:dw=57:i1=2035:i2=2065:ires=0:vbus=5:eangle=6370:espeed=1:eerr=0:fault=0:drp=0:sd1=1:sd2=1
@VFLOG:t=18557:target=80:meas=0:fe=1:fslip=0:vmag=17:theta=2907692659:du=44:dv=49:dw=57:i1=2034:i2=2062:ires=0:vbus=6:eangle=6370:espeed=0:eerr=0:fault=0:drp=0:sd1=1:sd2=1
@VFLOG:t=18597:target=80:meas=0:fe=1:fslip=0:vmag=17:theta=3079491339:du=44:dv=50:dw=57:i1=2035:i2=2061:ires=0:vbus=12:eangle=6370:espeed=0:eerr=0:fault=0:drp=0:sd1=1:sd2=1
@VF:target=80:meas=0:fe=1:fslip=0:vmag=17:em_stop1=1:em_stop2=1
@VFLOG:t=18637:target=80:meas=-9:fe=1:fslip=0:vmag=17:theta=3251290019:du=43:dv=50:dw=57:i1=2034:i2=2060:ires=0:vbus=12:eangle=6352:espeed=-9:eerr=0:fault=0:drp=0:sd1=1:sd2=1
@VFLOG:t=18677:target=80:meas=0:fe=2:fslip=0:vmag=19:theta=3539052808:du=41:dv=54:dw=55:i1=2035:i2=2065:ires=0:vbus=7:eangle=6370:espeed=0:eerr=0:fault=0:drp=0:sd1=1:sd2=1
@VF:target=80:meas=0:fe=2:fslip=0:vmag=19:em_stop1=1:em_stop2=1
@VFLOG:t=18717:target=80:meas=0:fe=2:fslip=0:vmag=19:theta=3891240102:du=43:dv=58:dw=50:i1=2034:i2=2059:ires=0:vbus=12:eangle=6370:espeed=0:eerr=0:fault=0:drp=0:sd1=1:sd2=1
@VFLOG:t=18757:target=80:meas=0:fe=2:fslip=0:vmag=19:theta=4226247528:du=48:dv=59:dw=44:i1=2035:i2=2065:ires=0:vbus=5:eangle=6370:espeed=0:eerr=0:fault=0:drp=0:sd1=1:sd2=1
@VFLOG:t=18797:target=80:meas=0:fe=2:fslip=0:vmag=19:theta=274877592:du=54:dv=54:dw=41:i1=2034:i2=2061:ires=0:vbus=10:eangle=6370:espeed=0:eerr=0:fault=0:drp=0:sd1=1:sd2=1
@VF:target=80:meas=0:fe=2:fslip=0:vmag=19:em_stop1=1:em_stop2=1
@VFLOG:t=18837:target=80:meas=0:fe=2:fslip=0:vmag=19:theta=618474952:du=59:dv=48:dw=43:i1=2034:i2=2061:ires=0:vbus=9:eangle=6370:espeed=0:eerr=0:fault=0:drp=0:sd1=1:sd2=1
@VFLOG:t=18877:target=80:meas=0:fe=2:fslip=0:vmag=19:theta=962072312:du=58:dv=43:dw=49:i1=2033:i2=2061:ires=0:vbus=10:eangle=6370:espeed=0:eerr=0:fault=0:drp=0:sd1=1:sd2=1
@VF:target=80:meas=0:fe=2:fslip=0:vmag=19:em_stop1=1:em_stop2=1
@VFLOG:t=18917:target=80:meas=0:fe=2:fslip=0:vmag=19:theta=1314259606:du=56:dv=41:dw=53:i1=2034:i2=2064:ires=0:vbus=9:eangle=6370:espeed=0:eerr=0:fault=0:drp=0:sd1=1:sd2=1
@VFLOG:t=18957:target=80:meas=0:fe=2:fslip=0:vmag=19:theta=1649267032:du=53:dv=41:dw=56:i1=2035:i2=2061:ires=0:vbus=11:eangle=6370:espeed=0:eerr=0:fault=0:drp=0:sd1=1:sd2=1
@VFLOG:t=18997:target=80:meas=0:fe=2:fslip=0:vmag=19:theta=1992864392:du=50:dv=42:dw=58:i1=2035:i2=2064:ires=0:vbus=10:eangle=6370:espeed=0:eerr=0:fault=0:drp=0:sd1=1:sd2=1
@VF:target=80:meas=0:fe=2:fslip=0:vmag=19:em_stop1=1:em_stop2=1
@VFLOG:t=19037:target=80:meas=0:fe=2:fslip=0:vmag=19:theta=2336461752:du=49:dv=43:dw=59:i1=2037:i2=2063:ires=0:vbus=5:eangle=6370:espeed=0:eerr=0:fault=0:drp=0:sd1=1:sd2=1
@VFLOG:t=19077:target=80:meas=0:fe=2:fslip=0:vmag=19:theta=2680059112:du=46:dv=45:dw=59:i1=2039:i2=2063:ires=0:vbus=71:eangle=6370:espeed=0:eerr=0:fault=0:drp=0:sd1=1:sd2=1
@VF:target=80:meas=0:fe=2:fslip=0:vmag=19:em_stop1=1:em_stop2=1
@VFLOG:t=19117:target=80:meas=0:fe=2:fslip=0:vmag=19:theta=3032246406:du=44:dv=48:dw=59:i1=2034:i2=2066:ires=0:vbus=9:eangle=6370:espeed=0:eerr=0:fault=0:drp=0:sd1=1:sd2=1
@VFLOG:t=19157:target=80:meas=0:fe=2:fslip=0:vmag=19:theta=3367253832:du=41:dv=52:dw=57:i1=2035:i2=2065:ires=0:vbus=10:eangle=6370:espeed=0:eerr=0:fault=0:drp=0:sd1=1:sd2=1
@VFLOG:t=19197:target=80:meas=0:fe=2:fslip=0:vmag=19:theta=3710851192:du=41:dv=56:dw=52:i1=2035:i2=2065:ires=0:vbus=10:eangle=6370:espeed=0:eerr=0:fault=0:drp=0:sd1=1:sd2=1
@VF:target=80:meas=1:fe=2:fslip=0:vmag=19:em_stop1=1:em_stop2=1
@VFLOG:t=19237:target=80:meas=0:fe=2:fslip=0:vmag=19:theta=4054448552:du=45:dv=59:dw=46:i1=2034:i2=2063:ires=0:vbus=11:eangle=6370:espeed=0:eerr=0:fault=0:drp=0:sd1=1:sd2=1
@VFLOG:t=19277:target=80:meas=1:fe=2:fslip=0:vmag=19:theta=94488682:du=51:dv=57:dw=42:i1=0:i2=0:ires=0:vbus=0:eangle=6370:espeed=1:eerr=0:fault=0:drp=0:sd1=1:sd2=1
@FOC:t=19316:run_id=UNSET:map_id=M0:map_crc32=B5A3A0AA:I1=0:I2=0:Ires=0:Id=0:Iq=0:Id_ref=2000:Iq_ref=0:VBUS=0:STATE=0:SPD=0:TH=0:sector=0:window=0:CCR1=500:CCR2=500:CCR3=500:ADC_STATUS=2:FAULT=0:FAULT_R=0:FAIL=0:RUN=0:em_stop1=1:em_stop2=1
@FOC:t=19416:run_id=UNSET:map_id=M0:map_crc32=B5A3A0AA:I1=0:I2=0:Ires=0:Id=0:Iq=0:Id_ref=2000:Iq_ref=0:VBUS=0:STATE=0:SPD=0:TH=0:sector=0:window=0:CCR1=500:CCR2=500:CCR3=500:ADC_STATUS=2:FAULT=0:FAULT_R=0:FAIL=0:RUN=0:em_stop1=1:em_stop2=1
@FOC:t=19516:run_id=UNSET:map_id=M0:map_crc32=B5A3A0AA:I1=0:I2=0:Ires=0:Id=0:Iq=0:Id_ref=2000:Iq_ref=0:VBUS=0:STATE=0:SPD=0:TH=0:sector=0:window=0:CCR1=500:CCR2=500:CCR3=500:ADC_STATUS=2:FAULT=0:FAULT_R=0:FAIL=0:RUN=0:em_stop1=1:em_stop2=1
@FOC:t=19616:run_id=UNSET:map_id=M0:map_crc32=B5A3A0AA:I1=0:I2=0:Ires=0:Id=0:Iq=0:Id_ref=2000:Iq_ref=0:VBUS=0:STATE=0:SPD=0:TH=0:sector=0:window=0:CCR1=500:CCR2=500:CCR3=500:ADC_STATUS=2:FAULT=0:FAULT_R=0:FAIL=0:RUN=0:em_stop1=1:em_stop2=1
@FOC:t=19716:run_id=UNSET:map_id=M0:map_crc32=B5A3A0AA:I1=0:I2=0:Ires=0:Id=0:Iq=0:Id_ref=2000:Iq_ref=0:VBUS=0:STATE=0:SPD=0:TH=0:sector=0:window=0:CCR1=500:CCR2=500:CCR3=500:ADC_STATUS=2:FAULT=0:FAULT_R=0:FAIL=0:RUN=0:em_stop1=1:em_stop2=1
@FOC:t=19816:run_id=UNSET:map_id=M0:map_crc32=B5A3A0AA:I1=0:I2=0:Ires=0:Id=0:Iq=0:Id_ref=2000:Iq_ref=0:VBUS=0:STATE=0:SPD=0:TH=0:sector=0:window=0:CCR1=500:CCR2=500:CCR3=500:ADC_STATUS=2:FAULT=0:FAULT_R=0:FAIL=0:RUN=0:em_stop1=1:em_stop2=1
@FOC:t=19916:run_id=UNSET:map_id=M0:map_crc32=B5A3A0AA:I1=0:I2=0:Ires=0:Id=0:Iq=0:Id_ref=2000:Iq_ref=0:VBUS=0:STATE=0:SPD=0:TH=0:sector=0:window=0:CCR1=500:CCR2=500:CCR3=500:ADC_STATUS=2:FAULT=0:FAULT_R=0:FAIL=0:RUN=0:em_stop1=1:em_stop2=1
@FOC:t=20016:run_id=UNSET:map_id=M0:map_crc32=B5A3A0AA:I1=0:I2=0:Ires=0:Id=0:Iq=0:Id_ref=2000:Iq_ref=0:VBUS=0:STATE=0:SPD=0:TH=0:sector=0:window=0:CCR1=500:CCR2=500:CCR3=500:ADC_STATUS=2:FAULT=0:FAULT_R=0:FAIL=0:RUN=0:em_stop1=1:em_stop2=1
@FOC:t=20116:run_id=UNSET:map_id=M0:map_crc32=B5A3A0AA:I1=0:I2=0:Ires=0:Id=0:Iq=0:Id_ref=2000:Iq_ref=0:VBUS=0:STATE=0:SPD=0:TH=0:sector=0:window=0:CCR1=500:CCR2=500:CCR3=500:ADC_STATUS=2:FAULT=0:FAULT_R=0:FAIL=0:RUN=0:em_stop1=1:em_stop2=1
@FOC:t=20216:run_id=UNSET:map_id=M0:map_crc32=B5A3A0AA:I1=0:I2=0:Ires=0:Id=0:Iq=0:Id_ref=2000:Iq_ref=0:VBUS=0:STATE=0:SPD=0:TH=0:sector=0:window=0:CCR1=500:CCR2=500:CCR3=500:ADC_STATUS=2:FAULT=0:FAULT_R=0:FAIL=0:RUN=0:em_stop1=1:em_stop2=1
@FOC:t=20316:run_id=UNSET:map_id=M0:map_crc32=B5A3A0AA:I1=0:I2=0:Ires=0:Id=0:Iq=0:Id_ref=2000:Iq_ref=0:VBUS=0:STATE=0:SPD=0:TH=0:sector=0:window=0:CCR1=500:CCR2=500:CCR3=500:ADC_STATUS=2:FAULT=0:FAULT_R=0:FAIL=0:RUN=0:em_stop1=1:em_stop2=1
@FOC:t=20416:run_id=UNSET:map_id=M0:map_crc32=B5A3A0AA:I1=0:I2=0:Ires=0:Id=0:Iq=0:Id_ref=2000:Iq_ref=0:VBUS=0:STATE=0:SPD=0:TH=0:sector=0:window=0:CCR1=500:CCR2=500:CCR3=500:ADC_STATUS=2:FAULT=0:FAULT_R=0:FAIL=0:RUN=0:em_stop1=1:em_stop2=1
@FOC:t=20516:run_id=UNSET:map_id=M0:map_crc32=B5A3A0AA:I1=0:I2=0:Ires=0:Id=0:Iq=0:Id_ref=2000:Iq_ref=0:VBUS=0:STATE=0:SPD=0:TH=0:sector=0:window=0:CCR1=500:CCR2=500:CCR3=500:ADC_STATUS=2:FAULT=0:FAULT_R=0:FAIL=0:RUN=0:em_stop1=1:em_stop2=1
@FOC:t=20616:run_id=UNSET:map_id=M0:map_crc32=B5A3A0AA:I1=0:I2=0:Ires=0:Id=0:Iq=0:Id_ref=2000:Iq_ref=0:VBUS=0:STATE=0:SPD=0:TH=0:sector=0:window=0:CCR1=500:CCR2=500:CCR3=500:ADC_STATUS=2:FAULT=0:FAULT_R=0:FAIL=0:RUN=0:em_stop1=1:em_stop2=1
@FOC:t=20716:run_id=UNSET:map_id=M0:map_crc32=B5A3A0AA:I1=0:I2=0:Ires=0:Id=0:Iq=0:Id_ref=2000:Iq_ref=0:VBUS=0:STATE=0:SPD=0:TH=0:sector=0:window=0:CCR1=500:CCR2=500:CCR3=500:ADC_STATUS=2:FAULT=0:FAULT_R=0:FAIL=0:RUN=0:em_stop1=1:em_stop2=1
@FOC:t=20816:run_id=UNSET:map_id=M0:map_crc32=B5A3A0AA:I1=0:I2=0:Ires=0:Id=0:Iq=0:Id_ref=2000:Iq_ref=0:VBUS=0:STATE=0:SPD=0:TH=0:sector=0:window=0:CCR1=500:CCR2=500:CCR3=500:ADC_STATUS=2:FAULT=0:FAULT_R=0:FAIL=0:RUN=0:em_stop1=1:em_stop2=1
@FOC:t=20916:run_id=UNSET:map_id=M0:map_crc32=B5A3A0AA:I1=0:I2=0:Ires=0:Id=0:Iq=0:Id_ref=2000:Iq_ref=0:VBUS=0:STATE=0:SPD=0:TH=0:sector=0:window=0:CCR1=500:CCR2=500:CCR3=500:ADC_STATUS=2:FAULT=0:FAULT_R=0:FAIL=0:RUN=0:em_stop1=1:em_stop2=1
@FOC:t=21016:run_id=UNSET:map_id=M0:map_crc32=B5A3A0AA:I1=0:I2=0:Ires=0:Id=0:Iq=0:Id_ref=2000:Iq_ref=0:VBUS=0:STATE=0:SPD=0:TH=0:sector=0:window=0:CCR1=500:CCR2=500:CCR3=500:ADC_STATUS=2:FAULT=0:FAULT_R=0:FAIL=0:RUN=0:em_stop1=1:em_stop2=1
@FOC:t=21116:run_id=UNSET:map_id=M0:map_crc32=B5A3A0AA:I1=0:I2=0:Ires=0:Id=0:Iq=0:Id_ref=2000:Iq_ref=0:VBUS=0:STATE=0:SPD=0:TH=0:sector=0:window=0:CCR1=500:CCR2=500:CCR3=500:ADC_STATUS=2:FAULT=0:FAULT_R=0:FAIL=0:RUN=0:em_stop1=1:em_stop2=1
@FOC:t=21216:run_id=UNSET:map_id=M0:map_crc32=B5A3A0AA:I1=0:I2=0:Ires=0:Id=0:Iq=0:Id_ref=2000:Iq_ref=0:VBUS=0:STATE=0:SPD=0:TH=0:sector=0:window=0:CCR1=500:CCR2=500:CCR3=500:ADC_STATUS=2:FAULT=0:FAULT_R=0:FAIL=0:RUN=0:em_stop1=1:em_stop2=1
@FOC:t=21316:run_id=UNSET:map_id=M0:map_crc32=B5A3A0AA:I1=0:I2=0:Ires=0:Id=0:Iq=0:Id_ref=2000:Iq_ref=0:VBUS=0:STATE=0:SPD=0:TH=0:sector=0:window=0:CCR1=500:CCR2=500:CCR3=500:ADC_STATUS=2:FAULT=0:FAULT_R=0:FAIL=0:RUN=0:em_stop1=1:em_stop2=1
@FOC:t=21416:run_id=UNSET:map_id=M0:map_crc32=B5A3A0AA:I1=0:I2=0:Ires=0:Id=0:Iq=0:Id_ref=2000:Iq_ref=0:VBUS=0:STATE=0:SPD=0:TH=0:sector=0:window=0:CCR1=500:CCR2=500:CCR3=500:ADC_STATUS=2:FAULT=0:FAULT_R=0:FAIL=0:RUN=0:em_stop1=1:em_stop2=1
@FOC:t=21516:run_id=UNSET:map_id=M0:map_crc32=B5A3A0AA:I1=0:I2=0:Ires=0:Id=0:Iq=0:Id_ref=2000:Iq_ref=0:VBUS=0:STATE=0:SPD=0:TH=0:sector=0:window=0:CCR1=500:CCR2=500:CCR3=500:ADC_STATUS=2:FAULT=0:FAULT_R=0:FAIL=0:RUN=0:em_stop1=1:em_stop2=1
@FOC:t=21616:run_id=UNSET:map_id=M0:map_crc32=B5A3A0AA:I1=0:I2=0:Ires=0:Id=0:Iq=0:Id_ref=2000:Iq_ref=0:VBUS=0:STATE=0:SPD=0:TH=0:sector=0:window=0:CCR1=500:CCR2=500:CCR3=500:ADC_STATUS=2:FAULT=0:FAULT_R=0:FAIL=0:RUN=0:em_stop1=1:em_stop2=1
@FOC:t=21716:run_id=UNSET:map_id=M0:map_crc32=B5A3A0AA:I1=0:I2=0:Ires=0:Id=0:Iq=0:Id_ref=2000:Iq_ref=0:VBUS=0:STATE=0:SPD=0:TH=0:sector=0:window=0:CCR1=500:CCR2=500:CCR3=500:ADC_STATUS=2:FAULT=0:FAULT_R=0:FAIL=0:RUN=0:em_stop1=1:em_stop2=1
@FOC:t=21816:run_id=UNSET:map_id=M0:map_crc32=B5A3A0AA:I1=0:I2=0:Ires=0:Id=0:Iq=0:Id_ref=2000:Iq_ref=0:VBUS=0:STATE=0:SPD=0:TH=0:sector=0:window=0:CCR1=500:CCR2=500:CCR3=500:ADC_STATUS=2:FAULT=0:FAULT_R=0:FAIL=0:RUN=0:em_stop1=1:em_stop2=1
@FOC:t=21916:run_id=UNSET:map_id=M0:map_crc32=B5A3A0AA:I1=0:I2=0:Ires=0:Id=0:Iq=0:Id_ref=2000:Iq_ref=0:VBUS=0:STATE=0:SPD=0:TH=0:sector=0:window=0:CCR1=500:CCR2=500:CCR3=500:ADC_STATUS=2:FAULT=0:FAULT_R=0:FAIL=0:RUN=0:em_stop1=1:em_stop2=1
@FOC:t=22016:run_id=UNSET:map_id=M0:map_crc32=B5A3A0AA:I1=0:I2=0:Ires=0:Id=0:Iq=0:Id_ref=2000:Iq_ref=0:VBUS=0:STATE=0:SPD=0:TH=0:sector=0:window=0:CCR1=500:CCR2=500:CCR3=500:ADC_STATUS=2:FAULT=0:FAULT_R=0:FAIL=0:RUN=0:em_stop1=1:em_stop2=1
@FOC:t=22116:run_id=UNSET:map_id=M0:map_crc32=B5A3A0AA:I1=0:I2=0:Ires=0:Id=0:Iq=0:Id_ref=2000:Iq_ref=0:VBUS=0:STATE=0:SPD=0:TH=0:sector=0:window=0:CCR1=500:CCR2=500:CCR3=500:ADC_STATUS=2:FAULT=0:FAULT_R=0:FAIL=0:RUN=0:em_stop1=1:em_stop2=1
@FOC:t=22216:run_id=UNSET:map_id=M0:map_crc32=B5A3A0AA:I1=0:I2=0:Ires=0:Id=0:Iq=0:Id_ref=2000:Iq_ref=0:VBUS=0:STATE=0:SPD=0:TH=0:sector=0:window=0:CCR1=500:CCR2=500:CCR3=500:ADC_STATUS=2:FAULT=0:FAULT_R=0:FAIL=0:RUN=0:em_stop1=1:em_stop2=1
@FOC:t=22316:run_id=UNSET:map_id=M0:map_crc32=B5A3A0AA:I1=0:I2=0:Ires=0:Id=0:Iq=0:Id_ref=2000:Iq_ref=0:VBUS=0:STATE=0:SPD=0:TH=0:sector=0:window=0:CCR1=500:CCR2=500:CCR3=500:ADC_STATUS=2:FAULT=0:FAULT_R=0:FAIL=0:RUN=0:em_stop1=1:em_stop2=1
@FOC:t=22416:run_id=UNSET:map_id=M0:map_crc32=B5A3A0AA:I1=0:I2=0:Ires=0:Id=0:Iq=0:Id_ref=2000:Iq_ref=0:VBUS=0:STATE=0:SPD=0:TH=0:sector=0:window=0:CCR1=500:CCR2=500:CCR3=500:ADC_STATUS=2:FAULT=0:FAULT_R=0:FAIL=0:RUN=0:em_stop1=1:em_stop2=1
@FOC:t=22516:run_id=UNSET:map_id=M0:map_crc32=B5A3A0AA:I1=0:I2=0:Ires=0:Id=0:Iq=0:Id_ref=2000:Iq_ref=0:VBUS=0:STATE=0:SPD=0:TH=0:sector=0:window=0:CCR1=500:CCR2=500:CCR3=500:ADC_STATUS=2:FAULT=0:FAULT_R=0:FAIL=0:RUN=0:em_stop1=1:em_stop2=1
@FOC:t=22616:run_id=UNSET:map_id=M0:map_crc32=B5A3A0AA:I1=0:I2=0:Ires=0:Id=0:Iq=0:Id_ref=2000:Iq_ref=0:VBUS=0:STATE=0:SPD=0:TH=0:sector=0:window=0:CCR1=500:CCR2=500:CCR3=500:ADC_STATUS=2:FAULT=0:FAULT_R=0:FAIL=0:RUN=0:em_stop1=1:em_stop2=1
@FOC:t=22716:run_id=UNSET:map_id=M0:map_crc32=B5A3A0AA:I1=0:I2=0:Ires=0:Id=0:Iq=0:Id_ref=2000:Iq_ref=0:VBUS=0:STATE=0:SPD=0:TH=0:sector=0:window=0:CCR1=500:CCR2=500:CCR3=500:ADC_STATUS=2:FAULT=0:FAULT_R=0:FAIL=0:RUN=0:em_stop1=1:em_stop2=1
@FOC:t=22816:run_id=UNSET:map_id=M0:map_crc32=B5A3A0AA:I1=0:I2=0:Ires=0:Id=0:Iq=0:Id_ref=2000:Iq_ref=0:VBUS=0:STATE=0:SPD=0:TH=0:sector=0:window=0:CCR1=500:CCR2=500:CCR3=500:ADC_STATUS=2:FAULT=0:FAULT_R=0:FAIL=0:RUN=0:em_stop1=1:em_stop2=1
@FOC:t=22916:run_id=UNSET:map_id=M0:map_crc32=B5A3A0AA:I1=0:I2=0:Ires=0:Id=0:Iq=0:Id_ref=2000:Iq_ref=0:VBUS=0:STATE=0:SPD=0:TH=0:sector=0:window=0:CCR1=500:CCR2=500:CCR3=500:ADC_STATUS=2:FAULT=0:FAULT_R=0:FAIL=0:RUN=0:em_stop1=1:em_stop2=1
@FOC:t=23016:run_id=UNSET:map_id=M0:map_crc32=B5A3A0AA:I1=0:I2=0:Ires=0:Id=0:Iq=0:Id_ref=2000:Iq_ref=0:VBUS=0:STATE=0:SPD=0:TH=0:sector=0:window=0:CCR1=500:CCR2=500:CCR3=500:ADC_STATUS=2:FAULT=0:FAULT_R=0:FAIL=0:RUN=0:em_stop1=1:em_stop2=1
@FOC:t=23116:run_id=UNSET:map_id=M0:map_crc32=B5A3A0AA:I1=0:I2=0:Ires=0:Id=0:Iq=0:Id_ref=2000:Iq_ref=0:VBUS=0:STATE=0:SPD=0:TH=0:sector=0:window=0:CCR1=500:CCR2=500:CCR3=500:ADC_STATUS=2:FAULT=0:FAULT_R=0:FAIL=0:RUN=0:em_stop1=1:em_stop2=1
@FOC:t=23216:run_id=UNSET:map_id=M0:map_crc32=B5A3A0AA:I1=0:I2=0:Ires=0:Id=0:Iq=0:Id_ref=2000:Iq_ref=0:VBUS=0:STATE=0:SPD=0:TH=0:sector=0:window=0:CCR1=500:CCR2=500:CCR3=500:ADC_STATUS=2:FAULT=0:FAULT_R=0:FAIL=0:RUN=0:em_stop1=1:em_stop2=1
@FOC:t=23316:run_id=UNSET:map_id=M0:map_crc32=B5A3A0AA:I1=0:I2=0:Ires=0:Id=0:Iq=0:Id_ref=2000:Iq_ref=0:VBUS=0:STATE=0:SPD=0:TH=0:sector=0:window=0:CCR1=500:CCR2=500:CCR3=500:ADC_STATUS=2:FAULT=0:FAULT_R=0:FAIL=0:RUN=0:em_stop1=1:em_stop2=1
@FOC:t=23416:run_id=UNSET:map_id=M0:map_crc32=B5A3A0AA:I1=0:I2=0:Ires=0:Id=0:Iq=0:Id_ref=2000:Iq_ref=0:VBUS=0:STATE=0:SPD=0:TH=0:sector=0:window=0:CCR1=500:CCR2=500:CCR3=500:ADC_STATUS=2:FAULT=0:FAULT_R=0:FAIL=0:RUN=0:em_stop1=1:em_stop2=1
@FOC:t=23516:run_id=UNSET:map_id=M0:map_crc32=B5A3A0AA:I1=0:I2=0:Ires=0:Id=0:Iq=0:Id_ref=2000:Iq_ref=0:VBUS=0:STATE=0:SPD=0:TH=0:sector=0:window=0:CCR1=500:CCR2=500:CCR3=500:ADC_STATUS=2:FAULT=0:FAULT_R=0:FAIL=0:RUN=0:em_stop1=1:em_stop2=1
@FOC:t=23616:run_id=UNSET:map_id=M0:map_crc32=B5A3A0AA:I1=0:I2=0:Ires=0:Id=0:Iq=0:Id_ref=2000:Iq_ref=0:VBUS=0:STATE=0:SPD=0:TH=0:sector=0:window=0:CCR1=500:CCR2=500:CCR3=500:ADC_STATUS=2:FAULT=0:FAULT_R=0:FAIL=0:RUN=0:em_stop1=1:em_stop2=1
@FOC:t=23716:run_id=UNSET:map_id=M0:map_crc32=B5A3A0AA:I1=0:I2=0:Ires=0:Id=0:Iq=0:Id_ref=2000:Iq_ref=0:VBUS=0:STATE=0:SPD=0:TH=0:sector=0:window=0:CCR1=500:CCR2=500:CCR3=500:ADC_STATUS=2:FAULT=0:FAULT_R=0:FAIL=0:RUN=0:em_stop1=1:em_stop2=1
@FOC:t=23816:run_id=UNSET:map_id=M0:map_crc32=B5A3A0AA:I1=0:I2=0:Ires=0:Id=0:Iq=0:Id_ref=2000:Iq_ref=0:VBUS=0:STATE=0:SPD=0:TH=0:sector=0:window=0:CCR1=500:CCR2=500:CCR3=500:ADC_STATUS=2:FAULT=0:FAULT_R=0:FAIL=0:RUN=0:em_stop1=1:em_stop2=1
@FOC:t=23916:run_id=UNSET:map_id=M0:map_crc32=B5A3A0AA:I1=0:I2=0:Ires=0:Id=0:Iq=0:Id_ref=2000:Iq_ref=0:VBUS=0:STATE=0:SPD=0:TH=0:sector=0:window=0:CCR1=500:CCR2=500:CCR3=500:ADC_STATUS=2:FAULT=0:FAULT_R=0:FAIL=0:RUN=0:em_stop1=1:em_stop2=1
@FOC:t=24016:run_id=UNSET:map_id=M0:map_crc32=B5A3A0AA:I1=0:I2=0:Ires=0:Id=0:Iq=0:Id_ref=2000:Iq_ref=0:VBUS=0:STATE=0:SPD=0:TH=0:sector=0:window=0:CCR1=500:CCR2=500:CCR3=500:ADC_STATUS=2:FAULT=0:FAULT_R=0:FAIL=0:RUN=0:em_stop1=1:em_stop2=1
@FOC:t=24116:run_id=UNSET:map_id=M0:map_crc32=B5A3A0AA:I1=0:I2=0:Ires=0:Id=0:Iq=0:Id_ref=2000:Iq_ref=0:VBUS=0:STATE=0:SPD=0:TH=0:sector=0:window=0:CCR1=500:CCR2=500:CCR3=500:ADC_STATUS=2:FAULT=0:FAULT_R=0:FAIL=0:RUN=0:em_stop1=1:em_stop2=1
@FOC:t=24216:run_id=UNSET:map_id=M0:map_crc32=B5A3A0AA:I1=0:I2=0:Ires=0:Id=0:Iq=0:Id_ref=2000:Iq_ref=0:VBUS=0:STATE=0:SPD=0:TH=0:sector=0:window=0:CCR1=500:CCR2=500:CCR3=500:ADC_STATUS=2:FAULT=0:FAULT_R=0:FAIL=0:RUN=0:em_stop1=1:em_stop2=1
@FOC:t=24316:run_id=UNSET:map_id=M0:map_crc32=B5A3A0AA:I1=0:I2=0:Ires=0:Id=0:Iq=0:Id_ref=2000:Iq_ref=0:VBUS=0:STATE=0:SPD=0:TH=0:sector=0:window=0:CCR1=500:CCR2=500:CCR3=500:ADC_STATUS=2:FAULT=0:FAULT_R=0:FAIL=0:RUN=0:em_stop1=1:em_stop2=1
@FOC:t=24416:run_id=UNSET:map_id=M0:map_crc32=B5A3A0AA:I1=0:I2=0:Ires=0:Id=0:Iq=0:Id_ref=2000:Iq_ref=0:VBUS=0:STATE=0:SPD=0:TH=0:sector=0:window=0:CCR1=500:CCR2=500:CCR3=500:ADC_STATUS=2:FAULT=0:FAULT_R=0:FAIL=0:RUN=0:em_stop1=1:em_stop2=1
@FOC:t=24516:run_id=UNSET:map_id=M0:map_crc32=B5A3A0AA:I1=0:I2=0:Ires=0:Id=0:Iq=0:Id_ref=2000:Iq_ref=0:VBUS=0:STATE=0:SPD=0:TH=0:sector=0:window=0:CCR1=500:CCR2=500:CCR3=500:ADC_STATUS=2:FAULT=0:FAULT_R=0:FAIL=0:RUN=0:em_stop1=1:em_stop2=1
@FOC:t=24616:run_id=UNSET:map_id=M0:map_crc32=B5A3A0AA:I1=0:I2=0:Ires=0:Id=0:Iq=0:Id_ref=2000:Iq_ref=0:VBUS=0:STATE=0:SPD=0:TH=0:sector=0:window=0:CCR1=500:CCR2=500:CCR3=500:ADC_STATUS=2:FAULT=0:FAULT_R=0:FAIL=0:RUN=0:em_stop1=1:em_stop2=1
@FOC:t=24716:run_id=UNSET:map_id=M0:map_crc32=B5A3A0AA:I1=0:I2=0:Ires=0:Id=0:Iq=0:Id_ref=2000:Iq_ref=0:VBUS=0:STATE=0:SPD=0:TH=0:sector=0:window=0:CCR1=500:CCR2=500:CCR3=500:ADC_STATUS=2:FAULT=0:FAULT_R=0:FAIL=0:RUN=0:em_stop1=1:em_stop2=1
@FOC:t=24816:run_id=UNSET:map_id=M0:map_crc32=B5A3A0AA:I1=0:I2=0:Ires=0:Id=0:Iq=0:Id_ref=2000:Iq_ref=0:VBUS=0:STATE=0:SPD=0:TH=0:sector=0:window=0:CCR1=500:CCR2=500:CCR3=500:ADC_STATUS=2:FAULT=0:FAULT_R=0:FAIL=0:RUN=0:em_stop1=1:em_stop2=1
@FOC:t=24916:run_id=UNSET:map_id=M0:map_crc32=B5A3A0AA:I1=0:I2=0:Ires=0:Id=0:Iq=0:Id_ref=2000:Iq_ref=0:VBUS=0:STATE=0:SPD=0:TH=0:sector=0:window=0:CCR1=500:CCR2=500:CCR3=500:ADC_STATUS=2:FAULT=0:FAULT_R=0:FAIL=0:RUN=0:em_stop1=1:em_stop2=1
@FOC:t=25016:run_id=UNSET:map_id=M0:map_crc32=B5A3A0AA:I1=0:I2=0:Ires=0:Id=0:Iq=0:Id_ref=2000:Iq_ref=0:VBUS=0:STATE=0:SPD=0:TH=0:sector=0:window=0:CCR1=500:CCR2=500:CCR3=500:ADC_STATUS=2:FAULT=0:FAULT_R=0:FAIL=0:RUN=0:em_stop1=1:em_stop2=1
@FOC:t=25116:run_id=UNSET:map_id=M0:map_crc32=B5A3A0AA:I1=0:I2=0:Ires=0:Id=0:Iq=0:Id_ref=2000:Iq_ref=0:VBUS=0:STATE=0:SPD=0:TH=0:sector=0:window=0:CCR1=500:CCR2=500:CCR3=500:ADC_STATUS=2:FAULT=0:FAULT_R=0:FAIL=0:RUN=0:em_stop1=1:em_stop2=1
@FOC:t=25216:run_id=UNSET:map_id=M0:map_crc32=B5A3A0AA:I1=0:I2=0:Ires=0:Id=0:Iq=0:Id_ref=2000:Iq_ref=0:VBUS=0:STATE=0:SPD=0:TH=0:sector=0:window=0:CCR1=500:CCR2=500:CCR3=500:ADC_STATUS=2:FAULT=0:FAULT_R=0:FAIL=0:RUN=0:em_stop1=1:em_stop2=1
@FOC:t=25316:run_id=UNSET:map_id=M0:map_crc32=B5A3A0AA:I1=0:I2=0:Ires=0:Id=0:Iq=0:Id_ref=2000:Iq_ref=0:VBUS=0:STATE=0:SPD=0:TH=0:sector=0:window=0:CCR1=500:CCR2=500:CCR3=500:ADC_STATUS=2:FAULT=0:FAULT_R=0:FAIL=0:RUN=0:em_stop1=1:em_stop2=1
@FOC:t=25416:run_id=UNSET:map_id=M0:map_crc32=B5A3A0AA:I1=0:I2=0:Ires=0:Id=0:Iq=0:Id_ref=2000:Iq_ref=0:VBUS=0:STATE=0:SPD=0:TH=0:sector=0:window=0:CCR1=500:CCR2=500:CCR3=500:ADC_STATUS=2:FAULT=0:FAULT_R=0:FAIL=0:RUN=0:em_stop1=1:em_stop2=1
@FOC:t=25516:run_id=UNSET:map_id=M0:map_crc32=B5A3A0AA:I1=0:I2=0:Ires=0:Id=0:Iq=0:Id_ref=2000:Iq_ref=0:VBUS=0:STATE=0:SPD=0:TH=0:sector=0:window=0:CCR1=500:CCR2=500:CCR3=500:ADC_STATUS=2:FAULT=0:FAULT_R=0:FAIL=0:RUN=0:em_stop1=1:em_stop2=1
@FOC:t=25616:run_id=UNSET:map_id=M0:map_crc32=B5A3A0AA:I1=0:I2=0:Ires=0:Id=0:Iq=0:Id_ref=2000:Iq_ref=0:VBUS=0:STATE=0:SPD=0:TH=0:sector=0:window=0:CCR1=500:CCR2=500:CCR3=500:ADC_STATUS=2:FAULT=0:FAULT_R=0:FAIL=0:RUN=0:em_stop1=1:em_stop2=1
@FOC:t=25716:run_id=UNSET:map_id=M0:map_crc32=B5A3A0AA:I1=0:I2=0:Ires=0:Id=0:Iq=0:Id_ref=2000:Iq_ref=0:VBUS=0:STATE=0:SPD=0:TH=0:sector=0:window=0:CCR1=500:CCR2=500:CCR3=500:ADC_STATUS=2:FAULT=0:FAULT_R=0:FAIL=0:RUN=0:em_stop1=1:em_stop2=1
