A3A0AA:I1=0:I2=0:Ires=0:Id=0:Iq=0:Id_ref=2000:Iq_ref=0:VBUS=0:STATE=0:SPD=0:TH=0:sector=0:window=0:CCR1=500:CCR2=500:CCR3=500:ADC_STATUS=2:FAULT=0:FAULT_R=0:FAIL=0:RUN=0:em_stop1=1:em_stop2=1
@FOC:t=370316:run_id=UNSET:map_id=M0:map_crc32=B5A3A0AA:I1=0:I2=0:Ires=0:Id=0:Iq=0:Id_ref=2000:Iq_ref=0:VBUS=0:STATE=0:SPD=0:TH=0:sector=0:window=0:CCR1=500:CCR2=500:CCR3=500:ADC_STATUS=2:FAULT=0:FAULT_R=0:FAIL=0:RUN=0:em_stop1=1:em_stop2=1
@FOC:t=370416:run_id=UNSET:map_id=M0:map_crc32=B5A3A0AA:I1=0:I2=0:Ires=0:Id=0:Iq=0:Id_ref=2000:Iq_ref=0:VBUS=0:STATE=0:SPD=0:TH=0:sector=0:window=0:CCR1=500:CCR2=500:CCR3=500:ADC_STATUS=2:FAULT=0:FAULT_R=0:FAIL=0:RUN=0:em_stop1=1:em_stop2=1
@FOC:t=370516:run_id=UNSET:map_id=M0:map_crc32=B5A3A0AA:I1=0:I2=0:Ires=0:Id=0:Iq=0:Id_ref=2000:Iq_ref=0:VBUS=0:STATE=0:SPD=0:TH=0:sector=0:window=0:CCR1=500:CCR2=500:CCR3=500:ADC_STATUS=2:FAULT=0:FAULT_R=0:FAIL=0:RUN=0:em_stop1=1:em_stop2=1
@FAULT:CLEAR:STATUS=1:em_stop1=1:em_stop2=1
> no latched fault was active
> @FOC:t=370616:run_id=UNSET:map_id=M0:map_crc32=B5A3A0AA:I1=0:I2=0:Ires=0:Id=0:Iq=0:Id_ref=2000:Iq_ref=0:VBUS=0:STATE=0:SPD=0:TH=0:sector=0:window=0:CCR1=500:CCR2=500:CCR3=500:ADC_STATUS=2:FAULT=0:FAULT_R=0:FAIL=0:RUN=0:em_stop1=1:em_stop2=1
@FOC:t=370716:run_id=UNSET:map_id=M0:map_crc32=B5A3A0AA:I1=0:I2=0:Ires=0:Id=0:Iq=0:Id_ref=2000:Iq_ref=0:VBUS=0:STATE=0:SPD=0:TH=0:sector=0:window=0:CCR1=500:CCR2=500:CCR3=500:ADC_STATUS=2:FAULT=0:FAULT_R=0:FAIL=0:RUN=0:em_stop1=1:em_stop2=1
@FOC:t=370816:run_id=UNSET:map_id=M0:map_crc32=B5A3A0AA:I1=0:I2=0:Ires=0:Id=0:Iq=0:Id_ref=2000:Iq_ref=0:VBUS=0:STATE=0:SPD=0:TH=0:sector=0:window=0:CCR1=500:CCR2=500:CCR3=500:ADC_STATUS=2:FAULT=0:FAULT_R=0:FAIL=0:RUN=0:em_stop1=1:em_stop2=1
@FOC:t=370916:run_id=UNSET:map_id=M0:map_crc32=B5A3A0AA:I1=0:I2=0:Ires=0:Id=0:Iq=0:Id_ref=2000:Iq_ref=0:VBUS=0:STATE=0:SPD=0:TH=0:sector=0:window=0:CCR1=500:CCR2=500:CCR3=500:ADC_STATUS=2:FAULT=0:FAULT_R=0:FAIL=0:RUN=0:em_stop1=1:em_stop2=1
@FOC:t=371016:run_id=UNSET:map_id=M0:map_crc32=B5A3A0AA:I1=0:I2=0:Ires=0:Id=0:Iq=0:Id_ref=2000:Iq_ref=0:VBUS=0:STATE=0:SPD=0:TH=0:sector=0:window=0:CCR1=500:CCR2=500:CCR3=500:ADC_STATUS=2:FAULT=0:FAULT_R=0:FAIL=0:RUN=0:em_stop1=1:em_stop2=1
@FOC:t=371116:run_id=UNSET:map_id=M0:map_crc32=B5A3A0AA:I1=0:I2=0:Ires=0:Id=0:Iq=0:Id_ref=2000:Iq_ref=0:VBUS=0:STATE=0:SPD=0:TH=0:sector=0:window=0:CCR1=500:CCR2=500:CCR3=500:ADC_STATUS=2:FAULT=0:FAULT_R=0:FAIL=0:RUN=0:em_stop1=1:em_stop2=1
@FOC:t=371216:run_id=UNSET:map_id=M0:map_crc32=B5A3A0AA:I1=0:I2=0:Ires=0:Id=0:Iq=0:Id_ref=2000:Iq_ref=0:VBUS=0:STATE=0:SPD=0:TH=0:sector=0:window=0:CCR1=500:CCR2=500:CCR3=500:ADC_STATUS=2:FAULT=0:FAULT_R=0:FAIL=0:RUN=0:em_stop1=1:em_stop2=1
@FOC:t=371316:run_id=UNSET:map_id=M0:map_crc32=B5A3A0AA:I1=0:I2=0:Ires=0:Id=0:Iq=0:Id_ref=2000:Iq_ref=0:VBUS=0:STATE=0:SPD=0:TH=0:sector=0:window=0:CCR1=500:CCR2=500:CCR3=500:ADC_STATUS=2:FAULT=0:FAULT_R=0:FAIL=0:RUN=0:em_stop1=1:em_stop2=1
@FOC:t=371416:run_id=UNSET:map_id=M0:map_crc32=B5A3A0AA:I1=0:I2=0:Ires=0:Id=0:Iq=0:Id_ref=2000:Iq_ref=0:VBUS=0:STATE=0:SPD=0:TH=0:sector=0:window=0:CCR1=500:CCR2=500:CCR3=500:ADC_STATUS=2:FAULT=0:FAULT_R=0:FAIL=0:RUN=0:em_stop1=1:em_stop2=1
@FOC:t=371516:run_id=UNSET:map_id=M0:map_crc32=B5A3A0AA:I1=0:I2=0:Ires=0:Id=0:Iq=0:Id_ref=2000:Iq_ref=0:VBUS=0:STATE=0:SPD=0:TH=0:sector=0:window=0:CCR1=500:CCR2=500:CCR3=500:ADC_STATUS=2:FAULT=0:FAULT_R=0:FAIL=0:RUN=0:em_stop1=1:em_stop2=1
@FOC:t=371616:run_id=UNSET:map_id=M0:map_crc32=B5A3A0AA:I1=0:I2=0:Ires=0:Id=0:Iq=0:Id_ref=2000:Iq_ref=0:VBUS=0:STATE=0:SPD=0:TH=0:sector=0:window=0:CCR1=500:CCR2=500:CCR3=500:ADC_STATUS=2:FAULT=0:FAULT_R=0:FAIL=0:RUN=0:em_stop1=1:em_stop2=1
@FOC:t=371716:run_id=UNSET:map_id=M0:map_crc32=B5A3A0AA:I1=0:I2=0:Ires=0:Id=0:Iq=0:Id_ref=2000:Iq_ref=0:VBUS=0:STATE=0:SPD=0:TH=0:sector=0:window=0:CCR1=500:CCR2=500:CCR3=500:ADC_STATUS=2:FAULT=0:FAULT_R=0:FAIL=0:RUN=0:em_stop1=1:em_stop2=1
@FOC:t=371816:run_id=UNSET:map_id=M0:map_crc32=B5A3A0AA:I1=0:I2=0:Ires=0:Id=0:Iq=0:Id_ref=2000:Iq_ref=0:VBUS=0:STATE=0:SPD=0:TH=0:sector=0:window=0:CCR1=500:CCR2=500:CCR3=500:ADC_STATUS=2:FAULT=0:FAULT_R=0:FAIL=0:RUN=0:em_stop1=1:em_stop2=1
V/f started: 80 rpm
@TRIG:tick=371824
> @VFLOG:t=371864:target=80:meas=2:fe=-1:fslip=-1:vmag=17:theta=4234837758:du=51:dv=56:dw=43:i1=2043:i2=2055:ires=0:vbus=573:eangle=14500:espeed=2:eerr=0:fault=0:drp=0:sd1=1:sd2=1
@VFLOG:t=371904:target=80:meas=1:fe=0:fslip=0:vmag=15:theta=4234837758:du=52:dv=54:dw=43:i1=2043:i2=2043:ires=0:vbus=609:eangle=14500:espeed=1:eerr=0:fault=0:drp=0:sd1=1:sd2=1
@VF:target=80:meas=1:fe=0:fslip=0:vmag=15:em_stop1=1:em_stop2=1
@VFLOG:t=371944:target=80:meas=0:fe=0:fslip=0:vmag=15:theta=4234837758:du=53:dv=54:dw=43:i1=2046:i2=2050:ires=0:vbus=616:eangle=14500:espeed=0:eerr=0:fault=0:drp=0:sd1=1:sd2=1
@VFLOG:t=371984:target=80:meas=2:fe=0:fslip=0:vmag=15:theta=4234837758:du=52:dv=54:dw=43:i1=2046:i2=2047:ires=0:vbus=601:eangle=14500:espeed=2:eerr=0:fault=0:drp=0:sd1=1:sd2=1
@VF:target=80:meas=0:fe=0:fslip=0:vmag=15:em_stop1=1:em_stop2=1
@VFLOG:t=372024:target=80:meas=0:fe=0:fslip=0:vmag=15:theta=4234837758:du=51:dv=55:dw=43:i1=2044:i2=2052:ires=0:vbus=614:eangle=14500:espeed=0:eerr=0:fault=0:drp=0:sd1=1:sd2=1
@VFLOG:t=372064:target=80:meas=0:fe=0:fslip=0:vmag=15:theta=4234837758:du=50:dv=56:dw=44:i1=2040:i2=2075:ires=0:vbus=780:eangle=14500:espeed=0:eerr=0:fault=0:drp=0:sd1=1:sd2=1
@VFLOG:t=372104:target=80:meas=0:fe=0:fslip=0:vmag=15:theta=4234837758:du=48:dv=57:dw=45:i1=2031:i2=2072:ires=28:vbus=606:eangle=14500:espeed=0:eerr=0:fault=0:drp=0:sd1=1:sd2=1
@VF:target=80:meas=0:fe=0:fslip=0:vmag=15:em_stop1=1:em_stop2=1
@VFLOG:t=372144:target=80:meas=0:fe=0:fslip=0:vmag=15:theta=4234837758:du=47:dv=57:dw=47:i1=2029:i2=2077:ires=35:vbus=612:eangle=14500:espeed=0:eerr=0:fault=0:drp=0:sd1=1:sd2=1
@VFLOG:t=372184:target=80:meas=0:fe=0:fslip=0:vmag=15:theta=4234837758:du=46:dv=57:dw=47:i1=2028:i2=2075:ires=34:vbus=611:eangle=14500:espeed=0:eerr=0:fault=0:drp=0:sd1=1:sd2=1
@VF:target=80:meas=0:fe=0:fslip=0:vmag=15:em_stop1=1:em_stop2=1
@VFLOG:t=372224:target=80:meas=0:fe=0:fslip=0:vmag=15:theta=4234837758:du=46:dv=57:dw=47:i1=2029:i2=2080:ires=36:vbus=611:eangle=14500:espeed=0:eerr=0:fault=0:drp=0:sd1=1:sd2=1
@VFLOG:t=372264:target=80:meas=0:fe=0:fslip=0:vmag=15:theta=4234837758:du=47:dv=57:dw=46:i1=2030:i2=2073:ires=36:vbus=634:eangle=14500:espeed=0:eerr=0:fault=0:drp=0:sd1=1:sd2=1
@VFLOG:t=372304:target=80:meas=0:fe=0:fslip=0:vmag=15:theta=4234837758:du=49:dv=57:dw=45:i1=2030:i2=2076:ires=29:vbus=613:eangle=14500:espeed=0:eerr=0:fault=0:drp=0:sd1=1:sd2=1
@VF:target=80:meas=0:fe=0:fslip=0:vmag=15:em_stop1=1:em_stop2=1
@VFLOG:t=372344:target=80:meas=0:fe=0:fslip=0:vmag=15:theta=4234837758:du=50:dv=56:dw=44:i1=2037:i2=2064:ires=0:vbus=495:eangle=14500:espeed=0:eerr=0:fault=0:drp=0:sd1=1:sd2=1
@VFLOG:t=372384:target=80:meas=-9:fe=0:fslip=0:vmag=15:theta=4234837758:du=52:dv=55:dw=43:i1=2043:i2=2052:ires=0:vbus=607:eangle=14481:espeed=-9:eerr=0:fault=0:drp=0:sd1=1:sd2=1
@VF:target=80:meas=1:fe=1:fslip=0:vmag=17:em_stop1=1:em_stop2=1
@VFLOG:t=372424:target=80:meas=-8:fe=1:fslip=0:vmag=17:theta=64424505:du=54:dv=53:dw=42:i1=2046:i2=2047:ires=0:vbus=600:eangle=14481:espeed=-8:eerr=0:fault=0:drp=0:sd1=1:sd2=1
@VFLOG:t=372464:target=80:meas=-4:fe=1:fslip=0:vmag=17:theta=236223185:du=56:dv=51:dw=42:i1=2044:i2=2055:ires=0:vbus=604:eangle=14481:espeed=-4:eerr=0:fault=0:drp=0:sd1=1:sd2=1
@VFLOG:t=372504:target=80:meas=-5:fe=1:fslip=0:vmag=17:theta=408021865:du=57:dv=50:dw=43:i1=2041:i2=2060:ires=0:vbus=625:eangle=14481:espeed=-5:eerr=0:fault=0:drp=0:sd1=1:sd2=1
@VF:target=80:meas=2:fe=1:fslip=0:vmag=17:em_stop1=1:em_stop2=1
@VFLOG:t=372544:target=80:meas=0:fe=1:fslip=0:vmag=17:theta=579820545:du=57:dv=50:dw=43:i1=2039:i2=2062:ires=0:vbus=612:eangle=14500:espeed=0:eerr=0:fault=0:drp=0:sd1=1:sd2=1
@VFLOG:t=372584:target=80:meas=0:fe=1:fslip=0:vmag=17:theta=751619225:du=57:dv=50:dw=43:i1=2039:i2=2061:ires=1:vbus=611:eangle=14500:espeed=0:eerr=0:fault=0:drp=0:sd1=1:sd2=1
@VF:target=80:meas=0:fe=1:fslip=0:vmag=17:em_stop1=1:em_stop2=1
@VFLOG:t=372624:target=80:meas=1:fe=1:fslip=0:vmag=17:theta=923417905:du=57:dv=50:dw=43:i1=2039:i2=2062:ires=0:vbus=611:eangle=14500:espeed=1:eerr=0:fault=0:drp=0:sd1=1:sd2=1
@VFLOG:t=372664:target=80:meas=1:fe=1:fslip=0:vmag=17:theta=1095216585:du=57:dv=50:dw=44:i1=2036:i2=2072:ires=14:vbus=590:eangle=14500:espeed=1:eerr=0:fault=0:drp=0:sd1=1:sd2=1
@VFLOG:t=372704:target=80:meas=0:fe=1:fslip=0:vmag=17:theta=1267015265:du=58:dv=48:dw=45:i1=2031:i2=2074:ires=28:vbus=619:eangle=14500:espeed=0:eerr=0:fault=0:drp=0:sd1=1:sd2=1
@VF:target=80:meas=2:fe=1:fslip=0:vmag=17:em_stop1=1:em_stop2=1
@VFLOG:t=372744:target=80:meas=-4:fe=1:fslip=0:vmag=17:theta=1438813945:du=58:dv=46:dw=47:i1=2032:i2=2077:ires=33:vbus=612:eangle=14481:espeed=-4:eerr=0:fault=0:drp=0:sd1=1:sd2=1
@VFLOG:t=372784:target=80:meas=-5:fe=1:fslip=0:vmag=17:theta=1610612625:du=57:dv=43:dw=50:i1=2037:i2=2069:ires=0:vbus=622:eangle=14481:espeed=-5:eerr=0:fault=0:drp=0:sd1=1:sd2=1
@VF:target=80:meas=-1:fe=1:fslip=0:vmag=17:em_stop1=1:em_stop2=1
@VFLOG:t=372824:target=80:meas=-1:fe=1:fslip=0:vmag=17:theta=1782411305:du=54:dv=42:dw=54:i1=2047:i2=2054:ires=0:vbus=611:eangle=14481:espeed=-1:eerr=0:fault=0:drp=0:sd1=1:sd2=1
@VFLOG:t=372864:target=80:meas=-1:fe=1:fslip=0:vmag=17:theta=1954209985:du=50:dv=43:dw=57:i1=2043:i2=2056:ires=0:vbus=612:eangle=14463:espeed=-1:eerr=0:fault=0:drp=0:sd1=1:sd2=1
@VFLOG:t=372904:target=80:meas=-4:fe=1:fslip=0:vmag=17:theta=2126008665:du=47:dv=45:dw=58:i1=2031:i2=2073:ires=27:vbus=610:eangle=14426:espeed=-4:eerr=0:fault=0:drp=0:sd1=1:sd2=1
@VF:target=80:meas=-10:fe=1:fslip=0:vmag=17:em_stop1=1:em_stop2=1
@VFLOG:t=372944:target=80:meas=0:fe=1:fslip=0:vmag=17:theta=2297807345:du=45:dv=48:dw=58:i1=2033:i2=2077:ires=19:vbus=650:eangle=14408:espeed=0:eerr=0:fault=0:drp=0:sd1=1:sd2=1
@VFLOG:t=372984:target=80:meas=-2:fe=1:fslip=0:vmag=17:theta=2469606025:du=44:dv=50:dw=57:i1=2034:i2=2067:ires=0:vbus=637:eangle=14371:espeed=-2:eerr=0:fault=0:drp=0:sd1=1:sd2=1
@VF:target=80:meas=-2:fe=1:fslip=0:vmag=17:em_stop1=1:em_stop2=1
@VFLOG:t=373024:target=80:meas=-1:fe=1:fslip=0:vmag=17:theta=2641404705:du=43:dv=50:dw=57:i1=2037:i2=2067:ires=0:vbus=613:eangle=14352:espeed=-1:eerr=0:fault=0:drp=0:sd1=1:sd2=1
@VFLOG:t=373064:target=80:meas=2:fe=1:fslip=0:vmag=17:theta=2813203385:du=43:dv=50:dw=57:i1=2035:i2=2065:ires=0:vbus=617:eangle=14352:espeed=2:eerr=0:fault=0:drp=0:sd1=1:sd2=1
@VFLOG:t=373104:target=80:meas=0:fe=1:fslip=0:vmag=17:theta=2985002065:du=43:dv=50:dw=57:i1=2038:i2=2063:ires=0:vbus=618:eangle=14352:espeed=0:eerr=0:fault=0:drp=0:sd1=1:sd2=1
@VF:target=80:meas=0:fe=1:fslip=0:vmag=17:em_stop1=1:em_stop2=1
@VFLOG:t=373144:target=80:meas=0:fe=1:fslip=0:vmag=17:theta=3156800745:du=43:dv=50:dw=57:i1=2039:i2=2061:ires=0:vbus=617:eangle=14352:espeed=0:eerr=0:fault=0:drp=0:sd1=1:sd2=1
@VFLOG:t=373184:target=80:meas=0:fe=1:fslip=0:vmag=17:theta=3328599425:du=43:dv=51:dw=56:i1=2044:i2=2054:ires=0:vbus=569:eangle=14352:espeed=0:eerr=0:fault=0:drp=0:sd1=1:sd2=1
@VF:target=80:meas=0:fe=2:fslip=0:vmag=19:em_stop1=1:em_stop2=1
@VFLOG:t=373224:target=80:meas=1:fe=2:fslip=0:vmag=19:theta=3616362214:du=41:dv=55:dw=54:i1=2051:i2=2046:ires=0:vbus=541:eangle=14352:espeed=1:eerr=0:fault=0:drp=0:sd1=1:sd2=1
@VFLOG:t=373264:target=80:meas=-7:fe=2:fslip=0:vmag=19:theta=3959959574:du=43:dv=59:dw=49:i1=2037:i2=2073:ires=16:vbus=606:eangle=14334:espeed=-7:eerr=0:fault=0:drp=0:sd1=1:sd2=1
@VFLOG:t=373304:target=80:meas=-1:fe=2:fslip=0:vmag=19:theta=8589638:du=49:dv=58:dw=43:i1=2033:i2=2077:ires=29:vbus=610:eangle=14316:espeed=-1:eerr=0:fault=0:drp=0:sd1=1:sd2=1
@VF:target=80:meas=-5:fe=2:fslip=0:vmag=19:em_stop1=1:em_stop2=1
@VFLOG:t=373344:target=80:meas=-4:fe=2:fslip=0:vmag=19:theta=352186998:du=55:dv=53:dw=41:i1=2045:i2=2051:ires=0:vbus=510:eangle=14260:espeed=-4:eerr=0:fault=0:drp=0:sd1=1:sd2=1
@VFLOG:t=373384:target=80:meas=-8:fe=2:fslip=0:vmag=19:theta=695784358:du=59:dv=47:dw=44:i1=2030:i2=2078:ires=39:vbus=835:eangle=14187:espeed=-8:eerr=0:fault=0:drp=0:sd1=1:sd2=1
@VF:target=80:meas=-9:fe=2:fslip=0:vmag=19:em_stop1=1:em_stop2=1
@VFLOG:t=373424:target=80:meas=-11:fe=2:fslip=0:vmag=19:theta=1039381718:du=58:dv=43:dw=50:i1=2032:i2=2075:ires=23:vbus=615:eangle=14113:espeed=-11:eerr=0:fault=0:drp=0:sd1=1:sd2=1
@VFLOG:t=373464:target=80:meas=-4:fe=2:fslip=0:vmag=19:theta=1382979078:du=55:dv=41:dw=54:i1=2049:i2=2047:ires=0:vbus=604:eangle=14058:espeed=-4:eerr=0:fault=0:drp=0:sd1=1:sd2=1
@VFLOG:t=373504:target=80:meas=-9:fe=2:fslip=0:vmag=19:theta=1726576438:du=52:dv=41:dw=57:i1=2048:i2=2051:ires=0:vbus=607:eangle=13966:espeed=-9:eerr=0:fault=0:drp=0:sd1=1:sd2=1
@VF:target=80:meas=-6:fe=2:fslip=0:vmag=19:em_stop1=1:em_stop2=1
@VFLOG:t=373544:target=80:meas=-14:fe=2:fslip=0:vmag=19:theta=2070173798:du=50:dv=43:dw=58:i1=2040:i2=2061:ires=2:vbus=616:eangle=13874:espeed=-14:eerr=0:fault=0:drp=0:sd1=1:sd2=1
@VFLOG:t=373584:target=80:meas=-10:fe=2:fslip=0:vmag=19:theta=2413771158:du=47:dv=44:dw=59:i1=2032:i2=2073:ires=25:vbus=784:eangle=13782:espeed=-10:eerr=0:fault=0:drp=0:sd1=1:sd2=1
@VF:target=80:meas=-14:fe=2:fslip=0:vmag=19:em_stop1=1:em_stop2=1
@VFLOG:t=373624:target=80:meas=-11:fe=2:fslip=0:vmag=19:theta=2757368518:du=45:dv=46:dw=59:i1=2032:i2=2077:ires=27:vbus=730:eangle=13690:espeed=-11:eerr=0:fault=0:drp=0:sd1=1:sd2=1
@VFLOG:t=373664:target=80:meas=-6:fe=2:fslip=0:vmag=19:theta=3100965878:du=43:dv=49:dw=58:i1=2032:i2=2073:ires=8:vbus=611:eangle=13617:espeed=-6:eerr=0:fault=0:drp=0:sd1=1:sd2=1
@VFLOG:t=373704:target=80:meas=-6:fe=2:fslip=0:vmag=19:theta=3444563238:du=41:dv=53:dw=56:i1=2049:i2=2045:ires=0:vbus=748:eangle=13543:espeed=-6:eerr=0:fault=0:drp=0:sd1=1:sd2=1
@VF:target=80:meas=-9:fe=2:fslip=0:vmag=19:em_stop1=1:em_stop2=1
@VFLOG:t=373744:target=80:meas=-4:fe=2:fslip=0:vmag=19:theta=3788160598:du=42:dv=57:dw=51:i1=2050:i2=2050:ires=0:vbus=610:eangle=13506:espeed=-4:eerr=0:fault=0:drp=0:sd1=1:sd2=1
@VFLOG:t=373784:target=80:meas=-3:fe=3:fslip=1:vmag=21:theta=4286376770:du=48:dv=60:dw=43:i1=2028:i2=2079:ires=35:vbus=619:eangle=13470:espeed=-3:eerr=0:fault=0:drp=0:sd1=1:sd2=1
@VF:target=80:meas=-5:fe=3:fslip=1:vmag=21:em_stop1=1:em_stop2=1
@VFLOG:t=373824:target=80:meas=-6:fe=3:fslip=1:vmag=21:theta=506805514:du=57:dv=53:dw=40:i1=2050:i2=2057:ires=0:vbus=633:eangle=13396:espeed=-6:eerr=0:fault=0:drp=0:sd1=1:sd2=1
@VFLOG:t=373864:target=80:meas=-15:fe=3:fslip=1:vmag=21:theta=1022201554:du=60:dv=46:dw=45:i1=2027:i2=2084:ires=45:vbus=0:eangle=13267:espeed=-15:eerr=0:fault=0:drp=0:sd1=1:sd2=1
@VFLOG:t=373904:target=80:meas=-9:fe=3:fslip=1:vmag=21:theta=1537597594:du=58:dv=41:dw=51:i1=2043:i2=2062:ires=0:vbus=616:eangle=13157:espeed=-9:eerr=0:fault=0:drp=0:sd1=1:sd2=1
@VF:target=80:meas=-9:fe=3:fslip=1:vmag=21:em_stop1=1:em_stop2=1
@VFLOG:t=373944:target=80:meas=-17:fe=3:fslip=1:vmag=21:theta=2052993634:du=51:dv=41:dw=58:i1=2049:i2=2051:ires=0:vbus=612:eangle=13010:espeed=-17:eerr=0:fault=0:drp=0:sd1=1:sd2=1
@VFLOG:t=373984:target=80:meas=-14:fe=3:fslip=1:vmag=21:theta=2568389674:du=44:dv=46:dw=60:i1=2031:i2=2077:ires=24:vbus=626:eangle=12863:espeed=-14:eerr=0:fault=0:drp=0:sd1=1:sd2=1
@VF:target=80:meas=-19:fe=3:fslip=1:vmag=21:em_stop1=1:em_stop2=1
@VFLOG:t=374024:target=80:meas=-16:fe=3:fslip=1:vmag=21:theta=3083785714:du=40:dv=53:dw=56:i1=2050:i2=2051:ires=0:vbus=617:eangle=12679:espeed=-16:eerr=0:fault=0:drp=0:sd1=1:sd2=1
@VFLOG:t=374064:target=80:meas=-16:fe=3:fslip=1:vmag=21:theta=3599181754:du=42:dv=59:dw=50:i1=2046:i2=2059:ires=0:vbus=609:eangle=12495:espeed=-16:eerr=0:fault=0:drp=0:sd1=1:sd2=1
@VFLOG:t=374104:target=80:meas=-21:fe=4:fslip=2:vmag=23:theta=4200477134:du=49:dv=60:dw=41:i1=2035:i2=2074:ires=31:vbus=613:eangle=12292:espeed=-21:eerr=0:fault=0:drp=0:sd1=1:sd2=1
@VF:target=80:meas=-19:fe=4:fslip=2:vmag=23:em_stop1=1:em_stop2=1
@VFLOG:t=374144:target=80:meas=-28:fe=4:fslip=2:vmag=23:theta=592704558:du=58:dv=52:dw=40:i1=2046:i2=2059:ires=0:vbus=613:eangle=12035:espeed=-28:eerr=0:fault=0:drp=0:sd1=1:sd2=1
@VFLOG:t=374184:target=80:meas=-38:fe=4:fslip=2:vmag=23:theta=1279899278:du=60:dv=42:dw=48:i1=2029:i2=2090:ires=53:vbus=615:eangle=11704:espeed=-38:eerr=0:fault=0:drp=0:sd1=1:sd2=1
@VF:target=80:meas=-36:fe=4:fslip=2:vmag=23:em_stop1=1:em_stop2=1
@VFLOG:t=374224:target=80:meas=-39:fe=4:fslip=2:vmag=23:theta=1967093998:du=52:dv=39:dw=58:i1=2050:i2=2047:ires=0:vbus=612:eangle=11336:espeed=-39:eerr=0:fault=0:drp=0:sd1=1:sd2=1
@VFLOG:t=374264:target=80:meas=-36:fe=4:fslip=2:vmag=23:theta=2654288718:du=43:dv=47:dw=61:i1=2037:i2=2071:ires=17:vbus=616:eangle=10950:espeed=-36:eerr=0:fault=0:drp=0:sd1=1:sd2=1
@VFLOG:t=374304:target=80:meas=-48:fe=4:fslip=2:vmag=23:theta=3341483438:du=39:dv=57:dw=53:i1=2059:i2=2037:ires=0:vbus=515:eangle=10453:espeed=-48:eerr=0:fault=0:drp=0:sd1=1:sd2=1
@VF:target=80:meas=-43:fe=4:fslip=2:vmag=23:em_stop1=1:em_stop2=1
@VFLOG:t=374344:target=80:meas=-42:fe=4:fslip=2:vmag=23:theta=4028678158:du=46:dv=61:dw=43:i1=2037:i2=2075:ires=27:vbus=667:eangle=9957:espeed=-42:eerr=0:fault=0:drp=0:sd1=1:sd2=1
@VFLOG:t=374384:target=80:meas=-48:fe=5:fslip=3:vmag=25:theta=558344526:du=59:dv=52:dw=39:i1=2048:i2=2060:ires=0:vbus=611:eangle=9423:espeed=-48:eerr=0:fault=0:drp=0:sd1=1:sd2=1
@VF:target=80:meas=-53:fe=5:fslip=3:vmag=25:em_stop1=1:em_stop2=1
@VFLOG:t=374424:target=80:meas=-53:fe=5:fslip=3:vmag=25:theta=1417337926:du=60:dv=40:dw=50:i1=2033:i2=2086:ires=44:vbus=616:eangle=8835:espeed=-53:eerr=0:fault=0:drp=0:sd1=1:sd2=1
@VFLOG:t=374464:target=80:meas=-50:fe=5:fslip=3:vmag=25:theta=2276331326:du=48:dv=41:dw=61:i1=2043:i2=2066:ires=0:vbus=613:eangle=8265:espeed=-50:eerr=0:fault=0:drp=0:sd1=1:sd2=1
@VFLOG:t=374504:target=80:meas=-59:fe=5:fslip=3:vmag=25:theta=3135324726:du=38:dv=54:dw=57:i1=2061:i2=2042:ires=0:vbus=618:eangle=7639:espeed=-59:eerr=0:fault=0:drp=0:sd1=1:sd2=1
@VF:target=80:meas=-59:fe=5:fslip=3:vmag=25:em_stop1=1:em_stop2=1
@VFLOG:t=374544:target=80:meas=-55:fe=6:fslip=4:vmag=27:theta=4097397334:du=47:dv=63:dw=41:i1=2043:i2=2073:ires=19:vbus=636:eangle=7051:espeed=-55:eerr=0:fault=0:drp=0:sd1=1:sd2=1
@VFLOG:t=374584:target=80:meas=-44:fe=7:fslip=4:vmag=29:theta=944891260:du=64:dv=46:dw=41:i1=2032:i2=2085:ires=60:vbus=630:eangle=6554:espeed=-44:eerr=0:fault=0:drp=0:sd1=1:sd2=1
@VF:target=80:meas=-45:fe=7:fslip=4:vmag=29:em_stop1=1:em_stop2=1
@VFLOG:t=374624:target=80:meas=-46:fe=7:fslip=4:vmag=29:theta=2147482020:du=50:dv=38:dw=62:i1=2055:i2=2061:ires=0:vbus=616:eangle=6039:espeed=-46:eerr=0:fault=0:drp=0:sd1=1:sd2=1
@VFLOG:t=374664:target=80:meas=-53:fe=7:fslip=4:vmag=29:theta=3350072780:du=36:dv=59:dw=54:i1=2069:i2=2033:ires=0:vbus=614:eangle=5487:espeed=-53:eerr=0:fault=0:drp=0:sd1=1:sd2=1
@VFLOG:t=374704:target=80:meas=-61:fe=8:fslip=5:vmag=31:theta=335005650:du=57:dv=58:dw=35:i1=2058:i2=2054:ires=0:vbus=696:eangle=4862:espeed=-61:eerr=0:fault=0:drp=0:sd1=1:sd2=1
@VF:target=80:meas=-59:fe=8:fslip=5:vmag=31:em_stop1=1:em_stop2=1
@VFLOG:t=374744:target=80:meas=-68:fe=8:fslip=5:vmag=31:theta=1709395090:du=59:dv=35:dw=56:i1=2046:i2=2068:ires=11:vbus=621:eangle=4181:espeed=-68:eerr=0:fault=0:drp=0:sd1=1:sd2=1
@VFLOG:t=374784:target=80:meas=-78:fe=8:fslip=5:vmag=31:theta=3083784530:du=35:dv=54:dw=60:i1=2066:i2=2042:ires=0:vbus=531:eangle=3409:espeed=-78:eerr=0:fault=0:drp=0:sd1=1:sd2=1
@VF:target=80:meas=-97:fe=8:fslip=5:vmag=31:em_stop1=1:em_stop2=1
@VFLOG:t=374824:target=80:meas=-99:fe=8:fslip=5:vmag=31:theta=197566410:du=54:dv=60:dw=35:i1=2057:i2=2057:ires=0:vbus=623:eangle=2379:espeed=-99:eerr=0:fault=0:drp=0:sd1=1:sd2=1
@VFLOG:t=374864:target=80:meas=-105:fe=8:fslip=5:vmag=31:theta=1537596114:du=62:dv=36:dw=52:i1=2039:i2=2081:ires=41:vbus=630:eangle=1257:espeed=-105:eerr=0:fault=0:drp=0:sd1=1:sd2=1
@VFLOG:t=374904:target=80:meas=-111:fe=8:fslip=5:vmag=31:theta=2911985554:du=37:dv=51:dw=62:i1=2054:i2=2058:ires=0:vbus=615:eangle=80:espeed=-111:eerr=0:fault=0:drp=0:sd1=1:sd2=1
@VF:target=80:meas=-106:fe=8:fslip=5:vmag=31:em_stop1=1:em_stop2=1
@VFLOG:t=374944:target=80:meas=-100:fe=8:fslip=5:vmag=31:theta=4286374994:du=50:dv=63:dw=37:i1=2054:i2=2068:ires=10:vbus=626:eangle=15327:espeed=-100:eerr=0:fault=0:drp=0:sd1=1:sd2=1
@VFLOG:t=374984:target=80:meas=-82:fe=8:fslip=5:vmag=31:theta=1365797138:du=64:dv=38:dw=49:i1=2024:i2=2104:ires=102:vbus=626:eangle=14444:espeed=-82:eerr=0:fault=0:drp=0:sd1=1:sd2=1
@VF:target=80:meas=-81:fe=8:fslip=5:vmag=31:em_stop1=1:em_stop2=1
@VFLOG:t=375024:target=80:meas=-74:fe=8:fslip=5:vmag=31:theta=2774546314:du=38:dv=48:dw=64:i1=2050:i2=2068:ires=0:vbus=620:eangle=13617:espeed=-74:eerr=0:fault=0:drp=0:sd1=1:sd2=1
@VFLOG:t=375064:target=80:meas=-88:fe=8:fslip=5:vmag=31:theta=4114576018:du=46:dv=64:dw=40:i1=2054:i2=2060:ires=0:vbus=615:eangle=12679:espeed=-88:eerr=0:fault=0:drp=0:sd1=1:sd2=1
@VFLOG:t=375104:target=80:meas=-127:fe=8:fslip=5:vmag=31:theta=1193998162:du=65:dv=41:dw=45:i1=2021:i2=2113:ires=119:vbus=393:eangle=11465:espeed=-127:eerr=0:fault=0:drp=0:sd1=1:sd2=1
@VF:target=80:meas=-135:fe=8:fslip=5:vmag=31:em_stop1=1:em_stop2=1
@VFLOG:t=375144:target=80:meas=-152:fe=8:fslip=5:vmag=31:theta=2568387602:du=42:dv=44:dw=65:i1=2045:i2=2067:ires=3:vbus=609:eangle=9872:espeed=-152:eerr=0:fault=0:drp=0:sd1=1:sd2=1
@VFLOG:t=375184:target=80:meas=-147:fe=8:fslip=5:vmag=31:theta=3942777042:du=43:dv=65:dw=43:i1=2061:i2=2051:ires=0:vbus=631:eangle=8246:espeed=-147:eerr=0:fault=0:drp=0:sd1=1:sd2=1
@VF:target=80:meas=-123:fe=8:fslip=5:vmag=31:em_stop1=1:em_stop2=1
@VFLOG:t=375224:target=80:meas=-115:fe=8:fslip=5:vmag=31:theta=1056558922:du=65:dv=43:dw=42:i1=2019:i2=2111:ires=118:vbus=586:eangle=6830:espeed=-115:eerr=0:fault=0:drp=0:sd1=1:sd2=1
@VFLOG:t=375264:target=80:meas=-94:fe=8:fslip=5:vmag=31:theta=2396588626:du=45:dv=41:dw=65:i1=2047:i2=2070:ires=4:vbus=609:eangle=5782:espeed=-94:eerr=0:fault=0:drp=0:sd1=1:sd2=1
@VFLOG:t=375304:target=80:meas=-107:fe=8:fslip=5:vmag=31:theta=3770978066:du=40:dv=65:dw=46:i1=2073:i2=2039:ires=0:vbus=625:eangle=4641:espeed=-107:eerr=0:fault=0:drp=0:sd1=1:sd2=1
@VF:target=80:meas=-112:fe=8:fslip=5:vmag=31:em_stop1=1:em_stop2=1
@VFLOG:t=375344:target=80:meas=-119:fe=8:fslip=5:vmag=31:theta=850400210:du=64:dv=47:dw=39:i1=2032:i2=2095:ires=70:vbus=620:eangle=3391:espeed=-119:eerr=0:fault=0:drp=0:sd1=1:sd2=1
@VFLOG:t=375384:target=80:meas=-162:fe=8:fslip=5:vmag=31:theta=2224789650:du=49:dv=38:dw=64:i1=2056:i2=2061:ires=0:vbus=622:eangle=1717:espeed=-162:eerr=0:fault=0:drp=0:sd1=1:sd2=1
@VF:target=80:meas=-166:fe=8:fslip=5:vmag=31:em_stop1=1:em_stop2=1
@VFLOG:t=375424:target=80:meas=-149:fe=8:fslip=5:vmag=31:theta=3633538826:du=38:dv=63:dw=49:i1=2080:i2=2026:ires=0:vbus=625:eangle=16357:espeed=-149:eerr=0:fault=0:drp=0:sd1=1:sd2=1
@VFLOG:t=375464:target=80:meas=-120:fe=8:fslip=5:vmag=31:theta=678601234:du=62:dv=50:dw=37:i1=2038:i2=2081:ires=41:vbus=614:eangle=14904:espeed=-120:eerr=0:fault=0:drp=0:sd1=1:sd2=1
@VFLOG:t=375504:target=80:meas=-94:fe=8:fslip=5:vmag=31:theta=2052990674:du=52:dv=36:dw=62:i1=2047:i2=2069:ires=0:vbus=615:eangle=13819:espeed=-94:eerr=0:fault=0:drp=0:sd1=1:sd2=1
@VF:target=80:meas=-105:fe=8:fslip=5:vmag=31:em_stop1=1:em_stop2=1
@VFLOG:t=375544:target=80:meas=-123:fe=8:fslip=5:vmag=31:theta=3427380114:du=36:dv=61:dw=53:i1=2089:i2=2012:ires=0:vbus=518:eangle=12605:espeed=-123:eerr=0:fault=0:drp=0:sd1=1:sd2=1
@VFLOG:t=375584:target=80:meas=-161:fe=8:fslip=5:vmag=31:theta=506802258:du=60:dv=54:dw=35:i1=2040:i2=2068:ires=18:vbus=607:eangle=11042:espeed=-161:eerr=0:fault=0:drp=0:sd1=1:sd2=1
@VF:target=80:meas=-184:fe=8:fslip=5:vmag=31:em_stop1=1:em_stop2=1
@VFLOG:t=375625:target=80:meas=-169:fe=8:fslip=5:vmag=31:theta=1915551434:du=55:dv=35:dw=60:i1=2044:i2=2072:ires=13:vbus=0:eangle=9074:espeed=-169:eerr=0:fault=0:drp=0:sd1=1:sd2=1
@VFLOG:t=375665:target=80:meas=-156:fe=8:fslip=5:vmag=31:theta=3289940874:du=35:dv=59:dw=56:i1=2089:i2=2003:ires=0:vbus=636:eangle=7290:espeed=-156:eerr=0:fault=0:drp=0:sd1=1:sd2=1
@VFLOG:t=375705:target=80:meas=-104:fe=8:fslip=5:vmag=31:theta=369363018:du=57:dv=57:dw=35:i1=2046:i2=2063:ires=5:vbus=622:eangle=6021:espeed=-104:eerr=0:fault=0:drp=0:sd1=1:sd2=1
@VF:target=80:meas=-101:fe=8:fslip=5:vmag=31:em_stop1=1:em_stop2=1
@VFLOG:t=375745:target=80:meas=-121:fe=8:fslip=5:vmag=31:theta=1743752458:du=58:dv=35:dw=56:i1=2037:i2=2085:ires=47:vbus=921:eangle=4788:espeed=-121:eerr=0:fault=0:drp=0:sd1=1:sd2=1
@VFLOG:t=375785:target=80:meas=-136:fe=8:fslip=5:vmag=31:theta=3118141898:du=35:dv=55:dw=59:i1=2083:i2=2016:ires=0:vbus=620:eangle=3446:espeed=-136:eerr=0:fault=0:drp=0:sd1=1:sd2=1
@VF:target=80:meas=-159:fe=8:fslip=5:vmag=31:em_stop1=1:em_stop2=1
@VFLOG:t=375826:target=80:meas=-167:fe=8:fslip=5:vmag=31:theta=231923778:du=55:dv=60:dw=35:i1=2046:i2=2065:ires=6:vbus=626:eangle=1699:espeed=-167:eerr=0:fault=0:drp=0:sd1=1:sd2=1
@VFLOG:t=375866:target=80:meas=-165:fe=8:fslip=5:vmag=31:theta=1606313218:du=61:dv=36:dw=53:i1=2036:i2=2092:ires=74:vbus=629:eangle=16247:espeed=-165:eerr=0:fault=0:drp=0:sd1=1:sd2=1
@VFLOG:t=375906:target=80:meas=-119:fe=8:fslip=5:vmag=31:theta=2980702658:du=36:dv=52:dw=61:i1=2069:i2=2034:ires=0:vbus=620:eangle=14775:espeed=-119:eerr=0:fault=0:drp=0:sd1=1:sd2=1
@VF:target=80:meas=-113:fe=8:fslip=5:vmag=31:em_stop1=1:em_stop2=1
@VFLOG:t=375946:target=80:meas=-99:fe=8:fslip=5:vmag=31:theta=60124802:du=51:dv=62:dw=36:i1=2045:i2=2072:ires=21:vbus=626:eangle=13672:espeed=-99:eerr=0:fault=0:drp=0:sd1=1:sd2=1
@VFLOG:t=375986:target=80:meas=-121:fe=8:fslip=5:vmag=31:theta=1434514242:du=63:dv=37:dw=50:i1=2020:i2=2112:ires=129:vbus=629:eangle=12403:espeed=-121:eerr=0:fault=0:drp=0:sd1=1:sd2=1
@VF:target=80:meas=-151:fe=8:fslip=5:vmag=31:em_stop1=1:em_stop2=1
@VFLOG:t=376026:target=80:meas=-162:fe=8:fslip=5:vmag=31:theta=2808903682:du=38:dv=49:dw=63:i1=2060:i2=2050:ires=0:vbus=619:eangle=10766:espeed=-162:eerr=0:fault=0:drp=0:sd1=1:sd2=1
@VFLOG:t=376066:target=80:meas=-170:fe=8:fslip=5:vmag=31:theta=4183293122:du=48:dv=64:dw=39:i1=2051:i2=2063:ires=0:vbus=629:eangle=8780:espeed=-170:eerr=0:fault=0:drp=0:sd1=1:sd2=1
@VFLOG:t=376106:target=80:meas=-147:fe=8:fslip=5:vmag=31:theta=1262715266:du=64:dv=39:dw=47:i1=2012:i2=2122:ires=159:vbus=608:eangle=7032:espeed=-147:eerr=0:fault=0:drp=0:sd1=1:sd2=1
@VF:target=80:meas=-135:fe=8:fslip=5:vmag=31:em_stop1=1:em_stop2=1
@VFLOG:t=376146:target=80:meas=-107:fe=8:fslip=5:vmag=31:theta=2637104706:du=40:dv=45:dw=65:i1=2055:i2=2060:ires=0:vbus=613:eangle=5837:espeed=-107:eerr=0:fault=0:drp=0:sd1=1:sd2=1
@VFLOG:t=376186:target=80:meas=-117:fe=8:fslip=5:vmag=31:theta=4011494146:du=44:dv=65:dw=41:i1=2062:i2=2055:ires=0:vbus=619:eangle=4568:espeed=-117:eerr=0:fault=0:drp=0:sd1=1:sd2=1
@VF:target=80:meas=-121:fe=8:fslip=5:vmag=31:em_stop1=1:em_stop2=1
@VFLOG:t=376227:target=80:meas=-144:fe=8:fslip=5:vmag=31:theta=1125276026:du=65:dv=42:dw=44:i1=2012:i2=2124:ires=153:vbus=624:eangle=3133:espeed=-144:eerr=0:fault=0:drp=0:sd1=1:sd2=1
@VFLOG:t=376267:target=80:meas=-165:fe=8:fslip=5:vmag=31:theta=2499665466:du=43:dv=43:dw=65:i1=2050:i2=2063:ires=0:vbus=627:eangle=1386:espeed=-165:eerr=0:fault=0:drp=0:sd1=1:sd2=1
@VFLOG:t=376307:target=80:meas=-157:fe=8:fslip=5:vmag=31:theta=3874054906:du=42:dv=65:dw=44:i1=2067:i2=2044:ires=0:vbus=616:eangle=15953:espeed=-157:eerr=0:fault=0:drp=0:sd1=1:sd2=1
@VF:target=80:meas=-153:fe=8:fslip=5:vmag=31:em_stop1=1:em_stop2=1
@VFLOG:t=376347:target=80:meas=-110:fe=8:fslip=5:vmag=31:theta=953477050:du=65:dv=45:dw=41:i1=2018:i2=2109:ires=122:vbus=596:eangle=14591:espeed=-110:eerr=0:fault=0:drp=0:sd1=1:sd2=1
@VFLOG:t=376387:target=80:meas=-101:fe=8:fslip=5:vmag=31:theta=2327866490:du=46:dv=40:dw=64:i1=2058:i2=2064:ires=0:vbus=618:eangle=13470:espeed=-101:eerr=0:fault=0:drp=0:sd1=1:sd2=1
@VF:target=80:meas=-118:fe=8:fslip=5:vmag=31:em_stop1=1:em_stop2=1
@VFLOG:t=376427:target=80:meas=-128:fe=8:fslip=5:vmag=31:theta=3702255930:du=39:dv=64:dw=48:i1=2076:i2=2029:ires=0:vbus=626:eangle=12164:espeed=-128:eerr=0:fault=0:drp=0:sd1=1:sd2=1
@VFLOG:t=376467:target=80:meas=-174:fe=8:fslip=5:vmag=31:theta=781678074:du=64:dv=49:dw=38:i1=2038:i2=2091:ires=63:vbus=621:eangle=10435:espeed=-174:eerr=0:fault=0:drp=0:sd1=1:sd2=1
@VFLOG:t=376507:target=80:meas=-164:fe=8:fslip=5:vmag=31:theta=2156067514:du=50:dv=37:dw=63:i1=2054:i2=2058:ires=0:vbus=614:eangle=8485:espeed=-164:eerr=0:fault=0:drp=0:sd1=1:sd2=1
@VF:target=80:meas=-166:fe=8:fslip=5:vmag=31:em_stop1=1:em_stop2=1
@VFLOG:t=376547:target=80:meas=-136:fe=8:fslip=5:vmag=31:theta=3530456954:du=37:dv=62:dw=51:i1=2091:i2=2011:ires=0:vbus=635:eangle=6812:espeed=-137:eerr=0:fault=0:drp=0:sd1=1:sd2=1
@VFLOG:t=376587:target=80:meas=-109:fe=8:fslip=5:vmag=31:theta=609879098:du=62:dv=52:dw=36:i1=2038:i2=2077:ires=37:vbus=611:eangle=5653:espeed=-109:eerr=0:fault=0:drp=0:sd1=1:sd2=1
@VF:target=80:meas=-115:fe=8:fslip=5:vmag=31:em_stop1=1:em_stop2=1
@VFLOG:t=376627:target=80:meas=-120:fe=8:fslip=5:vmag=31:theta=1984268538:du=53:dv=36:dw=61:i1=2046:i2=2073:ires=6:vbus=618:eangle=4365:espeed=-120:eerr=0:fault=0:drp=0:sd1=1:sd2=1
@VFLOG:t=376667:target=80:meas=-147:fe=8:fslip=5:vmag=31:theta=3358657978:du=35:dv=60:dw=54:i1=2091:i2=2008:ires=0:vbus=554:eangle=2949:espeed=-147:eerr=0:fault=0:drp=0:sd1=1:sd2=1
@VFLOG:t=376707:target=80:meas=-165:fe=8:fslip=5:vmag=31:theta=438080122:du=59:dv=56:dw=35:i1=2045:i2=2068:ires=15:vbus=605:eangle=1129:espeed=-165:eerr=0:fault=0:drp=0:sd1=1:sd2=1
@VF:target=80:meas=-169:fe=8:fslip=5:vmag=31:em_stop1=1:em_stop2=1
@VFLOG:t=376747:target=80:meas=-153:fe=8:fslip=5:vmag=31:theta=1812469562:du=57:dv=35:dw=58:i1=2040:i2=2080:ires=36:vbus=632:eangle=15732:espeed=-153:eerr=0:fault=0:drp=0:sd1=1:sd2=1
@VFLOG:t=376787:target=80:meas=-110:fe=8:fslip=5:vmag=31:theta=3186859002:du=35:dv=57:dw=58:i1=2091:i2=2011:ires=0:vbus=655:eangle=14426:espeed=-110:eerr=0:fault=0:drp=0:sd1=1:sd2=1
@VF:target=80:meas=-94:fe=8:fslip=5:vmag=31:em_stop1=1:em_stop2=1
@VFLOG:t=376827:target=80:meas=-104:fe=8:fslip=5:vmag=31:theta=266281146:du=55:dv=59:dw=35:i1=2049:i2=2066:ires=4:vbus=617:eangle=13304:espeed=-104:eerr=0:fault=0:drp=0:sd1=1:sd2=1
@VFLOG:t=376867:target=80:meas=-138:fe=8:fslip=5:vmag=31:theta=1640670586:du=60:dv=35:dw=54:i1=2035:i2=2096:ires=66:vbus=629:eangle=11961:espeed=-138:eerr=0:fault=0:drp=0:sd1=1:sd2=1
@VFLOG:t=376907:target=80:meas=-180:fe=8:fslip=5:vmag=31:theta=3015060026:du=36:dv=53:dw=61:i1=2074:i2=2030:ires=0:vbus=619:eangle=10141:espeed=-180:eerr=0:fault=0:drp=0:sd1=1:sd2=1
@VF:target=80:meas=-190:fe=8:fslip=5:vmag=31:em_stop1=1:em_stop2=1
@VFLOG:t=376947:target=80:meas=-163:fe=8:fslip=5:vmag=31:theta=94482170:du=52:dv=62:dw=36:i1=2043:i2=2072:ires=24:vbus=619:eangle=8228:espeed=-163:eerr=0:fault=0:drp=0:sd1=1:sd2=1
@VFLOG:t=376987:target=80:meas=-128:fe=8:fslip=5:vmag=31:theta=1468871610:du=62:dv=37:dw=50:i1=2018:i2=2109:ires=117:vbus=636:eangle=6646:espeed=-128:eerr=0:fault=0:drp=0:sd1=1:sd2=1
@VF:target=80:meas=-108:fe=8:fslip=5:vmag=31:em_stop1=1:em_stop2=1
@VFLOG:t=377027:target=80:meas=-109:fe=8:fslip=5:vmag=31:theta=2843261050:du=37:dv=50:dw=63:i1=2061:i2=2044:ires=0:vbus=632:eangle=5469:espeed=-109:eerr=0:fault=0:drp=0:sd1=1:sd2=1
@VFLOG:t=377067:target=80:meas=-114:fe=8:fslip=5:vmag=31:theta=4217650490:du=49:dv=64:dw=38:i1=2051:i2=2064:ires=1:vbus=626:eangle=4200:espeed=-114:eerr=0:fault=0:drp=0:sd1=1:sd2=1
@VFLOG:t=377107:target=80:meas=-162:fe=8:fslip=5:vmag=31:theta=1297072634:du=64:dv=39:dw=47:i1=2011:i2=2120:ires=154:vbus=627:eangle=2673:espeed=-162:eerr=0:fault=0:drp=0:sd1=1:sd2=1
@VF:target=80:meas=-167:fe=8:fslip=5:vmag=31:em_stop1=1:em_stop2=1
@VFLOG:t=377147:target=80:meas=-165:fe=8:fslip=5:vmag=31:theta=2671462074:du=40:dv=46:dw=65:i1=2052:i2=2054:ires=0:vbus=622:eangle=853:espeed=-165:eerr=0:fault=0:drp=0:sd1=1:sd2=1
@VFLOG:t=377187:target=80:meas=-150:fe=8:fslip=5:vmag=31:theta=4045851514:du=45:dv=65:dw=41:i1=2059:i2=2054:ires=0:vbus=1156:eangle=15511:espeed=-150:eerr=0:fault=0:drp=0:sd1=1:sd2=1
@VF:target=80:meas=-110:fe=8:fslip=5:vmag=31:em_stop1=1:em_stop2=1
@VFLOG:t=377227:target=80:meas=-103:fe=8:fslip=5:vmag=31:theta=1125273658:du=65:dv=42:dw=44:i1=2015:i2=2125:ires=152:vbus=626:eangle=14260:espeed=-103:eerr=0:fault=0:drp=0:sd1=1:sd2=1
@VFLOG:t=377267:target=80:meas=-110:fe=8:fslip=5:vmag=31:theta=2499663098:du=43:dv=43:dw=65:i1=2050:i2=2063:ires=0:vbus=624:eangle=13120:espeed=-105:eerr=0:fault=0:drp=0:sd1=1:sd2=1
@VFLOG:t=377307:target=80:meas=-144:fe=8:fslip=5:vmag=31:theta=3874052538:du=42:dv=65:dw=44:i1=2068:i2=2040:ires=0:vbus=618:eangle=11722:espeed=-144:eerr=0:fault=0:drp=0:sd1=1:sd2=1
@VF:target=80:meas=-155:fe=8:fslip=5:vmag=31:em_stop1=1:em_stop2=1
@VFLOG:t=377347:target=80:meas=-183:fe=8:fslip=5:vmag=31:theta=953474682:du=65:dv=45:dw=41:i1=2019:i2=2114:ires=124:vbus=597:eangle=9828:espeed=-183:eerr=0:fault=0:drp=0:sd1=1:sd2=1
@VFLOG:t=377387:target=80:meas=-169:fe=8:fslip=5:vmag=31:theta=2327864122:du=46:dv=40:dw=64:i1=2056:i2=2057:ires=0:vbus=619:eangle=7970:espeed=-169:eerr=0:fault=0:drp=0:sd1=1:sd2=1
@VF:target=80:meas=-133:fe=8:fslip=5:vmag=31:em_stop1=1:em_stop2=1
@VFLOG:t=377427:target=80:meas=-122:fe=8:fslip=5:vmag=31:theta=3702253562:du=39:dv=64:dw=48:i1=2075:i2=2033:ires=0:vbus=625:eangle=6462:espeed=-122:eerr=0:fault=0:drp=0:sd1=1:sd2=1
@VFLOG:t=377467:target=80:meas=-114:fe=8:fslip=5:vmag=31:theta=781675706:du=64:dv=49:dw=38:i1=2036:i2=2089:ires=61:vbus=621:eangle=5285:espeed=-114:eerr=0:fault=0:drp=0:sd1=1:sd2=1
@VFLOG:t=377507:target=80:meas=-119:fe=8:fslip=5:vmag=31:theta=2156065146:du=50:dv=37:dw=63:i1=2053:i2=2056:ires=0:vbus=614:eangle=4016:espeed=-119:eerr=0:fault=0:drp=0:sd1=1:sd2=1
@VF:target=80:meas=-126:fe=8:fslip=5:vmag=31:em_stop1=1:em_stop2=1
@VFLOG:t=377547:target=80:meas=-168:fe=8:fslip=5:vmag=31:theta=3530454586:du=37:dv=62:dw=51:i1=2087:i2=2009:ires=0:vbus=626:eangle=2416:espeed=-168:eerr=0:fault=0:drp=0:sd1=1:sd2=1
@VFLOG:t=377587:target=80:meas=-160:fe=8:fslip=5:vmag=31:theta=609876730:du=62:dv=52:dw=36:i1=2039:i2=2078:ires=37:vbus=620:eangle=650:espeed=-160:eerr=0:fault=0:drp=0:sd1=1:sd2=1
@VF:target=80:meas=-155:fe=8:fslip=5:vmag=31:em_stop1=1:em_stop2=1
@VFLOG:t=377627:target=80:meas=-139:fe=8:fslip=5:vmag=31:theta=1984266170:du=53:dv=36:dw=61:i1=2046:i2=2072:ires=6:vbus=624:eangle=15327:espeed=-139:eerr=0:fault=0:drp=0:sd1=1:sd2=1
@VFLOG:t=377667:target=80:meas=-102:fe=8:fslip=5:vmag=31:theta=3358655610:du=35:dv=60:dw=54:i1=2092:i2=2007:ires=0:vbus=554:eangle=14113:espeed=-102:eerr=0:fault=0:drp=0:sd1=1:sd2=1
@VFLOG:t=377707:target=80:meas=-108:fe=8:fslip=5:vmag=31:theta=438077754:du=59:dv=56:dw=35:i1=2046:i2=2067:ires=12:vbus=607:eangle=12991:espeed=-108:eerr=0:fault=0:drp=0:sd1=1:sd2=1
@VF:target=80:meas=-112:fe=8:fslip=5:vmag=31:em_stop1=1:em_stop2=1
@VFLOG:t=377747:target=80:meas=-157:fe=8:fslip=5:vmag=31:theta=1812467194:du=57:dv=35:dw=58:i1=2040:i2=2083:ires=37:vbus=635:eangle=11483:espeed=-157:eerr=0:fault=0:drp=0:sd1=1:sd2=1
@VFLOG:t=377787:target=80:meas=-180:fe=8:fslip=5:vmag=31:theta=3186856634:du=35:dv=57:dw=58:i1=2087:i2=2008:ires=0:vbus=653:eangle=9626:espeed=-180:eerr=0:fault=0:drp=0:sd1=1:sd2=1
@VF:target=80:meas=-164:fe=8:fslip=5:vmag=31:em_stop1=1:em_stop2=1
@VFLOG:t=377827:target=80:meas=-159:fe=8:fslip=5:vmag=31:theta=266278778:du=55:dv=59:dw=35:i1=2052:i2=2062:ires=4:vbus=620:eangle=7768:espeed=-159:eerr=0:fault=0:drp=0:sd1=1:sd2=1
@VFLOG:t=377867:target=80:meas=-110:fe=8:fslip=5:vmag=31:theta=1640668218:du=60:dv=35:dw=54:i1=2033:i2=2091:ires=67:vbus=625:eangle=6315:espeed=-110:eerr=0:fault=0:drp=0:sd1=1:sd2=1
@VFLOG:t=377907:target=80:meas=-121:fe=8:fslip=5:vmag=31:theta=3015057658:du=36:dv=53:dw=61:i1=2073:i2=2031:ires=0:vbus=620:eangle=5138:espeed=-121:eerr=0:fault=0:drp=0:sd1=1:sd2=1
@VF:target=80:meas=-121:fe=8:fslip=5:vmag=31:em_stop1=1:em_stop2=1
@VFLOG:t=377947:target=80:meas=-119:fe=8:fslip=5:vmag=31:theta=94479802:du=52:dv=62:dw=36:i1=2043:i2=2075:ires=25:vbus=622:eangle=3832:espeed=-119:eerr=0:fault=0:drp=0:sd1=1:sd2=1
@VFLOG:t=377987:target=80:meas=-169:fe=8:fslip=5:vmag=31:theta=1468869242:du=62:dv=37:dw=50:i1=2022:i2=2112:ires=116:vbus=635:eangle=2177:espeed=-169:eerr=0:fault=0:drp=0:sd1=1:sd2=1
@VF:target=80:meas=-162:fe=8:fslip=5:vmag=31:em_stop1=1:em_stop2=1
@VFLOG:t=378027:target=80:meas=-165:fe=8:fslip=5:vmag=31:theta=2843258682:du=37:dv=50:dw=63:i1=2062:i2=2043:ires=0:vbus=621:eangle=393:espeed=-165:eerr=0:fault=0:drp=0:sd1=1:sd2=1
@VFLOG:t=378067:target=80:meas=-132:fe=8:fslip=5:vmag=31:theta=4217648122:du=49:dv=64:dw=38:i1=2051:i2=2061:ires=0:vbus=625:eangle=15125:espeed=-132:eerr=0:fault=0:drp=0:sd1=1:sd2=1
@VFLOG:t=378107:target=80:meas=-108:fe=8:fslip=5:vmag=31:theta=1297070266:du=64:dv=39:dw=47:i1=2013:i2=2121:ires=155:vbus=628:eangle=13966:espeed=-108:eerr=0:fault=0:drp=0:sd1=1:sd2=1
@VF:target=80:meas=-103:fe=8:fslip=5:vmag=31:em_stop1=1:em_stop2=1
@VFLOG:t=378147:target=80:meas=-107:fe=8:fslip=5:vmag=31:theta=2671459706:du=40:dv=46:dw=65:i1=2055:i2=2064:ires=0:vbus=622:eangle=12807:espeed=-107:eerr=0:fault=0:drp=0:sd1=1:sd2=1
@VFLOG:t=378187:target=80:meas=-155:fe=8:fslip=5:vmag=31:theta=4045849146:du=45:dv=65:dw=41:i1=2059:i2=2055:ires=0:vbus=1153:eangle=11244:espeed=-155:eerr=0:fault=0:drp=0:sd1=1:sd2=1
@VF:target=80:meas=-186:fe=8:fslip=5:vmag=31:em_stop1=1:em_stop2=1
@VFLOG:t=378227:target=80:meas=-186:fe=8:fslip=5:vmag=31:theta=1125271290:du=65:dv=42:dw=44:i1=2011:i2=2121:ires=152:vbus=626:eangle=9313:espeed=-186:eerr=0:fault=0:drp=0:sd1=1:sd2=1
@VFLOG:t=378267:target=80:meas=-159:fe=8:fslip=5:vmag=31:theta=2499660730:du=43:dv=43:dw=65:i1=2049:i2=2067:ires=0:vbus=627:eangle=7492:espeed=-159:eerr=0:fault=0:drp=0:sd1=1:sd2=1
@VFLOG:t=378307:target=80:meas=-107:fe=8:fslip=5:vmag=31:theta=3874050170:du=42:dv=65:dw=44:i1=2068:i2=2047:ires=0:vbus=615:eangle=6168:espeed=-107:eerr=0:fault=0:drp=0:sd1=1:sd2=1
@VF:target=80:meas=-101:fe=8:fslip=5:vmag=31:em_stop1=1:em_stop2=1
@VFLOG:t=378347:target=80:meas=-117:fe=8:fslip=5:vmag=31:theta=953472314:du=65:dv=45:dw=41:i1=2019:i2=2109:ires=125:vbus=598:eangle=4954:espeed=-117:eerr=0:fault=0:drp=0:sd1=1:sd2=1
@VFLOG:t=378387:target=80:meas=-121:fe=8:fslip=5:vmag=31:theta=2327861754:du=46:dv=40:dw=64:i1=2056:i2=2059:ires=0:vbus=621:eangle=3630:espeed=-121:eerr=0:fault=0:drp=0:sd1=1:sd2=1
@VF:target=80:meas=-167:fe=8:fslip=5:vmag=31:em_stop1=1:em_stop2=1
@VFLOG:t=378427:target=80:meas=-168:fe=8:fslip=5:vmag=31:theta=3702251194:du=39:dv=64:dw=48:i1=2071:i2=2026:ires=0:vbus=623:eangle=1938:espeed=-168:eerr=0:fault=0:drp=0:sd1=1:sd2=1
@VFLOG:t=378467:target=80:meas=-165:fe=8:fslip=5:vmag=31:theta=781673338:du=64:dv=49:dw=38:i1=2033:i2=2086:ires=64:vbus=619:eangle=117:espeed=-165:eerr=0:fault=0:drp=0:sd1=1:sd2=1
@VFLOG:t=378507:target=80:meas=-120:fe=8:fslip=5:vmag=31:theta=2156062778:du=50:dv=37:dw=63:i1=2055:i2=2061:ires=0:vbus=615:eangle=14941:espeed=-120:eerr=0:fault=0:drp=0:sd1=1:sd2=1
@VF:target=80:meas=-117:fe=8:fslip=5:vmag=31:em_stop1=1:em_stop2=1
@VFLOG:t=378547:target=80:meas=-98:fe=8:fslip=5:vmag=31:theta=3530452218:du=37:dv=62:dw=51:i1=2090:i2=2010:ires=0:vbus=625:eangle=13819:espeed=-98:eerr=0:fault=0:drp=0:sd1=1:sd2=1
@VFLOG:t=378587:target=80:meas=-119:fe=8:fslip=5:vmag=31:theta=609874362:du=62:dv=52:dw=36:i1=2040:i2=2083:ires=39:vbus=613:eangle=12605:espeed=-119:eerr=0:fault=0:drp=0:sd1=1:sd2=1
@VF:target=80:meas=-154:fe=8:fslip=5:vmag=31:em_stop1=1:em_stop2=1
@VFLOG:t=378627:target=80:meas=-160:fe=8:fslip=5:vmag=31:theta=1984263802:du=53:dv=36:dw=61:i1=2047:i2=2073:ires=7:vbus=618:eangle=11005:espeed=-160:eerr=0:fault=0:drp=0:sd1=1:sd2=1
@VFLOG:t=378667:target=80:meas=-178:fe=8:fslip=5:vmag=31:theta=3358653242:du=35:dv=60:dw=54:i1=2094:i2=2002:ires=0:vbus=551:eangle=9055:espeed=-178:eerr=0:fault=0:drp=0:sd1=1:sd2=1
@VFLOG:t=378707:target=80:meas=-153:fe=8:fslip=5:vmag=31:theta=438075386:du=59:dv=56:dw=35:i1=2045:i2=2070:ires=11:vbus=610:eangle=7271:espeed=-153:eerr=0:fault=0:drp=0:sd1=1:sd2=1
@VF:target=80:meas=-142:fe=8:fslip=5:vmag=31:em_stop1=1:em_stop2=1
@VFLOG:t=378747:target=80:meas=-108:fe=8:fslip=5:vmag=31:theta=1812464826:du=57:dv=35:dw=58:i1=2039:i2=2079:ires=34:vbus=636:eangle=6002:espeed=-108:eerr=0:fault=0:drp=0:sd1=1:sd2=1
@VFLOG:t=378787:target=80:meas=-120:fe=8:fslip=5:vmag=31:theta=3186854266:du=35:dv=57:dw=58:i1=2086:i2=2013:ires=0:vbus=650:eangle=4770:espeed=-120:eerr=0:fault=0:drp=0:sd1=1:sd2=1
@VF:target=80:meas=-125:fe=8:fslip=5:vmag=31:em_stop1=1:em_stop2=1
@VFLOG:t=378827:target=80:meas=-130:fe=8:fslip=5:vmag=31:theta=266276410:du=55:dv=59:dw=35:i1=2050:i2=2066:ires=4:vbus=620:eangle=3446:espeed=-130:eerr=0:fault=0:drp=0:sd1=1:sd2=1
@VFLOG:t=378867:target=80:meas=-171:fe=8:fslip=5:vmag=31:theta=1640665850:du=60:dv=35:dw=54:i1=2033:i2=2090:ires=65:vbus=626:eangle=1680:espeed=-171:eerr=0:fault=0:drp=0:sd1=1:sd2=1
@VFLOG:t=378907:target=80:meas=-159:fe=8:fslip=5:vmag=31:theta=3015055290:du=36:dv=53:dw=61:i1=2074:i2=2029:ires=0:vbus=619:eangle=16265:espeed=-159:eerr=0:fault=0:drp=0:sd1=1:sd2=1
@VF:target=80:meas=-157:fe=8:fslip=5:vmag=31:em_stop1=1:em_stop2=1
@VFLOG:t=378947:target=80:meas=-116:fe=8:fslip=5:vmag=31:theta=94477434:du=52:dv=62:dw=36:i1=2044:i2=2075:ires=28:vbus=622:eangle=14794:espeed=-116:eerr=0:fault=0:drp=0:sd1=1:sd2=1
@VFLOG:t=378987:target=80:meas=-102:fe=8:fslip=5:vmag=31:theta=1468866874:du=62:dv=37:dw=50:i1=2022:i2=2108:ires=118:vbus=636:eangle=13653:espeed=-102:eerr=0:fault=0:drp=0:sd1=1:sd2=1
@VF:target=80:meas=-111:fe=8:fslip=5:vmag=31:em_stop1=1:em_stop2=1
@VFLOG:t=379027:target=80:meas=-120:fe=8:fslip=5:vmag=31:theta=2843256314:du=37:dv=50:dw=63:i1=2062:i2=2043:ires=0:vbus=621:eangle=12421:espeed=-120:eerr=0:fault=0:drp=0:sd1=1:sd2=1
@VFLOG:t=379067:target=80:meas=-172:fe=8:fslip=5:vmag=31:theta=4217645754:du=49:dv=64:dw=38:i1=2049:i2=2066:ires=1:vbus=627:eangle=10735:espeed=-172:eerr=0:fault=0:drp=0:sd1=1:sd2=1
@VFLOG:t=379107:target=80:meas=-173:fe=8:fslip=5:vmag=31:theta=1297067898:du=64:dv=39:dw=47:i1=2013:i2=2122:ires=155:vbus=628:eangle=8780:espeed=-173:eerr=0:fault=0:drp=0:sd1=1:sd2=1
@VF:target=80:meas=-176:fe=8:fslip=5:vmag=31:em_stop1=1:em_stop2=1
@VFLOG:t=379147:target=80:meas=-142:fe=8:fslip=5:vmag=31:theta=2671457338:du=40:dv=46:dw=65:i1=2055:i2=2052:ires=0:vbus=623:eangle=7087:espeed=-142:eerr=0:fault=0:drp=0:sd1=1:sd2=1
@VFLOG:t=379187:target=80:meas=-104:fe=8:fslip=5:vmag=31:theta=4045846778:du=45:dv=65:dw=41:i1=2060:i2=2056:ires=0:vbus=1148:eangle=5837:espeed=-104:eerr=0:fault=0:drp=0:sd1=1:sd2=1
@VF:target=80:meas=-120:fe=8:fslip=5:vmag=31:em_stop1=1:em_stop2=1
@VFLOG:t=379227:target=80:meas=-123:fe=8:fslip=5:vmag=31:theta=1125268922:du=65:dv=42:dw=44:i1=2012:i2=2125:ires=151:vbus=627:eangle=4568:espeed=-123:eerr=0:fault=0:drp=0:sd1=1:sd2=1
@VFLOG:t=379267:target=80:meas=-135:fe=8:fslip=5:vmag=31:theta=2499658362:du=43:dv=43:dw=65:i1=2050:i2=2066:ires=0:vbus=627:eangle=3225:espeed=-135:eerr=0:fault=0:drp=0:sd1=1:sd2=1
@VFLOG:t=379307:target=80:meas=-172:fe=8:fslip=5:vmag=31:theta=3874047802:du=42:dv=65:dw=44:i1=2066:i2=2046:ires=0:vbus=615:eangle=1386:espeed=-172:eerr=0:fault=0:drp=0:sd1=1:sd2=1
@VF:target=80:meas=-172:fe=8:fslip=5:vmag=31:em_stop1=1:em_stop2=1
@VFLOG:t=379347:target=80:meas=-164:fe=8:fslip=5:vmag=31:theta=953469946:du=65:dv=45:dw=41:i1=2019:i2=2111:ires=122:vbus=598:eangle=16026:espeed=-164:eerr=0:fault=0:drp=0:sd1=1:sd2=1
@VFLOG:t=379387:target=80:meas=-111:fe=8:fslip=5:vmag=31:theta=2327859386:du=46:dv=40:dw=64:i1=2061:i2=2058:ires=0:vbus=621:eangle=14610:espeed=-111:eerr=0:fault=0:drp=0:sd1=1:sd2=1
@VF:target=80:meas=-103:fe=8:fslip=5:vmag=31:em_stop1=1:em_stop2=1
@VFLOG:t=379427:target=80:meas=-107:fe=8:fslip=5:vmag=31:theta=3702248826:du=39:dv=64:dw=48:i1=2077:i2=2034:ires=0:vbus=628:eangle=13470:espeed=-107:eerr=0:fault=0:drp=0:sd1=1:sd2=1
@VFLOG:t=379467:target=80:meas=-131:fe=8:fslip=5:vmag=31:theta=781670970:du=64:dv=49:dw=38:i1=2034:i2=2091:ires=65:vbus=620:eangle=12219:espeed=-131:eerr=0:fault=0:drp=0:sd1=1:sd2=1
@VFLOG:t=379507:target=80:meas=-175:fe=8:fslip=5:vmag=31:theta=2156060410:du=50:dv=37:dw=63:i1=2054:i2=2061:ires=0:vbus=612:eangle=10435:espeed=-175:eerr=0:fault=0:drp=0:sd1=1:sd2=1
@VF:target=80:meas=-179:fe=8:fslip=5:vmag=31:em_stop1=1:em_stop2=1
@VFLOG:t=379547:target=80:meas=-176:fe=8:fslip=5:vmag=31:theta=3530449850:du=37:dv=62:dw=51:i1=2090:i2=2007:ires=0:vbus=627:eangle=8540:espeed=-176:eerr=0:fault=0:drp=0:sd1=1:sd2=1
@VFLOG:t=379587:target=80:meas=-131:fe=8:fslip=5:vmag=31:theta=609871994:du=62:dv=52:dw=36:i1=2038:i2=2083:ires=35:vbus=610:eangle=6885:espeed=-131:eerr=0:fault=0:drp=0:sd1=1:sd2=1
@VF:target=80:meas=-107:fe=8:fslip=5:vmag=31:em_stop1=1:em_stop2=1
@VFLOG:t=379627:target=80:meas=-100:fe=8:fslip=5:vmag=31:theta=1984261434:du=53:dv=36:dw=61:i1=2043:i2=2067:ires=5:vbus=617:eangle=5671:espeed=-100:eerr=0:fault=0:drp=0:sd1=1:sd2=1
@VFLOG:t=379667:target=80:meas=-118:fe=8:fslip=5:vmag=31:theta=3358650874:du=35:dv=60:dw=54:i1=2090:i2=2006:ires=0:vbus=554:eangle=4421:espeed=-118:eerr=0:fault=0:drp=0:sd1=1:sd2=1
@VFLOG:t=379707:target=80:meas=-142:fe=8:fslip=5:vmag=31:theta=438073018:du=59:dv=56:dw=35:i1=2044:i2=2067:ires=10:vbus=607:eangle=2986:espeed=-142:eerr=0:fault=0:drp=0:sd1=1:sd2=1
@VF:target=80:meas=-155:fe=8:fslip=5:vmag=31:em_stop1=1:em_stop2=1
@VFLOG:t=379747:target=80:meas=-166:fe=8:fslip=5:vmag=31:theta=1812462458:du=57:dv=35:dw=58:i1=2039:i2=2083:ires=35:vbus=635:eangle=1147:espeed=-166:eerr=0:fault=0:drp=0:sd1=1:sd2=1
@VFLOG:t=379787:target=80:meas=-152:fe=8:fslip=5:vmag=31:theta=3186851898:du=35:dv=57:dw=58:i1=2085:i2=2007:ires=0:vbus=648:eangle=15805:espeed=-152:eerr=0:fault=0:drp=0:sd1=1:sd2=1
@VF:target=80:meas=-114:fe=8:fslip=5:vmag=31:em_stop1=1:em_stop2=1
@VFLOG:t=379827:target=80:meas=-102:fe=8:fslip=5:vmag=31:theta=266274042:du=55:dv=59:dw=35:i1=2050:i2=2064:ires=3:vbus=619:eangle=14463:espeed=-102:eerr=0:fault=0:drp=0:sd1=1:sd2=1
@VFLOG:t=379867:target=80:meas=-104:fe=8:fslip=5:vmag=31:theta=1640663482:du=60:dv=35:dw=54:i1=2034:i2=2091:ires=66:vbus=628:eangle=13341:espeed=-104:eerr=0:fault=0:drp=0:sd1=1:sd2=1
@VFLOG:t=379907:target=80:meas=-137:fe=8:fslip=5:vmag=31:theta=3015052922:du=36:dv=53:dw=61:i1=2072:i2=2031:ires=0:vbus=620:eangle=12016:espeed=-137:eerr=0:fault=0:drp=0:sd1=1:sd2=1
@VF:target=80:meas=-147:fe=8:fslip=5:vmag=31:em_stop1=1:em_stop2=1
@VFLOG:t=379947:target=80:meas=-173:fe=8:fslip=5:vmag=31:theta=94475066:du=52:dv=62:dw=36:i1=2044:i2=2074:ires=25:vbus=625:eangle=10196:espeed=-173:eerr=0:fault=0:drp=0:sd1=1:sd2=1
@VFLOG:t=379987:target=80:meas=-174:fe=8:fslip=5:vmag=31:theta=1468864506:du=62:dv=37:dw=50:i1=2022:i2=2111:ires=114:vbus=637:eangle=8283:espeed=-174:eerr=0:fault=0:drp=0:sd1=1:sd2=1
@VF:target=80:meas=-145:fe=8:fslip=5:vmag=31:em_stop1=1:em_stop2=1
@VFLOG:t=380027:target=80:meas=-127:fe=8:fslip=5:vmag=31:theta=2843253946:du=37:dv=50:dw=63:i1=2064:i2=2047:ires=0:vbus=620:eangle=6701:espeed=-127:eerr=0:fault=0:drp=0:sd1=1:sd2=1
@VFLOG:t=380067:target=80:meas=-111:fe=8:fslip=5:vmag=31:theta=4217643386:du=49:dv=64:dw=38:i1=2052:i2=2068:ires=0:vbus=627:eangle=5524:espeed=-111:eerr=0:fault=0:drp=0:sd1=1:sd2=1
@VFLOG:t=380107:target=80:meas=-123:fe=8:fslip=5:vmag=31:theta=1297065530:du=64:dv=39:dw=47:i1=2013:i2=2126:ires=154:vbus=628:eangle=4237:espeed=-123:eerr=0:fault=0:drp=0:sd1=1:sd2=1
@VF:target=80:meas=-127:fe=8:fslip=5:vmag=31:em_stop1=1:em_stop2=1
@VFLOG:t=380147:target=80:meas=-148:fe=8:fslip=5:vmag=31:theta=2671454970:du=40:dv=46:dw=65:i1=2060:i2=2058:ires=0:vbus=623:eangle=2765:espeed=-148:eerr=0:fault=0:drp=0:sd1=1:sd2=1
@VFLOG:t=380187:target=80:meas=-166:fe=8:fslip=5:vmag=31:theta=4045844410:du=45:dv=65:dw=41:i1=2057:i2=2052:ires=0:vbus=1147:eangle=926:espeed=-166:eerr=0:fault=0:drp=0:sd1=1:sd2=1
@VF:target=80:meas=-164:fe=8:fslip=5:vmag=31:em_stop1=1:em_stop2=1
@VFLOG:t=380227:target=80:meas=-153:fe=8:fslip=5:vmag=31:theta=1125266554:du=65:dv=42:dw=44:i1=2011:i2=2126:ires=155:vbus=622:eangle=15566:espeed=-153:eerr=0:fault=0:drp=0:sd1=1:sd2=1
@VFLOG:t=380267:target=80:meas=-98:fe=8:fslip=5:vmag=31:theta=2499655994:du=43:dv=43:dw=65:i1=2050:i2=2062:ires=0:vbus=626:eangle=14316:espeed=-98:eerr=0:fault=0:drp=0:sd1=1:sd2=1
@VFLOG:t=380307:target=80:meas=-106:fe=8:fslip=5:vmag=31:theta=3874045434:du=42:dv=65:dw=44:i1=2066:i2=2043:ires=0:vbus=622:eangle=13175:espeed=-106:eerr=0:fault=0:drp=0:sd1=1:sd2=1
@VF:target=80:meas=-115:fe=8:fslip=5:vmag=31:em_stop1=1:em_stop2=1
@VFLOG:t=380347:target=80:meas=-145:fe=8:fslip=5:vmag=31:theta=953467578:du=65:dv=45:dw=41:i1=2019:i2=2112:ires=123:vbus=597:eangle=11777:espeed=-145:eerr=0:fault=0:drp=0:sd1=1:sd2=1
@VFLOG:t=380387:target=80:meas=-179:fe=8:fslip=5:vmag=31:theta=2327857018:du=46:dv=40:dw=64:i1=2056:i2=2055:ires=0:vbus=620:eangle=9920:espeed=-179:eerr=0:fault=0:drp=0:sd1=1:sd2=1
@VF:target=80:meas=-174:fe=8:fslip=5:vmag=31:em_stop1=1:em_stop2=1
@VFLOG:t=380427:target=80:meas=-174:fe=8:fslip=5:vmag=31:theta=3702246458:du=39:dv=64:dw=48:i1=2076:i2=2031:ires=0:vbus=626:eangle=8007:espeed=-174:eerr=0:fault=0:drp=0:sd1=1:sd2=1
@VFLOG:t=380467:target=80:meas=-124:fe=8:fslip=5:vmag=31:theta=781668602:du=64:dv=49:dw=38:i1=2034:i2=2096:ires=64:vbus=620:eangle=6499:espeed=-124:eerr=0:fault=0:drp=0:sd1=1:sd2=1
@VFLOG:t=380507:target=80:meas=-111:fe=8:fslip=5:vmag=31:theta=2156058042:du=50:dv=37:dw=63:i1=2052:i2=2059:ires=0:vbus=614:eangle=5334:espeed=-111:eerr=0:fault=0:drp=0:sd1=1:sd2=1
@VF:target=80:meas=-114:fe=8:fslip=5:vmag=31:em_stop1=1:em_stop2=1
@VFLOG:t=380547:target=80:meas=-129:fe=8:fslip=5:vmag=31:theta=3530447482:du=37:dv=62:dw=51:i1=2091:i2=2005:ires=0:vbus=626:eangle=4016:espeed=-129:eerr=0:fault=0:drp=0:sd1=1:sd2=1
@VFLOG:t=380587:target=80:meas=-157:fe=8:fslip=5:vmag=31:theta=609869626:du=62:dv=52:dw=36:i1=2038:i2=2080:ires=37:vbus=614:eangle=2508:espeed=-157:eerr=0:fault=0:drp=0:sd1=1:sd2=1
@VF:target=80:meas=-170:fe=8:fslip=5:vmag=31:em_stop1=1:em_stop2=1
@VFLOG:t=380627:target=80:meas=-162:fe=8:fslip=5:vmag=31:theta=1984259066:du=53:dv=36:dw=61:i1=2046:i2=2070:ires=6:vbus=620:eangle=650:espeed=-162:eerr=0:fault=0:drp=0:sd1=1:sd2=1
@VFLOG:t=380667:target=80:meas=-143:fe=8:fslip=5:vmag=31:theta=3358648506:du=35:dv=60:dw=54:i1=2091:i2=2007:ires=0:vbus=553:eangle=15327:espeed=-143:eerr=0:fault=0:drp=0:sd1=1:sd2=1
@VFLOG:t=380707:target=80:meas=-101:fe=8:fslip=5:vmag=31:theta=438070650:du=59:dv=56:dw=35:i1=2045:i2=2064:ires=12:vbus=608:eangle=14150:espeed=-101:eerr=0:fault=0:drp=0:sd1=1:sd2=1
@VF:target=80:meas=-101:fe=8:fslip=5:vmag=31:em_stop1=1:em_stop2=1
@VFLOG:t=380747:target=80:meas=-108:fe=8:fslip=5:vmag=31:theta=1812460090:du=57:dv=35:dw=58:i1=2040:i2=2084:ires=35:vbus=635:eangle=12973:espeed=-108:eerr=0:fault=0:drp=0:sd1=1:sd2=1
@VFLOG:t=380787:target=80:meas=-157:fe=8:fslip=5:vmag=31:theta=3186849530:du=35:dv=57:dw=58:i1=2086:i2=2012:ires=0:vbus=647:eangle=11502:espeed=-157:eerr=0:fault=0:drp=0:sd1=1:sd2=1
@VF:target=80:meas=-175:fe=8:fslip=5:vmag=31:em_stop1=1:em_stop2=1
@VFLOG:t=380827:target=80:meas=-178:fe=8:fslip=5:vmag=31:theta=266271674:du=55:dv=59:dw=35:i1=2048:i2=2063:ires=2:vbus=614:eangle=9626:espeed=-178:eerr=0:fault=0:drp=0:sd1=1:sd2=1
@VFLOG:t=380867:target=80:meas=-165:fe=8:fslip=5:vmag=31:theta=1640661114:du=60:dv=35:dw=54:i1=2034:i2=2091:ires=66:vbus=625:eangle=7731:espeed=-165:eerr=0:fault=0:drp=0:sd1=1:sd2=1
@VFLOG:t=380907:target=80:meas=-113:fe=8:fslip=5:vmag=31:theta=3015050554:du=36:dv=53:dw=61:i1=2073:i2=2031:ires=0:vbus=623:eangle=6352:espeed=-113:eerr=0:fault=0:drp=0:sd1=1:sd2=1
@VF:target=80:meas=-108:fe=8:fslip=5:vmag=31:em_stop1=1:em_stop2=1
@VFLOG:t=380947:target=80:meas=-115:fe=8:fslip=5:vmag=31:theta=94472698:du=52:dv=62:dw=36:i1=2045:i2=2074:ires=25:vbus=624:eangle=5138:espeed=-115:eerr=0:fault=0:drp=0:sd1=1:sd2=1
@VFLOG:t=380987:target=80:meas=-128:fe=8:fslip=5:vmag=31:theta=1468862138:du=62:dv=37:dw=50:i1=2022:i2=2112:ires=116:vbus=637:eangle=3814:espeed=-128:eerr=0:fault=0:drp=0:sd1=1:sd2=1
@VF:target=80:meas=-147:fe=8:fslip=5:vmag=31:em_stop1=1:em_stop2=1
@VFLOG:t=381027:target=80:meas=-159:fe=8:fslip=5:vmag=31:theta=2843251578:du=37:dv=50:dw=63:i1=2062:i2=2046:ires=0:vbus=621:eangle=2250:espeed=-159:eerr=0:fault=0:drp=0:sd1=1:sd2=1
@VFLOG:t=381067:target=80:meas=-162:fe=8:fslip=5:vmag=31:theta=4217641018:du=49:dv=64:dw=38:i1=2052:i2=2064:ires=2:vbus=627:eangle=374:espeed=-162:eerr=0:fault=0:drp=0:sd1=1:sd2=1
@VFLOG:t=381107:target=80:meas=-138:fe=8:fslip=5:vmag=31:theta=1297063162:du=64:dv=39:dw=47:i1=2013:i2=2126:ires=154:vbus=626:eangle=15143:espeed=-138:eerr=0:fault=0:drp=0:sd1=1:sd2=1
@VF:target=80:meas=-130:fe=8:fslip=5:vmag=31:em_stop1=1:em_stop2=1
@VFLOG:t=381147:target=80:meas=-102:fe=8:fslip=5:vmag=31:theta=2671452602:du=40:dv=46:dw=65:i1=2056:i2=2056:ires=0:vbus=623:eangle=13985:espeed=-102:eerr=0:fault=0:drp=0:sd1=1:sd2=1
@VFLOG:t=381187:target=80:meas=-114:fe=8:fslip=5:vmag=31:theta=4045842042:du=45:dv=65:dw=41:i1=2059:i2=2052:ires=0:vbus=1119:eangle=12789:espeed=-114:eerr=0:fault=0:drp=0:sd1=1:sd2=1
@VF:target=80:meas=-145:fe=8:fslip=5:vmag=31:em_stop1=1:em_stop2=1
@VFLOG:t=381227:target=80:meas=-161:fe=8:fslip=5:vmag=31:theta=1125264186:du=65:dv=42:dw=44:i1=2011:i2=2128:ires=153:vbus=619:eangle=11281:espeed=-161:eerr=0:fault=0:drp=0:sd1=1:sd2=1
@VFLOG:t=381267:target=80:meas=-170:fe=8:fslip=5:vmag=31:theta=2499653626:du=43:dv=43:dw=65:i1=2049:i2=2066:ires=0:vbus=616:eangle=9350:espeed=-170:eerr=0:fault=0:drp=0:sd1=1:sd2=1
@VFLOG:t=381307:target=80:meas=-160:fe=8:fslip=5:vmag=31:theta=3874043066:du=42:dv=65:dw=44:i1=2066:i2=2041:ires=0:vbus=616:eangle=7529:espeed=-160:eerr=0:fault=0:drp=0:sd1=1:sd2=1
@VF:target=80:meas=-146:fe=8:fslip=5:vmag=31:em_stop1=1:em_stop2=1
@VFLOG:t=381347:target=80:meas=-114:fe=8:fslip=5:vmag=31:theta=953465210:du=65:dv=45:dw=41:i1=2020:i2=2116:ires=123:vbus=599:eangle=6168:espeed=-114:eerr=0:fault=0:drp=0:sd1=1:sd2=1
@VFLOG:t=381387:target=80:meas=-115:fe=8:fslip=5:vmag=31:theta=2327854650:du=46:dv=40:dw=64:i1=2055:i2=2057:ires=0:vbus=620:eangle=4954:espeed=-115:eerr=0:fault=0:drp=0:sd1=1:sd2=1
@VF:target=80:meas=-122:fe=8:fslip=5:vmag=31:em_stop1=1:em_stop2=1
@VFLOG:t=381427:target=80:meas=-131:fe=8:fslip=5:vmag=31:theta=3702244090:du=39:dv=64:dw=48:i1=2075:i2=2027:ires=0:vbus=625:eangle=3630:espeed=-131:eerr=0:fault=0:drp=0:sd1=1:sd2=1
@VFLOG:t=381467:target=80:meas=-170:fe=8:fslip=5:vmag=31:theta=781666234:du=64:dv=49:dw=38:i1=2033:i2=2092:ires=65:vbus=617:eangle=1956:espeed=-170:eerr=0:fault=0:drp=0:sd1=1:sd2=1
@VFLOG:t=381507:target=80:meas=-158:fe=8:fslip=5:vmag=31:theta=2156055674:du=50:dv=37:dw=63:i1=2055:i2=2059:ires=0:vbus=616:eangle=117:espeed=-158:eerr=0:fault=0:drp=0:sd1=1:sd2=1
@VF:target=80:meas=-156:fe=8:fslip=5:vmag=31:em_stop1=1:em_stop2=1
@VFLOG:t=381547:target=80:meas=-128:fe=8:fslip=5:vmag=31:theta=3530445114:du=37:dv=62:dw=51:i1=2090:i2=2008:ires=0:vbus=625:eangle=14941:espeed=-128:eerr=0:fault=0:drp=0:sd1=1:sd2=1
@VFLOG:t=381587:target=80:meas=-100:fe=8:fslip=5:vmag=31:theta=609867258:du=62:dv=52:dw=36:i1=2039:i2=2083:ires=37:vbus=610:eangle=13819:espeed=-100:eerr=0:fault=0:drp=0:sd1=1:sd2=1
@VF:target=80:meas=-115:fe=8:fslip=5:vmag=31:em_stop1=1:em_stop2=1
@VFLOG:t=381627:target=80:meas=-120:fe=8:fslip=5:vmag=31:theta=1984256698:du=53:dv=36:dw=61:i1=2047:i2=2071:ires=4:vbus=618:eangle=12605:espeed=-120:eerr=0:fault=0:drp=0:sd1=1:sd2=1
@VFLOG:t=381667:target=80:meas=-168:fe=8:fslip=5:vmag=31:theta=3358646138:du=35:dv=60:dw=54:i1=2092:i2=2007:ires=0:vbus=551:eangle=10987:espeed=-168:eerr=0:fault=0:drp=0:sd1=1:sd2=1
@VFLOG:t=381707:target=80:meas=-170:fe=8:fslip=5:vmag=31:theta=438068282:du=59:dv=56:dw=35:i1=2044:i2=2067:ires=12:vbus=605:eangle=9045:espeed=-170:eerr=0:fault=0:drp=0:sd1=1:sd2=1
@VF:target=80:meas=-172:fe=8:fslip=5:vmag=31:em_stop1=1:em_stop2=1
@VFLOG:t=381747:target=80:meas=-146:fe=8:fslip=5:vmag=31:theta=1812457722:du=57:dv=35:dw=58:i1=2039:i2=2083:ires=34:vbus=636:eangle=7271:espeed=-146:eerr=0:fault=0:drp=0:sd1=1:sd2=1
@VFLOG:t=381787:target=80:meas=-112:fe=9:fslip=5:vmag=33:theta=3337171007:du=34:dv=60:dw=55:i1=2094:i2=2004:ires=0:vbus=592:eangle=5984:espeed=-112:eerr=0:fault=0:drp=0:sd1=1:sd2=1
@VF:target=80:meas=-116:fe=9:fslip=5:vmag=33:em_stop1=1:em_stop2=1
@VFLOG:t=381827:target=80:meas=-114:fe=9:fslip=5:vmag=33:theta=588391831:du=62:dv=53:dw=35:i1=2045:i2=2068:ires=13:vbus=612:eangle=4752:espeed=-114:eerr=0:fault=0:drp=0:sd1=1:sd2=1
@VFLOG:t=381867:target=80:meas=-144:fe=9:fslip=5:vmag=33:theta=2134579951:du=50:dv=36:dw=64:i1=2051:i2=2072:ires=6:vbus=617:eangle=3280:espeed=-144:eerr=0:fault=0:drp=0:sd1=1:sd2=1
@VFLOG:t=381907:target=80:meas=-189:fe=9:fslip=5:vmag=33:theta=3680768071:du=38:dv=65:dw=48:i1=2083:i2=2026:ires=0:vbus=628:eangle=1331:espeed=-189:eerr=0:fault=0:drp=0:sd1=1:sd2=1
@VF:target=80:meas=-188:fe=9:fslip=5:vmag=33:em_stop1=1:em_stop2=1
@VFLOG:t=381947:target=80:meas=-171:fe=9:fslip=5:vmag=33:theta=931988895:du=66:dv=45:dw=39:i1=2025:i2=2106:ires=112:vbus=633:eangle=15824:espeed=-171:eerr=0:fault=0:drp=0:sd1=1:sd2=1
@VFLOG:t=381987:target=80:meas=-115:fe=9:fslip=5:vmag=33:theta=2478177015:du=43:dv=42:dw=66:i1=2051:i2=2069:ires=0:vbus=619:eangle=14352:espeed=-115:eerr=0:fault=0:drp=0:sd1=1:sd2=1
@VF:target=80:meas=-117:fe=9:fslip=5:vmag=33:em_stop1=1:em_stop2=1
@VFLOG:t=382027:target=80:meas=-116:fe=9:fslip=5:vmag=33:theta=4024365135:du=44:dv=66:dw=40:i1=2069:i2=2050:ires=0:vbus=621:eangle=13102:espeed=-116:eerr=0:fault=0:drp=0:sd1=1:sd2=1
@VFLOG:t=382067:target=80:meas=-178:fe=9:fslip=5:vmag=33:theta=1275585959:du=65:dv=38:dw=47:i1=2010:i2=2132:ires=171:vbus=634:eangle=11446:espeed=-178:eerr=0:fault=0:drp=0:sd1=1:sd2=1
@VFLOG:t=382107:target=80:meas=-199:fe=9:fslip=5:vmag=33:theta=2821774079:du=37:dv=49:dw=64:i1=2064:i2=2047:ires=0:vbus=624:eangle=9284:espeed=-199:eerr=0:fault=0:drp=0:sd1=1:sd2=1
@VF:target=80:meas=-194:fe=9:fslip=5:vmag=33:em_stop1=1:em_stop2=1
@VFLOG:t=382147:target=80:meas=-169:fe=9:fslip=5:vmag=33:theta=72994903:du=51:dv=63:dw=35:i1=2050:i2=2065:ires=12:vbus=626:eangle=7290:espeed=-169:eerr=0:fault=0:drp=0:sd1=1:sd2=1
@VFLOG:t=382187:target=80:meas=-119:fe=9:fslip=5:vmag=33:theta=1619183023:du=61:dv=35:dw=54:i1=2029:i2=2103:ires=98:vbus=631:eangle=5837:espeed=-119:eerr=0:fault=0:drp=0:sd1=1:sd2=1
@VF:target=80:meas=-130:fe=9:fslip=5:vmag=33:em_stop1=1:em_stop2=1
@VFLOG:t=382227:target=80:meas=-136:fe=9:fslip=5:vmag=33:theta=3165371143:du=34:dv=57:dw=59:i1=2087:i2=2006:ires=0:vbus=651:eangle=4439:espeed=-136:eerr=0:fault=0:drp=0:sd1=1:sd2=1
@VFLOG:t=382267:target=80:meas=-167:fe=9:fslip=5:vmag=33:theta=416591967:du=59:dv=56:dw=34:i1=2047:i2=2067:ires=11:vbus=625:eangle=2765:espeed=-167:eerr=0:fault=0:drp=0:sd1=1:sd2=1
@VFLOG:t=382307:target=80:meas=-187:fe=9:fslip=5:vmag=33:theta=1962780087:du=54:dv=35:dw=61:i1=2042:i2=2080:ires=28:vbus=606:eangle=650:espeed=-187:eerr=0:fault=0:drp=0:sd1=1:sd2=1
@VF:target=80:meas=-183:fe=9:fslip=5:vmag=33:em_stop1=1:em_stop2=1
@VFLOG:t=382347:target=80:meas=-168:fe=9:fslip=5:vmag=33:theta=3508968207:du=35:dv=63:dw=51:i1=2099:i2=1998:ires=0:vbus=628:eangle=15145:espeed=-168:eerr=0:fault=0:drp=0:sd1=1:sd2=1
@VFLOG:t=382387:target=80:meas=-119:fe=9:fslip=5:vmag=33:theta=760189031:du=64:dv=49:dw=37:i1=2032:i2=2093:ires=69:vbus=622:eangle=13837:espeed=-119:eerr=0:fault=0:drp=0:sd1=1:sd2=1
@VF:target=80:meas=-127:fe=9:fslip=5:vmag=33:em_stop1=1:em_stop2=1
@VFLOG:t=382427:target=80:meas=-128:fe=9:fslip=5:vmag=33:theta=2306377151:du=47:dv=38:dw=65:i1=2057:i2=2055:ires=0:vbus=621:eangle=12462:espeed=-128:eerr=0:fault=0:drp=0:sd1=1:sd2=1
@VFLOG:t=382467:target=80:meas=-201:fe=9:fslip=5:vmag=33:theta=3852565271:du=41:dv=66:dw=44:i1=2077:i2=2032:ires=0:vbus=630:eangle=10460:espeed=-201:eerr=0:fault=0:drp=0:sd1=1:sd2=1
@VFLOG:t=382507:target=80:meas=-197:fe=9:fslip=5:vmag=33:theta=1103786095:du=66:dv=42:dw=43:i1=2009:i2=2128:ires=168:vbus=624:eangle=8255:espeed=-197:eerr=0:fault=0:drp=0:sd1=1:sd2=1
@VF:target=80:meas=-195:fe=9:fslip=5:vmag=33:em_stop1=1:em_stop2=1
@VFLOG:t=382547:target=80:meas=-139:fe=9:fslip=5:vmag=33:theta=2649974215:du=39:dv=45:dw=66:i1=2060:i2=2055:ires=0:vbus=623:eangle=6517:espeed=-139:eerr=0:fault=0:drp=0:sd1=1:sd2=1
@VFLOG:t=382587:target=80:meas=-134:fe=9:fslip=5:vmag=33:theta=4196162335:du=48:dv=65:dw=38:i1=2059:i2=2054:ires=0:vbus=631:eangle=5120:espeed=-134:eerr=0:fault=0:drp=0:sd1=1:sd2=1
@VF:target=80:meas=-141:fe=9:fslip=5:vmag=33:em_stop1=1:em_stop2=1
@VFLOG:t=382627:target=80:meas=-145:fe=9:fslip=5:vmag=33:theta=1447383159:du=64:dv=36:dw=50:i1=2018:i2=2121:ires=148:vbus=631:eangle=3648:espeed=-145:eerr=0:fault=0:drp=0:sd1=1:sd2=1
@VFLOG:t=382667:target=80:meas=-197:fe=9:fslip=5:vmag=33:theta=2993571279:du=35:dv=53:dw=62:i1=2074:i2=2036:ires=0:vbus=618:eangle=1678:espeed=-197:eerr=0:fault=0:drp=0:sd1=1:sd2=1
@VFLOG:t=382707:target=80:meas=-181:fe=9:fslip=5:vmag=33:theta=244792103:du=55:dv=60:dw=34:i1=2050:i2=2067:ires=8:vbus=619:eangle=15989:espeed=-181:eerr=0:fault=0:drp=0:sd1=1:sd2=1
@VF:target=80:meas=-175:fe=9:fslip=5:vmag=33:em_stop1=1:em_stop2=1
@VFLOG:t=382747:target=80:meas=-128:fe=9:fslip=5:vmag=33:theta=1790980223:du=58:dv=34:dw=58:i1=2035:i2=2095:ires=60:vbus=633:eangle=14428:espeed=-128:eerr=0:fault=0:drp=0:sd1=1:sd2=1
@VFLOG:t=382787:target=80:meas=-124:fe=9:fslip=5:vmag=33:theta=3337168343:du=34:dv=60:dw=55:i1=2098:i2=1996:ires=0:vbus=593:eangle=13138:espeed=-124:eerr=0:fault=0:drp=0:sd1=1:sd2=1
@VF:target=80:meas=-153:fe=9:fslip=5:vmag=33:em_stop1=1:em_stop2=1
@VFLOG:t=382827:target=80:meas=-177:fe=9:fslip=5:vmag=33:theta=588389167:du=62:dv=53:dw=35:i1=2039:i2=2082:ires=39:vbus=608:eangle=11507:espeed=-177:eerr=0:fault=0:drp=0:sd1=1:sd2=1
@VFLOG:t=382867:target=80:meas=-198:fe=9:fslip=5:vmag=33:theta=2134577287:du=50:dv=36:dw=64:i1=2051:i2=2088:ires=0:vbus=616:eangle=9284:espeed=-198:eerr=0:fault=0:drp=0:sd1=1:sd2=1
@VFLOG:t=382907:target=80:meas=-172:fe=9:fslip=5:vmag=33:theta=3680765407:du=38:dv=65:dw=48:i1=2087:i2=2017:ires=0:vbus=629:eangle=7227:espeed=-172:eerr=0:fault=0:drp=0:sd1=1:sd2=1
@VF:target=80:meas=-150:fe=9:fslip=5:vmag=33:em_stop1=1:em_stop2=1
@VFLOG:t=382947:target=80:meas=-127:fe=9:fslip=5:vmag=33:theta=931986231:du=66:dv=45:dw=39:i1=2020:i2=2113:ires=126:vbus=634:eangle=5812:espeed=-127:eerr=0:fault=0:drp=0:sd1=1:sd2=1
@VFLOG:t=382987:target=80:meas=-131:fe=9:fslip=5:vmag=33:theta=2478174351:du=43:dv=42:dw=66:i1=2052:i2=2070:ires=0:vbus=617:eangle=4379:espeed=-131:eerr=0:fault=0:drp=0:sd1=1:sd2=1
@VF:target=80:meas=-161:fe=9:fslip=5:vmag=33:em_stop1=1:em_stop2=1
@VFLOG:t=383027:target=80:meas=-175:fe=9:fslip=5:vmag=33:theta=4024362471:du=44:dv=66:dw=40:i1=2068:i2=2051:ires=0:vbus=620:eangle=2689:espeed=-175:eerr=0:fault=0:drp=0:sd1=1:sd2=1
@VFLOG:t=383067:target=80:meas=-192:fe=9:fslip=5:vmag=33:theta=1275583295:du=65:dv=38:dw=47:i1=2010:i2=2131:ires=178:vbus=631:eangle=594:espeed=-192:eerr=0:fault=0:drp=0:sd1=1:sd2=1
@VFLOG:t=383107:target=80:meas=-156:fe=9:fslip=5:vmag=33:theta=2821771415:du=37:dv=49:dw=64:i1=2064:i2=2043:ires=0:vbus=623:eangle=15126:espeed=-156:eerr=0:fault=0:drp=0:sd1=1:sd2=1
@VF:target=80:meas=-139:fe=9:fslip=5:vmag=33:em_stop1=1:em_stop2=1
@VFLOG:t=383147:target=80:meas=-111:fe=9:fslip=5:vmag=33:theta=72992239:du=51:dv=63:dw=35:i1=2050:i2=2065:ires=11:vbus=624:eangle=13804:espeed=-111:eerr=0:fault=0:drp=0:sd1=1:sd2=1
@VFLOG:t=383187:target=80:meas=-143:fe=9:fslip=5:vmag=33:theta=1619180359:du=61:dv=35:dw=54:i1=2028:i2=2105:ires=99:vbus=632:eangle=12352:espeed=-143:eerr=0:fault=0:drp=0:sd1=1:sd2=1
@VF:target=80:meas=-184:fe=9:fslip=5:vmag=33:em_stop1=1:em_stop2=1
@VFLOG:t=383227:target=80:meas=-201:fe=9:fslip=5:vmag=33:theta=3165368479:du=34:dv=57:dw=59:i1=2092:i2=2008:ires=0:vbus=648:eangle=10416:espeed=-201:eerr=0:fault=0:drp=0:sd1=1:sd2=1
@VFLOG:t=383267:target=80:meas=-199:fe=9:fslip=5:vmag=33:theta=416589303:du=59:dv=56:dw=34:i1=2048:i2=2074:ires=12:vbus=626:eangle=8200:espeed=-199:eerr=0:fault=0:drp=0:sd1=1:sd2=1
@VFLOG:t=383307:target=80:meas=-136:fe=9:fslip=5:vmag=33:theta=1962777423:du=54:dv=35:dw=61:i1=2043:i2=2075:ires=29:vbus=609:eangle=6462:espeed=-136:eerr=0:fault=0:drp=0:sd1=1:sd2=1
@VF:target=80:meas=-125:fe=9:fslip=5:vmag=33:em_stop1=1:em_stop2=1
@VFLOG:t=383347:target=80:meas=-136:fe=9:fslip=5:vmag=33:theta=3508965543:du=35:dv=63:dw=51:i1=2098:i2=1997:ires=0:vbus=626:eangle=5077:espeed=-136:eerr=0:fault=0:drp=0:sd1=1:sd2=1
@VFLOG:t=383387:target=80:meas=-144:fe=9:fslip=5:vmag=33:theta=760186367:du=64:dv=49:dw=37:i1=2033:i2=2089:ires=67:vbus=617:eangle=3571:espeed=-144:eerr=0:fault=0:drp=0:sd1=1:sd2=1
@VF:target=80:meas=-190:fe=9:fslip=5:vmag=33:em_stop1=1:em_stop2=1
@VFLOG:t=383427:target=80:meas=-189:fe=9:fslip=5:vmag=33:theta=2306374487:du=47:dv=38:dw=65:i1=2059:i2=2053:ires=0:vbus=620:eangle=1623:espeed=-189:eerr=0:fault=0:drp=0:sd1=1:sd2=1
@VFLOG:t=383467:target=80:meas=-177:fe=9:fslip=5:vmag=33:theta=3852562607:du=41:dv=66:dw=44:i1=2076:i2=2034:ires=0:vbus=627:eangle=15934:espeed=-177:eerr=0:fault=0:drp=0:sd1=1:sd2=1
@VFLOG:t=383507:target=80:meas=-126:fe=9:fslip=5:vmag=33:theta=1103783431:du=66:dv=42:dw=43:i1=2010:i2=2130:ires=168:vbus=626:eangle=14408:espeed=-126:eerr=0:fault=0:drp=0:sd1=1:sd2=1
@VF:target=80:meas=-120:fe=9:fslip=5:vmag=33:em_stop1=1:em_stop2=1
@VFLOG:t=383547:target=80:meas=-122:fe=9:fslip=5:vmag=33:theta=2649971551:du=39:dv=45:dw=66:i1=2058:i2=2057:ires=0:vbus=627:eangle=13102:espeed=-122:eerr=0:fault=0:drp=0:sd1=1:sd2=1
@VFLOG:t=383587:target=80:meas=-175:fe=9:fslip=5:vmag=33:theta=4196159671:du=48:dv=65:dw=38:i1=2059:i2=2055:ires=0:vbus=630:eangle=11397:espeed=-175:eerr=0:fault=0:drp=0:sd1=1:sd2=1
@VF:target=80:meas=-215:fe=9:fslip=5:vmag=33:em_stop1=1:em_stop2=1
@VFLOG:t=383627:target=80:meas=-208:fe=9:fslip=5:vmag=33:theta=1447380495:du=64:dv=36:dw=50:i1=2017:i2=2121:ires=145:vbus=631:eangle=9202:espeed=-208:eerr=0:fault=0:drp=0:sd1=1:sd2=1
@VFLOG:t=383667:target=80:meas=-175:fe=9:fslip=5:vmag=33:theta=2993568615:du=35:dv=53:dw=62:i1=2074:i2=2026:ires=0:vbus=620:eangle=7171:espeed=-175:eerr=0:fault=0:drp=0:sd1=1:sd2=1
@VFLOG:t=383707:target=80:meas=-119:fe=9:fslip=5:vmag=33:theta=244789439:du=55:dv=60:dw=34:i1=2050:i2=2067:ires=8:vbus=617:eangle=5775:espeed=-119:eerr=0:fault=0:drp=0:sd1=1:sd2=1
@VF:target=80:meas=-119:fe=9:fslip=5:vmag=33:em_stop1=1:em_stop2=1
@VFLOG:t=383747:target=80:meas=-133:fe=9:fslip=5:vmag=33:theta=1790977559:du=58:dv=34:dw=58:i1=2037:i2=2094:ires=63:vbus=634:eangle=4310:espeed=-133:eerr=0:fault=0:drp=0:sd1=1:sd2=1
@VFLOG:t=383787:target=80:meas=-185:fe=9:fslip=5:vmag=33:theta=3337165679:du=34:dv=60:dw=55:i1=2098:i2=1997:ires=0:vbus=595:eangle=2563:espeed=-185:eerr=0:fault=0:drp=0:sd1=1:sd2=1
@VF:target=80:meas=-192:fe=9:fslip=5:vmag=33:em_stop1=1:em_stop2=1
@VFLOG:t=383827:target=80:meas=-192:fe=9:fslip=5:vmag=33:theta=588386503:du=62:dv=53:dw=35:i1=2039:i2=2080:ires=38:vbus=612:eangle=503:espeed=-192:eerr=0:fault=0:drp=0:sd1=1:sd2=1
@VFLOG:t=383867:target=80:meas=-156:fe=9:fslip=5:vmag=33:theta=2134574623:du=50:dv=36:dw=64:i1=2052:i2=2069:ires=0:vbus=612:eangle=15016:espeed=-156:eerr=0:fault=0:drp=0:sd1=1:sd2=1
@VFLOG:t=383907:target=80:meas=-120:fe=9:fslip=5:vmag=33:theta=3680762743:du=38:dv=65:dw=48:i1=2087:i2=2015:ires=0:vbus=630:eangle=13727:espeed=-120:eerr=0:fault=0:drp=0:sd1=1:sd2=1
@VF:target=80:meas=-126:fe=9:fslip=5:vmag=33:em_stop1=1:em_stop2=1
@VFLOG:t=383947:target=80:meas=-145:fe=9:fslip=5:vmag=33:theta=931983567:du=66:dv=45:dw=39:i1=2016:i2=2111:ires=126:vbus=631:eangle=12297:espeed=-145:eerr=0:fault=0:drp=0:sd1=1:sd2=1
@VFLOG:t=383987:target=80:meas=-203:fe=9:fslip=5:vmag=33:theta=2478171687:du=43:dv=42:dw=66:i1=2052:i2=2061:ires=0:vbus=613:eangle=10258:espeed=-203:eerr=0:fault=0:drp=0:sd1=1:sd2=1
@VF:target=80:meas=-196:fe=9:fslip=5:vmag=33:em_stop1=1:em_stop2=1
@VFLOG:t=384027:target=80:meas=-190:fe=9:fslip=5:vmag=33:theta=4024359807:du=44:dv=66:dw=40:i1=2073:i2=2042:ires=0:vbus=614:eangle=8117:espeed=-190:eerr=0:fault=0:drp=0:sd1=1:sd2=1
@VFLOG:t=384067:target=80:meas=-131:fe=9:fslip=5:vmag=33:theta=1275580631:du=65:dv=38:dw=47:i1=2009:i2=2134:ires=176:vbus=631:eangle=6389:espeed=-131:eerr=0:fault=0:drp=0:sd1=1:sd2=1
@VFLOG:t=384107:target=80:meas=-127:fe=9:fslip=5:vmag=33:theta=2821768751:du=37:dv=49:dw=64:i1=2063:i2=2045:ires=0:vbus=623:eangle=5046:espeed=-127:eerr=0:fault=0:drp=0:sd1=1:sd2=1
@VF:target=80:meas=-141:fe=9:fslip=5:vmag=33:em_stop1=1:em_stop2=1
@VFLOG:t=384147:target=80:meas=-150:fe=9:fslip=5:vmag=33:theta=72989575:du=51:dv=63:dw=35:i1=2050:i2=2072:ires=12:vbus=626:eangle=3483:espeed=-150:eerr=0:fault=0:drp=0:sd1=1:sd2=1
@VFLOG:t=384187:target=80:meas=-195:fe=9:fslip=5:vmag=33:theta=1619177695:du=61:dv=35:dw=54:i1=2028:i2=2106:ires=97:vbus=635:eangle=1459:espeed=-199:eerr=0:fault=0:drp=0:sd1=1:sd2=1
@VF:target=80:meas=-187:fe=9:fslip=5:vmag=33:em_stop1=1:em_stop2=1
@VFLOG:t=384227:target=80:meas=-181:fe=9:fslip=5:vmag=33:theta=3165365815:du=34:dv=57:dw=59:i1=2091:i2=2006:ires=0:vbus=651:eangle=15860:espeed=-181:eerr=0:fault=0:drp=0:sd1=1:sd2=1
@VFLOG:t=384267:target=80:meas=-121:fe=9:fslip=5:vmag=33:theta=416586639:du=59:dv=56:dw=34:i1=2047:i2=2067:ires=13:vbus=625:eangle=14334:espeed=-121:eerr=0:fault=0:drp=0:sd1=1:sd2=1
@VFLOG:t=384307:target=80:meas=-126:fe=9:fslip=5:vmag=33:theta=1962774759:du=54:dv=35:dw=61:i1=2043:i2=2079:ires=28:vbus=609:eangle=13028:espeed=-126:eerr=0:fault=0:drp=0:sd1=1:sd2=1
@VF:target=80:meas=-125:fe=9:fslip=5:vmag=33:em_stop1=1:em_stop2=1
@VFLOG:t=384347:target=80:meas=-180:fe=9:fslip=5:vmag=33:theta=3508962879:du=35:dv=63:dw=51:i1=2098:i2=1997:ires=0:vbus=626:eangle=11318:espeed=-180:eerr=0:fault=0:drp=0:sd1=1:sd2=1
@VFLOG:t=384387:target=80:meas=-203:fe=9:fslip=5:vmag=33:theta=760183703:du=64:dv=49:dw=37:i1=2034:i2=2088:ires=71:vbus=620:eangle=9155:espeed=-203:eerr=0:fault=0:drp=0:sd1=1:sd2=1
@VF:target=80:meas=-189:fe=9:fslip=5:vmag=33:em_stop1=1:em_stop2=1
@VFLOG:t=384427:target=80:meas=-162:fe=9:fslip=5:vmag=33:theta=2306371823:du=47:dv=38:dw=65:i1=2058:i2=2058:ires=0:vbus=622:eangle=7124:espeed=-162:eerr=0:fault=0:drp=0:sd1=1:sd2=1
@VFLOG:t=384467:target=80:meas=-123:fe=9:fslip=5:vmag=33:theta=3852559943:du=41:dv=66:dw=44:i1=2081:i2=2030:ires=0:vbus=629:eangle=5690:espeed=-123:eerr=0:fault=0:drp=0:sd1=1:sd2=1
@VFLOG:t=384507:target=80:meas=-133:fe=9:fslip=5:vmag=33:theta=1103780767:du=66:dv=42:dw=43:i1=2010:i2=2127:ires=166:vbus=622:eangle=4273:espeed=-133:eerr=0:fault=0:drp=0:sd1=1:sd2=1
@VF:target=80:meas=-145:fe=9:fslip=5:vmag=33:em_stop1=1:em_stop2=1
@VFLOG:t=384547:target=80:meas=-184:fe=9:fslip=5:vmag=33:theta=2649968887:du=39:dv=45:dw=66:i1=2058:i2=2057:ires=0:vbus=623:eangle=2508:espeed=-184:eerr=0:fault=0:drp=0:sd1=1:sd2=1
@VFLOG:t=384587:target=80:meas=-189:fe=9:fslip=5:vmag=33:theta=4196157007:du=48:dv=65:dw=38:i1=2059:i2=2055:ires=0:vbus=632:eangle=374:espeed=-189:eerr=0:fault=0:drp=0:sd1=1:sd2=1
@VF:target=80:meas=-167:fe=9:fslip=5:vmag=33:em_stop1=1:em_stop2=1
@VFLOG:t=384627:target=80:meas=-151:fe=9:fslip=5:vmag=33:theta=1447377831:du=64:dv=36:dw=50:i1=2020:i2=2122:ires=146:vbus=630:eangle=14959:espeed=-151:eerr=0:fault=0:drp=0:sd1=1:sd2=1
@VFLOG:t=384667:target=80:meas=-116:fe=9:fslip=5:vmag=33:theta=2993565951:du=35:dv=53:dw=62:i1=2074:i2=2028:ires=0:vbus=623:eangle=13672:espeed=-116:eerr=0:fault=0:drp=0:sd1=1:sd2=1
@VFLOG:t=384707:target=80:meas=-143:fe=9:fslip=5:vmag=33:theta=244786775:du=55:dv=60:dw=34:i1=2051:i2=2066:ires=5:vbus=620:eangle=12242:espeed=-143:eerr=0:fault=0:drp=0:sd1=1:sd2=1
@VF:target=80:meas=-156:fe=9:fslip=5:vmag=33:em_stop1=1:em_stop2=1
@VFLOG:t=384747:target=80:meas=-205:fe=9:fslip=5:vmag=33:theta=1790974895:du=58:dv=34:dw=58:i1=2035:i2=2089:ires=63:vbus=636:eangle=10148:espeed=-205:eerr=0:fault=0:drp=0:sd1=1:sd2=1
@VFLOG:t=384787:target=80:meas=-196:fe=9:fslip=5:vmag=33:theta=3337163015:du=34:dv=60:dw=55:i1=2099:i2=1998:ires=0:vbus=590:eangle=7980:espeed=-196:eerr=0:fault=0:drp=0:sd1=1:sd2=1
@VF:target=80:meas=-143:fe=9:fslip=5:vmag=33:em_stop1=1:em_stop2=1
@VFLOG:t=384827:target=80:meas=-133:fe=9:fslip=5:vmag=33:theta=588383839:du=62:dv=53:dw=35:i1=2039:i2=2078:ires=39:vbus=608:eangle=6333:espeed=-133:eerr=0:fault=0:drp=0:sd1=1:sd2=1
@VFLOG:t=384867:target=80:meas=-133:fe=9:fslip=5:vmag=33:theta=2134571959:du=50:dv=36:dw=64:i1=2050:i2=2071:ires=0:vbus=616:eangle=4936:espeed=-133:eerr=0:fault=0:drp=0:sd1=1:sd2=1
@VFLOG:t=384907:target=80:meas=-149:fe=9:fslip=5:vmag=33:theta=3680760079:du=38:dv=65:dw=48:i1=2087:i2=2018:ires=0:vbus=630:eangle=3428:espeed=-149:eerr=0:fault=0:drp=0:sd1=1:sd2=1
@VF:target=80:meas=-161:fe=9:fslip=5:vmag=33:em_stop1=1:em_stop2=1
@VFLOG:t=384947:target=80:meas=-190:fe=9:fslip=5:vmag=33:theta=931980903:du=66:dv=45:dw=39:i1=2021:i2=2114:ires=125:vbus=632:eangle=1423:espeed=-190:eerr=0:fault=0:drp=0:sd1=1:sd2=1
@VFLOG:t=384987:target=80:meas=-174:fe=9:fslip=5:vmag=33:theta=2478169023:du=43:dv=42:dw=66:i1=2053:i2=2067:ires=0:vbus=617:eangle=15768:espeed=-174:eerr=0:fault=0:drp=0:sd1=1:sd2=1
@VF:target=80:meas=-129:fe=9:fslip=5:vmag=33:em_stop1=1:em_stop2=1
@VFLOG:t=385027:target=80:meas=-121:fe=9:fslip=5:vmag=33:theta=4024357143:du=44:dv=66:dw=40:i1=2067:i2=2044:ires=0:vbus=618:eangle=14279:espeed=-121:eerr=0:fault=0:drp=0:sd1=1:sd2=1
@VFLOG:t=385067:target=80:meas=-131:fe=9:fslip=5:vmag=33:theta=1275577967:du=65:dv=38:dw=47:i1=2010:i2=2133:ires=176:vbus=633:eangle=12955:espeed=-131:eerr=0:fault=0:drp=0:sd1=1:sd2=1
@VFLOG:t=385107:target=80:meas=-178:fe=9:fslip=5:vmag=33:theta=2821766087:du=37:dv=49:dw=64:i1=2064:i2=2042:ires=0:vbus=623:eangle=11281:espeed=-178:eerr=0:fault=0:drp=0:sd1=1:sd2=1
@VF:target=80:meas=-195:fe=9:fslip=5:vmag=33:em_stop1=1:em_stop2=1
@VFLOG:t=385147:target=80:meas=-200:fe=9:fslip=5:vmag=33:theta=72986911:du=51:dv=63:dw=35:i1=2050:i2=2067:ires=14:vbus=626:eangle=9037:espeed=-200:eerr=0:fault=0:drp=0:sd1=1:sd2=1
@VFLOG:t=385187:target=80:meas=-168:fe=9:fslip=5:vmag=33:theta=1619175031:du=61:dv=35:dw=54:i1=2030:i2=2104:ires=99:vbus=632:eangle=7014:espeed=-168:eerr=0:fault=0:drp=0:sd1=1:sd2=1
@VF:target=80:meas=-124:fe=9:fslip=5:vmag=33:em_stop1=1:em_stop2=1
@VFLOG:t=385227:target=80:meas=-129:fe=9:fslip=5:vmag=33:theta=3165363151:du=34:dv=57:dw=59:i1=2093:i2=2010:ires=0:vbus=650:eangle=5653:espeed=-129:eerr=0:fault=0:drp=0:sd1=1:sd2=1
@VFLOG:t=385267:target=80:meas=-132:fe=9:fslip=5:vmag=33:theta=416583975:du=59:dv=56:dw=34:i1=2046:i2=2066:ires=14:vbus=624:eangle=4200:espeed=-132:eerr=0:fault=0:drp=0:sd1=1:sd2=1
@VFLOG:t=385307:target=80:meas=-180:fe=9:fslip=5:vmag=33:theta=1962772095:du=54:dv=35:dw=61:i1=2043:i2=2076:ires=29:vbus=606:eangle=2453:espeed=-180:eerr=0:fault=0:drp=0:sd1=1:sd2=1
@VF:target=80:meas=-183:fe=9:fslip=5:vmag=33:em_stop1=1:em_stop2=1
@VFLOG:t=385347:target=80:meas=-198:fe=9:fslip=5:vmag=33:theta=3508960215:du=35:dv=63:dw=51:i1=2099:i2=1999:ires=0:vbus=626:eangle=319:espeed=-198:eerr=0:fault=0:drp=0:sd1=1:sd2=1
@VFLOG:t=385387:target=80:meas=-147:fe=9:fslip=5:vmag=33:theta=760181039:du=64:dv=49:dw=37:i1=2032:i2=2085:ires=74:vbus=618:eangle=14904:espeed=-147:eerr=0:fault=0:drp=0:sd1=1:sd2=1
@VF:target=80:meas=-117:fe=9:fslip=5:vmag=33:em_stop1=1:em_stop2=1
@VFLOG:t=385427:target=80:meas=-115:fe=9:fslip=5:vmag=33:theta=2306369159:du=47:dv=38:dw=65:i1=2060:i2=2060:ires=0:vbus=623:eangle=13635:espeed=-115:eerr=0:fault=0:drp=0:sd1=1:sd2=1
@VFLOG:t=385467:target=80:meas=-153:fe=9:fslip=5:vmag=33:theta=3852557279:du=41:dv=66:dw=44:i1=2076:i2=2033:ires=0:vbus=637:eangle=12145:espeed=-153:eerr=0:fault=0:drp=0:sd1=1:sd2=1
@VFLOG:t=385507:target=80:meas=-204:fe=9:fslip=5:vmag=33:theta=1103778103:du=66:dv=42:dw=43:i1=2010:i2=2133:ires=172:vbus=625:eangle=10122:espeed=-204:eerr=0:fault=0:drp=0:sd1=1:sd2=1
@VF:target=80:meas=-220:fe=9:fslip=5:vmag=33:em_stop1=1:em_stop2=1
@VFLOG:t=385547:target=80:meas=-192:fe=9:fslip=5:vmag=33:theta=2649966223:du=39:dv=45:dw=66:i1=2058:i2=2056:ires=0:vbus=627:eangle=7934:espeed=-192:eerr=0:fault=0:drp=0:sd1=1:sd2=1
@VFLOG:t=385587:target=80:meas=-129:fe=9:fslip=5:vmag=33:theta=4196154343:du=48:dv=65:dw=38:i1=2058:i2=2057:ires=0:vbus=628:eangle=6260:espeed=-129:eerr=0:fault=0:drp=0:sd1=1:sd2=1
@VF:target=80:meas=-132:fe=9:fslip=5:vmag=33:em_stop1=1:em_stop2=1
@VFLOG:t=385627:target=80:meas=-140:fe=9:fslip=5:vmag=33:theta=1447375167:du=64:dv=36:dw=50:i1=2016:i2=2123:ires=148:vbus=629:eangle=4880:espeed=-140:eerr=0:fault=0:drp=0:sd1=1:sd2=1
@VFLOG:t=385667:target=80:meas=-156:fe=9:fslip=5:vmag=33:theta=2993563287:du=35:dv=53:dw=62:i1=2075:i2=2033:ires=0:vbus=622:eangle=3336:espeed=-156:eerr=0:fault=0:drp=0:sd1=1:sd2=1
@VFLOG:t=385707:target=80:meas=-191:fe=9:fslip=5:vmag=33:theta=244784111:du=55:dv=60:dw=34:i1=2050:i2=2066:ires=6:vbus=619:eangle=1331:espeed=-191:eerr=0:fault=0:drp=0:sd1=1:sd2=1
@VF:target=80:meas=-186:fe=9:fslip=5:vmag=33:em_stop1=1:em_stop2=1
@VFLOG:t=385747:target=80:meas=-179:fe=9:fslip=5:vmag=33:theta=1790972231:du=58:dv=34:dw=58:i1=2035:i2=2089:ires=63:vbus=636:eangle=15677:espeed=-179:eerr=0:fault=0:drp=0:sd1=1:sd2=1
@VFLOG:t=385787:target=80:meas=-122:fe=9:fslip=5:vmag=33:theta=3337160351:du=34:dv=60:dw=55:i1=2099:i2=2002:ires=0:vbus=592:eangle=14205:espeed=-122:eerr=0:fault=0:drp=0:sd1=1:sd2=1
@VF:target=80:meas=-119:fe=9:fslip=5:vmag=33:em_stop1=1:em_stop2=1
@VFLOG:t=385827:target=80:meas=-124:fe=9:fslip=5:vmag=33:theta=588381175:du=62:dv=53:dw=35:i1=2039:i2=2084:ires=40:vbus=611:eangle=12918:espeed=-124:eerr=0:fault=0:drp=0:sd1=1:sd2=1
@VFLOG:t=385867:target=80:meas=-181:fe=9:fslip=5:vmag=33:theta=2134569295:du=50:dv=36:dw=64:i1=2054:i2=2069:ires=0:vbus=617:eangle=11121:espeed=-181:eerr=0:fault=0:drp=0:sd1=1:sd2=1
@VFLOG:t=385907:target=80:meas=-201:fe=9:fslip=5:vmag=33:theta=3680757415:du=38:dv=65:dw=48:i1=2085:i2=2017:ires=0:vbus=632:eangle=8935:espeed=-201:eerr=0:fault=0:drp=0:sd1=1:sd2=1
@VF:target=80:meas=-190:fe=9:fslip=5:vmag=33:em_stop1=1:em_stop2=1
@VFLOG:t=385947:target=80:meas=-167:fe=9:fslip=5:vmag=33:theta=931978239:du=66:dv=45:dw=39:i1=2021:i2=2111:ires=123:vbus=629:eangle=6959:espeed=-167:eerr=0:fault=0:drp=0:sd1=1:sd2=1
@VFLOG:t=385987:target=80:meas=-118:fe=9:fslip=5:vmag=33:theta=2478166359:du=43:dv=42:dw=66:i1=2052:i2=2062:ires=0:vbus=610:eangle=5579:espeed=-118:eerr=0:fault=0:drp=0:sd1=1:sd2=1
@VF:target=80:meas=-138:fe=9:fslip=5:vmag=33:em_stop1=1:em_stop2=1
@VFLOG:t=386027:target=80:meas=-141:fe=9:fslip=5:vmag=33:theta=4024354479:du=44:dv=66:dw=40:i1=2068:i2=2044:ires=0:vbus=627:eangle=4108:espeed=-141:eerr=0:fault=0:drp=0:sd1=1:sd2=1
@VFLOG:t=386067:target=80:meas=-191:fe=9:fslip=5:vmag=33:theta=1275575303:du=65:dv=38:dw=47:i1=2008:i2=2134:ires=180:vbus=629:eangle=2306:espeed=-191:eerr=0:fault=0:drp=0:sd1=1:sd2=1
@VFLOG:t=386107:target=80:meas=-193:fe=9:fslip=5:vmag=33:theta=2821763423:du=37:dv=49:dw=64:i1=2062:i2=2047:ires=0:vbus=621:eangle=209:espeed=-188:eerr=0:fault=0:drp=0:sd1=1:sd2=1
@VF:target=80:meas=-187:fe=9:fslip=5:vmag=33:em_stop1=1:em_stop2=1
@VFLOG:t=386147:target=80:meas=-135:fe=9:fslip=5:vmag=33:theta=72984247:du=51:dv=63:dw=35:i1=2051:i2=2071:ires=13:vbus=626:eangle=14849:espeed=-135:eerr=0:fault=0:drp=0:sd1=1:sd2=1
@VFLOG:t=386187:target=80:meas=-123:fe=9:fslip=5:vmag=33:theta=1619172367:du=61:dv=35:dw=54:i1=2029:i2=2100:ires=96:vbus=633:eangle=13525:espeed=-123:eerr=0:fault=0:drp=0:sd1=1:sd2=1
@VF:target=80:meas=-136:fe=9:fslip=5:vmag=33:em_stop1=1:em_stop2=1
@VFLOG:t=386227:target=80:meas=-151:fe=9:fslip=5:vmag=33:theta=3165360487:du=34:dv=57:dw=59:i1=2091:i2=2010:ires=0:vbus=659:eangle=12090:espeed=-151:eerr=0:fault=0:drp=0:sd1=1:sd2=1
@VFLOG:t=386267:target=80:meas=-204:fe=9:fslip=5:vmag=33:theta=416581311:du=59:dv=56:dw=34:i1=2045:i2=2071:ires=15:vbus=625:eangle=9994:espeed=-204:eerr=0:fault=0:drp=0:sd1=1:sd2=1
@VFLOG:t=386307:target=80:meas=-186:fe=9:fslip=5:vmag=33:theta=1962769431:du=54:dv=35:dw=61:i1=2043:i2=2084:ires=27:vbus=606:eangle=7805:espeed=-186:eerr=0:fault=0:drp=0:sd1=1:sd2=1
@VF:target=80:meas=-180:fe=9:fslip=5:vmag=33:em_stop1=1:em_stop2=1
@VFLOG:t=386347:target=80:meas=-133:fe=9:fslip=5:vmag=33:theta=3508957551:du=35:dv=63:dw=51:i1=2104:i2=1999:ires=0:vbus=623:eangle=6205:espeed=-133:eerr=0:fault=0:drp=0:sd1=1:sd2=1
@VFLOG:t=386387:target=80:meas=-130:fe=9:fslip=5:vmag=33:theta=760178375:du=64:dv=49:dw=37:i1=2031:i2=2091:ires=72:vbus=617:eangle=4825:espeed=-130:eerr=0:fault=0:drp=0:sd1=1:sd2=1
@VF:target=80:meas=-145:fe=9:fslip=5:vmag=33:em_stop1=1:em_stop2=1
@VFLOG:t=386427:target=80:meas=-151:fe=9:fslip=5:vmag=33:theta=2306366495:du=47:dv=38:dw=65:i1=2058:i2=2060:ires=0:vbus=621:eangle=3280:espeed=-151:eerr=0:fault=0:drp=0:sd1=1:sd2=1
@VFLOG:t=386467:target=80:meas=-191:fe=9:fslip=5:vmag=33:theta=3852554615:du=41:dv=66:dw=44:i1=2077:i2=2032:ires=0:vbus=624:eangle=1202:espeed=-191:eerr=0:fault=0:drp=0:sd1=1:sd2=1
@VFLOG:t=386507:target=80:meas=-180:fe=9:fslip=5:vmag=33:theta=1103775439:du=66:dv=42:dw=43:i1=2010:i2=2134:ires=171:vbus=623:eangle=15566:espeed=-180:eerr=0:fault=0:drp=0:sd1=1:sd2=1
@VF:target=80:meas=-168:fe=9:fslip=5:vmag=33:em_stop1=1:em_stop2=1
@VFLOG:t=386547:target=80:meas=-118:fe=9:fslip=5:vmag=33:theta=2649963559:du=39:dv=45:dw=66:i1=2062:i2=2054:ires=0:vbus=627:eangle=14168:espeed=-118:eerr=0:fault=0:drp=0:sd1=1:sd2=1
@VFLOG:t=386587:target=80:meas=-131:fe=9:fslip=5:vmag=33:theta=4196151679:du=48:dv=65:dw=38:i1=2055:i2=2055:ires=0:vbus=632:eangle=12807:espeed=-131:eerr=0:fault=0:drp=0:sd1=1:sd2=1
@VF:target=80:meas=-171:fe=9:fslip=5:vmag=33:em_stop1=1:em_stop2=1
@VFLOG:t=386627:target=80:meas=-192:fe=9:fslip=5:vmag=33:theta=1447372503:du=64:dv=36:dw=50:i1=2017:i2=2123:ires=148:vbus=630:eangle=11029:espeed=-192:eerr=0:fault=0:drp=0:sd1=1:sd2=1
@VFLOG:t=386667:target=80:meas=-193:fe=9:fslip=5:vmag=33:theta=2993560623:du=35:dv=53:dw=62:i1=2073:i2=2032:ires=0:vbus=622:eangle=8835:espeed=-193:eerr=0:fault=0:drp=0:sd1=1:sd2=1
@VFLOG:t=386707:target=80:meas=-147:fe=9:fslip=5:vmag=33:theta=244781447:du=55:dv=60:dw=34:i1=2051:i2=2066:ires=5:vbus=622:eangle=6885:espeed=-147:eerr=0:fault=0:drp=0:sd1=1:sd2=1
@VF:target=80:meas=-143:fe=9:fslip=5:vmag=33:em_stop1=1:em_stop2=1
@VFLOG:t=386747:target=80:meas=-125:fe=9:fslip=5:vmag=33:theta=1790969567:du=58:dv=34:dw=58:i1=2037:i2=2091:ires=63:vbus=637:eangle=5506:espeed=-125:eerr=0:fault=0:drp=0:sd1=1:sd2=1
@VFLOG:t=386787:target=80:meas=-136:fe=9:fslip=5:vmag=33:theta=3337157687:du=34:dv=60:dw=55:i1=2100:i2=1999:ires=0:vbus=592:eangle=4034:espeed=-136:eerr=0:fault=0:drp=0:sd1=1:sd2=1
@VF:target=80:meas=-163:fe=9:fslip=5:vmag=33:em_stop1=1:em_stop2=1
@VFLOG:t=386827:target=80:meas=-180:fe=9:fslip=5:vmag=33:theta=588378511:du=62:dv=53:dw=35:i1=2040:i2=2082:ires=39:vbus=605:eangle=2250:espeed=-180:eerr=0:fault=0:drp=0:sd1=1:sd2=1
V/f stopped
> @FOC:t=386916:run_id=UNSET:map_id=M0:map_crc32=B5A3A0AA:I1=0:I2=0:Ires=0:Id=0:Iq=0:Id_ref=2000:Iq_ref=0:VBUS=0:STATE=0:SPD=0:TH=0:sector=0:window=0:CCR1=500:CCR2=500:CCR3=500:ADC_STATUS=2:FAULT=0:FAULT_R=0:FAIL=0:RUN=0:em_stop1=1:em_stop2=1
@FOC:t=387016:run_id=UNSET:map_id=M0:map_crc32=B5A3A0AA:I1=0:I2=0:Ires=0:Id=0:Iq=0:Id_ref=2000:Iq_ref=0:VBUS=0:STATE=0:SPD=0:TH=0:sector=0:window=0:CCR1=500:CCR2=500:CCR3=500:ADC_STATUS=2:FAULT=0:FAULT_R=0:FAIL=0:RUN=0:em_stop1=1:em_stop2=1
@FOC:t=387116:run_id=UNSET:map_id=M0:map_crc32=B5A3A0AA:I1=0:I2=0:Ires=0:Id=0:Iq=0:Id_ref=2000:Iq_ref=0:VBUS=0:STATE=0:SPD=0:TH=0:sector=0:window=0:CCR1=500:CCR2=500:CCR3=500:ADC_STATUS=2:FAULT=0:FAULT_R=0:FAIL=0:RUN=0:em_stop1=1:em_stop2=1
@FOC:t=387216:run_id=UNSET:map_id=M0:map_crc32=B5A3A0AA:I1=0:I2=0:Ires=0:Id=0:Iq=0:Id_ref=2000:Iq_ref=0:VBUS=0:STATE=0:SPD=0:TH=0:sector=0:window=0:CCR1=500:CCR2=500:CCR3=500:ADC_STATUS=2:FAULT=0:FAULT_R=0:FAIL=0:RUN=0:em_stop1=1:em_stop2=1
@FOC:t=387316:run_id=UNSET:map_id=M0:map_crc32=B5A3A0AA:I1=0:I2=0:Ires=0:Id=0:Iq=0:Id_ref=2000:Iq_ref=0:VBUS=0:STATE=0:SPD=0:TH=0:sector=0:window=0:CCR1=500:CCR2=500:CCR3=500:ADC_STATUS=2:FAULT=0:FAULT_R=0:FAIL=0:RUN=0:em_stop1=1:em_stop2=1
@FOC:t=387416:run_id=UNSET:map_id=M0:map_crc32=B5A3A0AA:I1=0:I2=0:Ires=0:Id=0:Iq=0:Id_ref=2000:Iq_ref=0:VBUS=0:STATE=0:SPD=0:TH=0:sector=0:window=0:CCR1=500:CCR2=500:CCR3=500:ADC_STATUS=2:FAULT=0:FAULT_R=0:FAIL=0:RUN=0:em_stop1=1:em_stop2=1
@FOC:t=387516:run_id=UNSET:map_id=M0:map_crc32=B5A3A0AA:I1=0:I2=0:Ires=0:Id=0:Iq=0:Id_ref=2000:Iq_ref=0:VBUS=0:STATE=0:SPD=0:TH=0:sector=0:window=0:CCR1=500:CCR2=500:CCR3=500:ADC_STATUS=2:FAULT=0:FAULT_R=0:FAIL=0:RUN=0:em_stop1=1:em_stop2=1
@FOC:t=387616:run_id=UNSET:map_id=M0:map_crc32=B5A3A0AA:I1=0:I2=0:Ires=0:Id=0:Iq=0:Id_ref=2000:Iq_ref=0:VBUS=0:STATE=0:SPD=0:TH=0:sector=0:window=0:CCR1=500:CCR2=500:CCR3=500:ADC_STATUS=2:FAULT=0:FAULT_R=0:FAIL=0:RUN=0:em_stop1=1:em_stop2=1
